[0;31m  ***   Warning: new maximum stack size = 8000000000 (7629.395 Mbytes).[0m

### Zudilin Catalan row Q_m
  primes in den(Q) : [2]
    p=2  v_p(den Q) at [20, 40, 80, 120, 160, 200] = [76, 156, 316, 472, 636, 794]   kappa_p ~ 3.9700000000000000000000000000000000000
    p=2  v_p(num Q) = [0, 0, 0, 0, 0, 0]
    p=2  v_p(Q)     = [-76, -156, -316, -472, -636, -794]   rate -3.9700000000000000000000000000000000000
    p=3  v_p(Q)     = [0, 0, 0, 0, 0, 0]   rate 0
    p=5  v_p(Q)     = [0, 0, 0, 0, 0, 0]   rate 0
    p=7  v_p(Q)     = [0, 1, 0, 2, 0, 0]   rate 0
    p=11  v_p(Q)     = [0, 0, 0, 0, 0, 1]   rate 0.0050000000000000000000000000000000000000
    p=13  v_p(Q)     = [0, 0, 0, 0, 0, 0]   rate 0
  den(P_m) primes at m=40 : [2, 3, 5, 7, 11, 13, 17, 19, 23, 29, 31, 37, 41, 43, 47, 53, 59, 61, 67, 71, 73, 79]
  v_2(den Q_m) - (4m - 2 s_2(m)), m<=200, distinct values : [0]
  number of m<=200 with odd part of den(Q_m) not 1 : 0

### chi_-3 family alpha = 2/1 ; a=2k b=1k
  primes in den(Q) : [3]
    p=3  v_p(den Q) at [6, 12, 18] = [12, 31, 48]   kappa_p ~ 2.6666666666666666666666666666666666667
    p=3  v_p(num Q) = [0, 0, 0]
    p=2  v_p(Q)     = [6, 6, 8]   rate 0.44444444444444444444444444444444444445
    p=3  v_p(Q)     = [-12, -31, -48]   rate -2.6666666666666666666666666666666666667
    p=5  v_p(Q)     = [4, 2, 2]   rate 0.11111111111111111111111111111111111111
    p=7  v_p(Q)     = [3, 3, 3]   rate 0.16666666666666666666666666666666666667
    p=11  v_p(Q)     = [2, 0, 1]   rate 0.055555555555555555555555555555555555556
    p=13  v_p(Q)     = [1, 3, 1]   rate 0.055555555555555555555555555555555555556

### chi_-3 family alpha = 9/5 ; a=9k b=5k
  primes in den(Q) : [2, 3, 5, 7, 11, 13, 29]
    p=2  v_p(den Q) at [6, 12, 18] = [2, 14, 30]   kappa_p ~ 1.6666666666666666666666666666666666667
    p=3  v_p(den Q) at [6, 12, 18] = [73, 147, 229]   kappa_p ~ 12.722222222222222222222222222222222222
    p=5  v_p(den Q) at [6, 12, 18] = [0, 5, 7]   kappa_p ~ 0.38888888888888888888888888888888888889
    p=7  v_p(den Q) at [6, 12, 18] = [0, 2, 2]   kappa_p ~ 0.11111111111111111111111111111111111111
    p=11  v_p(den Q) at [6, 12, 18] = [0, 0, 1]   kappa_p ~ 0.055555555555555555555555555555555555556
    p=13  v_p(den Q) at [6, 12, 18] = [1, 0, 0]   kappa_p ~ 0
    p=29  v_p(den Q) at [6, 12, 18] = [0, 0, 1]   kappa_p ~ 0.055555555555555555555555555555555555556
    p=2  v_p(num Q) = [0, 0, 0]
    p=3  v_p(num Q) = [0, 0, 0]
    p=5  v_p(num Q) = [0, 0, 0]
    p=7  v_p(num Q) = [1, 0, 0]
    p=11  v_p(num Q) = [1, 0, 0]
    p=13  v_p(num Q) = [0, 0, 0]
    p=29  v_p(num Q) = [0, 0, 0]
    p=2  v_p(Q)     = [-2, -14, -30]   rate -1.6666666666666666666666666666666666667
    p=3  v_p(Q)     = [-73, -147, -229]   rate -12.722222222222222222222222222222222222
    p=5  v_p(Q)     = [0, -5, -7]   rate -0.38888888888888888888888888888888888889
    p=7  v_p(Q)     = [1, -2, -2]   rate -0.11111111111111111111111111111111111111
    p=11  v_p(Q)     = [1, 0, -1]   rate -0.055555555555555555555555555555555555556
    p=13  v_p(Q)     = [-1, 0, 0]   rate 0

### chi_-3 family alpha = 7/4 ; a=7k b=4k
  primes in den(Q) : [2, 3, 5, 7, 11, 17, 23, 31, 43]
    p=2  v_p(den Q) at [6, 12, 18] = [11, 23, 27]   kappa_p ~ 1.5000000000000000000000000000000000000
    p=3  v_p(den Q) at [6, 12, 18] = [51, 111, 171]   kappa_p ~ 9.5000000000000000000000000000000000000
    p=5  v_p(den Q) at [6, 12, 18] = [0, 1, 5]   kappa_p ~ 0.27777777777777777777777777777777777778
    p=7  v_p(den Q) at [6, 12, 18] = [0, 0, 3]   kappa_p ~ 0.16666666666666666666666666666666666667
    p=11  v_p(den Q) at [6, 12, 18] = [0, 1, 0]   kappa_p ~ 0
    p=17  v_p(den Q) at [6, 12, 18] = [0, 1, 0]   kappa_p ~ 0
    p=23  v_p(den Q) at [6, 12, 18] = [0, 1, 1]   kappa_p ~ 0.055555555555555555555555555555555555556
    p=31  v_p(den Q) at [6, 12, 18] = [0, 0, 1]   kappa_p ~ 0.055555555555555555555555555555555555556
    p=43  v_p(den Q) at [6, 12, 18] = [0, 0, 1]   kappa_p ~ 0.055555555555555555555555555555555555556
    p=2  v_p(num Q) = [0, 0, 0]
    p=3  v_p(num Q) = [0, 0, 0]
    p=5  v_p(num Q) = [4, 0, 0]
    p=7  v_p(num Q) = [0, 1, 0]
    p=11  v_p(num Q) = [2, 0, 0]
    p=17  v_p(num Q) = [0, 0, 2]
    p=23  v_p(num Q) = [0, 0, 0]
    p=31  v_p(num Q) = [1, 1, 0]
    p=43  v_p(num Q) = [1, 0, 0]
    p=2  v_p(Q)     = [-11, -23, -27]   rate -1.5000000000000000000000000000000000000
    p=3  v_p(Q)     = [-51, -111, -171]   rate -9.5000000000000000000000000000000000000
    p=5  v_p(Q)     = [4, -1, -5]   rate -0.27777777777777777777777777777777777778
    p=7  v_p(Q)     = [0, 1, -3]   rate -0.16666666666666666666666666666666666667
    p=11  v_p(Q)     = [2, -1, 0]   rate 0
    p=13  v_p(Q)     = [3, 1, 0]   rate 0

### chi_-3 family alpha = 5/3 ; a=5k b=3k
  primes in den(Q) : [2, 3, 5, 7, 11, 13, 17, 19, 23, 31]
    p=2  v_p(den Q) at [6, 12, 18] = [4, 16, 29]   kappa_p ~ 1.6111111111111111111111111111111111111
    p=3  v_p(den Q) at [6, 12, 18] = [36, 79, 120]   kappa_p ~ 6.6666666666666666666666666666666666667
    p=5  v_p(den Q) at [6, 12, 18] = [1, 2, 6]   kappa_p ~ 0.33333333333333333333333333333333333333
    p=7  v_p(den Q) at [6, 12, 18] = [0, 3, 5]   kappa_p ~ 0.27777777777777777777777777777777777778
    p=11  v_p(den Q) at [6, 12, 18] = [0, 0, 1]   kappa_p ~ 0.055555555555555555555555555555555555556
    p=13  v_p(den Q) at [6, 12, 18] = [1, 0, 0]   kappa_p ~ 0
    p=17  v_p(den Q) at [6, 12, 18] = [0, 1, 2]   kappa_p ~ 0.11111111111111111111111111111111111111
    p=19  v_p(den Q) at [6, 12, 18] = [0, 0, 1]   kappa_p ~ 0.055555555555555555555555555555555555556
    p=23  v_p(den Q) at [6, 12, 18] = [0, 0, 1]   kappa_p ~ 0.055555555555555555555555555555555555556
    p=31  v_p(den Q) at [6, 12, 18] = [0, 0, 1]   kappa_p ~ 0.055555555555555555555555555555555555556
    p=2  v_p(num Q) = [0, 0, 0]
    p=3  v_p(num Q) = [0, 0, 0]
    p=5  v_p(num Q) = [0, 0, 0]
    p=7  v_p(num Q) = [0, 0, 0]
    p=11  v_p(num Q) = [1, 2, 0]
    p=13  v_p(num Q) = [0, 1, 0]
    p=17  v_p(num Q) = [1, 0, 0]
    p=19  v_p(num Q) = [1, 0, 0]
    p=23  v_p(num Q) = [0, 0, 0]
    p=31  v_p(num Q) = [1, 0, 0]
    p=2  v_p(Q)     = [-4, -16, -29]   rate -1.6111111111111111111111111111111111111
    p=3  v_p(Q)     = [-36, -79, -120]   rate -6.6666666666666666666666666666666666667
    p=5  v_p(Q)     = [-1, -2, -6]   rate -0.33333333333333333333333333333333333333
    p=7  v_p(Q)     = [0, -3, -5]   rate -0.27777777777777777777777777777777777778
    p=11  v_p(Q)     = [1, 2, -1]   rate -0.055555555555555555555555555555555555556
    p=13  v_p(Q)     = [-1, 1, 0]   rate 0

### chi_-3 family alpha = 3/2 ; a=3k b=2k
  primes in den(Q) : [2, 3, 5, 7, 11, 13, 17, 19, 23]
    p=2  v_p(den Q) at [6, 12, 18] = [9, 21, 26]   kappa_p ~ 1.4444444444444444444444444444444444445
    p=3  v_p(den Q) at [6, 12, 18] = [19, 39, 67]   kappa_p ~ 3.7222222222222222222222222222222222222
    p=5  v_p(den Q) at [6, 12, 18] = [1, 3, 5]   kappa_p ~ 0.27777777777777777777777777777777777778
    p=7  v_p(den Q) at [6, 12, 18] = [0, 0, 4]   kappa_p ~ 0.22222222222222222222222222222222222222
    p=11  v_p(den Q) at [6, 12, 18] = [1, 2, 0]   kappa_p ~ 0
    p=13  v_p(den Q) at [6, 12, 18] = [0, 1, 2]   kappa_p ~ 0.11111111111111111111111111111111111111
    p=17  v_p(den Q) at [6, 12, 18] = [0, 1, 2]   kappa_p ~ 0.11111111111111111111111111111111111111
    p=19  v_p(den Q) at [6, 12, 18] = [0, 0, 1]   kappa_p ~ 0.055555555555555555555555555555555555556
    p=23  v_p(den Q) at [6, 12, 18] = [0, 1, 0]   kappa_p ~ 0
    p=2  v_p(num Q) = [0, 0, 0]
    p=3  v_p(num Q) = [0, 0, 0]
    p=5  v_p(num Q) = [0, 0, 0]
    p=7  v_p(num Q) = [1, 0, 0]
    p=11  v_p(num Q) = [0, 0, 0]
    p=13  v_p(num Q) = [1, 0, 0]
    p=17  v_p(num Q) = [0, 0, 0]
    p=19  v_p(num Q) = [1, 0, 0]
    p=23  v_p(num Q) = [1, 0, 0]
    p=2  v_p(Q)     = [-9, -21, -26]   rate -1.4444444444444444444444444444444444445
    p=3  v_p(Q)     = [-19, -39, -67]   rate -3.7222222222222222222222222222222222222
    p=5  v_p(Q)     = [-1, -3, -5]   rate -0.27777777777777777777777777777777777778
    p=7  v_p(Q)     = [1, 0, -4]   rate -0.22222222222222222222222222222222222222
    p=11  v_p(Q)     = [-1, -2, 0]   rate 0
    p=13  v_p(Q)     = [1, -1, -2]   rate -0.11111111111111111111111111111111111111

### chi_-3 family alpha = 4/3 ; a=4k b=3k
  primes in den(Q) : [2, 3, 5, 7, 11, 13, 17, 19, 23, 29, 31, 37, 47, 53, 73, 79]
    p=2  v_p(den Q) at [6, 12, 18] = [16, 40, 66]   kappa_p ~ 3.6666666666666666666666666666666666667
    p=3  v_p(den Q) at [6, 12, 18] = [24, 55, 84]   kappa_p ~ 4.6666666666666666666666666666666666667
    p=5  v_p(den Q) at [6, 12, 18] = [4, 8, 14]   kappa_p ~ 0.77777777777777777777777777777777777778
    p=7  v_p(den Q) at [6, 12, 18] = [2, 6, 10]   kappa_p ~ 0.55555555555555555555555555555555555555
    p=11  v_p(den Q) at [6, 12, 18] = [1, 0, 5]   kappa_p ~ 0.27777777777777777777777777777777777778
    p=13  v_p(den Q) at [6, 12, 18] = [1, 3, 2]   kappa_p ~ 0.11111111111111111111111111111111111111
    p=17  v_p(den Q) at [6, 12, 18] = [1, 1, 4]   kappa_p ~ 0.22222222222222222222222222222222222222
    p=19  v_p(den Q) at [6, 12, 18] = [0, 1, 3]   kappa_p ~ 0.16666666666666666666666666666666666667
    p=23  v_p(den Q) at [6, 12, 18] = [0, 0, 3]   kappa_p ~ 0.16666666666666666666666666666666666667
    p=29  v_p(den Q) at [6, 12, 18] = [0, 1, 1]   kappa_p ~ 0.055555555555555555555555555555555555556
    p=31  v_p(den Q) at [6, 12, 18] = [0, 0, 2]   kappa_p ~ 0.11111111111111111111111111111111111111
    p=37  v_p(den Q) at [6, 12, 18] = [0, 0, 1]   kappa_p ~ 0.055555555555555555555555555555555555556
    p=47  v_p(den Q) at [6, 12, 18] = [0, 0, 1]   kappa_p ~ 0.055555555555555555555555555555555555556
    p=53  v_p(den Q) at [6, 12, 18] = [0, 1, 1]   kappa_p ~ 0.055555555555555555555555555555555555556
    p=73  v_p(den Q) at [6, 12, 18] = [0, 0, 1]   kappa_p ~ 0.055555555555555555555555555555555555556
    p=79  v_p(den Q) at [6, 12, 18] = [0, 0, 1]   kappa_p ~ 0.055555555555555555555555555555555555556
    p=2  v_p(num Q) = [0, 0, 0]
    p=3  v_p(num Q) = [0, 0, 0]
    p=5  v_p(num Q) = [0, 0, 0]
    p=7  v_p(num Q) = [0, 0, 0]
    p=11  v_p(num Q) = [0, 0, 0]
    p=13  v_p(num Q) = [0, 0, 0]
    p=17  v_p(num Q) = [0, 0, 0]
    p=19  v_p(num Q) = [0, 0, 0]
    p=23  v_p(num Q) = [0, 0, 0]
    p=29  v_p(num Q) = [1, 0, 0]
    p=31  v_p(num Q) = [1, 0, 0]
    p=37  v_p(num Q) = [0, 0, 0]
    p=47  v_p(num Q) = [0, 0, 0]
    p=53  v_p(num Q) = [0, 0, 0]
    p=73  v_p(num Q) = [0, 0, 0]
    p=79  v_p(num Q) = [0, 0, 0]
    p=2  v_p(Q)     = [-16, -40, -66]   rate -3.6666666666666666666666666666666666667
    p=3  v_p(Q)     = [-24, -55, -84]   rate -4.6666666666666666666666666666666666667
    p=5  v_p(Q)     = [-4, -8, -14]   rate -0.77777777777777777777777777777777777778
    p=7  v_p(Q)     = [-2, -6, -10]   rate -0.55555555555555555555555555555555555555
    p=11  v_p(Q)     = [-1, 0, -5]   rate -0.27777777777777777777777777777777777778
    p=13  v_p(Q)     = [-1, -3, -2]   rate -0.11111111111111111111111111111111111111

### chi_-3 family alpha = 5/4 ; a=5k b=4k
  primes in den(Q) : [2, 3, 5, 7, 11, 13, 17, 19, 23, 29, 31, 37, 41, 43, 47, 53, 59, 61, 67, 71, 97, 101, 103, 107]
    p=2  v_p(den Q) at [6, 12, 18] = [32, 68, 101]   kappa_p ~ 5.6111111111111111111111111111111111111
    p=3  v_p(den Q) at [6, 12, 18] = [27, 63, 99]   kappa_p ~ 5.5000000000000000000000000000000000000
    p=5  v_p(den Q) at [6, 12, 18] = [6, 14, 23]   kappa_p ~ 1.2777777777777777777777777777777777778
    p=7  v_p(den Q) at [6, 12, 18] = [5, 9, 16]   kappa_p ~ 0.88888888888888888888888888888888888889
    p=11  v_p(den Q) at [6, 12, 18] = [2, 6, 8]   kappa_p ~ 0.44444444444444444444444444444444444445
    p=13  v_p(den Q) at [6, 12, 18] = [2, 3, 7]   kappa_p ~ 0.38888888888888888888888888888888888889
    p=17  v_p(den Q) at [6, 12, 18] = [1, 3, 6]   kappa_p ~ 0.33333333333333333333333333333333333333
    p=19  v_p(den Q) at [6, 12, 18] = [1, 3, 5]   kappa_p ~ 0.27777777777777777777777777777777777778
    p=23  v_p(den Q) at [6, 12, 18] = [2, 3, 3]   kappa_p ~ 0.16666666666666666666666666666666666667
    p=29  v_p(den Q) at [6, 12, 18] = [0, 1, 3]   kappa_p ~ 0.16666666666666666666666666666666666667
    p=31  v_p(den Q) at [6, 12, 18] = [1, 1, 3]   kappa_p ~ 0.16666666666666666666666666666666666667
    p=37  v_p(den Q) at [6, 12, 18] = [0, 1, 1]   kappa_p ~ 0.055555555555555555555555555555555555556
    p=41  v_p(den Q) at [6, 12, 18] = [0, 1, 2]   kappa_p ~ 0.11111111111111111111111111111111111111
    p=43  v_p(den Q) at [6, 12, 18] = [0, 1, 2]   kappa_p ~ 0.11111111111111111111111111111111111111
    p=47  v_p(den Q) at [6, 12, 18] = [0, 2, 1]   kappa_p ~ 0.055555555555555555555555555555555555556
    p=53  v_p(den Q) at [6, 12, 18] = [0, 0, 1]   kappa_p ~ 0.055555555555555555555555555555555555556
    p=59  v_p(den Q) at [6, 12, 18] = [0, 0, 1]   kappa_p ~ 0.055555555555555555555555555555555555556
    p=61  v_p(den Q) at [6, 12, 18] = [0, 1, 1]   kappa_p ~ 0.055555555555555555555555555555555555556
    p=67  v_p(den Q) at [6, 12, 18] = [0, 1, 1]   kappa_p ~ 0.055555555555555555555555555555555555556
    p=71  v_p(den Q) at [6, 12, 18] = [0, 1, 2]   kappa_p ~ 0.11111111111111111111111111111111111111
    p=97  v_p(den Q) at [6, 12, 18] = [0, 0, 1]   kappa_p ~ 0.055555555555555555555555555555555555556
    p=101  v_p(den Q) at [6, 12, 18] = [0, 0, 1]   kappa_p ~ 0.055555555555555555555555555555555555556
    p=103  v_p(den Q) at [6, 12, 18] = [0, 0, 1]   kappa_p ~ 0.055555555555555555555555555555555555556
    p=107  v_p(den Q) at [6, 12, 18] = [0, 0, 1]   kappa_p ~ 0.055555555555555555555555555555555555556
    p=2  v_p(num Q) = [0, 0, 0]
    p=3  v_p(num Q) = [0, 0, 0]
    p=5  v_p(num Q) = [0, 0, 0]
    p=7  v_p(num Q) = [0, 0, 0]
    p=11  v_p(num Q) = [0, 0, 0]
    p=13  v_p(num Q) = [0, 0, 0]
    p=17  v_p(num Q) = [0, 0, 0]
    p=19  v_p(num Q) = [0, 0, 0]
    p=23  v_p(num Q) = [0, 0, 0]
    p=29  v_p(num Q) = [0, 0, 0]
    p=31  v_p(num Q) = [0, 0, 0]
    p=37  v_p(num Q) = [1, 0, 0]
    p=41  v_p(num Q) = [1, 0, 0]
    p=43  v_p(num Q) = [1, 0, 0]
    p=47  v_p(num Q) = [0, 0, 0]
    p=53  v_p(num Q) = [0, 0, 0]
    p=59  v_p(num Q) = [0, 0, 0]
    p=61  v_p(num Q) = [0, 0, 0]
    p=67  v_p(num Q) = [0, 0, 0]
    p=71  v_p(num Q) = [0, 0, 0]
    p=97  v_p(num Q) = [0, 0, 0]
    p=101  v_p(num Q) = [0, 0, 0]
    p=103  v_p(num Q) = [0, 0, 0]
    p=107  v_p(num Q) = [0, 0, 0]
    p=2  v_p(Q)     = [-32, -68, -101]   rate -5.6111111111111111111111111111111111111
    p=3  v_p(Q)     = [-27, -63, -99]   rate -5.5000000000000000000000000000000000000
    p=5  v_p(Q)     = [-6, -14, -23]   rate -1.2777777777777777777777777777777777778
    p=7  v_p(Q)     = [-5, -9, -16]   rate -0.88888888888888888888888888888888888889
    p=11  v_p(Q)     = [-2, -6, -8]   rate -0.44444444444444444444444444444444444445
    p=13  v_p(Q)     = [-2, -3, -7]   rate -0.38888888888888888888888888888888888889

### chi_-3 family alpha = 1/1 ; a=1k b=1k
  primes in den(Q) : [2, 3, 5, 7, 11, 13, 17, 19, 23, 37]
    p=2  v_p(den Q) at [6, 12, 18] = [9, 21, 32]   kappa_p ~ 1.7777777777777777777777777777777777778
    p=3  v_p(den Q) at [6, 12, 18] = [0, 7, 12]   kappa_p ~ 0.66666666666666666666666666666666666667
    p=5  v_p(den Q) at [6, 12, 18] = [2, 4, 8]   kappa_p ~ 0.44444444444444444444444444444444444445
    p=7  v_p(den Q) at [6, 12, 18] = [1, 3, 4]   kappa_p ~ 0.22222222222222222222222222222222222222
    p=11  v_p(den Q) at [6, 12, 18] = [0, 0, 3]   kappa_p ~ 0.16666666666666666666666666666666666667
    p=13  v_p(den Q) at [6, 12, 18] = [0, 1, 2]   kappa_p ~ 0.11111111111111111111111111111111111111
    p=17  v_p(den Q) at [6, 12, 18] = [0, 1, 2]   kappa_p ~ 0.11111111111111111111111111111111111111
    p=19  v_p(den Q) at [6, 12, 18] = [1, 0, 1]   kappa_p ~ 0.055555555555555555555555555555555555556
    p=23  v_p(den Q) at [6, 12, 18] = [0, 0, 1]   kappa_p ~ 0.055555555555555555555555555555555555556
    p=37  v_p(den Q) at [6, 12, 18] = [0, 1, 0]   kappa_p ~ 0
    p=2  v_p(num Q) = [0, 0, 0]
    p=3  v_p(num Q) = [0, 0, 0]
    p=5  v_p(num Q) = [0, 0, 0]
    p=7  v_p(num Q) = [0, 0, 0]
    p=11  v_p(num Q) = [0, 0, 0]
    p=13  v_p(num Q) = [0, 0, 0]
    p=17  v_p(num Q) = [0, 0, 0]
    p=19  v_p(num Q) = [0, 0, 0]
    p=23  v_p(num Q) = [0, 0, 0]
    p=37  v_p(num Q) = [0, 0, 0]
    p=2  v_p(Q)     = [-9, -21, -32]   rate -1.7777777777777777777777777777777777778
    p=3  v_p(Q)     = [0, -7, -12]   rate -0.66666666666666666666666666666666666667
    p=5  v_p(Q)     = [-2, -4, -8]   rate -0.44444444444444444444444444444444444445
    p=7  v_p(Q)     = [-1, -3, -4]   rate -0.22222222222222222222222222222222222222
    p=11  v_p(Q)     = [0, 0, -3]   rate -0.16666666666666666666666666666666666667
    p=13  v_p(Q)     = [0, -1, -2]   rate -0.11111111111111111111111111111111111111

### chi_-3 family alpha = 3/4 ; a=3k b=4k
  primes in den(Q) : [2, 3, 5, 7, 11, 13, 17, 19, 23, 29, 31, 37, 41, 43, 47, 53, 59, 61, 67, 71, 73, 83, 89, 101, 103, 107, 109, 127, 131, 137, 139, 163, 167, 173, 179, 181, 193, 197, 199, 211]
    p=2  v_p(den Q) at [6, 12, 18] = [56, 116, 173]   kappa_p ~ 9.6111111111111111111111111111111111111
    p=3  v_p(den Q) at [6, 12, 18] = [3, 15, 27]   kappa_p ~ 1.5000000000000000000000000000000000000
    p=5  v_p(den Q) at [6, 12, 18] = [11, 27, 41]   kappa_p ~ 2.2777777777777777777777777777777777778
    p=7  v_p(den Q) at [6, 12, 18] = [8, 16, 26]   kappa_p ~ 1.4444444444444444444444444444444444445
    p=11  v_p(den Q) at [6, 12, 18] = [5, 12, 15]   kappa_p ~ 0.83333333333333333333333333333333333333
    p=13  v_p(den Q) at [6, 12, 18] = [3, 9, 14]   kappa_p ~ 0.77777777777777777777777777777777777778
    p=17  v_p(den Q) at [6, 12, 18] = [3, 5, 10]   kappa_p ~ 0.55555555555555555555555555555555555555
    p=19  v_p(den Q) at [6, 12, 18] = [2, 5, 9]   kappa_p ~ 0.50000000000000000000000000000000000000
    p=23  v_p(den Q) at [6, 12, 18] = [2, 5, 7]   kappa_p ~ 0.38888888888888888888888888888888888889
    p=29  v_p(den Q) at [6, 12, 18] = [1, 3, 5]   kappa_p ~ 0.27777777777777777777777777777777777778
    p=31  v_p(den Q) at [6, 12, 18] = [1, 3, 5]   kappa_p ~ 0.27777777777777777777777777777777777778
    p=37  v_p(den Q) at [6, 12, 18] = [0, 2, 3]   kappa_p ~ 0.16666666666666666666666666666666666667
    p=41  v_p(den Q) at [6, 12, 18] = [0, 2, 4]   kappa_p ~ 0.22222222222222222222222222222222222222
    p=43  v_p(den Q) at [6, 12, 18] = [0, 2, 4]   kappa_p ~ 0.22222222222222222222222222222222222222
    p=47  v_p(den Q) at [6, 12, 18] = [0, 2, 3]   kappa_p ~ 0.16666666666666666666666666666666666667
    p=53  v_p(den Q) at [6, 12, 18] = [0, 0, 3]   kappa_p ~ 0.16666666666666666666666666666666666667
    p=59  v_p(den Q) at [6, 12, 18] = [1, 1, 2]   kappa_p ~ 0.11111111111111111111111111111111111111
    p=61  v_p(den Q) at [6, 12, 18] = [1, 1, 2]   kappa_p ~ 0.11111111111111111111111111111111111111
    p=67  v_p(den Q) at [6, 12, 18] = [1, 1, 2]   kappa_p ~ 0.11111111111111111111111111111111111111
    p=71  v_p(den Q) at [6, 12, 18] = [1, 1, 2]   kappa_p ~ 0.11111111111111111111111111111111111111
    p=73  v_p(den Q) at [6, 12, 18] = [1, 0, 0]   kappa_p ~ 0
    p=83  v_p(den Q) at [6, 12, 18] = [0, 0, 1]   kappa_p ~ 0.055555555555555555555555555555555555556
    p=89  v_p(den Q) at [6, 12, 18] = [0, 0, 1]   kappa_p ~ 0.055555555555555555555555555555555555556
    p=101  v_p(den Q) at [6, 12, 18] = [0, 0, 1]   kappa_p ~ 0.055555555555555555555555555555555555556
    p=103  v_p(den Q) at [6, 12, 18] = [0, 0, 1]   kappa_p ~ 0.055555555555555555555555555555555555556
    p=107  v_p(den Q) at [6, 12, 18] = [0, 0, 1]   kappa_p ~ 0.055555555555555555555555555555555555556
    p=109  v_p(den Q) at [6, 12, 18] = [0, 1, 0]   kappa_p ~ 0
    p=127  v_p(den Q) at [6, 12, 18] = [0, 1, 0]   kappa_p ~ 0
    p=131  v_p(den Q) at [6, 12, 18] = [0, 1, 0]   kappa_p ~ 0
    p=137  v_p(den Q) at [6, 12, 18] = [0, 1, 0]   kappa_p ~ 0
    p=139  v_p(den Q) at [6, 12, 18] = [0, 1, 0]   kappa_p ~ 0
    p=163  v_p(den Q) at [6, 12, 18] = [0, 0, 1]   kappa_p ~ 0.055555555555555555555555555555555555556
    p=167  v_p(den Q) at [6, 12, 18] = [0, 0, 1]   kappa_p ~ 0.055555555555555555555555555555555555556
    p=173  v_p(den Q) at [6, 12, 18] = [0, 0, 1]   kappa_p ~ 0.055555555555555555555555555555555555556
    p=179  v_p(den Q) at [6, 12, 18] = [0, 0, 1]   kappa_p ~ 0.055555555555555555555555555555555555556
    p=181  v_p(den Q) at [6, 12, 18] = [0, 0, 1]   kappa_p ~ 0.055555555555555555555555555555555555556
    p=193  v_p(den Q) at [6, 12, 18] = [0, 0, 1]   kappa_p ~ 0.055555555555555555555555555555555555556
    p=197  v_p(den Q) at [6, 12, 18] = [0, 0, 1]   kappa_p ~ 0.055555555555555555555555555555555555556
    p=199  v_p(den Q) at [6, 12, 18] = [0, 0, 1]   kappa_p ~ 0.055555555555555555555555555555555555556
    p=211  v_p(den Q) at [6, 12, 18] = [0, 0, 1]   kappa_p ~ 0.055555555555555555555555555555555555556
    p=2  v_p(num Q) = [0, 0, 0]
    p=3  v_p(num Q) = [0, 0, 0]
    p=5  v_p(num Q) = [0, 0, 0]
    p=7  v_p(num Q) = [0, 0, 0]
    p=11  v_p(num Q) = [0, 0, 0]
    p=13  v_p(num Q) = [0, 0, 0]
    p=17  v_p(num Q) = [0, 0, 0]
    p=19  v_p(num Q) = [0, 0, 0]
    p=23  v_p(num Q) = [0, 0, 0]
    p=29  v_p(num Q) = [0, 0, 0]
    p=31  v_p(num Q) = [0, 0, 0]
    p=37  v_p(num Q) = [0, 0, 0]
    p=41  v_p(num Q) = [0, 0, 0]
    p=43  v_p(num Q) = [0, 0, 0]
    p=47  v_p(num Q) = [0, 0, 0]
    p=53  v_p(num Q) = [0, 0, 0]
    p=59  v_p(num Q) = [0, 0, 0]
    p=61  v_p(num Q) = [0, 0, 0]
    p=67  v_p(num Q) = [0, 0, 0]
    p=71  v_p(num Q) = [0, 0, 0]
    p=73  v_p(num Q) = [0, 0, 0]
    p=83  v_p(num Q) = [0, 0, 0]
    p=89  v_p(num Q) = [0, 0, 0]
    p=101  v_p(num Q) = [0, 0, 0]
    p=103  v_p(num Q) = [0, 0, 0]
    p=107  v_p(num Q) = [0, 0, 0]
    p=109  v_p(num Q) = [0, 0, 0]
    p=127  v_p(num Q) = [0, 0, 0]
    p=131  v_p(num Q) = [0, 0, 0]
    p=137  v_p(num Q) = [0, 0, 0]
    p=139  v_p(num Q) = [0, 0, 0]
    p=163  v_p(num Q) = [0, 0, 0]
    p=167  v_p(num Q) = [0, 0, 0]
    p=173  v_p(num Q) = [0, 0, 0]
    p=179  v_p(num Q) = [0, 0, 0]
    p=181  v_p(num Q) = [0, 0, 0]
    p=193  v_p(num Q) = [0, 0, 0]
    p=197  v_p(num Q) = [0, 0, 0]
    p=199  v_p(num Q) = [0, 0, 0]
    p=211  v_p(num Q) = [0, 0, 0]
    p=2  v_p(Q)     = [-56, -116, -173]   rate -9.6111111111111111111111111111111111111
    p=3  v_p(Q)     = [-3, -15, -27]   rate -1.5000000000000000000000000000000000000
    p=5  v_p(Q)     = [-11, -27, -41]   rate -2.2777777777777777777777777777777777778
    p=7  v_p(Q)     = [-8, -16, -26]   rate -1.4444444444444444444444444444444444445
    p=11  v_p(Q)     = [-5, -12, -15]   rate -0.83333333333333333333333333333333333333
    p=13  v_p(Q)     = [-3, -9, -14]   rate -0.77777777777777777777777777777777777778

### chi_-3 family alpha = 1/2 ; a=1k b=2k
  primes in den(Q) : [2, 5, 7, 11, 13, 17, 19, 23, 29, 31, 37, 41, 43, 47, 53, 59, 61, 67, 71, 73, 79, 83, 89, 97, 101, 103, 107, 109]
    p=2  v_p(den Q) at [6, 12, 18] = [32, 68, 104]   kappa_p ~ 5.7777777777777777777777777777777777778
    p=5  v_p(den Q) at [6, 12, 18] = [8, 14, 23]   kappa_p ~ 1.2777777777777777777777777777777777778
    p=7  v_p(den Q) at [6, 12, 18] = [5, 10, 16]   kappa_p ~ 0.88888888888888888888888888888888888889
    p=11  v_p(den Q) at [6, 12, 18] = [3, 6, 9]   kappa_p ~ 0.50000000000000000000000000000000000000
    p=13  v_p(den Q) at [6, 12, 18] = [1, 5, 7]   kappa_p ~ 0.38888888888888888888888888888888888889
    p=17  v_p(den Q) at [6, 12, 18] = [1, 3, 6]   kappa_p ~ 0.33333333333333333333333333333333333333
    p=19  v_p(den Q) at [6, 12, 18] = [1, 3, 5]   kappa_p ~ 0.27777777777777777777777777777777777778
    p=23  v_p(den Q) at [6, 12, 18] = [1, 3, 3]   kappa_p ~ 0.16666666666666666666666666666666666667
    p=29  v_p(den Q) at [6, 12, 18] = [1, 1, 3]   kappa_p ~ 0.16666666666666666666666666666666666667
    p=31  v_p(den Q) at [6, 12, 18] = [1, 1, 3]   kappa_p ~ 0.16666666666666666666666666666666666667
    p=37  v_p(den Q) at [6, 12, 18] = [1, 1, 1]   kappa_p ~ 0.055555555555555555555555555555555555556
    p=41  v_p(den Q) at [6, 12, 18] = [0, 1, 1]   kappa_p ~ 0.055555555555555555555555555555555555556
    p=43  v_p(den Q) at [6, 12, 18] = [0, 1, 1]   kappa_p ~ 0.055555555555555555555555555555555555556
    p=47  v_p(den Q) at [6, 12, 18] = [0, 1, 1]   kappa_p ~ 0.055555555555555555555555555555555555556
    p=53  v_p(den Q) at [6, 12, 18] = [0, 1, 1]   kappa_p ~ 0.055555555555555555555555555555555555556
    p=59  v_p(den Q) at [6, 12, 18] = [0, 1, 1]   kappa_p ~ 0.055555555555555555555555555555555555556
    p=61  v_p(den Q) at [6, 12, 18] = [0, 1, 1]   kappa_p ~ 0.055555555555555555555555555555555555556
    p=67  v_p(den Q) at [6, 12, 18] = [0, 1, 1]   kappa_p ~ 0.055555555555555555555555555555555555556
    p=71  v_p(den Q) at [6, 12, 18] = [0, 1, 1]   kappa_p ~ 0.055555555555555555555555555555555555556
    p=73  v_p(den Q) at [6, 12, 18] = [0, 1, 1]   kappa_p ~ 0.055555555555555555555555555555555555556
    p=79  v_p(den Q) at [6, 12, 18] = [0, 0, 1]   kappa_p ~ 0.055555555555555555555555555555555555556
    p=83  v_p(den Q) at [6, 12, 18] = [0, 0, 1]   kappa_p ~ 0.055555555555555555555555555555555555556
    p=89  v_p(den Q) at [6, 12, 18] = [0, 0, 1]   kappa_p ~ 0.055555555555555555555555555555555555556
    p=97  v_p(den Q) at [6, 12, 18] = [0, 0, 1]   kappa_p ~ 0.055555555555555555555555555555555555556
    p=101  v_p(den Q) at [6, 12, 18] = [0, 0, 1]   kappa_p ~ 0.055555555555555555555555555555555555556
    p=103  v_p(den Q) at [6, 12, 18] = [0, 0, 1]   kappa_p ~ 0.055555555555555555555555555555555555556
    p=107  v_p(den Q) at [6, 12, 18] = [0, 0, 1]   kappa_p ~ 0.055555555555555555555555555555555555556
    p=109  v_p(den Q) at [6, 12, 18] = [0, 0, 1]   kappa_p ~ 0.055555555555555555555555555555555555556
    p=2  v_p(num Q) = [0, 0, 0]
    p=5  v_p(num Q) = [0, 0, 0]
    p=7  v_p(num Q) = [0, 0, 0]
    p=11  v_p(num Q) = [0, 0, 0]
    p=13  v_p(num Q) = [0, 0, 0]
    p=17  v_p(num Q) = [0, 0, 0]
    p=19  v_p(num Q) = [0, 0, 0]
    p=23  v_p(num Q) = [0, 0, 0]
    p=29  v_p(num Q) = [0, 0, 0]
    p=31  v_p(num Q) = [0, 0, 0]
    p=37  v_p(num Q) = [0, 0, 0]
    p=41  v_p(num Q) = [0, 0, 0]
    p=43  v_p(num Q) = [0, 0, 0]
    p=47  v_p(num Q) = [0, 0, 0]
    p=53  v_p(num Q) = [0, 0, 0]
    p=59  v_p(num Q) = [0, 0, 0]
    p=61  v_p(num Q) = [0, 0, 0]
    p=67  v_p(num Q) = [0, 0, 0]
    p=71  v_p(num Q) = [0, 0, 0]
    p=73  v_p(num Q) = [1, 0, 0]
    p=79  v_p(num Q) = [0, 0, 0]
    p=83  v_p(num Q) = [0, 0, 0]
    p=89  v_p(num Q) = [0, 0, 0]
    p=97  v_p(num Q) = [0, 0, 0]
    p=101  v_p(num Q) = [0, 0, 0]
    p=103  v_p(num Q) = [0, 0, 0]
    p=107  v_p(num Q) = [0, 0, 0]
    p=109  v_p(num Q) = [0, 0, 0]
    p=2  v_p(Q)     = [-32, -68, -104]   rate -5.7777777777777777777777777777777777778
    p=3  v_p(Q)     = [5, 9, 5]   rate 0.27777777777777777777777777777777777778
    p=5  v_p(Q)     = [-8, -14, -23]   rate -1.2777777777777777777777777777777777778
    p=7  v_p(Q)     = [-5, -10, -16]   rate -0.88888888888888888888888888888888888889
    p=11  v_p(Q)     = [-3, -6, -9]   rate -0.50000000000000000000000000000000000000
    p=13  v_p(Q)     = [-1, -5, -7]   rate -0.38888888888888888888888888888888888889
