[0;31m  ***   Warning: new maximum stack size = 8000000000 (7629.395 Mbytes).[0m

### chi_6 row  alpha = 2/1   a = 2k,  b = 1k
   k    b  v2(denQ) v3(denQ) otherden | v3(xi-2xi3C) v2(xi-(8/5)xi2F) | v3incr v2incr | log|Q|/b  log|QL-P|/b
    8   8      61      15         23 |      17       63 |      0     0 |   6.3734    -0.9914
   16  16     125      39      82861 |      40      127 |     17    63 |   6.5476     0.9908
[0;31m[0;31m  ***   at top-level:[0;35m scan6(2,1,40,8)
[0;31m[0;31m  ***                 ^---------------
[0;31m  ***   in function scan6: ...[0;35m,i2,log(abs(1.0*qq2))/bb,[0;35mlog(abs(1.0*(qq2*Lc-p
[0;31m[0;31m  ***                                                  ^---------------------
  *** log: domain error in log: argument = 0[0m
... skipping file '03_chi6_scan.gp'

### chi_6 row  alpha = 3/2   a = 3k,  b = 2k
   k    b  v2(denQ) v3(denQ) otherden | v3(xi-2xi3C) v2(xi-(8/5)xi2F) | v3incr v2incr | log|Q|/b  log|QL-P|/b
    6  12      79      19   199016125 |      32       91 |      0     0 |   3.1698    -4.2364
[0;31m[0;31m  ***   at top-level:[0;35m scan6(3,2,30,6)
[0;31m[0;31m  ***                 ^---------------
[0;31m  ***   in function scan6: ...[0;35m,i2,log(abs(1.0*qq2))/bb,[0;35mlog(abs(1.0*(qq2*Lc-p
[0;31m[0;31m  ***                                                  ^---------------------
  *** log: domain error in log: argument = 0[0m

### chi_6 row  alpha = 4/3   a = 4k,  b = 3k
   k    b  v2(denQ) v3(denQ) otherden | v3(xi-2xi3C) v2(xi-(8/5)xi2F) | v3incr v2incr | log|Q|/b  log|QL-P|/b
    6  18     115      24   77512525883615459 |      48      139 |      0     0 |   1.6733    -3.2384
   12  36     233      55   55649202401816985339958370551252164655020466162109375 |     103      281 |     48   139 |   0.8800    -1.5792
   18  54     351      84   321553821310607434753361797623241091595330573636569161436132045742071533203125 |     156      425 |    103   281 |   0.3961    -1.2401
   24  72     473     111   16422139104557108060779111459901249831799592251435435819779786592710146651994854690920591567431214906792995929718017578125 |     207      569 |    156   425 |   0.0449    -1.1876

### chi_6 row  alpha = 1/1   a = 1k,  b = 1k
   k    b  v2(denQ) v3(denQ) otherden | v3(xi-2xi3C) v2(xi-(8/5)xi2F) | v3incr v2incr | log|Q|/b  log|QL-P|/b
    6   6      32       0     425425 |      13       44 |      0     0 |   1.3144    -5.9521
   12  12      67       7   2252127170418125 |      32       91 |     13    44 |   0.1035    -7.0495
   18  18     103      12   495853197588643806295370001640625 |      49      139 |     32    91 |  -0.6116    -5.5216
   24  24     139      15   637524822574248019826255511184881595744140625 |      63      187 |     49   139 |  -1.1273    -4.8112
   30  30     170      25   7000917693424246092475218125801824697129854253399188160400390625 |      89      228 |     63   187 |  -1.5326    -4.4799

### chi_6 row  alpha = 1/2   a = 1k,  b = 2k
   k    b  v2(denQ) v3(denQ) otherden | v3(xi-2xi3C) v2(xi-(8/5)xi2F) | v3incr v2incr | log|Q|/b  log|QL-P|/b
    6  12      55       0   182157344666171875 |      32       91 |      0     0 |  -2.6514    -8.3712
   12  24     115       0   605266795383566649501763046139164496057079891250524169921875 |      65      187 |     32    91 |  -4.5760    -8.2595
   18  36     173       0   2028240027934739310343522525486398882471214594528544945265595468872957616059120043008897893130779266357421875 |     105      279 |     65   187 |  -5.7214    -8.1828
   24  48     235       0   14589067713084862266283827669980334958322343865911649475213461523731730373375012802226152672981064518362811320561320889917650309434288064949214458465576171875 |     135      379 |    105   279 |  -6.5430    -8.3944

### chi_6 row  alpha = 5/3   a = 5k,  b = 3k
   k    b  v2(denQ) v3(denQ) otherden | v3(xi-2xi3C) v2(xi-(8/5)xi2F) | v3incr v2incr | log|Q|/b  log|QL-P|/b
    6  18     127      36   135354520693 |      49      137 |      0     0 |   4.0741    -0.8095
   12  36     257      79   5720466232678492768240625 |     104      279 |     49   137 |   3.7430     1.3076
   18  54     387     120   716353896753062696465418538754171875 |     157      423 |    104   279 |   3.5294     1.8848
   24  72     521     159   4539641151013976226361821785806874812345549231395167646859375 |     207      567 |    157   423 |   3.3700     2.1390
