[0;31m  ***   Warning: new maximum stack size = 8000000000 (7629.395 Mbytes).[0m
modular reference rows, N = 900
  v_2 Cauchy of F : 2677  (3N = 2700)
  v_3 Cauchy of C : 1785  (2N = 1800)
  v_3(4 xi3F - 5 xi3C) = 1797
  L(2,chi_-3) = 0.78130241289648629686718742962409235636513433654528542022210006296688698465161821809286957083220986102104235025650903576886587055244030799926078441998957493075696721309808593216095336438633957476728584

### rate profile (all rates per unit of b)
  a/b=2/1 k= 60 b= 60 | logLam=  6.7747 loglam= -0.2317 | kap2= 7.817 kap3= 2.850 nu=  0.657 eta= 17.759 | sig2= 7.850 sig3= 2.883 | incr2= 7.667 incr3= 2.800 | w2= -7.783 w3= -2.817
  a/b=3/2 k= 40 b= 80 | logLam=  1.5991 loglam= -4.4873 | kap2= 6.913 kap3= 1.813 nu=  3.032 eta= 20.851 | sig2= 7.888 sig3= 2.838 | incr2= 7.625 incr3= 2.800 | w2= -5.938 w3= -0.788
  a/b=5/3 k= 32 b= 96 | logLam=  3.2050 loglam= -1.8771 | kap2= 7.281 kap3= 2.240 nu=  2.220 eta= 20.108 | sig2= 7.958 sig3= 2.885 | incr2= 7.563 incr3= 2.844 | w2= -6.604 w3= -1.594
  a/b=4/3 k= 32 b= 96 | logLam= -0.3120 loglam= -5.3961 | kap2= 6.615 kap3= 1.573 nu=  4.501 eta= 21.923 | sig2= 7.969 sig3= 2.896 | incr2= 7.563 incr3= 2.833 | w2= -5.260 w3= -0.250
  a/b=5/4 k= 28 b=112 | logLam= -1.3928 loglam= -5.7468 | kap2= 6.429 kap3= 1.438 nu=  5.135 eta= 22.686 | sig2= 7.920 sig3= 2.938 | incr2= 7.616 incr3= 2.866 | w2= -4.938 w3=  0.063
  a/b=1/1 k= 40 b= 40 | logLam= -2.0618 loglam= -9.1462 | kap2= 5.825 kap3= 0.825 nu=  5.477 eta= 21.961 | sig2= 7.825 sig3= 2.775 | incr2= 7.425 incr3= 2.825 | w2= -3.825 w3=  1.125
  a/b=2/3 k= 32 b= 96 | logLam= -6.9769 loglam=-12.0526 | kap2= 5.281 kap3= 0.240 nu=  8.771 eta= 24.320 | sig2= 7.969 sig3= 2.896 | incr2= 7.563 incr3= 2.833 | w2= -2.594 w3=  2.417
  a/b=1/2 k= 32 b= 64 | logLam= -7.3713 loglam=-13.0213 | kap2= 4.953 kap3= 0.000 nu=  8.337 eta= 23.424 | sig2= 7.953 sig3= 2.875 | incr2= 7.500 incr3= 2.750 | w2= -1.953 w3=  2.875
  a/b=1/3 k= 24 b= 72 | logLam= -9.1425 loglam=-13.9688 | kap2= 4.569 kap3= 0.000 nu=  9.431 eta= 24.202 | sig2= 7.875 sig3= 2.875 | incr2= 7.444 incr3= 2.708 | w2= -1.264 w3=  2.875
  a/b=1/4 k= 20 b= 80 | logLam=-10.1979 loglam=-14.4950 | kap2= 4.413 kap3= 0.000 nu=  9.843 eta= 24.668 | sig2= 7.900 sig3= 2.825 | incr2= 7.475 incr3= 2.700 | w2= -0.925 w3=  2.825

### controls at a=80 b=60  (only the predicted rational should give a large valuation)
  p=2, target c*xi2F :
     c = 8/5   v_2 = 471
     c = 1   v_2 = 0
     c = 2   v_2 = 1
     c = 4/5   v_2 = 2
     c = 5/8   v_2 = -3
     c = 3/2   v_2 = -1
     c = 5/4   v_2 = -2
     c = 16/5   v_2 = 3
     c = 8/3   v_2 = 4
     c = 5/2   v_2 = -1
  p=3, target c*xi3C :
     c = 2   v_3 = 169
     c = 1   v_3 = -1
     c = 4   v_3 = -1
     c = 5/2   v_3 = -1
     c = 8/5   v_3 = -1
     c = 5/4   v_3 = 0
     c = 1/2   v_3 = 0
     c = 3   v_3 = -1
  p=3 against B and F :  v_3(xi - 2 xi3B) = 169   v_3(5 xi - 8 xi3F) = 169
  p=2 against F      :  v_2(5 xi - 8 xi2F) = 471
