[0;31m  ***   Warning: new maximum stack size = 8000000000 (7629.395 Mbytes).[0m
### master formula, exact lcm denominators

  c3_2/1  (n= 60) x C        : none  0.7334 | p3  0.8096 (r=1.50) | p2  0.7334 | BOTH  0.8096 (r=1.50)
  c3_2/1  (n= 60) x B        : none  0.7190 | p3  0.7709 (r=1.00) | p2  0.7190 | BOTH  0.7709 (r=1.00)
  c3_2/1  (n= 60) x F        : none  0.7127 | p3  0.7333 (r=0.25) | p2  0.7127 | BOTH  0.7333 (r=0.25)
  c3_2/1  (n= 60) x s18      : none  0.7111 | p3  0.7212 (r=0.25) | p2  0.7111 | BOTH  0.7212 (r=0.25)
  c3_2/1  (n= 60) x c3_5/3   : none  0.7591 | p3  0.9248 (r=1.00) | p2  0.7591 | BOTH  0.9248 (r=1.00)
  c3_2/1  (n= 60) x c3_3/2   : none  0.7597 | p3  0.9257 (r=1.00) | p2  0.7597 | BOTH  0.9257 (r=1.00)
  c3_2/1  (n= 60) x c3_1/1   : none  0.7467 | p3  0.9065 (r=1.00) | p2  0.7467 | BOTH  0.9065 (r=1.00)
  c3_2/1  (n= 60) x c3_1/2   : none  0.7514 | p3  0.9121 (r=1.00) | p2  0.7514 | BOTH  0.9121 (r=1.00)
  c3_2/1  (n= 60) x c3_1/3   : none  0.7368 | p3  0.8680 (r=1.00) | p2  0.7368 | BOTH  0.8680 (r=1.00)
  c3_2/1  (n= 60) x c6_2/1   : none  0.6477 | p3  0.6726 (r=0.25) | p2  0.6477 | BOTH  0.6726 (r=0.25)
  c3_2/1  (n= 60) x c6_3/2   : none  0.6640 | p3  0.6920 (r=0.27) | p2  0.6640 | BOTH  0.6920 (r=0.27)
  c3_2/1  (n= 60) x c6_1/1   : none  0.6786 | p3  0.7059 (r=0.25) | p2  0.6786 | BOTH  0.7059 (r=0.25)
  c3_2/1  (n= 60) x c6_1/2   : none  0.6931 | p3  0.7237 (r=0.27) | p2  0.6931 | BOTH  0.7237 (r=0.27)
  c3_2/1  (n= 60) x c6_1/3   : none  0.6947 | p3  0.7234 (r=0.25) | p2  0.6947 | BOTH  0.7234 (r=0.25)
  c3_2/1  (n= 60) x c6_1/4   : none  0.6886 | p3  0.7188 (r=0.27) | p2  0.6886 | BOTH  0.7188 (r=0.27)

  c3_5/3  (n=120) x C        : none  0.7894 | p3  0.9413 (r=1.50) | p2  0.7894 | BOTH  0.9413 (r=1.50)
  c3_5/3  (n=120) x B        : none  0.7725 | p3  0.8631 (r=1.00) | p2  0.7725 | BOTH  0.8631 (r=1.00)
  c3_5/3  (n=120) x F        : none  0.7675 | p3  0.7923 (r=1.00) | p2  0.7675 | BOTH  0.7923 (r=1.00)
  c3_5/3  (n=120) x s18      : none  0.7647 | p3  0.7756 (r=0.25) | p2  0.7647 | BOTH  0.7756 (r=0.25)
  c3_5/3  (n=120) x c3_2/1   : none  0.7926 | p3  0.9179 (r=1.00) | p2  0.7926 | BOTH  0.9179 (r=1.00)
  c3_5/3  (n=120) x c3_3/2   : none  1.0257 | p3  1.3244 (r=1.00) | p2  1.0257 | BOTH  1.3244 (r=1.00)
  c3_5/3  (n=120) x c3_1/1   : none  0.9931 | p3  1.2705 (r=1.00) | p2  0.9931 | BOTH  1.2705 (r=1.00)
  c3_5/3  (n=120) x c3_1/2   : none  1.0056 | p3  1.2910 (r=1.00) | p2  1.0056 | BOTH  1.2910 (r=1.00)
  c3_5/3  (n=120) x c3_1/3   : none  0.9524 | p3  1.2046 (r=1.00) | p2  0.9524 | BOTH  1.2046 (r=1.00)
  c3_5/3  (n=120) x c6_2/1   : none  0.7463 | p3  0.7771 (r=0.25) | p2  0.7463 | BOTH  0.7771 (r=0.25)
  c3_5/3  (n=120) x c6_3/2   : none  0.7989 | p3  0.8343 (r=0.25) | p2  0.7989 | BOTH  0.8343 (r=0.25)
  c3_5/3  (n=120) x c6_1/1   : none  0.8405 | p3  0.8798 (r=0.25) | p2  0.8405 | BOTH  0.8798 (r=0.25)
  c3_5/3  (n=120) x c6_1/2   : none  0.8650 | p3  0.9067 (r=0.25) | p2  0.8650 | BOTH  0.9067 (r=0.25)
  c3_5/3  (n=120) x c6_1/3   : none  0.8654 | p3  0.9071 (r=0.25) | p2  0.8654 | BOTH  0.9071 (r=0.25)
  c3_5/3  (n=120) x c6_1/4   : none  0.8581 | p3  0.9045 (r=0.50) | p2  0.8581 | BOTH  0.9045 (r=0.50)

  c3_3/2  (n=120) x C        : none  0.8048 | p3  0.9722 (r=1.50) | p2  0.8048 | BOTH  0.9722 (r=1.50)
  c3_3/2  (n=120) x B        : none  0.7871 | p3  0.8828 (r=1.00) | p2  0.7871 | BOTH  0.8828 (r=1.00)
  c3_3/2  (n=120) x F        : none  0.7819 | p3  0.8092 (r=1.00) | p2  0.7819 | BOTH  0.8092 (r=1.00)
  c3_3/2  (n=120) x s18      : none  0.7791 | p3  0.7903 (r=0.25) | p2  0.7791 | BOTH  0.7903 (r=0.25)
  c3_3/2  (n=120) x c3_2/1   : none  0.8079 | p3  0.9170 (r=1.00) | p2  0.8079 | BOTH  0.9170 (r=1.00)
  c3_3/2  (n=120) x c3_5/3   : none  1.0257 | p3  1.3229 (r=1.00) | p2  1.0257 | BOTH  1.3229 (r=1.00)
  c3_3/2  (n=120) x c3_1/1   : none  1.1654 | p3  1.5649 (r=1.00) | p2  1.1654 | BOTH  1.5649 (r=1.00)
  c3_3/2  (n=120) x c3_1/2   : none  1.1825 | p3  1.5960 (r=1.00) | p2  1.1825 | BOTH  1.5960 (r=1.00)
  c3_3/2  (n=120) x c3_1/3   : none  1.1099 | p3  1.4664 (r=1.00) | p2  1.1099 | BOTH  1.4664 (r=1.00)
  c3_3/2  (n=120) x c6_2/1   : none  0.7782 | p3  0.8116 (r=0.25) | p2  0.7782 | BOTH  0.8116 (r=0.25)
  c3_3/2  (n=120) x c6_3/2   : none  0.8369 | p3  0.8757 (r=0.25) | p2  0.8369 | BOTH  0.8757 (r=0.25)
  c3_3/2  (n=120) x c6_1/1   : none  0.8929 | p3  0.9861 (r=0.50) | p2  0.8929 | BOTH  0.9861 (r=0.50)
  c3_3/2  (n=120) x c6_1/2   : none  0.9257 | p3  1.0244 (r=0.50) | p2  0.9257 | BOTH  1.0244 (r=0.50)
  c3_3/2  (n=120) x c6_1/3   : none  0.9335 | p3  1.0359 (r=0.50) | p2  0.9335 | BOTH  1.0359 (r=0.50)
  c3_3/2  (n=120) x c6_1/4   : none  0.9388 | p3  1.0403 (r=0.50) | p2  0.9388 | BOTH  1.0403 (r=0.50)

  c3_1/1  (n= 60) x C        : none  0.8401 | p3  1.0456 (r=2.00) | p2  0.8401 | BOTH  1.0456 (r=2.00)
  c3_1/1  (n= 60) x B        : none  0.8183 | p3  0.9314 (r=1.00) | p2  0.8183 | BOTH  0.9314 (r=1.00)
  c3_1/1  (n= 60) x F        : none  0.8117 | p3  0.8471 (r=1.50) | p2  0.8117 | BOTH  0.8471 (r=1.50)
  c3_1/1  (n= 60) x s18      : none  0.8097 | p3  0.8227 (r=0.25) | p2  0.8097 | BOTH  0.8227 (r=0.25)
  c3_1/1  (n= 60) x c3_2/1   : none  0.8439 | p3  0.9073 (r=1.00) | p2  0.8439 | BOTH  0.9073 (r=1.00)
  c3_1/1  (n= 60) x c3_5/3   : none  0.9873 | p3  1.2838 (r=1.00) | p2  0.9873 | BOTH  1.2838 (r=1.00)
  c3_1/1  (n= 60) x c3_3/2   : none  1.1597 | p3  1.5913 (r=2.00) | p2  1.1597 | BOTH  1.5913 (r=2.00)
  c3_1/1  (n= 60) x c3_1/2   : none  2.0499 | p3  3.9375 (r=1.00) | p2  2.0499 | BOTH  3.9375 (r=1.00)
  c3_1/1  (n= 60) x c3_1/3   : none  1.8413 | p3  3.2339 (r=1.00) | p2  1.8413 | BOTH  3.2339 (r=1.00)
  c3_1/1  (n= 60) x c6_2/1   : none  0.8439 | p3  0.8862 (r=0.25) | p2  0.8439 | BOTH  0.8862 (r=0.25)
  c3_1/1  (n= 60) x c6_3/2   : none  0.9228 | p3  1.0302 (r=0.50) | p2  0.9228 | BOTH  1.0302 (r=0.50)
  c3_1/1  (n= 60) x c6_1/1   : none  1.0755 | p3  1.2243 (r=0.50) | p2  1.0755 | BOTH  1.2243 (r=0.50)
  c3_1/1  (n= 60) x c6_1/2   : none  1.2059 | p3  1.3962 (r=0.50) | p2  1.2059 | BOTH  1.3962 (r=0.50)
  c3_1/1  (n= 60) x c6_1/3   : none  1.2348 | p3  1.4351 (r=0.50) | p2  1.2348 | BOTH  1.4351 (r=0.50)
  c3_1/1  (n= 60) x c6_1/4   : none  1.2421 | p3  1.4609 (r=0.53) | p2  1.2421 | BOTH  1.4609 (r=0.53)

  c3_1/2  (n=120) x C        : none  0.8628 | p3  1.1543 (r=3.00) | p2  0.8628 | BOTH  1.1543 (r=3.00)
  c3_1/2  (n=120) x B        : none  0.8353 | p3  0.9870 (r=1.00) | p2  0.8353 | BOTH  0.9870 (r=1.00)
  c3_1/2  (n=120) x F        : none  0.8274 | p3  0.8731 (r=1.50) | p2  0.8274 | BOTH  0.8731 (r=1.50)
  c3_1/2  (n=120) x s18      : none  0.8232 | p3  0.8401 (r=0.25) | p2  0.8232 | BOTH  0.8401 (r=0.25)
  c3_1/2  (n=120) x c3_2/1   : none  0.8164 | p3  0.8718 (r=0.50) | p2  0.8164 | BOTH  0.8718 (r=0.50)
  c3_1/2  (n=120) x c3_5/3   : none  1.0074 | p3  1.4288 (r=1.00) | p2  1.0074 | BOTH  1.4288 (r=1.00)
  c3_1/2  (n=120) x c3_3/2   : none  1.3955 | p3  2.3595 (r=2.25) | p2  1.3955 | BOTH  2.3595 (r=2.25)
  c3_1/2  (n=120) x c3_1/1   : none 10.5663 | p3 12.3472 (r=2.50) | p2 10.5663 | BOTH 12.3472 (r=2.50)
  c3_1/2  (n=120) x c3_1/3   : none 44.5903 | p3 51.9304 (r=2.75) | p2 44.5903 | BOTH 51.9304 (r=2.75)
  c3_1/2  (n=120) x c6_2/1   : none  0.8164 | p3  0.8664 (r=0.25) | p2  0.8164 | BOTH  0.8664 (r=0.25)
  c3_1/2  (n=120) x c6_3/2   : none  0.9780 | p3  1.1351 (r=0.50) | p2  0.9780 | BOTH  1.1351 (r=0.50)
  c3_1/2  (n=120) x c6_1/1   : none  1.3043 | p3  1.5995 (r=0.50) | p2  1.3043 | BOTH  1.5995 (r=0.50)
  c3_1/2  (n=120) x c6_1/2   : none  1.7182 | p3  2.7045 (r=0.75) | p2  1.7182 | BOTH  2.7045 (r=0.75)
  c3_1/2  (n=120) x c6_1/3   : none  1.9089 | p3  3.2091 (r=0.75) | p2  1.9089 | BOTH  3.2091 (r=0.75)
  c3_1/2  (n=120) x c6_1/4   : none  1.9968 | p3  3.5231 (r=0.77) | p2  1.9968 | BOTH  3.5231 (r=0.77)

  c3_1/3  (n=120) x C        : none  0.7856 | p3  1.0752 (r=3.00) | p2  0.7856 | BOTH  1.0752 (r=3.00)
  c3_1/3  (n=120) x B        : none  0.7590 | p3  0.9074 (r=1.00) | p2  0.7590 | BOTH  0.9074 (r=1.00)
  c3_1/3  (n=120) x F        : none  0.7514 | p3  0.7956 (r=1.50) | p2  0.7514 | BOTH  0.7956 (r=1.50)
  c3_1/3  (n=120) x s18      : none  0.7473 | p3  0.7636 (r=0.25) | p2  0.7473 | BOTH  0.7636 (r=0.25)
  c3_1/3  (n=120) x c3_2/1   : none  0.7407 | p3  0.7944 (r=0.50) | p2  0.7407 | BOTH  0.7944 (r=0.50)
  c3_1/3  (n=120) x c3_5/3   : none  0.9276 | p3  1.3602 (r=1.00) | p2  0.9276 | BOTH  1.3602 (r=1.00)
  c3_1/3  (n=120) x c3_3/2   : none  1.3842 | p3  2.6340 (r=3.00) | p2  1.3842 | BOTH  2.6340 (r=3.00)
  c3_1/3  (n=120) x c3_1/1   : none 53.7989 | p3 254.8781 (r=3.00) | p2 53.7989 | BOTH 254.8781 (r=3.00)
  c3_1/3  (n=120) x c3_1/2   : none 74.3323 | p3  2.2755 (r=0.50) | p2 74.3323 | BOTH  2.2755 (r=0.50)
  c3_1/3  (n=120) x c6_2/1   : none  0.7407 | p3  0.7891 (r=0.25) | p2  0.7407 | BOTH  0.7891 (r=0.25)
  c3_1/3  (n=120) x c6_3/2   : none  0.9183 | p3  1.0831 (r=0.50) | p2  0.9183 | BOTH  1.0831 (r=0.50)
  c3_1/3  (n=120) x c6_1/1   : none  1.2293 | p3  1.5438 (r=0.50) | p2  1.2293 | BOTH  1.5438 (r=0.50)
  c3_1/3  (n=120) x c6_1/2   : none  1.7674 | p3  3.3074 (r=1.00) | p2  1.7674 | BOTH  3.3074 (r=1.00)
  c3_1/3  (n=120) x c6_1/3   : none  2.0223 | p3  5.3264 (r=1.00) | p2  2.0223 | BOTH  5.3264 (r=1.00)
  c3_1/3  (n=120) x c6_1/4   : none  2.1209 | p3  5.0405 (r=1.00) | p2  2.1209 | BOTH  5.0405 (r=1.00)

  c6_2/1  (n= 60) x C        : none  0.4451 | p3  0.4719 (r=1.25) | p2  0.4451 | BOTH  0.4719 (r=1.25)
  c6_2/1  (n= 60) x B        : none  0.4393 | p3  0.4587 (r=1.00) | p2  0.4393 | BOTH  0.4587 (r=1.00)
  c6_2/1  (n= 60) x F        : none  0.4374 | p3  0.4450 (r=0.25) | p2  0.4446 | BOTH  0.4718 (r=1.50)
  c6_2/1  (n= 60) x s18      : none  0.4368 | p3  0.4405 (r=0.25) | p2  0.4368 | BOTH  0.4405 (r=0.25)
  c6_2/1  (n= 60) x c3_2/1   : none  0.4435 | p3  0.4892 (r=1.00) | p2  0.4435 | BOTH  0.4892 (r=1.00)
  c6_2/1  (n= 60) x c3_5/3   : none  0.4789 | p3  0.5374 (r=2.00) | p2  0.4789 | BOTH  0.5374 (r=2.00)
  c6_2/1  (n= 60) x c3_3/2   : none  0.5167 | p3  0.5855 (r=2.00) | p2  0.5167 | BOTH  0.5855 (r=2.00)
  c6_2/1  (n= 60) x c3_1/1   : none  0.5960 | p3  0.6894 (r=2.00) | p2  0.5960 | BOTH  0.6894 (r=2.00)
  c6_2/1  (n= 60) x c3_1/2   : none  0.6540 | p3  0.7682 (r=2.50) | p2  0.6540 | BOTH  0.7682 (r=2.50)
  c6_2/1  (n= 60) x c3_1/3   : none  0.6116 | p3  0.7104 (r=2.25) | p2  0.6116 | BOTH  0.7104 (r=2.25)
  c6_2/1  (n= 60) x c6_3/2   : none  0.4635 | p3  0.5181 (r=1.00) | p2  0.5668 | BOTH  0.6506 (r=1.00)
  c6_2/1  (n= 60) x c6_1/1   : none  0.4610 | p3  0.5150 (r=1.00) | p2  0.5631 | BOTH  0.6458 (r=1.00)
  c6_2/1  (n= 60) x c6_1/2   : none  0.4736 | p3  0.5307 (r=1.00) | p2  0.5820 | BOTH  0.6707 (r=1.00)
  c6_2/1  (n= 60) x c6_1/3   : none  0.4751 | p3  0.5327 (r=1.00) | p2  0.5843 | BOTH  0.6738 (r=1.00)
  c6_2/1  (n= 60) x c6_1/4   : none  0.4752 | p3  0.5328 (r=1.00) | p2  0.5844 | BOTH  0.6740 (r=1.00)

  c6_3/2  (n= 80) x C        : none  0.5040 | p3  0.5523 (r=1.50) | p2  0.5040 | BOTH  0.5523 (r=1.50)
  c6_3/2  (n= 80) x B        : none  0.4970 | p3  0.5314 (r=1.00) | p2  0.4970 | BOTH  0.5314 (r=1.00)
  c6_3/2  (n= 80) x F        : none  0.4947 | p3  0.5056 (r=1.00) | p2  0.5036 | BOTH  0.5518 (r=1.50)
  c6_3/2  (n= 80) x s18      : none  0.4938 | p3  0.4983 (r=0.25) | p2  0.4938 | BOTH  0.4983 (r=0.25)
  c6_3/2  (n= 80) x c3_2/1   : none  0.5052 | p3  0.5445 (r=0.75) | p2  0.5052 | BOTH  0.5445 (r=0.75)
  c6_3/2  (n= 80) x c3_5/3   : none  0.5948 | p3  0.6803 (r=1.99) | p2  0.5948 | BOTH  0.6803 (r=1.99)
  c6_3/2  (n= 80) x c3_3/2   : none  0.6663 | p3  0.7754 (r=2.00) | p2  0.6663 | BOTH  0.7754 (r=2.00)
  c6_3/2  (n= 80) x c3_1/1   : none  0.8788 | p3  1.0791 (r=2.00) | p2  0.8788 | BOTH  1.0791 (r=2.00)
  c6_3/2  (n= 80) x c3_1/2   : none  0.9773 | p3  1.2314 (r=2.25) | p2  0.9773 | BOTH  1.2314 (r=2.25)
  c6_3/2  (n= 80) x c3_1/3   : none  0.9104 | p3  1.1271 (r=1.99) | p2  0.9104 | BOTH  1.1271 (r=1.99)
  c6_3/2  (n= 80) x c6_2/1   : none  0.4980 | p3  0.5406 (r=0.75) | p2  0.5767 | BOTH  0.6567 (r=1.00)
  c6_3/2  (n= 80) x c6_1/1   : none  0.6257 | p3  0.7209 (r=1.00) | p2  0.8110 | BOTH  0.9786 (r=1.00)
  c6_3/2  (n= 80) x c6_1/2   : none  0.6527 | p3  0.7571 (r=1.00) | p2  0.8571 | BOTH  1.0465 (r=1.00)
  c6_3/2  (n= 80) x c6_1/3   : none  0.6575 | p3  0.7635 (r=1.01) | p2  0.8653 | BOTH  1.0588 (r=1.01)
  c6_3/2  (n= 80) x c6_1/4   : none  0.6544 | p3  0.7593 (r=1.00) | p2  0.8600 | BOTH  1.0508 (r=1.00)

  c6_1/1  (n= 60) x C        : none  0.5260 | p3  0.5967 (r=3.50) | p2  0.5260 | BOTH  0.5967 (r=3.50)
  c6_1/1  (n= 60) x B        : none  0.5172 | p3  0.5576 (r=1.00) | p2  0.5172 | BOTH  0.5576 (r=1.00)
  c6_1/1  (n= 60) x F        : none  0.5146 | p3  0.5279 (r=1.25) | p2  0.5252 | BOTH  0.5957 (r=2.50)
  c6_1/1  (n= 60) x s18      : none  0.5138 | p3  0.5189 (r=0.25) | p2  0.5138 | BOTH  0.5189 (r=0.25)
  c6_1/1  (n= 60) x c3_2/1   : none  0.5273 | p3  0.5506 (r=0.75) | p2  0.5273 | BOTH  0.5506 (r=0.75)
  c6_1/1  (n= 60) x c3_5/3   : none  0.6376 | p3  0.7445 (r=2.00) | p2  0.6376 | BOTH  0.7445 (r=2.00)
  c6_1/1  (n= 60) x c3_3/2   : none  0.7967 | p3  0.9710 (r=2.00) | p2  0.7967 | BOTH  0.9710 (r=2.00)
  c6_1/1  (n= 60) x c3_1/1   : none  1.2264 | p3  1.6943 (r=2.00) | p2  1.2264 | BOTH  1.6943 (r=2.00)
  c6_1/1  (n= 60) x c3_1/2   : none  1.5907 | p3  2.4786 (r=2.00) | p2  1.5907 | BOTH  2.4786 (r=2.00)
  c6_1/1  (n= 60) x c3_1/3   : none  1.3397 | p3  1.9186 (r=2.00) | p2  1.3397 | BOTH  1.9186 (r=2.00)
  c6_1/1  (n= 60) x c6_2/1   : none  0.5273 | p3  0.5478 (r=0.50) | p2  0.5842 | BOTH  0.6481 (r=0.75)
  c6_1/1  (n= 60) x c6_3/2   : none  0.6078 | p3  0.7042 (r=1.00) | p2  0.7964 | BOTH  0.9704 (r=1.00)
  c6_1/1  (n= 60) x c6_1/2   : none  0.8435 | p3  1.0414 (r=1.00) | p2  1.2564 | BOTH  1.7521 (r=1.00)
  c6_1/1  (n= 60) x c6_1/3   : none  0.8445 | p3  1.0428 (r=1.00) | p2  1.2585 | BOTH  1.7562 (r=1.00)
  c6_1/1  (n= 60) x c6_1/4   : none  0.8371 | p3  1.0316 (r=1.00) | p2  1.2421 | BOTH  1.7245 (r=1.00)

  c6_1/2  (n= 80) x C        : none  0.5182 | p3  0.6069 (r=3.50) | p2  0.5182 | BOTH  0.6069 (r=3.50)
  c6_1/2  (n= 80) x B        : none  0.5079 | p3  0.5572 (r=1.00) | p2  0.5079 | BOTH  0.5572 (r=1.00)
  c6_1/2  (n= 80) x F        : none  0.5048 | p3  0.5207 (r=1.25) | p2  0.5174 | BOTH  0.6059 (r=2.50)
  c6_1/2  (n= 80) x s18      : none  0.5035 | p3  0.5097 (r=0.25) | p2  0.5035 | BOTH  0.5097 (r=0.25)
  c6_1/2  (n= 80) x c3_2/1   : none  0.5030 | p3  0.5231 (r=0.75) | p2  0.5030 | BOTH  0.5231 (r=0.75)
  c6_1/2  (n= 80) x c3_5/3   : none  0.6400 | p3  0.7810 (r=1.99) | p2  0.6400 | BOTH  0.7810 (r=1.99)
  c6_1/2  (n= 80) x c3_3/2   : none  0.8621 | p3  1.1391 (r=2.25) | p2  0.8621 | BOTH  1.1391 (r=2.25)
  c6_1/2  (n= 80) x c3_1/1   : none  2.6470 | p3 10.4521 (r=2.00) | p2  2.6470 | BOTH 10.4521 (r=2.00)
  c6_1/2  (n= 80) x c3_1/2   : none  8.0492 | p3 45.8435 (r=3.00) | p2  8.0492 | BOTH 45.8435 (r=3.00)
  c6_1/2  (n= 80) x c3_1/3   : none  3.9097 | p3 56.7034 (r=2.25) | p2  3.9097 | BOTH 56.7034 (r=2.25)
  c6_1/2  (n= 80) x c6_2/1   : none  0.5030 | p3  0.5215 (r=0.25) | p2  0.5486 | BOTH  0.6214 (r=1.00)
  c6_1/2  (n= 80) x c6_3/2   : none  0.5846 | p3  0.7000 (r=1.00) | p2  0.8178 | BOTH  1.0631 (r=1.00)
  c6_1/2  (n= 80) x c6_1/1   : none  0.8435 | p3  1.1070 (r=1.00) | p2  1.4336 | BOTH  2.4071 (r=1.00)
  c6_1/2  (n= 80) x c6_1/3   : none  1.3751 | p3  2.2467 (r=1.01) | p2  4.1795 | BOTH  5.1297 (r=1.24)
  c6_1/2  (n= 80) x c6_1/4   : none  1.3381 | p3  2.1495 (r=1.00) | p2  3.8552 | BOTH  4.9658 (r=1.25)

  c6_1/3  (n= 84) x C        : none  0.4902 | p3  0.5848 (r=1.50) | p2  0.4902 | BOTH  0.5848 (r=1.50)
  c6_1/3  (n= 84) x B        : none  0.4796 | p3  0.5317 (r=1.00) | p2  0.4796 | BOTH  0.5317 (r=1.00)
  c6_1/3  (n= 84) x F        : none  0.4765 | p3  0.4932 (r=1.25) | p2  0.4896 | BOTH  0.5840 (r=1.50)
  c6_1/3  (n= 84) x s18      : none  0.4751 | p3  0.4817 (r=0.25) | p2  0.4751 | BOTH  0.4817 (r=0.25)
  c6_1/3  (n= 84) x c3_2/1   : none  0.4738 | p3  0.4954 (r=0.50) | p2  0.4738 | BOTH  0.4954 (r=0.50)
  c6_1/3  (n= 84) x c3_5/3   : none  0.6200 | p3  0.7797 (r=2.00) | p2  0.6200 | BOTH  0.7797 (r=2.00)
  c6_1/3  (n= 84) x c3_3/2   : none  0.8752 | p3  1.2310 (r=2.00) | p2  0.8752 | BOTH  1.2310 (r=2.00)
  c6_1/3  (n= 84) x c3_1/1   : none  5.8183 | p3 68.7377 (r=1.75) | p2  5.8183 | BOTH 68.7377 (r=1.75)
  c6_1/3  (n= 84) x c3_1/2   : none 87.3143 | p3 53.6744 (r=1.26) | p2 87.3143 | BOTH 53.6744 (r=1.26)
  c6_1/3  (n= 84) x c3_1/3   : none 37.3440 | p3 23.1233 (r=3.25) | p2 37.3440 | BOTH 23.1233 (r=3.25)
  c6_1/3  (n= 84) x c6_2/1   : none  0.4738 | p3  0.4931 (r=0.25) | p2  0.5158 | BOTH  0.5888 (r=0.75)
  c6_1/3  (n= 84) x c6_3/2   : none  0.5485 | p3  0.6697 (r=1.00) | p2  0.7986 | BOTH  1.0846 (r=1.00)
  c6_1/3  (n= 84) x c6_1/1   : none  0.8155 | p3  1.1160 (r=1.00) | p2  1.5264 | BOTH  3.0774 (r=1.00)
  c6_1/3  (n= 84) x c6_1/2   : none  1.4684 | p3  2.8505 (r=1.00) | p2  9.0993 | BOTH 21.2535 (r=1.26)
  c6_1/3  (n= 84) x c6_1/4   : none  1.7623 | p3  4.2151 (r=1.00) | p2  3.3775 | BOTH  3.2754 (r=1.52)

  c6_1/4  (n= 96) x C        : none  0.4593 | p3  0.5536 (r=3.50) | p2  0.4593 | BOTH  0.5536 (r=3.50)
  c6_1/4  (n= 96) x B        : none  0.4488 | p3  0.5002 (r=1.00) | p2  0.4488 | BOTH  0.5002 (r=1.00)
  c6_1/4  (n= 96) x F        : none  0.4458 | p3  0.4621 (r=1.25) | p2  0.4587 | BOTH  0.5527 (r=2.50)
  c6_1/4  (n= 96) x s18      : none  0.4443 | p3  0.4507 (r=0.25) | p2  0.4443 | BOTH  0.4507 (r=0.25)
  c6_1/4  (n= 96) x c3_2/1   : none  0.4431 | p3  0.4637 (r=0.75) | p2  0.4431 | BOTH  0.4637 (r=0.75)
  c6_1/4  (n= 96) x c3_5/3   : none  0.5949 | p3  0.7633 (r=2.00) | p2  0.5949 | BOTH  0.7633 (r=2.00)
  c6_1/4  (n= 96) x c3_3/2   : none  0.9225 | p3  1.4023 (r=3.50) | p2  0.9225 | BOTH  1.4023 (r=3.50)
  c6_1/4  (n= 96) x c3_1/1   : none 15.5211 | p3 34.1156 (r=3.25) | p2 15.5211 | BOTH 34.1156 (r=3.25)
  c6_1/4  (n= 96) x c3_1/2   : none 32.5766 | p3  5.1118 (r=1.00) | p2 32.5766 | BOTH  5.1118 (r=1.00)
  c6_1/4  (n= 96) x c3_1/3   : none 15.9845 | p3  5.5581 (r=1.00) | p2 15.9845 | BOTH  5.5581 (r=1.00)
  c6_1/4  (n= 96) x c6_2/1   : none  0.4431 | p3  0.4621 (r=0.25) | p2  0.4871 | BOTH  0.5542 (r=0.75)
  c6_1/4  (n= 96) x c6_3/2   : none  0.5206 | p3  0.6452 (r=1.00) | p2  0.7816 | BOTH  1.1007 (r=1.00)
  c6_1/4  (n= 96) x c6_1/1   : none  0.8178 | p3  1.1738 (r=1.00) | p2  1.7202 | BOTH  4.7522 (r=1.00)
  c6_1/4  (n= 96) x c6_1/2   : none  1.6421 | p3  4.2001 (r=1.00) | p2  5.6066 | BOTH  6.1002 (r=1.50)
  c6_1/4  (n= 96) x c6_1/3   : none  2.0756 | p3  9.0179 (r=1.00) | p2  8.3165 | BOTH  7.6025 (r=1.50)

BEST single-prime (p=3 only) : 254.8781   at c3_1/3 x c3_1/1 r=3.0000000000000000000000000000000000000
BEST two-prime   (p=2 and 3) : 254.8781   at c3_1/3 x c3_1/1 r=3.0000000000000000000000000000000000000
