[0;31m  ***   Warning: new maximum stack size = 8000000000 (7629.395 Mbytes).[0m
[0;31m  *** zetahurwitz: Warning: increasing stack size to 16000000.[0m
[0;31m  *** zetahurwitz: Warning: increasing stack size to 32000000.[0m
### CONTROL: zeta(3) Domb x T at 2:3, single prime p=2  (target delta = 0.90095, F = +1.163)
  Domb(2n) x T(3n) [p=2]         n= 10 logT/n=  7.833 logSP/n=  7.711 sig= 15.544 F=  0.4476 H=  6.9527 d_for= 0.9356 | inbox=1 log|q|/n=  10.682 logform/n=    0.315 d_emp= 0.9705
  Domb(2n) x T(3n) [p=2]         n= 20 logT/n=  8.075 logSP/n=  8.055 sig= 16.130 F=  0.6041 H=  7.1929 d_for= 0.9160 | inbox=1 log|q|/n=  11.082 logform/n=    0.621 d_emp= 0.9440
  Domb(2n) x T(3n) [p=2]         n= 30 logT/n=  8.341 logSP/n=  8.531 sig= 16.872 F=  0.7584 H=  7.3756 d_for= 0.8972 | inbox=1 log|q|/n=  11.288 logform/n=    0.738 d_emp= 0.9346
  Domb(2n) x T(3n) [p=2]         n= 40 logT/n=  8.196 logSP/n=  8.443 sig= 16.640 F=  0.8156 H=  7.4470 d_for= 0.8905 | inbox=2 log|q|/n=  11.354 logform/n=    0.746 d_emp= 0.9343
  Domb(2n) x T(3n) [p=2]         n= 50 logT/n=  8.276 logSP/n=  8.509 sig= 16.785 F=  0.8277 H=  7.4677 d_for= 0.8892 | inbox=1 log|q|/n=  11.341 logform/n=    0.797 d_emp= 0.9297
  Domb(2n) x T(3n) [p=2]         n= 60 logT/n=  8.399 logSP/n=  8.665 sig= 17.064 F=  0.8585 H=  7.5042 d_for= 0.8856 | inbox=2 log|q|/n=  11.416 logform/n=    0.855 d_emp= 0.9251
  Domb(2n) x T(3n) [p=2]         n= 70 logT/n=  8.288 logSP/n=  8.611 sig= 16.899 F=  0.8973 H=  7.5471 d_for= 0.8811 | inbox=1 log|q|/n=  11.432 logform/n=    0.887 d_emp= 0.9224
  Domb(2n) x T(3n) [p=2]         n= 80 logT/n=  8.257 logSP/n=  8.755 sig= 17.012 F=  0.9930 H=  7.6459 d_for= 0.8701 | inbox=1 log|q|/n=  11.520 logform/n=    0.984 d_emp= 0.9146

### (A) two conductor-6 rows: the two-prime bridge, and what each prime is worth
  c6_1/2 x c6_2/1 [none]         n= 12 logT/n=  0.000 logSP/n= 10.784 sig= 10.784 F= 12.2328 H= 10.3414 d_for=-0.1829 | inbox=1 log|q|/n=  19.400 logform/n=   12.062 d_emp= 0.3783
  c6_1/2 x c6_2/1 [p=3]          n= 12 logT/n=  6.592 logSP/n= 10.784 sig= 17.376 F=  8.9370 H=  7.0456 d_for=-0.2685 | inbox=1 log|q|/n=  15.991 logform/n=    8.912 d_emp= 0.4427
  c6_1/2 x c6_2/1 [p=2]          n= 12 logT/n=  7.336 logSP/n= 10.784 sig= 18.120 F=  8.5649 H=  6.6735 d_for=-0.2834 | inbox=1 log|q|/n=  15.609 logform/n=    8.567 d_emp= 0.4512
  c6_1/2 x c6_2/1 [BOTH]         n= 12 logT/n= 13.927 logSP/n= 10.784 sig= 24.711 F=  5.2691 H=  3.3777 d_for=-0.5600 | inbox=1 log|q|/n=  12.402 logform/n=    5.020 d_emp= 0.5953

  c6_1/2 x c6_2/1 [none]         n= 16 logT/n=  0.000 logSP/n=  9.816 sig=  9.816 F= 12.9636 H= 10.1412 d_for=-0.2783 | inbox=1 log|q|/n=  20.055 logform/n=   12.787 d_emp= 0.3624
  c6_1/2 x c6_2/1 [p=3]          n= 16 logT/n=  5.974 logSP/n=  9.816 sig= 15.790 F=  9.9767 H=  7.1543 d_for=-0.3945 | inbox=1 log|q|/n=  17.041 logform/n=    9.979 d_emp= 0.4144
  c6_1/2 x c6_2/1 [p=2]          n= 16 logT/n=  7.495 logSP/n=  9.816 sig= 17.311 F=  9.2163 H=  6.3939 d_for=-0.4414 | inbox=1 log|q|/n=  16.347 logform/n=    9.158 d_emp= 0.4398
  c6_1/2 x c6_2/1 [BOTH]         n= 16 logT/n= 13.468 logSP/n=  9.816 sig= 23.285 F=  6.2294 H=  3.4070 d_for=-0.8284 | inbox=1 log|q|/n=  13.394 logform/n=    6.173 d_emp= 0.5392

  c6_1/2 x c6_2/1 [none]         n= 20 logT/n=  0.000 logSP/n= 11.019 sig= 11.019 F= 13.6223 H= 10.0880 d_for=-0.3503 | inbox=1 log|q|/n=  20.697 logform/n=   13.618 d_emp= 0.3420
  c6_1/2 x c6_2/1 [p=3]          n= 20 logT/n=  6.372 logSP/n= 11.019 sig= 17.391 F= 10.4363 H=  6.9020 d_for=-0.5121 | inbox=1 log|q|/n=  17.469 logform/n=   10.421 d_emp= 0.4035
  c6_1/2 x c6_2/1 [p=2]          n= 20 logT/n=  7.313 logSP/n= 11.019 sig= 18.331 F=  9.9659 H=  6.4316 d_for=-0.5495 | inbox=1 log|q|/n=  17.080 logform/n=    9.953 d_emp= 0.4173
  c6_1/2 x c6_2/1 [BOTH]         n= 20 logT/n= 13.685 logSP/n= 11.019 sig= 24.703 F=  6.7800 H=  3.2457 d_for=-1.0889 | inbox=1 log|q|/n=  13.890 logform/n=    6.757 d_emp= 0.5136

  c6_1/2 x c6_2/1 [none]         n= 24 logT/n=  0.000 logSP/n= 11.147 sig= 11.147 F= 14.2346 H= 10.1241 d_for=-0.4060 | inbox=1 log|q|/n=  21.317 logform/n=   14.227 d_emp= 0.3326
  c6_1/2 x c6_2/1 [p=3]          n= 24 logT/n=  6.317 logSP/n= 11.147 sig= 17.464 F= 11.0760 H=  6.9656 d_for=-0.5901 | inbox=1 log|q|/n=  18.164 logform/n=   10.892 d_emp= 0.4004
  c6_1/2 x c6_2/1 [p=2]          n= 24 logT/n=  7.480 logSP/n= 11.147 sig= 18.628 F= 10.4945 H=  6.3840 d_for=-0.6439 | inbox=2 log|q|/n=  17.566 logform/n=   10.447 d_emp= 0.4053
  c6_1/2 x c6_2/1 [BOTH]         n= 24 logT/n= 13.797 logSP/n= 11.147 sig= 24.945 F=  7.3359 H=  3.2255 d_for=-1.2744 | inbox=2 log|q|/n=  14.405 logform/n=    7.293 d_emp= 0.4937

  c6_1/2 x c6_2/1 [none]         n= 28 logT/n=  0.000 logSP/n= 11.270 sig= 11.270 F= 14.5986 H= 10.0043 d_for=-0.4592 | inbox=1 log|q|/n=  21.670 logform/n=   14.592 d_emp= 0.3266
  c6_1/2 x c6_2/1 [p=3]          n= 28 logT/n=  6.395 logSP/n= 11.270 sig= 17.665 F= 11.4009 H=  6.8066 d_for=-0.6750 | inbox=1 log|q|/n=  18.472 logform/n=   11.400 d_emp= 0.3828
  c6_1/2 x c6_2/1 [p=2]          n= 28 logT/n=  7.402 logSP/n= 11.270 sig= 18.671 F= 10.8977 H=  6.3034 d_for=-0.7289 | inbox=1 log|q|/n=  17.933 logform/n=   10.820 d_emp= 0.3966
  c6_1/2 x c6_2/1 [BOTH]         n= 28 logT/n= 13.797 logSP/n= 11.270 sig= 25.067 F=  7.7000 H=  3.1057 d_for=-1.4793 | inbox=1 log|q|/n=  14.711 logform/n=    7.700 d_emp= 0.4766

  c6_1/2 x c6_2/1 [none]         n= 32 logT/n=  0.000 logSP/n= 11.267 sig= 11.267 F= 14.3660 H=  9.3547 d_for=-0.5357 | inbox=1 log|q|/n=  21.419 logform/n=   14.334 d_emp= 0.3308
  c6_1/2 x c6_2/1 [p=3]          n= 32 logT/n=  6.317 logSP/n= 11.267 sig= 17.584 F= 11.2075 H=  6.1962 d_for=-0.8088 | inbox=1 log|q|/n=  18.248 logform/n=   11.206 d_emp= 0.3859
  c6_1/2 x c6_2/1 [p=2]          n= 32 logT/n=  7.560 logSP/n= 11.267 sig= 18.827 F= 10.5862 H=  5.5749 d_for=-0.8989 | inbox=2 log|q|/n=  17.640 logform/n=   10.486 d_emp= 0.4056
  c6_1/2 x c6_2/1 [BOTH]         n= 32 logT/n= 13.877 logSP/n= 11.267 sig= 25.144 F=  7.4277 H=  2.4164 d_for=-2.0739 | inbox=1 log|q|/n=  14.453 logform/n=    7.412 d_emp= 0.4872

  c6_1/2 x c6_2/1 [none]         n= 36 logT/n=  0.000 logSP/n= 11.211 sig= 11.211 F= 15.2226 H=  9.8450 d_for=-0.5462 | inbox=1 log|q|/n=  20.796 logform/n=   15.133 d_emp= 0.2723
  c6_1/2 x c6_2/1 [p=3]          n= 36 logT/n=  6.622 logSP/n= 11.211 sig= 17.833 F= 11.9115 H=  6.5339 d_for=-0.8230 | inbox=1 log|q|/n=  17.531 logform/n=   11.868 d_emp= 0.3230
  c6_1/2 x c6_2/1 [p=2]          n= 36 logT/n=  7.451 logSP/n= 11.211 sig= 18.662 F= 11.4969 H=  6.1193 d_for=-0.8788 | inbox=2 log|q|/n=  18.537 logform/n=   11.446 d_emp= 0.3825
  c6_1/2 x c6_2/1 [BOTH]         n= 36 logT/n= 14.074 logSP/n= 11.211 sig= 25.285 F=  8.1858 H=  2.8083 d_for=-1.9149 | inbox=1 log|q|/n=  15.220 logform/n=    8.086 d_emp= 0.4687

  c6_1/2 x c6_2/1 [none]         n= 40 logT/n=  0.000 logSP/n= 11.398 sig= 11.398 F= 15.2626 H=  9.5584 d_for=-0.5968 | inbox=1 log|q|/n=  20.661 logform/n=   15.002 d_emp= 0.2739
  c6_1/2 x c6_2/1 [p=3]          n= 40 logT/n=  6.454 logSP/n= 11.398 sig= 17.853 F= 12.0354 H=  6.3312 d_for=-0.9010 | inbox=1 log|q|/n=  17.393 logform/n=   11.733 d_emp= 0.3254
  c6_1/2 x c6_2/1 [p=2]          n= 40 logT/n=  7.469 logSP/n= 11.398 sig= 18.867 F= 11.5282 H=  5.8240 d_for=-0.9794 | inbox=1 log|q|/n=  18.565 logform/n=   11.530 d_emp= 0.3789
  c6_1/2 x c6_2/1 [BOTH]         n= 40 logT/n= 13.923 logSP/n= 11.398 sig= 25.321 F=  8.3011 H=  2.5969 d_for=-2.1966 | inbox=1 log|q|/n=  15.251 logform/n=    8.268 d_emp= 0.4579

  c6_1/2 x c6_2/1 [none]         n= 44 logT/n=  0.000 logSP/n= 11.435 sig= 11.435 F= 15.4651 H=  9.4663 d_for=-0.6337 | inbox=1 log|q|/n=  20.987 logform/n=   15.329 d_emp= 0.2696
  c6_1/2 x c6_2/1 [p=3]          n= 44 logT/n=  6.292 logSP/n= 11.435 sig= 17.727 F= 12.3191 H=  6.3202 d_for=-0.9491 | inbox=1 log|q|/n=  17.716 logform/n=   12.059 d_emp= 0.3193
  c6_1/2 x c6_2/1 [p=2]          n= 44 logT/n=  7.514 logSP/n= 11.435 sig= 18.949 F= 11.7079 H=  5.7091 d_for=-1.0508 | inbox=1 log|q|/n=  18.726 logform/n=   11.706 d_emp= 0.3749
  c6_1/2 x c6_2/1 [BOTH]         n= 44 logT/n= 13.806 logSP/n= 11.435 sig= 25.241 F=  8.5619 H=  2.5631 d_for=-2.3405 | inbox=1 log|q|/n=  15.561 logform/n=    8.527 d_emp= 0.4520

  c6_1/2 x c6_2/1 [none]         n= 48 logT/n=  0.000 logSP/n= 11.651 sig= 11.651 F= 15.6903 H=  9.4231 d_for=-0.6651 | inbox=1 log|q|/n=  21.187 logform/n=   15.531 d_emp= 0.2669
  c6_1/2 x c6_2/1 [p=3]          n= 48 logT/n=  6.409 logSP/n= 11.651 sig= 18.059 F= 12.4860 H=  6.2188 d_for=-1.0078 | inbox=1 log|q|/n=  17.914 logform/n=   12.259 d_emp= 0.3157
  c6_1/2 x c6_2/1 [p=2]          n= 48 logT/n=  7.552 logSP/n= 11.651 sig= 19.203 F= 11.9141 H=  5.6469 d_for=-1.1099 | inbox=2 log|q|/n=  18.927 logform/n=   11.888 d_emp= 0.3719
  c6_1/2 x c6_2/1 [BOTH]         n= 48 logT/n= 13.961 logSP/n= 11.651 sig= 25.612 F=  8.7098 H=  2.4426 d_for=-2.5658 | inbox=1 log|q|/n=  15.728 logform/n=    8.656 d_emp= 0.4496

### (B) benchmark: conductor-3 decayer x modular engine C, single prime p=3
  c3_1/2 x C [p=3]               n= 12 logT/n=  3.754 logSP/n=  5.646 sig=  9.399 F=  2.7325 H=  0.3154 d_for=-7.6637 | inbox=1 log|q|/n=   6.178 logform/n=    0.588 d_emp= 0.9048
  c3_1/2 x C [p=3]               n= 16 logT/n=  3.570 logSP/n=  5.548 sig=  9.118 F=  3.0880 H= -0.1645 d_for=-99.0000 | inbox=1 log|q|/n=   6.752 logform/n=    1.152 d_emp= 0.8294
  c3_1/2 x C [p=3]               n= 20 logT/n=  3.845 logSP/n=  5.809 sig=  9.654 F=  3.4511 H= -0.4495 d_for=-99.0000 | inbox=1 log|q|/n=   6.773 logform/n=    1.167 d_emp= 0.8278
  c3_1/2 x C [p=3]               n= 24 logT/n=  3.525 logSP/n=  4.991 sig=  8.516 F=  3.4060 H= -1.0249 d_for=-99.0000 | inbox=1 log|q|/n=   6.603 logform/n=    0.991 d_emp= 0.8498
  c3_1/2 x C [p=3]               n= 28 logT/n=  3.414 logSP/n=  6.320 sig=  9.733 F=  3.7289 H= -1.1510 d_for=-99.0000 | inbox=1 log|q|/n=   6.829 logform/n=    1.214 d_emp= 0.8222
  c3_1/2 x C [p=3]               n= 32 logT/n=  3.433 logSP/n=  5.971 sig=  9.405 F=  4.2751 H= -0.9944 d_for=-99.0000 | inbox=1 log|q|/n=   6.972 logform/n=    1.355 d_emp= 0.8056
  c3_1/2 x C [p=3]               n= 36 logT/n=  3.479 logSP/n=  5.795 sig=  9.274 F=  4.2129 H= -1.4008 d_for=-99.0000 | inbox=1 log|q|/n=   7.250 logform/n=    1.632 d_emp= 0.7750
  c3_1/2 x C [p=3]               n= 40 logT/n=  3.461 logSP/n=  5.913 sig=  9.374 F=  4.4064 H= -1.5155 d_for=-99.0000 | inbox=1 log|q|/n=   7.045 logform/n=    1.425 d_emp= 0.7977
  c3_1/2 x C [p=3]               n= 44 logT/n=  3.396 logSP/n=  6.106 sig=  9.502 F=  4.7841 H= -1.4170 d_for=-99.0000 | inbox=1 log|q|/n=   7.114 logform/n=    1.492 d_emp= 0.7902
  c3_1/2 x C [p=3]               n= 48 logT/n=  3.410 logSP/n=  6.220 sig=  9.630 F=  4.8162 H= -1.6401 d_for=-99.0000 | inbox=1 log|q|/n=   7.111 logform/n=    1.489 d_emp= 0.7906

### (C) conductor-6 decayer x modular F: two rows, two primes
  c6_1/2 x F [p=3]               n= 12 logT/n=  2.380 logSP/n= 10.692 sig= 13.073 F=  7.4539 H=  2.8134 d_for=-1.6494 | inbox=1 log|q|/n=  13.161 logform/n=    7.405 d_emp= 0.4373
  c6_1/2 x F [BOTH]              n= 12 logT/n=  7.463 logSP/n= 10.692 sig= 18.156 F=  4.9123 H=  0.2719 d_for=-17.0661 | inbox=2 log|q|/n=  10.566 logform/n=    4.810 d_emp= 0.5448
  c6_1/2 x F [p=3]               n= 16 logT/n=  2.541 logSP/n=  9.748 sig= 12.288 F=  8.2112 H=  2.7698 d_for=-1.9645 | inbox=2 log|q|/n=  13.909 logform/n=    8.138 d_emp= 0.4149
  c6_1/2 x F [BOTH]              n= 16 logT/n=  8.042 logSP/n=  9.748 sig= 17.790 F=  5.4602 H=  0.0189 d_for=-288.2673 | inbox=1 log|q|/n=  11.075 logform/n=    5.428 d_emp= 0.5099
  c6_1/2 x F [p=3]               n= 20 logT/n=  2.362 logSP/n= 10.964 sig= 13.326 F=  8.8000 H=  2.7316 d_for=-2.2216 | inbox=1 log|q|/n=  14.441 logform/n=    8.705 d_emp= 0.3972
  c6_1/2 x F [BOTH]              n= 20 logT/n=  7.526 logSP/n= 10.964 sig= 18.490 F=  6.2180 H=  0.1496 d_for=-40.5701 | inbox=1 log|q|/n=  11.835 logform/n=    6.177 d_emp= 0.4781
  c6_1/2 x F [p=3]               n= 24 logT/n=  2.335 logSP/n= 11.102 sig= 13.436 F=  9.3181 H=  2.7336 d_for=-2.4087 | inbox=1 log|q|/n=  14.969 logform/n=    9.310 d_emp= 0.3780
  c6_1/2 x F [BOTH]              n= 24 logT/n=  7.706 logSP/n= 11.102 sig= 18.808 F=  6.6321 H=  0.0477 d_for=-138.1069 | inbox=2 log|q|/n=  12.308 logform/n=    6.572 d_emp= 0.4660
  c6_1/2 x F [p=3]               n= 28 logT/n=  2.354 logSP/n= 11.230 sig= 13.585 F=  9.4373 H=  2.4141 d_for=-2.9093 | inbox=1 log|q|/n=  15.081 logform/n=    9.362 d_emp= 0.3792
  c6_1/2 x F [BOTH]              n= 28 logT/n=  7.578 logSP/n= 11.230 sig= 18.808 F=  6.8256 H= -0.1976 d_for=-99.0000 | inbox=1 log|q|/n=  12.453 logform/n=    6.775 d_emp= 0.4559
  c6_1/2 x F [p=3]               n= 32 logT/n=  2.369 logSP/n= 11.233 sig= 13.602 F=  9.2950 H=  1.8899 d_for=-3.9182 | inbox=1 log|q|/n=  14.952 logform/n=    9.286 d_emp= 0.3790
  c6_1/2 x F [BOTH]              n= 32 logT/n=  7.892 logSP/n= 11.233 sig= 19.125 F=  6.5332 H= -0.8718 d_for=-99.0000 | inbox=2 log|q|/n=  12.188 logform/n=    6.490 d_emp= 0.4675
  c6_1/2 x F [p=3]               n= 36 logT/n=  2.258 logSP/n= 11.036 sig= 13.295 F=  9.9662 H=  2.2231 d_for=-3.4830 | inbox=1 log|q|/n=  15.451 logform/n=    9.789 d_emp= 0.3665
  c6_1/2 x F [BOTH]              n= 36 logT/n=  7.630 logSP/n= 11.036 sig= 18.667 F=  7.2803 H= -0.4628 d_for=-99.0000 | inbox=2 log|q|/n=  12.941 logform/n=    7.246 d_emp= 0.4401
  c6_1/2 x F [p=3]               n= 40 logT/n=  2.280 logSP/n= 11.236 sig= 13.515 F=  9.9142 H=  1.8677 d_for=-4.3083 | inbox=1 log|q|/n=  15.314 logform/n=    9.654 d_emp= 0.3696
  c6_1/2 x F [BOTH]              n= 40 logT/n=  7.669 logSP/n= 11.236 sig= 18.904 F=  7.2196 H= -0.8269 d_for=-99.0000 | inbox=2 log|q|/n=  12.879 logform/n=    7.211 d_emp= 0.4401
  c6_1/2 x F [p=3]               n= 44 logT/n=  2.372 logSP/n= 11.410 sig= 13.782 F= 10.3774 H=  2.0557 d_for=-4.0482 | inbox=1 log|q|/n=  15.637 logform/n=    9.979 d_emp= 0.3618
  c6_1/2 x F [BOTH]              n= 44 logT/n=  7.712 logSP/n= 11.410 sig= 19.122 F=  7.7072 H= -0.6145 d_for=-99.0000 | inbox=1 log|q|/n=  13.340 logform/n=    7.689 d_emp= 0.4236
  c6_1/2 x F [p=3]               n= 48 logT/n=  2.289 logSP/n= 11.628 sig= 13.917 F= 10.5183 H=  1.9448 d_for=-4.4083 | inbox=1 log|q|/n=  15.835 logform/n=   10.179 d_emp= 0.3572
  c6_1/2 x F [BOTH]              n= 48 logT/n=  7.747 logSP/n= 11.628 sig= 19.375 F=  7.7891 H= -0.7844 d_for=-99.0000 | inbox=1 log|q|/n=  13.432 logform/n=    7.792 d_emp= 0.4199

### (D) THREE rows, TWO primes: C bridges p=3, F bridges p=2, c6 is the decayer
  C + F + c6_1/2 [p=3]           n= 12 logT/n=  2.380 logSP/n= 10.692 sig= 13.073 F=  6.2541 H=  4.0132 d_for=-0.5584 | inbox=2 log|q|/n=   8.209 logform/n=    6.039 d_emp= 0.2644
  C + F + c6_1/2 [BOTH]          n= 12 logT/n=  5.268 logSP/n= 10.692 sig= 15.961 F=  4.3287 H=  3.0505 d_for=-0.4190 | inbox=2 log|q|/n=   5.321 logform/n=    3.151 d_emp= 0.4079
  C + F + c6_1/2 [p=3]           n= 16 logT/n=  2.197 logSP/n=  9.748 sig= 11.945 F=  7.5142 H=  3.8101 d_for=-0.9722 | inbox=2 log|q|/n=  12.870 logform/n=    7.169 d_emp= 0.4430
  C + F + c6_1/2 [BOTH]          n= 16 logT/n=  5.230 logSP/n=  9.748 sig= 14.978 F=  5.4925 H=  2.7993 d_for=-0.9621 | inbox=2 log|q|/n=   6.842 logform/n=    4.667 d_emp= 0.3179
  C + F + c6_1/2 [p=3]           n= 20 logT/n=  2.142 logSP/n= 10.964 sig= 13.106 F=  7.9581 H=  3.7932 d_for=-1.0980 | inbox=2 log|q|/n=  13.493 logform/n=    7.789 d_emp= 0.4227
  C + F + c6_1/2 [BOTH]          n= 20 logT/n=  5.123 logSP/n= 10.964 sig= 16.087 F=  5.9710 H=  2.7997 d_for=-1.1328 | inbox=2 log|q|/n=   7.341 logform/n=    5.161 d_emp= 0.2969
  C + F + c6_1/2 [p=3]           n= 24 logT/n=  2.243 logSP/n= 11.102 sig= 13.345 F=  8.4623 H=  3.6810 d_for=-1.2989 | inbox=2 log|q|/n=  13.803 logform/n=    8.119 d_emp= 0.4118
  C + F + c6_1/2 [BOTH]          n= 24 logT/n=  5.362 logSP/n= 11.102 sig= 16.464 F=  6.3829 H=  2.6412 d_for=-1.4166 | inbox=2 log|q|/n=   7.828 logform/n=    5.646 d_emp= 0.2788
  C + F + c6_1/2 [p=3]           n= 28 logT/n=  2.197 logSP/n= 11.230 sig= 13.428 F=  8.6764 H=  3.3319 d_for=-1.6040 | inbox=2 log|q|/n=  14.142 logform/n=    8.468 d_emp= 0.4013
  C + F + c6_1/2 [BOTH]          n= 28 logT/n=  5.292 logSP/n= 11.230 sig= 16.522 F=  6.6134 H=  2.3005 d_for=-1.8748 | inbox=2 log|q|/n=   8.245 logform/n=    6.061 d_emp= 0.2649
  C + F + c6_1/2 [p=3]           n= 32 logT/n=  2.232 logSP/n= 11.233 sig= 13.464 F=  8.5839 H=  2.7383 d_for=-2.1347 | inbox=2 log|q|/n=  13.908 logform/n=    8.197 d_emp= 0.4106
  C + F + c6_1/2 [BOTH]          n= 32 logT/n=  5.437 logSP/n= 11.233 sig= 16.670 F=  6.4467 H=  1.6697 d_for=-2.8610 | inbox=2 log|q|/n=   8.167 logform/n=    5.982 d_emp= 0.2676
  C + F + c6_1/2 [p=3]           n= 36 logT/n=  2.258 logSP/n= 11.036 sig= 13.295 F=  9.2728 H=  2.9165 d_for=-2.1794 | inbox=2 log|q|/n=  14.536 logform/n=    8.800 d_emp= 0.3946
  C + F + c6_1/2 [BOTH]          n= 36 logT/n=  5.416 logSP/n= 11.036 sig= 16.452 F=  7.1677 H=  1.8640 d_for=-2.8454 | inbox=2 log|q|/n=   9.067 logform/n=    6.871 d_emp= 0.2422
  C + F + c6_1/2 [p=3]           n= 40 logT/n=  2.280 logSP/n= 11.236 sig= 13.515 F=  9.2360 H=  2.5459 d_for=-2.6277 | inbox=2 log|q|/n=  14.496 logform/n=    8.835 d_emp= 0.3905
  C + F + c6_1/2 [BOTH]          n= 40 logT/n=  5.468 logSP/n= 11.236 sig= 16.704 F=  7.1103 H=  1.4831 d_for=-3.7942 | inbox=2 log|q|/n=   9.076 logform/n=    6.888 d_emp= 0.2411
  C + F + c6_1/2 [p=3]           n= 44 logT/n=  2.247 logSP/n= 11.410 sig= 13.657 F=  9.7849 H=  2.7730 d_for=-2.5286 | inbox=2 log|q|/n=  14.974 logform/n=    9.311 d_emp= 0.3782
  C + F + c6_1/2 [BOTH]          n= 44 logT/n=  5.461 logSP/n= 11.410 sig= 16.871 F=  7.6424 H=  1.7018 d_for=-3.4908 | inbox=2 log|q|/n=   9.597 logform/n=    7.409 d_emp= 0.2281
  C + F + c6_1/2 [p=3]           n= 48 logT/n=  2.220 logSP/n= 11.628 sig= 13.848 F=  9.9088 H=  2.6230 d_for=-2.7777 | inbox=2 log|q|/n=  15.039 logform/n=    9.401 d_emp= 0.3749
  C + F + c6_1/2 [BOTH]          n= 48 logT/n=  5.484 logSP/n= 11.628 sig= 17.112 F=  7.7331 H=  1.5351 d_for=-4.0375 | inbox=2 log|q|/n=   9.699 logform/n=    7.509 d_emp= 0.2258
