### integral / order-2 / order-3 rows, N=400 ###
--- zeta(3) order-3 rows ---
=== Domb  row3(10,4,64)   (N=400, checkpoints [50, 100, 200, 300, 399]) ===
  Q_n integral for all n<=400 ? 1
  p=2  v_p(den Q_n): n=50:0 n=100:0 n=200:0 n=300:0 n=399:0   kappa~0
  p=2  v_p(incr)   : n=50:275 n=100:564 n=200:1162 n=300:1764 n=399:2355   sigma~5.9696969696969696969696969696969696970
  p=3  v_p(den Q_n): n=50:0 n=100:0 n=200:0 n=300:0 n=399:0   kappa~0
  p=3  v_p(incr)   : n=50:0 n=100:0 n=200:0 n=300:-3 n=399:-3   sigma~0
  p=5  v_p(den Q_n): n=50:0 n=100:0 n=200:0 n=300:0 n=399:0   kappa~0
  p=5  v_p(incr)   : n=50:-6 n=100:-6 n=200:-6 n=300:-6 n=399:0   sigma~0.060606060606060606060606060606060606061
  p=7  v_p(den Q_n): n=50:0 n=100:0 n=200:0 n=300:0 n=399:0   kappa~0
  p=7  v_p(incr)   : n=50:0 n=100:-3 n=200:-3 n=300:0 n=399:-3   sigma~-0.030303030303030303030303030303030303030
  p=11  v_p(den Q_n): n=50:0 n=100:0 n=200:0 n=300:0 n=399:0   kappa~0
  p=11  v_p(incr)   : n=50:-1 n=100:0 n=200:0 n=300:-2 n=399:0   sigma~0.020202020202020202020202020202020202020
  p=13  v_p(den Q_n): n=50:0 n=100:0 n=200:0 n=300:0 n=399:0   kappa~0
  p=13  v_p(incr)   : n=50:0 n=100:0 n=200:0 n=300:0 n=399:0   sigma~0
  p=17  v_p(den Q_n): n=50:0 n=100:0 n=200:0 n=300:0 n=399:0   kappa~0
  p=17  v_p(incr)   : n=50:0 n=100:0 n=200:0 n=300:0 n=399:0   sigma~0
  p=19  v_p(den Q_n): n=50:0 n=100:0 n=200:0 n=300:0 n=399:0   kappa~0
  p=19  v_p(incr)   : n=50:-1 n=100:0 n=200:0 n=300:0 n=399:-3   sigma~-0.030303030303030303030303030303030303030
  p=23  v_p(den Q_n): n=50:0 n=100:0 n=200:0 n=300:0 n=399:0   kappa~0
  p=23  v_p(incr)   : n=50:0 n=100:0 n=200:-1 n=300:0 n=399:0   sigma~0
  p=29  v_p(den Q_n): n=50:0 n=100:0 n=200:0 n=300:0 n=399:0   kappa~0
  p=29  v_p(incr)   : n=50:0 n=100:0 n=200:0 n=300:0 n=399:0   sigma~0
  p=31  v_p(den Q_n): n=50:0 n=100:0 n=200:0 n=300:0 n=399:0   kappa~0
  p=31  v_p(incr)   : n=50:0 n=100:0 n=200:0 n=300:0 n=399:0   sigma~0
  p=37  v_p(den Q_n): n=50:0 n=100:0 n=200:0 n=300:0 n=399:0   kappa~0
  p=37  v_p(incr)   : n=50:0 n=100:0 n=200:0 n=300:0 n=399:0   sigma~0
  p=41  v_p(den Q_n): n=50:0 n=100:0 n=200:0 n=300:0 n=399:0   kappa~0
  p=41  v_p(incr)   : n=50:0 n=100:0 n=200:0 n=300:0 n=399:0   sigma~0
  p=43  v_p(den Q_n): n=50:0 n=100:0 n=200:0 n=300:0 n=399:0   kappa~0
  p=43  v_p(incr)   : n=50:0 n=100:0 n=200:0 n=300:0 n=399:0   sigma~0
  p=47  v_p(den Q_n): n=50:0 n=100:0 n=200:0 n=300:0 n=399:0   kappa~0
  p=47  v_p(incr)   : n=50:0 n=100:0 n=200:0 n=300:0 n=399:0   sigma~0

=== T     row3(12,4,16)   (N=400, checkpoints [50, 100, 200, 300, 399]) ===
  Q_n integral for all n<=400 ? 1
  p=2  v_p(den Q_n): n=50:0 n=100:0 n=200:0 n=300:0 n=399:0   kappa~0
  p=2  v_p(incr)   : n=50:176 n=100:370 n=200:764 n=300:1164 n=399:1560   sigma~4.0000000000000000000000000000000000000
  p=3  v_p(den Q_n): n=50:0 n=100:0 n=200:0 n=300:0 n=399:0   kappa~0
  p=3  v_p(incr)   : n=50:0 n=100:0 n=200:0 n=300:-3 n=399:-3   sigma~0
  p=5  v_p(den Q_n): n=50:0 n=100:0 n=200:0 n=300:0 n=399:0   kappa~0
  p=5  v_p(incr)   : n=50:-7 n=100:-6 n=200:-7 n=300:-9 n=399:0   sigma~0.090909090909090909090909090909090909091
  p=7  v_p(den Q_n): n=50:0 n=100:0 n=200:0 n=300:0 n=399:0   kappa~0
  p=7  v_p(incr)   : n=50:0 n=100:0 n=200:0 n=300:0 n=399:-3   sigma~-0.030303030303030303030303030303030303030
  p=11  v_p(den Q_n): n=50:0 n=100:0 n=200:0 n=300:0 n=399:0   kappa~0
  p=11  v_p(incr)   : n=50:-3 n=100:0 n=200:0 n=300:0 n=399:0   sigma~0
  p=13  v_p(den Q_n): n=50:0 n=100:0 n=200:0 n=300:0 n=399:0   kappa~0
  p=13  v_p(incr)   : n=50:0 n=100:0 n=200:0 n=300:0 n=399:0   sigma~0
  p=17  v_p(den Q_n): n=50:0 n=100:0 n=200:0 n=300:0 n=399:0   kappa~0
  p=17  v_p(incr)   : n=50:0 n=100:0 n=200:-1 n=300:0 n=399:0   sigma~0
  p=19  v_p(den Q_n): n=50:0 n=100:0 n=200:0 n=300:0 n=399:0   kappa~0
  p=19  v_p(incr)   : n=50:0 n=100:0 n=200:0 n=300:0 n=399:-3   sigma~-0.030303030303030303030303030303030303030
  p=23  v_p(den Q_n): n=50:0 n=100:0 n=200:0 n=300:0 n=399:0   kappa~0
  p=23  v_p(incr)   : n=50:0 n=100:0 n=200:0 n=300:0 n=399:0   sigma~0
  p=29  v_p(den Q_n): n=50:0 n=100:0 n=200:0 n=300:0 n=399:0   kappa~0
  p=29  v_p(incr)   : n=50:0 n=100:0 n=200:0 n=300:0 n=399:0   sigma~0
  p=31  v_p(den Q_n): n=50:0 n=100:0 n=200:0 n=300:0 n=399:0   kappa~0
  p=31  v_p(incr)   : n=50:0 n=100:0 n=200:0 n=300:0 n=399:0   sigma~0
  p=37  v_p(den Q_n): n=50:0 n=100:0 n=200:0 n=300:0 n=399:0   kappa~0
  p=37  v_p(incr)   : n=50:0 n=100:0 n=200:0 n=300:0 n=399:0   sigma~0
  p=41  v_p(den Q_n): n=50:0 n=100:0 n=200:0 n=300:0 n=399:0   kappa~0
  p=41  v_p(incr)   : n=50:0 n=100:0 n=200:0 n=300:0 n=399:0   sigma~0
  p=43  v_p(den Q_n): n=50:0 n=100:0 n=200:0 n=300:0 n=399:0   kappa~0
  p=43  v_p(incr)   : n=50:0 n=100:0 n=200:0 n=300:0 n=399:0   sigma~0
  p=47  v_p(den Q_n): n=50:0 n=100:0 n=200:0 n=300:0 n=399:0   kappa~0
  p=47  v_p(incr)   : n=50:0 n=100:0 n=200:0 n=300:0 n=399:0   sigma~0

=== Apery row3(17,5,1)   (N=400, checkpoints [50, 100, 200, 300, 399]) ===
  Q_n integral for all n<=400 ? 1
  p=2  v_p(den Q_n): n=50:0 n=100:0 n=200:0 n=300:0 n=399:0   kappa~0
  p=2  v_p(incr)   : n=50:-3 n=100:-6 n=200:-9 n=300:-6 n=399:0   sigma~0.060606060606060606060606060606060606061
  p=3  v_p(den Q_n): n=50:0 n=100:0 n=200:0 n=300:0 n=399:0   kappa~0
  p=3  v_p(incr)   : n=50:0 n=100:0 n=200:0 n=300:-3 n=399:-3   sigma~0
  p=5  v_p(den Q_n): n=50:0 n=100:0 n=200:0 n=300:0 n=399:0   kappa~0
  p=5  v_p(incr)   : n=50:-7 n=100:-7 n=200:-9 n=300:-9 n=399:-3   sigma~0.060606060606060606060606060606060606061
  p=7  v_p(den Q_n): n=50:0 n=100:0 n=200:0 n=300:0 n=399:0   kappa~0
  p=7  v_p(incr)   : n=50:0 n=100:0 n=200:0 n=300:0 n=399:-3   sigma~-0.030303030303030303030303030303030303030
  p=11  v_p(den Q_n): n=50:0 n=100:0 n=200:0 n=300:0 n=399:0   kappa~0
  p=11  v_p(incr)   : n=50:-1 n=100:0 n=200:0 n=300:-2 n=399:0   sigma~0.020202020202020202020202020202020202020
  p=13  v_p(den Q_n): n=50:0 n=100:0 n=200:0 n=300:0 n=399:0   kappa~0
  p=13  v_p(incr)   : n=50:0 n=100:0 n=200:0 n=300:0 n=399:0   sigma~0
  p=17  v_p(den Q_n): n=50:0 n=100:0 n=200:0 n=300:0 n=399:0   kappa~0
  p=17  v_p(incr)   : n=50:0 n=100:0 n=200:-1 n=300:0 n=399:0   sigma~0
  p=19  v_p(den Q_n): n=50:0 n=100:0 n=200:0 n=300:0 n=399:0   kappa~0
  p=19  v_p(incr)   : n=50:0 n=100:0 n=200:-3 n=300:0 n=399:-3   sigma~-0.030303030303030303030303030303030303030
  p=23  v_p(den Q_n): n=50:0 n=100:0 n=200:0 n=300:0 n=399:0   kappa~0
  p=23  v_p(incr)   : n=50:0 n=100:0 n=200:0 n=300:0 n=399:0   sigma~0
  p=29  v_p(den Q_n): n=50:0 n=100:0 n=200:0 n=300:0 n=399:0   kappa~0
  p=29  v_p(incr)   : n=50:0 n=100:0 n=200:0 n=300:0 n=399:0   sigma~0
  p=31  v_p(den Q_n): n=50:0 n=100:0 n=200:0 n=300:0 n=399:0   kappa~0
  p=31  v_p(incr)   : n=50:0 n=100:0 n=200:0 n=300:0 n=399:0   sigma~0
  p=37  v_p(den Q_n): n=50:0 n=100:0 n=200:0 n=300:0 n=399:0   kappa~0
  p=37  v_p(incr)   : n=50:0 n=100:0 n=200:0 n=300:0 n=399:0   sigma~0
  p=41  v_p(den Q_n): n=50:0 n=100:0 n=200:0 n=300:0 n=399:0   kappa~0
  p=41  v_p(incr)   : n=50:0 n=100:0 n=200:0 n=300:0 n=399:-1   sigma~-0.010101010101010101010101010101010101010
  p=43  v_p(den Q_n): n=50:0 n=100:0 n=200:0 n=300:0 n=399:0   kappa~0
  p=43  v_p(incr)   : n=50:0 n=100:0 n=200:0 n=300:0 n=399:0   sigma~0
  p=47  v_p(den Q_n): n=50:0 n=100:0 n=200:0 n=300:0 n=399:0   kappa~0
  p=47  v_p(incr)   : n=50:0 n=100:0 n=200:0 n=300:0 n=399:0   sigma~0

--- Zagier order-2 rows ---
=== A row2(7,2,-8)   (N=400, checkpoints [50, 100, 200, 300, 399]) ===
  Q_n integral for all n<=400 ? 1
  p=2  v_p(den Q_n): n=50:0 n=100:0 n=200:0 n=300:0 n=399:0   kappa~0
  p=2  v_p(incr)   : n=50:135 n=100:281 n=200:572 n=300:879 n=399:1170   sigma~2.9393939393939393939393939393939393939
  p=3  v_p(den Q_n): n=50:0 n=100:0 n=200:0 n=300:0 n=399:0   kappa~0
  p=3  v_p(incr)   : n=50:0 n=100:0 n=200:0 n=300:-2 n=399:-2   sigma~0
  p=5  v_p(den Q_n): n=50:0 n=100:0 n=200:0 n=300:0 n=399:0   kappa~0
  p=5  v_p(incr)   : n=50:-5 n=100:-4 n=200:-5 n=300:-7 n=399:0   sigma~0.070707070707070707070707070707070707071
  p=7  v_p(den Q_n): n=50:0 n=100:0 n=200:0 n=300:0 n=399:0   kappa~0
  p=7  v_p(incr)   : n=50:0 n=100:0 n=200:-1 n=300:0 n=399:-2   sigma~-0.020202020202020202020202020202020202020
  p=11  v_p(den Q_n): n=50:0 n=100:0 n=200:0 n=300:0 n=399:0   kappa~0
  p=11  v_p(incr)   : n=50:0 n=100:0 n=200:0 n=300:0 n=399:0   sigma~0
  p=13  v_p(den Q_n): n=50:0 n=100:0 n=200:0 n=300:0 n=399:0   kappa~0
  p=13  v_p(incr)   : n=50:0 n=100:0 n=200:0 n=300:0 n=399:0   sigma~0
  p=17  v_p(den Q_n): n=50:0 n=100:0 n=200:0 n=300:0 n=399:0   kappa~0
  p=17  v_p(incr)   : n=50:0 n=100:0 n=200:0 n=300:0 n=399:0   sigma~0
  p=19  v_p(den Q_n): n=50:0 n=100:0 n=200:0 n=300:0 n=399:0   kappa~0
  p=19  v_p(incr)   : n=50:0 n=100:0 n=200:0 n=300:0 n=399:-2   sigma~-0.020202020202020202020202020202020202020
  p=23  v_p(den Q_n): n=50:0 n=100:0 n=200:0 n=300:0 n=399:0   kappa~0
  p=23  v_p(incr)   : n=50:0 n=100:0 n=200:0 n=300:0 n=399:0   sigma~0
  p=29  v_p(den Q_n): n=50:0 n=100:0 n=200:0 n=300:0 n=399:0   kappa~0
  p=29  v_p(incr)   : n=50:0 n=100:-1 n=200:0 n=300:0 n=399:0   sigma~0
  p=31  v_p(den Q_n): n=50:0 n=100:0 n=200:0 n=300:0 n=399:0   kappa~0
  p=31  v_p(incr)   : n=50:0 n=100:0 n=200:0 n=300:0 n=399:0   sigma~0
  p=37  v_p(den Q_n): n=50:0 n=100:0 n=200:0 n=300:0 n=399:0   kappa~0
  p=37  v_p(incr)   : n=50:0 n=100:0 n=200:0 n=300:0 n=399:0   sigma~0
  p=41  v_p(den Q_n): n=50:0 n=100:0 n=200:0 n=300:0 n=399:0   kappa~0
  p=41  v_p(incr)   : n=50:0 n=100:0 n=200:0 n=300:-2 n=399:-1   sigma~0.010101010101010101010101010101010101010
  p=43  v_p(den Q_n): n=50:0 n=100:0 n=200:0 n=300:0 n=399:0   kappa~0
  p=43  v_p(incr)   : n=50:0 n=100:0 n=200:0 n=300:0 n=399:0   sigma~0
  p=47  v_p(den Q_n): n=50:0 n=100:0 n=200:0 n=300:0 n=399:0   kappa~0
  p=47  v_p(incr)   : n=50:0 n=100:0 n=200:0 n=300:0 n=399:-1   sigma~-0.010101010101010101010101010101010101010

=== B row2(9,3,27)   (N=400, checkpoints [50, 100, 200, 300, 399]) ===
  Q_n integral for all n<=400 ? 1
  p=2  v_p(den Q_n): n=50:0 n=100:0 n=200:0 n=300:0 n=399:0   kappa~0
  p=2  v_p(incr)   : n=50:-2 n=100:-4 n=200:-6 n=300:-4 n=399:0   sigma~0.040404040404040404040404040404040404040
  p=3  v_p(den Q_n): n=50:0 n=100:0 n=200:0 n=300:0 n=399:0   kappa~0
  p=3  v_p(incr)   : n=50:136 n=100:290 n=200:586 n=300:886 n=399:1177   sigma~2.9393939393939393939393939393939393939
  p=5  v_p(den Q_n): n=50:0 n=100:0 n=200:0 n=300:0 n=399:0   kappa~0
  p=5  v_p(incr)   : n=50:-4 n=100:-4 n=200:-4 n=300:-4 n=399:0   sigma~0.040404040404040404040404040404040404040
  p=7  v_p(den Q_n): n=50:0 n=100:0 n=200:0 n=300:0 n=399:0   kappa~0
  p=7  v_p(incr)   : n=50:0 n=100:0 n=200:-1 n=300:0 n=399:-2   sigma~-0.020202020202020202020202020202020202020
  p=11  v_p(den Q_n): n=50:0 n=100:0 n=200:0 n=300:0 n=399:0   kappa~0
  p=11  v_p(incr)   : n=50:-1 n=100:0 n=200:0 n=300:-2 n=399:0   sigma~0.020202020202020202020202020202020202020
  p=13  v_p(den Q_n): n=50:0 n=100:0 n=200:0 n=300:0 n=399:0   kappa~0
  p=13  v_p(incr)   : n=50:0 n=100:0 n=200:0 n=300:0 n=399:0   sigma~0
  p=17  v_p(den Q_n): n=50:0 n=100:0 n=200:0 n=300:0 n=399:0   kappa~0
  p=17  v_p(incr)   : n=50:0 n=100:0 n=200:0 n=300:0 n=399:0   sigma~0
  p=19  v_p(den Q_n): n=50:0 n=100:0 n=200:0 n=300:0 n=399:0   kappa~0
  p=19  v_p(incr)   : n=50:0 n=100:0 n=200:-1 n=300:0 n=399:-2   sigma~-0.020202020202020202020202020202020202020
  p=23  v_p(den Q_n): n=50:0 n=100:0 n=200:0 n=300:0 n=399:0   kappa~0
  p=23  v_p(incr)   : n=50:0 n=100:0 n=200:0 n=300:0 n=399:0   sigma~0
  p=29  v_p(den Q_n): n=50:0 n=100:0 n=200:0 n=300:0 n=399:0   kappa~0
  p=29  v_p(incr)   : n=50:0 n=100:0 n=200:0 n=300:0 n=399:0   sigma~0
  p=31  v_p(den Q_n): n=50:0 n=100:0 n=200:0 n=300:0 n=399:0   kappa~0
  p=31  v_p(incr)   : n=50:0 n=100:0 n=200:0 n=300:0 n=399:0   sigma~0
  p=37  v_p(den Q_n): n=50:0 n=100:0 n=200:0 n=300:0 n=399:0   kappa~0
  p=37  v_p(incr)   : n=50:0 n=100:0 n=200:0 n=300:0 n=399:0   sigma~0
  p=41  v_p(den Q_n): n=50:0 n=100:0 n=200:0 n=300:0 n=399:0   kappa~0
  p=41  v_p(incr)   : n=50:0 n=100:0 n=200:0 n=300:0 n=399:0   sigma~0
  p=43  v_p(den Q_n): n=50:0 n=100:0 n=200:0 n=300:0 n=399:0   kappa~0
  p=43  v_p(incr)   : n=50:0 n=100:0 n=200:0 n=300:0 n=399:0   sigma~0
  p=47  v_p(den Q_n): n=50:0 n=100:0 n=200:0 n=300:0 n=399:0   kappa~0
  p=47  v_p(incr)   : n=50:0 n=100:0 n=200:0 n=300:0 n=399:-1   sigma~-0.010101010101010101010101010101010101010

=== C row2(10,3,9)   (N=400, checkpoints [50, 100, 200, 300, 399]) ===
  Q_n integral for all n<=400 ? 1
  p=2  v_p(den Q_n): n=50:0 n=100:0 n=200:0 n=300:0 n=399:0   kappa~0
  p=2  v_p(incr)   : n=50:-2 n=100:-4 n=200:-6 n=300:-4 n=399:0   sigma~0.040404040404040404040404040404040404040
  p=3  v_p(den Q_n): n=50:0 n=100:0 n=200:0 n=300:0 n=399:0   kappa~0
  p=3  v_p(incr)   : n=50:88 n=100:193 n=200:386 n=300:590 n=399:781   sigma~1.9292929292929292929292929292929292929
  p=5  v_p(den Q_n): n=50:0 n=100:0 n=200:0 n=300:0 n=399:0   kappa~0
  p=5  v_p(incr)   : n=50:-5 n=100:-4 n=200:-5 n=300:-7 n=399:0   sigma~0.070707070707070707070707070707070707071
  p=7  v_p(den Q_n): n=50:0 n=100:0 n=200:0 n=300:0 n=399:0   kappa~0
  p=7  v_p(incr)   : n=50:0 n=100:0 n=200:0 n=300:0 n=399:-2   sigma~-0.020202020202020202020202020202020202020
  p=11  v_p(den Q_n): n=50:0 n=100:0 n=200:0 n=300:0 n=399:0   kappa~0
  p=11  v_p(incr)   : n=50:-1 n=100:0 n=200:0 n=300:-2 n=399:0   sigma~0.020202020202020202020202020202020202020
  p=13  v_p(den Q_n): n=50:0 n=100:0 n=200:0 n=300:0 n=399:0   kappa~0
  p=13  v_p(incr)   : n=50:0 n=100:0 n=200:0 n=300:0 n=399:0   sigma~0
  p=17  v_p(den Q_n): n=50:0 n=100:0 n=200:0 n=300:0 n=399:0   kappa~0
  p=17  v_p(incr)   : n=50:0 n=100:0 n=200:0 n=300:0 n=399:-1   sigma~-0.010101010101010101010101010101010101010
  p=19  v_p(den Q_n): n=50:0 n=100:0 n=200:0 n=300:0 n=399:0   kappa~0
  p=19  v_p(incr)   : n=50:-1 n=100:0 n=200:0 n=300:0 n=399:-2   sigma~-0.020202020202020202020202020202020202020
  p=23  v_p(den Q_n): n=50:0 n=100:0 n=200:0 n=300:0 n=399:0   kappa~0
  p=23  v_p(incr)   : n=50:0 n=100:0 n=200:0 n=300:0 n=399:0   sigma~0
  p=29  v_p(den Q_n): n=50:0 n=100:0 n=200:0 n=300:0 n=399:0   kappa~0
  p=29  v_p(incr)   : n=50:0 n=100:0 n=200:0 n=300:0 n=399:0   sigma~0
  p=31  v_p(den Q_n): n=50:0 n=100:0 n=200:0 n=300:0 n=399:0   kappa~0
  p=31  v_p(incr)   : n=50:0 n=100:-2 n=200:0 n=300:0 n=399:-1   sigma~-0.010101010101010101010101010101010101010
  p=37  v_p(den Q_n): n=50:0 n=100:0 n=200:0 n=300:0 n=399:0   kappa~0
  p=37  v_p(incr)   : n=50:0 n=100:0 n=200:0 n=300:0 n=399:0   sigma~0
  p=41  v_p(den Q_n): n=50:0 n=100:0 n=200:0 n=300:0 n=399:0   kappa~0
  p=41  v_p(incr)   : n=50:0 n=100:0 n=200:0 n=300:0 n=399:0   sigma~0
  p=43  v_p(den Q_n): n=50:0 n=100:0 n=200:0 n=300:0 n=399:0   kappa~0
  p=43  v_p(incr)   : n=50:-1 n=100:0 n=200:0 n=300:0 n=399:0   sigma~0
  p=47  v_p(den Q_n): n=50:0 n=100:0 n=200:0 n=300:0 n=399:0   kappa~0
  p=47  v_p(incr)   : n=50:0 n=100:-1 n=200:0 n=300:0 n=399:-1   sigma~-0.010101010101010101010101010101010101010

=== D row2(11,3,-1)   (N=400, checkpoints [50, 100, 200, 300, 399]) ===
  Q_n integral for all n<=400 ? 1
  p=2  v_p(den Q_n): n=50:0 n=100:0 n=200:0 n=300:0 n=399:0   kappa~0
  p=2  v_p(incr)   : n=50:-2 n=100:-4 n=200:-6 n=300:-4 n=399:0   sigma~0.040404040404040404040404040404040404040
  p=3  v_p(den Q_n): n=50:0 n=100:0 n=200:0 n=300:0 n=399:0   kappa~0
  p=3  v_p(incr)   : n=50:-5 n=100:-3 n=200:-5 n=300:-5 n=399:-7   sigma~-0.020202020202020202020202020202020202020
  p=5  v_p(den Q_n): n=50:0 n=100:0 n=200:0 n=300:0 n=399:0   kappa~0
  p=5  v_p(incr)   : n=50:-4 n=100:-4 n=200:-4 n=300:-4 n=399:0   sigma~0.040404040404040404040404040404040404040
  p=7  v_p(den Q_n): n=50:0 n=100:0 n=200:0 n=300:0 n=399:0   kappa~0
  p=7  v_p(incr)   : n=50:0 n=100:0 n=200:-2 n=300:0 n=399:-2   sigma~-0.020202020202020202020202020202020202020
  p=11  v_p(den Q_n): n=50:0 n=100:0 n=200:0 n=300:0 n=399:0   kappa~0
  p=11  v_p(incr)   : n=50:-2 n=100:0 n=200:0 n=300:-4 n=399:0   sigma~0.040404040404040404040404040404040404040
  p=13  v_p(den Q_n): n=50:0 n=100:0 n=200:0 n=300:0 n=399:0   kappa~0
  p=13  v_p(incr)   : n=50:0 n=100:0 n=200:0 n=300:0 n=399:0   sigma~0
  p=17  v_p(den Q_n): n=50:0 n=100:0 n=200:0 n=300:0 n=399:0   kappa~0
  p=17  v_p(incr)   : n=50:0 n=100:0 n=200:0 n=300:0 n=399:0   sigma~0
  p=19  v_p(den Q_n): n=50:0 n=100:0 n=200:0 n=300:0 n=399:0   kappa~0
  p=19  v_p(incr)   : n=50:-2 n=100:0 n=200:-2 n=300:0 n=399:-3   sigma~-0.030303030303030303030303030303030303030
  p=23  v_p(den Q_n): n=50:0 n=100:0 n=200:0 n=300:0 n=399:0   kappa~0
  p=23  v_p(incr)   : n=50:0 n=100:0 n=200:0 n=300:0 n=399:0   sigma~0
  p=29  v_p(den Q_n): n=50:0 n=100:0 n=200:0 n=300:0 n=399:0   kappa~0
  p=29  v_p(incr)   : n=50:0 n=100:0 n=200:0 n=300:0 n=399:0   sigma~0
  p=31  v_p(den Q_n): n=50:0 n=100:0 n=200:0 n=300:0 n=399:0   kappa~0
  p=31  v_p(incr)   : n=50:0 n=100:-1 n=200:0 n=300:0 n=399:0   sigma~0
  p=37  v_p(den Q_n): n=50:0 n=100:0 n=200:0 n=300:0 n=399:0   kappa~0
  p=37  v_p(incr)   : n=50:0 n=100:0 n=200:0 n=300:0 n=399:0   sigma~0
  p=41  v_p(den Q_n): n=50:0 n=100:0 n=200:0 n=300:0 n=399:0   kappa~0
  p=41  v_p(incr)   : n=50:0 n=100:0 n=200:0 n=300:0 n=399:0   sigma~0
  p=43  v_p(den Q_n): n=50:0 n=100:0 n=200:0 n=300:0 n=399:0   kappa~0
  p=43  v_p(incr)   : n=50:0 n=100:0 n=200:0 n=300:0 n=399:0   sigma~0
  p=47  v_p(den Q_n): n=50:0 n=100:0 n=200:0 n=300:0 n=399:0   kappa~0
  p=47  v_p(incr)   : n=50:0 n=100:0 n=200:0 n=300:0 n=399:-2   sigma~-0.020202020202020202020202020202020202020

=== E row2(12,4,32)   (N=400, checkpoints [50, 100, 200, 300, 399]) ===
  Q_n integral for all n<=400 ? 1
  p=2  v_p(den Q_n): n=50:0 n=100:0 n=200:0 n=300:0 n=399:0   kappa~0
  p=2  v_p(incr)   : n=50:231 n=100:477 n=200:973 n=300:1473 n=399:1968   sigma~5.0000000000000000000000000000000000000
  p=3  v_p(den Q_n): n=50:0 n=100:0 n=200:0 n=300:0 n=399:0   kappa~0
  p=3  v_p(incr)   : n=50:0 n=100:0 n=200:0 n=300:-2 n=399:-2   sigma~0
  p=5  v_p(den Q_n): n=50:0 n=100:0 n=200:0 n=300:0 n=399:0   kappa~0
  p=5  v_p(incr)   : n=50:-5 n=100:-4 n=200:-5 n=300:-7 n=399:0   sigma~0.070707070707070707070707070707070707071
  p=7  v_p(den Q_n): n=50:0 n=100:0 n=200:0 n=300:0 n=399:0   kappa~0
  p=7  v_p(incr)   : n=50:0 n=100:0 n=200:-1 n=300:0 n=399:-2   sigma~-0.020202020202020202020202020202020202020
  p=11  v_p(den Q_n): n=50:0 n=100:0 n=200:0 n=300:0 n=399:0   kappa~0
  p=11  v_p(incr)   : n=50:0 n=100:0 n=200:0 n=300:0 n=399:0   sigma~0
  p=13  v_p(den Q_n): n=50:0 n=100:0 n=200:0 n=300:0 n=399:0   kappa~0
  p=13  v_p(incr)   : n=50:0 n=100:-1 n=200:-1 n=300:0 n=399:-3   sigma~-0.030303030303030303030303030303030303030
  p=17  v_p(den Q_n): n=50:0 n=100:0 n=200:0 n=300:0 n=399:0   kappa~0
  p=17  v_p(incr)   : n=50:0 n=100:0 n=200:0 n=300:0 n=399:0   sigma~0
  p=19  v_p(den Q_n): n=50:0 n=100:0 n=200:0 n=300:0 n=399:0   kappa~0
  p=19  v_p(incr)   : n=50:0 n=100:0 n=200:0 n=300:0 n=399:-2   sigma~-0.020202020202020202020202020202020202020
  p=23  v_p(den Q_n): n=50:0 n=100:0 n=200:0 n=300:0 n=399:0   kappa~0
  p=23  v_p(incr)   : n=50:0 n=100:0 n=200:0 n=300:0 n=399:0   sigma~0
  p=29  v_p(den Q_n): n=50:0 n=100:0 n=200:0 n=300:0 n=399:0   kappa~0
  p=29  v_p(incr)   : n=50:0 n=100:0 n=200:0 n=300:-3 n=399:0   sigma~0.030303030303030303030303030303030303030
  p=31  v_p(den Q_n): n=50:0 n=100:0 n=200:0 n=300:0 n=399:0   kappa~0
  p=31  v_p(incr)   : n=50:0 n=100:0 n=200:0 n=300:0 n=399:0   sigma~0
  p=37  v_p(den Q_n): n=50:0 n=100:0 n=200:0 n=300:0 n=399:0   kappa~0
  p=37  v_p(incr)   : n=50:0 n=100:0 n=200:0 n=300:0 n=399:0   sigma~0
  p=41  v_p(den Q_n): n=50:0 n=100:0 n=200:0 n=300:0 n=399:0   kappa~0
  p=41  v_p(incr)   : n=50:0 n=100:0 n=200:0 n=300:-1 n=399:0   sigma~0.010101010101010101010101010101010101010
  p=43  v_p(den Q_n): n=50:0 n=100:0 n=200:0 n=300:0 n=399:0   kappa~0
  p=43  v_p(incr)   : n=50:0 n=100:0 n=200:0 n=300:0 n=399:0   sigma~0
  p=47  v_p(den Q_n): n=50:0 n=100:0 n=200:0 n=300:0 n=399:0   kappa~0
  p=47  v_p(incr)   : n=50:0 n=100:0 n=200:-1 n=300:0 n=399:-1   sigma~-0.010101010101010101010101010101010101010

=== F row2(17,6,72)   (N=400, checkpoints [50, 100, 200, 300, 399]) ===
  Q_n integral for all n<=400 ? 1
  p=2  v_p(den Q_n): n=50:0 n=100:0 n=200:0 n=300:0 n=399:0   kappa~0
  p=2  v_p(incr)   : n=50:135 n=100:281 n=200:575 n=300:879 n=399:1171   sigma~2.9494949494949494949494949494949494950
  p=3  v_p(den Q_n): n=50:0 n=100:0 n=200:0 n=300:0 n=399:0   kappa~0
  p=3  v_p(incr)   : n=50:88 n=100:193 n=200:386 n=300:590 n=399:781   sigma~1.9292929292929292929292929292929292929
  p=5  v_p(den Q_n): n=50:0 n=100:0 n=200:0 n=300:0 n=399:0   kappa~0
  p=5  v_p(incr)   : n=50:-4 n=100:-4 n=200:-4 n=300:-4 n=399:0   sigma~0.040404040404040404040404040404040404040
  p=7  v_p(den Q_n): n=50:0 n=100:0 n=200:0 n=300:0 n=399:0   kappa~0
  p=7  v_p(incr)   : n=50:0 n=100:-3 n=200:-3 n=300:0 n=399:-2   sigma~-0.020202020202020202020202020202020202020
  p=11  v_p(den Q_n): n=50:0 n=100:0 n=200:0 n=300:0 n=399:0   kappa~0
  p=11  v_p(incr)   : n=50:0 n=100:0 n=200:0 n=300:0 n=399:0   sigma~0
  p=13  v_p(den Q_n): n=50:0 n=100:0 n=200:0 n=300:0 n=399:0   kappa~0
  p=13  v_p(incr)   : n=50:-2 n=100:-1 n=200:0 n=300:0 n=399:-1   sigma~-0.010101010101010101010101010101010101010
  p=17  v_p(den Q_n): n=50:0 n=100:0 n=200:0 n=300:0 n=399:0   kappa~0
  p=17  v_p(incr)   : n=50:0 n=100:0 n=200:0 n=300:0 n=399:-1   sigma~-0.010101010101010101010101010101010101010
  p=19  v_p(den Q_n): n=50:0 n=100:0 n=200:0 n=300:0 n=399:0   kappa~0
  p=19  v_p(incr)   : n=50:0 n=100:-1 n=200:-1 n=300:-1 n=399:-2   sigma~-0.010101010101010101010101010101010101010
  p=23  v_p(den Q_n): n=50:0 n=100:0 n=200:0 n=300:0 n=399:0   kappa~0
  p=23  v_p(incr)   : n=50:0 n=100:0 n=200:0 n=300:0 n=399:0   sigma~0
  p=29  v_p(den Q_n): n=50:0 n=100:0 n=200:0 n=300:0 n=399:0   kappa~0
  p=29  v_p(incr)   : n=50:0 n=100:0 n=200:0 n=300:0 n=399:0   sigma~0
  p=31  v_p(den Q_n): n=50:0 n=100:0 n=200:0 n=300:0 n=399:0   kappa~0
  p=31  v_p(incr)   : n=50:0 n=100:0 n=200:0 n=300:0 n=399:0   sigma~0
  p=37  v_p(den Q_n): n=50:0 n=100:0 n=200:0 n=300:0 n=399:0   kappa~0
  p=37  v_p(incr)   : n=50:0 n=100:0 n=200:0 n=300:0 n=399:0   sigma~0
  p=41  v_p(den Q_n): n=50:0 n=100:0 n=200:0 n=300:0 n=399:0   kappa~0
  p=41  v_p(incr)   : n=50:0 n=100:0 n=200:0 n=300:0 n=399:0   sigma~0
  p=43  v_p(den Q_n): n=50:0 n=100:0 n=200:0 n=300:0 n=399:0   kappa~0
  p=43  v_p(incr)   : n=50:0 n=100:0 n=200:0 n=300:0 n=399:0   sigma~0
  p=47  v_p(den Q_n): n=50:0 n=100:0 n=200:0 n=300:0 n=399:0   kappa~0
  p=47  v_p(incr)   : n=50:0 n=100:0 n=200:0 n=300:0 n=399:-1   sigma~-0.010101010101010101010101010101010101010

=== s18 cooper18   (N=400, checkpoints [50, 100, 200, 300, 399]) ===
  Q_n integral for all n<=400 ? 1
  p=2  v_p(den Q_n): n=50:0 n=100:0 n=200:0 n=300:0 n=399:0   kappa~0
  p=2  v_p(incr)   : n=50:-3 n=100:-5 n=200:-7 n=300:-5 n=399:-1   sigma~0.040404040404040404040404040404040404040
  p=3  v_p(den Q_n): n=50:0 n=100:0 n=200:0 n=300:0 n=399:0   kappa~0
  p=3  v_p(incr)   : n=50:39 n=100:94 n=200:189 n=300:291 n=399:380   sigma~0.89898989898989898989898989898989898990
  p=5  v_p(den Q_n): n=50:0 n=100:0 n=200:0 n=300:0 n=399:0   kappa~0
  p=5  v_p(incr)   : n=50:-3 n=100:-4 n=200:-2 n=300:-2 n=399:1   sigma~0.030303030303030303030303030303030303030
  p=7  v_p(den Q_n): n=50:0 n=100:0 n=200:0 n=300:0 n=399:0   kappa~0
  p=7  v_p(incr)   : n=50:0 n=100:1 n=200:2 n=300:0 n=399:-2   sigma~-0.020202020202020202020202020202020202020
  p=11  v_p(den Q_n): n=50:0 n=100:0 n=200:0 n=300:0 n=399:0   kappa~0
  p=11  v_p(incr)   : n=50:2 n=100:0 n=200:1 n=300:1 n=399:2   sigma~0.010101010101010101010101010101010101010
  p=13  v_p(den Q_n): n=50:0 n=100:0 n=200:0 n=300:0 n=399:0   kappa~0
  p=13  v_p(incr)   : n=50:1 n=100:2 n=200:1 n=300:0 n=399:2   sigma~0.020202020202020202020202020202020202020
  p=17  v_p(den Q_n): n=50:0 n=100:0 n=200:0 n=300:0 n=399:0   kappa~0
  p=17  v_p(incr)   : n=50:0 n=100:1 n=200:1 n=300:1 n=399:2   sigma~0.010101010101010101010101010101010101010
  p=19  v_p(den Q_n): n=50:0 n=100:0 n=200:0 n=300:0 n=399:0   kappa~0
  p=19  v_p(incr)   : n=50:1 n=100:1 n=200:2 n=300:0 n=399:-2   sigma~-0.020202020202020202020202020202020202020
  p=23  v_p(den Q_n): n=50:0 n=100:0 n=200:0 n=300:0 n=399:0   kappa~0
  p=23  v_p(incr)   : n=50:0 n=100:0 n=200:0 n=300:1 n=399:0   sigma~-0.010101010101010101010101010101010101010
  p=29  v_p(den Q_n): n=50:0 n=100:0 n=200:0 n=300:0 n=399:0   kappa~0
  p=29  v_p(incr)   : n=50:1 n=100:1 n=200:0 n=300:2 n=399:1   sigma~-0.010101010101010101010101010101010101010
  p=31  v_p(den Q_n): n=50:0 n=100:0 n=200:0 n=300:0 n=399:0   kappa~0
  p=31  v_p(incr)   : n=50:1 n=100:0 n=200:0 n=300:2 n=399:1   sigma~-0.010101010101010101010101010101010101010
  p=37  v_p(den Q_n): n=50:0 n=100:0 n=200:0 n=300:0 n=399:0   kappa~0
  p=37  v_p(incr)   : n=50:1 n=100:1 n=200:1 n=300:0 n=399:1   sigma~0.010101010101010101010101010101010101010
  p=41  v_p(den Q_n): n=50:0 n=100:0 n=200:0 n=300:0 n=399:0   kappa~0
  p=41  v_p(incr)   : n=50:0 n=100:1 n=200:0 n=300:1 n=399:1   sigma~0
  p=43  v_p(den Q_n): n=50:0 n=100:0 n=200:0 n=300:0 n=399:0   kappa~0
  p=43  v_p(incr)   : n=50:0 n=100:1 n=200:1 n=300:0 n=399:1   sigma~0.010101010101010101010101010101010101010
  p=47  v_p(den Q_n): n=50:0 n=100:0 n=200:0 n=300:0 n=399:0   kappa~0
  p=47  v_p(incr)   : n=50:-1 n=100:0 n=200:0 n=300:1 n=399:1   sigma~0

--- AZ order-3 rows ---
=== delta row3(7,3,81)   (N=400, checkpoints [50, 100, 200, 300, 399]) ===
  Q_n integral for all n<=400 ? 1
  p=2  v_p(den Q_n): n=50:0 n=100:0 n=200:0 n=300:0 n=399:0   kappa~0
  p=2  v_p(incr)   : n=50:-3 n=100:-6 n=200:-9 n=300:-6 n=399:0   sigma~0.060606060606060606060606060606060606061
  p=3  v_p(den Q_n): n=50:0 n=100:0 n=200:0 n=300:0 n=399:0   kappa~0
  p=3  v_p(incr)   : n=50:180 n=100:389 n=200:781 n=300:1184 n=399:1567   sigma~3.8686868686868686868686868686868686869
  p=5  v_p(den Q_n): n=50:0 n=100:0 n=200:0 n=300:0 n=399:0   kappa~0
  p=5  v_p(incr)   : n=50:-6 n=100:-6 n=200:-6 n=300:-6 n=399:0   sigma~0.060606060606060606060606060606060606061
  p=7  v_p(den Q_n): n=50:0 n=100:0 n=200:0 n=300:0 n=399:0   kappa~0
  p=7  v_p(incr)   : n=50:0 n=100:0 n=200:0 n=300:0 n=399:-3   sigma~-0.030303030303030303030303030303030303030
  p=11  v_p(den Q_n): n=50:0 n=100:0 n=200:0 n=300:0 n=399:0   kappa~0
  p=11  v_p(incr)   : n=50:0 n=100:0 n=200:0 n=300:0 n=399:0   sigma~0
  p=13  v_p(den Q_n): n=50:0 n=100:0 n=200:0 n=300:0 n=399:0   kappa~0
  p=13  v_p(incr)   : n=50:0 n=100:0 n=200:0 n=300:0 n=399:0   sigma~0
  p=17  v_p(den Q_n): n=50:0 n=100:0 n=200:0 n=300:0 n=399:0   kappa~0
  p=17  v_p(incr)   : n=50:0 n=100:0 n=200:0 n=300:-1 n=399:-2   sigma~-0.010101010101010101010101010101010101010
  p=19  v_p(den Q_n): n=50:0 n=100:0 n=200:0 n=300:0 n=399:0   kappa~0
  p=19  v_p(incr)   : n=50:0 n=100:0 n=200:0 n=300:0 n=399:-3   sigma~-0.030303030303030303030303030303030303030
  p=23  v_p(den Q_n): n=50:0 n=100:0 n=200:0 n=300:0 n=399:0   kappa~0
  p=23  v_p(incr)   : n=50:0 n=100:0 n=200:0 n=300:0 n=399:0   sigma~0
  p=29  v_p(den Q_n): n=50:0 n=100:0 n=200:0 n=300:0 n=399:0   kappa~0
  p=29  v_p(incr)   : n=50:0 n=100:0 n=200:0 n=300:0 n=399:0   sigma~0
  p=31  v_p(den Q_n): n=50:0 n=100:0 n=200:0 n=300:0 n=399:0   kappa~0
  p=31  v_p(incr)   : n=50:0 n=100:0 n=200:0 n=300:0 n=399:-1   sigma~-0.010101010101010101010101010101010101010
  p=37  v_p(den Q_n): n=50:0 n=100:0 n=200:0 n=300:0 n=399:0   kappa~0
  p=37  v_p(incr)   : n=50:0 n=100:0 n=200:-2 n=300:0 n=399:0   sigma~0
  p=41  v_p(den Q_n): n=50:0 n=100:0 n=200:0 n=300:0 n=399:0   kappa~0
  p=41  v_p(incr)   : n=50:0 n=100:0 n=200:0 n=300:0 n=399:0   sigma~0
  p=43  v_p(den Q_n): n=50:0 n=100:0 n=200:0 n=300:0 n=399:0   kappa~0
  p=43  v_p(incr)   : n=50:0 n=100:-1 n=200:-1 n=300:0 n=399:0   sigma~0
  p=47  v_p(den Q_n): n=50:0 n=100:0 n=200:0 n=300:0 n=399:0   kappa~0
  p=47  v_p(incr)   : n=50:0 n=100:0 n=200:0 n=300:0 n=399:0   sigma~0

=== zeta  row3(9,3,-27)   (N=400, checkpoints [50, 100, 200, 300, 399]) ===
  Q_n integral for all n<=400 ? 1
  p=2  v_p(den Q_n): n=50:0 n=100:0 n=200:0 n=300:0 n=399:0   kappa~0
  p=2  v_p(incr)   : n=50:-3 n=100:-6 n=200:-9 n=300:-6 n=399:0   sigma~0.060606060606060606060606060606060606061
  p=3  v_p(den Q_n): n=50:0 n=100:0 n=200:0 n=300:0 n=399:0   kappa~0
  p=3  v_p(incr)   : n=50:131 n=100:288 n=200:583 n=300:882 n=399:1167   sigma~2.8787878787878787878787878787878787879
  p=5  v_p(den Q_n): n=50:0 n=100:0 n=200:0 n=300:0 n=399:0   kappa~0
  p=5  v_p(incr)   : n=50:-6 n=100:-6 n=200:-6 n=300:-6 n=399:0   sigma~0.060606060606060606060606060606060606061
  p=7  v_p(den Q_n): n=50:0 n=100:0 n=200:0 n=300:0 n=399:0   kappa~0
  p=7  v_p(incr)   : n=50:0 n=100:0 n=200:0 n=300:0 n=399:-3   sigma~-0.030303030303030303030303030303030303030
  p=11  v_p(den Q_n): n=50:0 n=100:0 n=200:0 n=300:0 n=399:0   kappa~0
  p=11  v_p(incr)   : n=50:-3 n=100:0 n=200:0 n=300:0 n=399:0   sigma~0
  p=13  v_p(den Q_n): n=50:0 n=100:0 n=200:0 n=300:0 n=399:0   kappa~0
  p=13  v_p(incr)   : n=50:0 n=100:0 n=200:0 n=300:0 n=399:0   sigma~0
  p=17  v_p(den Q_n): n=50:0 n=100:0 n=200:0 n=300:0 n=399:0   kappa~0
  p=17  v_p(incr)   : n=50:0 n=100:0 n=200:0 n=300:0 n=399:0   sigma~0
  p=19  v_p(den Q_n): n=50:0 n=100:0 n=200:0 n=300:0 n=399:0   kappa~0
  p=19  v_p(incr)   : n=50:0 n=100:0 n=200:0 n=300:0 n=399:-3   sigma~-0.030303030303030303030303030303030303030
  p=23  v_p(den Q_n): n=50:0 n=100:0 n=200:0 n=300:0 n=399:0   kappa~0
  p=23  v_p(incr)   : n=50:0 n=100:0 n=200:0 n=300:0 n=399:-2   sigma~-0.020202020202020202020202020202020202020
  p=29  v_p(den Q_n): n=50:0 n=100:0 n=200:0 n=300:0 n=399:0   kappa~0
  p=29  v_p(incr)   : n=50:0 n=100:0 n=200:0 n=300:0 n=399:0   sigma~0
  p=31  v_p(den Q_n): n=50:0 n=100:0 n=200:0 n=300:0 n=399:0   kappa~0
  p=31  v_p(incr)   : n=50:0 n=100:0 n=200:0 n=300:0 n=399:0   sigma~0
  p=37  v_p(den Q_n): n=50:0 n=100:0 n=200:0 n=300:0 n=399:0   kappa~0
  p=37  v_p(incr)   : n=50:0 n=100:0 n=200:0 n=300:0 n=399:0   sigma~0
  p=41  v_p(den Q_n): n=50:0 n=100:0 n=200:0 n=300:0 n=399:0   kappa~0
  p=41  v_p(incr)   : n=50:0 n=100:0 n=200:-3 n=300:0 n=399:0   sigma~0
  p=43  v_p(den Q_n): n=50:0 n=100:0 n=200:0 n=300:0 n=399:0   kappa~0
  p=43  v_p(incr)   : n=50:0 n=100:0 n=200:0 n=300:0 n=399:0   sigma~0
  p=47  v_p(den Q_n): n=50:0 n=100:0 n=200:0 n=300:0 n=399:0   kappa~0
  p=47  v_p(incr)   : n=50:0 n=100:0 n=200:0 n=300:0 n=399:0   sigma~0

=== eta   row3(11,5,125)   (N=400, checkpoints [50, 100, 200, 300, 399]) ===
  Q_n integral for all n<=400 ? 1
  p=2  v_p(den Q_n): n=50:0 n=100:0 n=200:0 n=300:0 n=399:0   kappa~0
  p=2  v_p(incr)   : n=50:-3 n=100:-6 n=200:-9 n=300:-6 n=399:0   sigma~0.060606060606060606060606060606060606061
  p=3  v_p(den Q_n): n=50:0 n=100:0 n=200:0 n=300:0 n=399:0   kappa~0
  p=3  v_p(incr)   : n=50:0 n=100:0 n=200:0 n=300:-3 n=399:-3   sigma~0
  p=5  v_p(den Q_n): n=50:0 n=100:0 n=200:0 n=300:0 n=399:0   kappa~0
  p=5  v_p(incr)   : n=50:134 n=100:282 n=200:580 n=300:882 n=399:1178   sigma~2.9898989898989898989898989898989898990
  p=7  v_p(den Q_n): n=50:0 n=100:0 n=200:0 n=300:0 n=399:0   kappa~0
  p=7  v_p(incr)   : n=50:0 n=100:-3 n=200:-3 n=300:0 n=399:-3   sigma~-0.030303030303030303030303030303030303030
  p=11  v_p(den Q_n): n=50:0 n=100:0 n=200:0 n=300:0 n=399:0   kappa~0
  p=11  v_p(incr)   : n=50:0 n=100:0 n=200:-2 n=300:-1 n=399:-5   sigma~-0.040404040404040404040404040404040404040
  p=13  v_p(den Q_n): n=50:0 n=100:0 n=200:0 n=300:0 n=399:0   kappa~0
  p=13  v_p(incr)   : n=50:0 n=100:-1 n=200:-1 n=300:0 n=399:-3   sigma~-0.030303030303030303030303030303030303030
  p=17  v_p(den Q_n): n=50:0 n=100:0 n=200:0 n=300:0 n=399:0   kappa~0
  p=17  v_p(incr)   : n=50:0 n=100:0 n=200:0 n=300:0 n=399:0   sigma~0
  p=19  v_p(den Q_n): n=50:0 n=100:0 n=200:0 n=300:0 n=399:0   kappa~0
  p=19  v_p(incr)   : n=50:0 n=100:0 n=200:0 n=300:0 n=399:-3   sigma~-0.030303030303030303030303030303030303030
  p=23  v_p(den Q_n): n=50:0 n=100:0 n=200:0 n=300:0 n=399:0   kappa~0
  p=23  v_p(incr)   : n=50:0 n=100:0 n=200:0 n=300:0 n=399:0   sigma~0
  p=29  v_p(den Q_n): n=50:0 n=100:0 n=200:0 n=300:0 n=399:0   kappa~0
  p=29  v_p(incr)   : n=50:0 n=100:0 n=200:0 n=300:-1 n=399:0   sigma~0.010101010101010101010101010101010101010
  p=31  v_p(den Q_n): n=50:0 n=100:0 n=200:0 n=300:0 n=399:0   kappa~0
  p=31  v_p(incr)   : n=50:0 n=100:0 n=200:0 n=300:0 n=399:0   sigma~0
  p=37  v_p(den Q_n): n=50:0 n=100:0 n=200:0 n=300:0 n=399:0   kappa~0
  p=37  v_p(incr)   : n=50:-1 n=100:0 n=200:0 n=300:-2 n=399:-1   sigma~0.010101010101010101010101010101010101010
  p=41  v_p(den Q_n): n=50:0 n=100:0 n=200:0 n=300:0 n=399:0   kappa~0
  p=41  v_p(incr)   : n=50:0 n=100:-1 n=200:0 n=300:-1 n=399:0   sigma~0.010101010101010101010101010101010101010
  p=43  v_p(den Q_n): n=50:0 n=100:0 n=200:0 n=300:0 n=399:0   kappa~0
  p=43  v_p(incr)   : n=50:0 n=100:-1 n=200:-1 n=300:0 n=399:0   sigma~0
  p=47  v_p(den Q_n): n=50:0 n=100:0 n=200:0 n=300:0 n=399:0   kappa~0
  p=47  v_p(incr)   : n=50:0 n=100:0 n=200:0 n=300:0 n=399:0   sigma~0

DONE
