### Nesterenko (4,7) Catalan row, n=1..60 ###
  Qraw_n = 4 B_n, Praw_n = C_n, with J_n = Qraw_n*Catalan - Praw_n
  cross-check vs catalan_audit/nest_exact.txt (V_n,U_n), n=1..4: 1
  numeric U/(V*Catalan) at n=8 : 1.0000000000000000000000000000000000000
--- denominator factorisations ---
  n=1  den(Qraw)=2^8 oddpart=1   v2(den Praw)=9 oddpart(den Praw)=225
  n=2  den(Qraw)=2^22 oddpart=1   v2(den Praw)=23 oddpart(den Praw)=22869
  n=3  den(Qraw)=2^35 oddpart=1   v2(den Praw)=36 oddpart(den Praw)=7615532925
  n=4  den(Qraw)=2^50 oddpart=1   v2(den Praw)=51 oddpart(den Praw)=1439283650805
  n=5  den(Qraw)=2^61 oddpart=1   v2(den Praw)=62 oddpart(den Praw)=560157237399375
  n=6  den(Qraw)=2^77 oddpart=1   v2(den Praw)=78 oddpart(den Praw)=91910769995126919375
  n=20  den(Qraw)=2^271 oddpart=1   v2(den Praw)=272 oddpart(den Praw)=302074387992344340346313692098197526804070913679515375436628004617490407564875
  n=40  den(Qraw)=2^551 oddpart=1   v2(den Praw)=552 oddpart(den Praw)=29571175429676572729487529435414897460229596407058938783550439123757722368635212122845677017306622039671804104409269176853116481343676958652947701248103057143790625
  n=60  den(Qraw)=2^829 oddpart=1   v2(den Praw)=830 oddpart(den Praw)=1239868336304613230696309346489020480082492541109108275542510595963051739776958648811870778122537775085476734266173874693086183866870563634352949997898944015978018777707322160077321252129253912300862886870336444809269445299032154862373867375
--- kappa: v_p(den Qraw_n) for all p<=50 ---
  p=2: n=10:131 n=20:271 n=30:409 n=45:619 n=60:829
  p=3: n=10:0 n=20:0 n=30:0 n=45:0 n=60:0
  p=5: n=10:0 n=20:0 n=30:0 n=45:0 n=60:0
  p=7: n=10:0 n=20:0 n=30:0 n=45:0 n=60:0
  p=11: n=10:0 n=20:0 n=30:0 n=45:0 n=60:0
  p=13: n=10:0 n=20:0 n=30:0 n=45:0 n=60:0
  p=17: n=10:0 n=20:0 n=30:0 n=45:0 n=60:0
  p=19: n=10:0 n=20:0 n=30:0 n=45:0 n=60:0
  p=23: n=10:0 n=20:0 n=30:0 n=45:0 n=60:0
  p=29: n=10:0 n=20:0 n=30:0 n=45:0 n=60:0
  p=31: n=10:0 n=20:0 n=30:0 n=45:0 n=60:0
  p=37: n=10:0 n=20:0 n=30:0 n=45:0 n=60:0
  p=41: n=10:0 n=20:0 n=30:0 n=45:0 n=60:0
  p=43: n=10:0 n=20:0 n=30:0 n=45:0 n=60:0
  p=47: n=10:0 n=20:0 n=30:0 n=45:0 n=60:0
=== Nesterenko(4,7)   (N=60, checkpoints [15, 30, 45, 59, 60]) ===
  Q_n integral for all n<=60 ? 0
  p=2  v_p(den Q_n): n=15:199 n=30:409 n=45:619 n=59:814 n=60:829   kappa~15.000000000000000000000000000000000000
  p=2  v_p(incr)   : n=15:379 n=30:793 n=45:1221 n=59:1605 n=60:1633   sigma~28.000000000000000000000000000000000000
  p=3  v_p(den Q_n): n=15:0 n=30:0 n=45:0 n=59:0 n=60:0   kappa~0
  p=3  v_p(incr)   : n=15:-7 n=30:-4 n=45:-9 n=59:-9 n=60:-7   sigma~2.0000000000000000000000000000000000000
  p=5  v_p(den Q_n): n=15:0 n=30:0 n=45:0 n=59:0 n=60:0   kappa~0
  p=5  v_p(incr)   : n=15:-5 n=30:-5 n=45:-3 n=59:-5 n=60:-5   sigma~0
  p=7  v_p(den Q_n): n=15:0 n=30:0 n=45:0 n=59:0 n=60:0   kappa~0
  p=7  v_p(incr)   : n=15:-3 n=30:-2 n=45:-3 n=59:-4 n=60:-4   sigma~0
  p=11  v_p(den Q_n): n=15:0 n=30:0 n=45:0 n=59:0 n=60:0   kappa~0
  p=11  v_p(incr)   : n=15:-2 n=30:-3 n=45:0 n=59:-3 n=60:-2   sigma~1.0000000000000000000000000000000000000
  p=13  v_p(den Q_n): n=15:0 n=30:0 n=45:0 n=59:0 n=60:0   kappa~0
  p=13  v_p(incr)   : n=15:-1 n=30:-3 n=45:-3 n=59:-2 n=60:-2   sigma~0
  p=17  v_p(den Q_n): n=15:0 n=30:0 n=45:0 n=59:0 n=60:0   kappa~0
  p=17  v_p(incr)   : n=15:-2 n=30:-2 n=45:-2 n=59:-2 n=60:-3   sigma~-1.0000000000000000000000000000000000000
  p=19  v_p(den Q_n): n=15:0 n=30:0 n=45:0 n=59:0 n=60:0   kappa~0
  p=19  v_p(incr)   : n=15:-2 n=30:-1 n=45:-2 n=59:-1 n=60:-2   sigma~-1.0000000000000000000000000000000000000
  p=23  v_p(den Q_n): n=15:0 n=30:0 n=45:0 n=59:0 n=60:0   kappa~0
  p=23  v_p(incr)   : n=15:-3 n=30:-2 n=45:0 n=59:-1 n=60:-1   sigma~0
  p=29  v_p(den Q_n): n=15:0 n=30:0 n=45:0 n=59:0 n=60:0   kappa~0
  p=29  v_p(incr)   : n=15:-2 n=30:0 n=45:-1 n=59:0 n=60:0   sigma~0
  p=31  v_p(den Q_n): n=15:0 n=30:0 n=45:0 n=59:0 n=60:0   kappa~0
  p=31  v_p(incr)   : n=15:-1 n=30:0 n=45:-1 n=59:-1 n=60:-1   sigma~0
  p=37  v_p(den Q_n): n=15:0 n=30:0 n=45:0 n=59:0 n=60:0   kappa~0
  p=37  v_p(incr)   : n=15:-1 n=30:-1 n=45:-2 n=59:-2 n=60:-1   sigma~1.0000000000000000000000000000000000000
  p=41  v_p(den Q_n): n=15:0 n=30:0 n=45:0 n=59:0 n=60:0   kappa~0
  p=41  v_p(incr)   : n=15:0 n=30:-2 n=45:0 n=59:0 n=60:-1   sigma~-1.0000000000000000000000000000000000000
  p=43  v_p(den Q_n): n=15:0 n=30:0 n=45:0 n=59:0 n=60:0   kappa~0
  p=43  v_p(incr)   : n=15:-2 n=30:-2 n=45:0 n=59:0 n=60:-1   sigma~-1.0000000000000000000000000000000000000
  p=47  v_p(den Q_n): n=15:0 n=30:0 n=45:0 n=59:0 n=60:0   kappa~0
  p=47  v_p(incr)   : n=15:-2 n=30:-1 n=45:0 n=59:-2 n=60:-2   sigma~0

--- fine v_2 data, n=NMAX-15..NMAX ---
  v2(den Qraw): 619 634 646 665 676 690 703 718 729 746 758 775 786 800 814 829
  v2(incr)    : 1221 1243 1273 1297 1335 1357 1385 1411 1441 1463 1497 1521 1555 1577 1605 1633
DONE
