=== R1  r=8 (a,c,d,f,C)=(16,8,48,0,-128) ===
t_1 = -0.6035533905932737622004222 0.0  rho=-0.5  agree 136
   Re xi = -0.38785887652378015991350480875916341826356886938213138058420980610831204645713663531777171
   Im xi = 0.0
t_2 = 0.125 0.0  rho=0.0  agree 134
   Re xi = 0.383203967311325982182939800606160889182813896808555387104333113908878955294363774291741838
   Im xi = 0.154212568767021228419288921873064861489276553238137353537708584003438200350300081921902709
t_3 = 0.1035533905932737622004222 0.0  rho=-0.5  agree 136
   Re xi = 0.228991398544304753763650878733096027693537343570418033566624529905440754944063692369839128
   Im xi = -1.06466420239059603327439100914760540984780162121089705507205583552311683490514953960567247e-394
=== R2  r=2 (a,c,d,f,C)=(14,8,28,4,8) ===
t_1 = 2.914213562373095048801689 0.0  rho=-0.5  agree 134
   Re xi = -0.343922560499900880253000636273745224357163389697478171262835577006997131933433041254215833
   Im xi = 1.48044066016340379282517364998142267029705491108611859396200240643300672336288078645026601
t_2 = 0.5 0.0  rho=0.0  agree 134
   Re xi = 0.766407934622651964365879601212321778365627793617110774208666227817757910588727548583483675
   Im xi = 0.616850275068084913677155687492259445957106212952549414150834336013752801401200327687610838
t_3 = 0.08578643762690495119831128 0.0  rho=-0.5  agree 136
   Re xi = 0.149557659554567050688723913720062332408521580664561360057831891804005109187527220895872838
   Im xi = -3.31824404063016469271662168505472679797389884439557438753536344911550181208662975372917252e-395
=== R3  r=-2 (a,c,d,f,C)=(6,4,-32,-8,32) ===
t_1 = -0.5 0.0  rho=0.0  agree 135
   Re xi = -1.07483307215669442120445744495845150134418090009338548128408339582463431128932771242728909
   Im xi = 0.0
t_2 = -0.6035533905932737622004222 0.0  rho=-0.5  agree 135
   Re xi = -0.828092962129460455733595169961547722961338414912365715623749661419133190728847581352244759
   Im xi = -0.49348022005446793094172454999380755676568497036203953132066746881100224112096026215008867
t_3 = 0.1035533905932737622004222 0.0  rho=-0.5  agree 135
   Re xi = 0.158867477979475406149853930026067390570031525811713347017585276202871291513072942947932581
   Im xi = 1.96259854510219415080965850099463299559499139265295438302798618923622713179030338482975212e-395
=== R4  r=8 (a,c,d,f,C)=(16,8,68,8,32) ===
t_1 = 1.866025403784438646763723 0.0  rho=-0.5  agree 134
   Re xi = -0.250614769022856962020661579855966153910949492696946873421724931498024527345754287956578226
   Im xi = 0.890346680900633808059529836011632671131548703977837135825860300970286120845743326618131378
t_2 = 0.1339745962155613532362768 0.0  rho=-0.5  agree 134
   Re xi = 0.366235506045227951656494107636293292046156720255602540729109404515728274055446039731032611
   Im xi = 0.178069336180126761611905967202326534226309740795567427165172060194057224169148665323626276
t_3 = 0.125 0.0  rho=0.0  agree 134
   Re xi = 0.469043885223242103936020055551669866372341089081027443087581793851353740955646094345634418
   Im xi = 0.0
=== R5  r=1 (a,c,d,f,C)=(17,10,32,8,16) ===
t_1 = 1.0 0.0  rho=0.0  agree 134
   Re xi = 0.938087770446484207872040111103339732744682178162054886175163587702707481911292188691268835
   Im xi = 1.4245546894410140928952477376186122738104779263645394173213764815524577933531893225890102
t_2 = 0.9330127018922193233818616 0.0  rho=-0.5  agree 134
   Re xi = 0.820592479957325176695439027771480790657614328075854997765480857033421234025349269131723914
   Im xi = 0.814031251109150910225855850067778442177415957922593952755072275172833024773251041479434403
t_3 = 0.06698729810778067661813841 0.0  rho=-0.5  agree 135
   Re xi = 0.115620737022370989635832527780327138135207227558655667307384473017703746709691751774454385
   Im xi = -3.88769822755610159684712311240565594584775253742935994766282601640416236385310417467552284e-395
=== R6  r=-1 (a,c,d,f,C)=(13,8,-13,-1,-1) ===
t_1 = -1.0 0.0  rho=0.0  agree 136
   Re xi = -1.52668895497235218867950666109355352555113780210958086088495619564008822204675748716004776
   Im xi = 0.0
t_2 = 13.92820323027550917410979 0.0  rho=-0.5  agree 135
   Re xi = 1.52818859774578262191212150553477896871262630013161623776679480176135422298775842138812019
   Im xi = 1.62806250221830182045171170013555688435483191584518790551014455034566604954650208295886881
t_3 = 0.07179676972449082589021463 0.0  rho=-0.5  agree 136
   Re xi = 0.118245111875874247792908505552471663667812099097217576850602033729919248356443386673581136
   Im xi = 6.68389907917510708210627392792420315143273012707635285954433332335127868152034704628370228e-395
=== R7  r=4 (a,c,d,f,C)=(8,4,32,8,64) ===
t_1 = 0.25 0.0  rho=0.0  agree 136
   Re xi = 0.67466064357927040849507195138242301502470982673187724780452657252260467475604620357483803
   Im xi = -1.50039886697907564036214525256506765565919351505754834299939386525556145664967594510149784e-392
t_2 = 0.125 0.2165063509461096616909308  rho=-0.5  agree 135
   Re xi = 0.0578103685111854948179162638901635690676036137793278336536922365088518733548458758872271925
   Im xi = 0.356138672360253523223811934404653068452619481591134854330344120388114448338297330647252551
t_3 = 0.125 -0.2165063509461096616909308  rho=-0.5  agree 135
   Re xi = 0.0578103685111854948179162638901635690676036137793278336536922365088518733548458758872271925
   Im xi = -0.356138672360253523223811934404653068452619481591134854330344120388114448338297330647252551
