R1
   xi^(1) = 0.228991398544304753763650878733   (agree ~83 digits)
        pslq: [-4, 0, 0, 1]  ->  xi^(1) = -(1*G)/-4
   xi^(2) = 0.0352787486192337502723508470418   (agree ~82 digits)
        pslq: no relation with 1, zeta(2), G at height 1e12
   xi^(3) = 0.00470164237113336373391472909134   (agree ~82 digits)
        pslq: no relation with 1, zeta(2), G at height 1e12
R2
   xi^(1) = 0.14955765955456705068872391372   (agree ~219 digits)
        pslq: [16, 0, 3, -8]  ->  xi^(1) = -(3*zeta(2) + -8*G)/16
   xi^(2) = 0.0168853301552640991986410511059   (agree ~220 digits)
        pslq: no relation with 1, zeta(2), G at height 1e12
   xi^(3) = 0.00173325527624047074578474161229   (agree ~220 digits)
        pslq: no relation with 1, zeta(2), G at height 1e12
R3
   xi^(1) = 0.158867477979475406149853930026   (agree ~220 digits)
        pslq: [-8, 0, 3, -4]  ->  xi^(1) = -(3*zeta(2) + -4*G)/-8
   xi^(2) = 0.0205750247820570933054443758904   (agree ~219 digits)
        pslq: no relation with 1, zeta(2), G at height 1e12
   xi^(3) = 0.00248411893845831205172865930349   (agree ~220 digits)
        pslq: no relation with 1, zeta(2), G at height 1e12
R4
   xi^(1) = 0.469043885223242103936020055552   (agree ~29 digits)
        pslq: [32, 0, -2, -15]  ->  xi^(1) = -(-2*zeta(2) + -15*L(2,chi_-3))/32
   xi^(2) = 0.108484215878620459355701896683   (agree ~29 digits)
        pslq: [-184243464, 31270781, 62067823, -145117624]  ->  xi^(2) = -(31270781*1 + 62067823*zeta(2) + -145117624*L(2,chi_-3))/-184243464
   xi^(3) = 0.0200536145729603458925268278462   (agree ~28 digits)
        pslq: [-16602190, -14654260, 6513447, 5469077]  ->  xi^(3) = -(-14654260*1 + 6513447*zeta(2) + 5469077*L(2,chi_-3))/-16602190
R5
   xi^(1) = 0.11562073702237098963583252778   (agree ~220 digits)
        pslq: [-16, 0, -6, 15]  ->  xi^(1) = -(-6*zeta(2) + 15*L(2,chi_-3))/-16
   xi^(2) = 0.0101221353554986901110287378227   (agree ~219 digits)
        pslq: no relation with 1, zeta(2), L(2,chi_-3) at height 1e12
   xi^(3) = 0.000808143112162848574425167909923   (agree ~219 digits)
        pslq: no relation with 1, zeta(2), L(2,chi_-3) at height 1e12
R6
   xi^(1) = 0.118245111875874247792908505552   (agree ~219 digits)
        pslq: [-8, 0, 2, -3]  ->  xi^(1) = -(2*zeta(2) + -3*L(2,chi_-3))/-8
   xi^(2) = 0.0108898665313896177418151060176   (agree ~219 digits)
        pslq: no relation with 1, zeta(2), L(2,chi_-3) at height 1e12
   xi^(3) = 0.000923012243869659867773042642802   (agree ~220 digits)
        pslq: no relation with 1, zeta(2), L(2,chi_-3) at height 1e12

wrote out/second.json
