
#### cls [0, 1, 3, 1, 2] row [11, 4, 37, 3, 3]  (rho = 0)
   t_1 = 1.00.0  kind=log nloc=509 steps=24 |c1|=0.3675526
   t_2 = 0.1851851851850.0523782800879  kind=log nloc=509 steps=6 |c1|=0.82699334
   t_3 = 0.185185185185-0.0523782800879  kind=log nloc=509 steps=6 |c1|=0.82699334
   t_1 = 1.00.0  kind=log nloc=710 steps=24 |c1|=0.3675526
   t_2 = 0.1851851851850.0523782800879  kind=log nloc=710 steps=6 |c1|=0.82699334
   t_3 = 0.185185185185-0.0523782800879  kind=log nloc=710 steps=6 |c1|=0.82699334
   xi_1 agreeing digits 154 : Re=1.05749891119153366755191612772 Im=4.806122684948574965983895459e-473
   xi_2 agreeing digits 156 : Re=0.52874945559576683377595806386 Im=0.373882325600462025027564267691
   xi_3 agreeing digits 156 : Re=0.52874945559576683377595806386 Im=-0.373882325600462025027564267691
   xi_2+xi_3 = 1.05749891119153366755191612772 (+ 0.0 i)

#### cls [-1, 3, 1, 0, 0] row [42, 22, 480, 64, -64]  (rho = -1/3)
   t_1 = -7.586770713250.0  kind=pow nloc=509 steps=34 |c1|=0.0081359417
   t_2 = 0.0433853566232-0.0133122821648  kind=pow nloc=509 steps=4 |c1|=0.93982719
   t_3 = 0.04338535662320.0133122821648  kind=pow nloc=509 steps=4 |c1|=0.93982719
   t_1 = -7.586770713250.0  kind=pow nloc=710 steps=34 |c1|=0.0081359417
   t_2 = 0.0433853566232-0.0133122821648  kind=pow nloc=710 steps=4 |c1|=0.93982719
   t_3 = 0.04338535662320.0133122821648  kind=pow nloc=710 steps=4 |c1|=0.93982719
   xi_1 agreeing digits 154 : Re=-0.777255273447082063172177214095 Im=0.0
   xi_2 agreeing digits 155 : Re=0.0828239251209163734295210876148 Im=-0.0510030358913650840696124598527
   xi_3 agreeing digits 155 : Re=0.0828239251209163734295210876148 Im=0.0510030358913650840696124598527
   xi_2+xi_3 = 0.16564785024183274685904217523 (+ 0.0 i)

#### cls [0, 1, 4, 1, 3] row [14, 5, 97, 8, 12]  (rho = 0)
   t_1 = 0.3333333333330.0  kind=log nloc=509 steps=10 |c1|=0.41349667
   t_2 = 0.0859375-0.0907730471767  kind=log nloc=509 steps=2 |c1|=0.46969039
   t_3 = 0.08593750.0907730471767  kind=log nloc=509 steps=2 |c1|=0.46969039
   t_1 = 0.3333333333330.0  kind=log nloc=710 steps=10 |c1|=0.41349667
   t_2 = 0.0859375-0.0907730471767  kind=log nloc=710 steps=2 |c1|=0.46969039
   t_3 = 0.08593750.0907730471767  kind=log nloc=710 steps=2 |c1|=0.46969039
   xi_1 agreeing digits 155 : Re=0.540148232444159687845573042474 Im=0.0
   xi_2 agreeing digits 155 : Re=0.146394628252440691571654336257 Im=-0.305000230308734921958055779522
   xi_3 agreeing digits 155 : Re=0.146394628252440691571654336257 Im=0.305000230308734921958055779522
   xi_2+xi_3 = 0.292789256504881383143308672513 (+ 0.0 i)

#### cls [0, 1, 6, -1, 7] row [13, 4, 432, -24, -48]  (rho = 0)
   t_1 = -0.2837070919010.0  kind=log nloc=509 steps=14 |c1|=0.062668627
   t_2 = 0.01685354595070.0419016808799  kind=log nloc=509 steps=2 |c1|=0.29889183
   t_3 = 0.0168535459507-0.0419016808799  kind=log nloc=509 steps=2 |c1|=0.29889183
   t_1 = -0.2837070919010.0  kind=log nloc=710 steps=14 |c1|=0.062668627
   t_2 = 0.01685354595070.0419016808799  kind=log nloc=710 steps=2 |c1|=0.29889183
   t_3 = 0.0168535459507-0.0419016808799  kind=log nloc=710 steps=2 |c1|=0.29889183
   xi_1 agreeing digits 155 : Re=-0.262171357984288826295260007398 Im=0.0
   xi_2 agreeing digits 156 : Re=0.0346812449466426609008963170897 Im=0.112199737628206901373665835117
   xi_3 agreeing digits 156 : Re=0.0346812449466426609008963170897 Im=-0.112199737628206901373665835117
   xi_2+xi_3 = 0.0693624898932853218017926341795 (+ 0.0 i)

#### cls [0, 1, 6, 1, 5] row [17, 6, 56, 0, -12]  (rho = 0)
   t_1 = -0.2917239623760.0  kind=log nloc=509 steps=10 |c1|=0.12552251
   t_2 = 0.08104716637340.0369635766482  kind=log nloc=509 steps=4 |c1|=0.51133215
   t_3 = 0.0810471663734-0.0369635766482  kind=log nloc=509 steps=4 |c1|=0.51133215
   t_1 = -0.2917239623760.0  kind=log nloc=710 steps=10 |c1|=0.12552251
   t_2 = 0.08104716637340.0369635766482  kind=log nloc=710 steps=4 |c1|=0.51133215
   t_3 = 0.0810471663734-0.0369635766482  kind=log nloc=710 steps=4 |c1|=0.51133215
   xi_1 agreeing digits 155 : Re=-0.338233370215688900686094973074 Im=0.0
   xi_2 agreeing digits 155 : Re=0.185931415102495973727647066431 Im=0.158041629201600734354281598132
   xi_3 agreeing digits 155 : Re=0.185931415102495973727647066431 Im=-0.158041629201600734354281598132
   xi_2+xi_3 = 0.371862830204991947455294132862 (+ 0.0 i)

#### cls [1, 3, 1, 1, 1] row [42, 8, 480, 64, -64]  (rho = 1/3)
   t_1 = -7.586770713250.0  kind=pow nloc=509 steps=34 |c1|=0.028765974
   t_2 = 0.0433853566232-0.0133122821648  kind=pow nloc=509 steps=4 |c1|=3.9768997
   t_3 = 0.04338535662320.0133122821648  kind=pow nloc=509 steps=4 |c1|=3.9768997
   t_1 = -7.586770713250.0  kind=pow nloc=710 steps=34 |c1|=0.028765974
   t_2 = 0.0433853566232-0.0133122821648  kind=pow nloc=710 steps=4 |c1|=3.9768997
   t_3 = 0.04338535662320.0133122821648  kind=pow nloc=710 steps=4 |c1|=3.9768997
   xi_1 agreeing digits 155 : Re=-0.322809707825784830045831894779 Im=0.0
   xi_2 agreeing digits 155 : Re=0.20928567944843980902939669957 Im=-0.184323249046399060044106549451
   xi_3 agreeing digits 155 : Re=0.20928567944843980902939669957 Im=0.184323249046399060044106549451
   xi_2+xi_3 = 0.41857135889687961805879339914 (+ 0.0 i)

#### cls [0, 1, 2, 1, 1] row [16, 6, 96, 12, 48]  (rho = 0)
   t_1 = 0.250.0  kind=log nloc=509 steps=10 |c1|=0.95492966
   t_2 = 0.1250.0721687836487  kind=log nloc=509 steps=2 |c1|=0.72558963
   t_3 = 0.125-0.0721687836487  kind=log nloc=509 steps=2 |c1|=0.72558963
   t_1 = 0.250.0  kind=log nloc=710 steps=10 |c1|=0.95492966
   t_2 = 0.1250.0721687836487  kind=log nloc=710 steps=2 |c1|=0.72558963
   t_3 = 0.125-0.0721687836487  kind=log nloc=710 steps=2 |c1|=0.72558963
   xi_1 agreeing digits 155 : Re=0.619446432345529887341612125881 Im=0.0
   xi_2 agreeing digits 155 : Re=0.26399746959666308573494063091 Im=0.355448962748866801606671494971
   xi_3 agreeing digits 155 : Re=0.26399746959666308573494063091 Im=-0.355448962748866801606671494971
   xi_2+xi_3 = 0.527994939193326171469881261821 (+ 0.0 i)

#### cls [0, 1, 2, 1, 1] row [17, 6, 112, 8, 24]  (rho = 0)
   t_1 = 1.00.0  kind=log nloc=509 steps=22 |c1|=0.14789174
   t_2 = 0.08333333333330.0589255650989  kind=log nloc=509 steps=2 |c1|=0.49458162
   t_3 = 0.0833333333333-0.0589255650989  kind=log nloc=509 steps=2 |c1|=0.49458162
   t_1 = 1.00.0  kind=log nloc=710 steps=22 |c1|=0.14789174
   t_2 = 0.08333333333330.0589255650989  kind=log nloc=710 steps=2 |c1|=0.49458162
   t_3 = 0.0833333333333-0.0589255650989  kind=log nloc=710 steps=2 |c1|=0.49458162
   xi_1 agreeing digits 155 : Re=0.56118534995005655737540153289 Im=-2.55359977550291947501116151448e-473
   xi_2 agreeing digits 155 : Re=0.175511334550076320815793281205 Im=0.2226689966106224621939079312
   xi_3 agreeing digits 155 : Re=0.175511334550076320815793281205 Im=-0.2226689966106224621939079312
   xi_2+xi_3 = 0.35102266910015264163158656241 (+ 0.0 i)

#### cls [0, 1, 2, 1, 1] row [6, 2, 64, 4, -40]  (rho = 0)
   t_1 = -0.50.0  kind=log nloc=509 steps=12 |c1|=0.14235251
   t_2 = 0.05-0.1  kind=log nloc=509 steps=2 |c1|=0.35588127
   t_3 = 0.050.1  kind=log nloc=509 steps=2 |c1|=0.35588127
   t_1 = -0.50.0  kind=log nloc=710 steps=12 |c1|=0.14235251
   t_2 = 0.05-0.1  kind=log nloc=710 steps=2 |c1|=0.35588127
   t_3 = 0.050.1  kind=log nloc=710 steps=2 |c1|=0.35588127
   xi_1 agreeing digits 155 : Re=-0.446013137175919030624048117674 Im=0.0
   xi_2 agreeing digits 155 : Re=0.0939462520386809907313096514163 Im=-0.241477179874622485565015886505
   xi_3 agreeing digits 155 : Re=0.0939462520386809907313096514163 Im=0.241477179874622485565015886505
   xi_2+xi_3 = 0.187892504077361981462619302833 (+ 0.0 i)

rows OK: 9   failed: 0   -> /home/ubuntu/code/math-modular-sources/lattice/four_term_deep/out/fold_existing.txt
