[0;31m  ***   Warning: new maximum stack size = 6000001024 (5722.047 Mbytes).[0m
[0;31m  ***   Warning: increasing stack size to 16000000.[0m
[0;31m  ***   Warning: increasing stack size to 32000000.[0m
row                 |  p | mu1=v(a_N)/N | sigma_p (meas) | v_p(c) | agree?
A     (7,2,-8)  R2 | 2 | 0.010666666666666666666666666666666666667 | 2.9759982210362463864798754725372470536 | 3 | YES
A     (7,2,-8)  R2 | 3 | 0 | -0.0013342228152101400933955970647098065377 | 0 | YES
A     (7,2,-8)  R2 | 5 | 0.0013333333333333333333333333333333333333 | -0.0066693351122970869468534578607960862797 | 0 | YES
A     (7,2,-8)  R2 | 7 | 0 | 0 | 0 | YES
A     (7,2,-8)  R2 | 11 | 0 | 0 | 0 | YES
A     (7,2,-8)  R2 | 13 | 0 | 0 | 0 | YES
B     (9,3,27)  R2 | 2 | 0 | -0.0026684456304202801867911941294196130754 | 0 | YES
B     (9,3,27)  R2 | 3 | 0.0040000000000000000000000000000000000000 | 2.9906657771847898599066044029352901935 | 3 | YES
B     (9,3,27)  R2 | 5 | 0 | -0.0040026684456304202801867911941294196131 | 0 | YES
B     (9,3,27)  R2 | 7 | 0 | 0 | 0 | YES
B     (9,3,27)  R2 | 11 | 0 | 0 | 0 | YES
B     (9,3,27)  R2 | 13 | 0 | 0 | 0 | YES
C     (10,3,9)  R2 | 2 | 0 | -0.0026684456304202801867911941294196130754 | 0 | YES
C     (10,3,9)  R2 | 3 | 0.0026666666666666666666666666666666666667 | 1.9933324438514565265732710696019568601 | 2 | YES
C     (10,3,9)  R2 | 5 | 0.0013333333333333333333333333333333333333 | -0.0066693351122970869468534578607960862797 | 0 | YES
C     (10,3,9)  R2 | 7 | 0 | 0 | 0 | YES
C     (10,3,9)  R2 | 11 | 0 | 0 | 0 | YES
C     (10,3,9)  R2 | 13 | 0 | 0 | 0 | YES
D z2  (11,3,-1) R2 | 2 | 0 | -0.0026684456304202801867911941294196130754 | 0 | YES
D z2  (11,3,-1) R2 | 3 | 0.0013333333333333333333333333333333333333 | -0.0040008894818768067600622637313764732044 | 0 | YES
D z2  (11,3,-1) R2 | 5 | 0 | -0.0040026684456304202801867911941294196131 | 0 | YES
D z2  (11,3,-1) R2 | 7 | 0 | 0 | 0 | YES
D z2  (11,3,-1) R2 | 11 | 0 | 0 | 0 | YES
D z2  (11,3,-1) R2 | 13 | 0 | 0 | 0 | YES
E     (12,4,32) R2 | 2 | 0.0093333333333333333333333333333333333333 | 4.9786648877029130531465421392039137203 | 5 | YES
E     (12,4,32) R2 | 3 | 0 | -0.0013342228152101400933955970647098065377 | 0 | YES
E     (12,4,32) R2 | 5 | 0.0013333333333333333333333333333333333333 | -0.0066693351122970869468534578607960862797 | 0 | YES
E     (12,4,32) R2 | 7 | 0 | 0 | 0 | YES
E     (12,4,32) R2 | 11 | 0 | 0 | 0 | YES
E     (12,4,32) R2 | 13 | 0.00066666666666666666666666666666666666667 | -0.0013333333333333333333333333333333333333 | 0 | YES
F     (17,6,72) R2 | 2 | 0.010666666666666666666666666666666666667 | 2.9759982210362463864798754725372470536 | 3 | YES
F     (17,6,72) R2 | 3 | 0.0026666666666666666666666666666666666667 | 1.9933324438514565265732710696019568601 | 2 | YES
F     (17,6,72) R2 | 5 | 0 | -0.0040026684456304202801867911941294196131 | 0 | YES
F     (17,6,72) R2 | 7 | 0.0026666666666666666666666666666666666667 | -0.0053333333333333333333333333333333333333 | 0 | YES
F     (17,6,72) R2 | 11 | 0 | 0 | 0 | YES
F     (17,6,72) R2 | 13 | 0 | 0 | 0 | YES
gamma z3        R3 | 2 | 0 | -0.0040026684456304202801867911941294196131 | 0 | YES
gamma z3        R3 | 3 | 0 | -0.0020013342228152101400933955970647098065 | 0 | YES
gamma z3        R3 | 5 | 0 | -0.0060040026684456304202801867911941294196 | 0 | YES
gamma z3        R3 | 7 | 0 | 0 | 0 | YES
gamma z3        R3 | 11 | 0 | 0 | 0 | YES
gamma z3        R3 | 13 | 0 | 0 | 0 | YES
alpha Domb      R3 | 2 | 0.015333333333333333333333333333333333333 | 5.9653306648877029130531465421392039137 | 6 | YES
alpha Domb      R3 | 3 | 0 | -0.0020013342228152101400933955970647098065 | 0 | YES
alpha Domb      R3 | 5 | 0 | -0.0060040026684456304202801867911941294196 | 0 | YES
alpha Domb      R3 | 7 | 0.0026666666666666666666666666666666666667 | -0.0053333333333333333333333333333333333333 | 0 | YES
alpha Domb      R3 | 11 | 0 | 0 | 0 | YES
alpha Domb      R3 | 13 | 0 | 0 | 0 | YES
delta (7,3,81)  R3 | 2 | 0 | -0.0040026684456304202801867911941294196131 | 0 | YES
delta (7,3,81)  R3 | 3 | 0.0053333333333333333333333333333333333333 | 3.9873319991105181231932399377362686235 | 4 | YES
delta (7,3,81)  R3 | 5 | 0 | -0.0060040026684456304202801867911941294196 | 0 | YES
delta (7,3,81)  R3 | 7 | 0 | 0 | 0 | YES
delta (7,3,81)  R3 | 11 | 0 | 0 | 0 | YES
delta (7,3,81)  R3 | 13 | 0 | 0 | 0 | YES
eps   (12,4,16) R3 | 2 | 0.014000000000000000000000000000000000000 | 3.9679973315543695797198132088058705804 | 4 | YES
eps   (12,4,16) R3 | 3 | 0 | -0.0020013342228152101400933955970647098065 | 0 | YES
eps   (12,4,16) R3 | 5 | 0.0013333333333333333333333333333333333333 | -0.0086706693351122970869468534578607960863 | 0 | YES
eps   (12,4,16) R3 | 7 | 0 | 0 | 0 | YES
eps   (12,4,16) R3 | 11 | 0.0013333333333333333333333333333333333333 | -0.0026666666666666666666666666666666666667 | 0 | YES
eps   (12,4,16) R3 | 13 | 0 | 0 | 0 | YES
zeta  (9,3,-27) R3 | 2 | 0 | -0.0040026684456304202801867911941294196131 | 0 | YES
zeta  (9,3,-27) R3 | 3 | 0.0066666666666666666666666666666666666667 | 2.9846653324438514565265732710696019569 | 3 | YES
zeta  (9,3,-27) R3 | 5 | 0 | -0.0060040026684456304202801867911941294196 | 0 | YES
zeta  (9,3,-27) R3 | 7 | 0 | 0 | 0 | YES
zeta  (9,3,-27) R3 | 11 | 0.0013333333333333333333333333333333333333 | -0.0026666666666666666666666666666666666667 | 0 | YES
zeta  (9,3,-27) R3 | 13 | 0 | 0 | 0 | YES
eta   (11,5,125)R3 | 2 | 0 | -0.0040026684456304202801867911941294196131 | 0 | YES
eta   (11,5,125)R3 | 3 | 0 | -0.0020013342228152101400933955970647098065 | 0 | YES
eta   (11,5,125)R3 | 5 | 0.0013333333333333333333333333333333333333 | 2.9913293306648877029130531465421392039 | 3 | YES
eta   (11,5,125)R3 | 7 | 0.0026666666666666666666666666666666666667 | -0.0053333333333333333333333333333333333333 | 0 | YES
eta   (11,5,125)R3 | 11 | 0 | 0 | 0 | YES
eta   (11,5,125)R3 | 13 | 0.00066666666666666666666666666666666666667 | -0.0013333333333333333333333333333333333333 | 0 | YES
s18 Cooper      R3 | 2 | 0.0046666666666666666666666666666666666667 | -0.0026622192572826328663553480097843006449 | 6 | ** NO **
s18 Cooper      R3 | 3 | 0.0053333333333333333333333333333333333333 | 0.99133466755614854347342672893039804314 | 1 | YES
s18 Cooper      R3 | 5 | 0 | -0.00066711140760507004669779853235490326885 | 0 | YES
s18 Cooper      R3 | 7 | 0 | 0.0020013342228152101400933955970647098065 | 0 | YES
s18 Cooper      R3 | 11 | 0 | 0.0013342228152101400933955970647098065377 | 0 | YES
s18 Cooper      R3 | 13 | 0.00066666666666666666666666666666666666667 | 0.0013351122970869468534578607960862797421 | 0 | YES
cusp L(f,2) N=12   | 2 | 0.010666666666666666666666666666666666667 | 1.9866720035579275072270402490549255059 | 6 | ** NO **
cusp L(f,2) N=12   | 3 | 0.0026666666666666666666666666666666666667 | 3.5579275072270402490549255058928174338 E-6 | 0 | YES
cusp L(f,2) N=12   | 5 | 0 | 0 | 0 | YES
cusp L(f,2) N=12   | 7 | 0.0026666666666666666666666666666666666667 | -0.0026648877029130531465421392039137202580 | 0 | YES
cusp L(f,2) N=12   | 11 | 0 | 0 | 0 | YES
cusp L(f,2) N=12   | 13 | 0.0026666666666666666666666666666666666667 | -0.0026648877029130531465421392039137202580 | 0 | YES

=== Zudilin Catalan row at the slope prime p=2: tower eigenvalues ===
[0;31m  ***   Warning: increasing stack size to 64000000.[0m
 a=1  v(rhoA-1)=[-4, -8, -16, -32, -64, -128, -256, -512, -1024, -2048, -4096]
        v(rhoB-1)=[-4, -8, -16, -32, -64, -128, -256, -512, -1024, -2048, -4096]
 a=2  v(rhoA-1)=[-8, -16, -32, -64, -128, -256, -512, -1024, -2048, -4096]
        v(rhoB-1)=[-8, -16, -32, -64, -128, -256, -512, -1024, -2048, -4096]
 a=3  v(rhoA-1)=[-12, -24, -48, -96, -192, -384, -768, -1536, -3072]
        v(rhoB-1)=[-12, -24, -48, -96, -192, -384, -768, -1536, -3072]

=== Zudilin: v_2(P_m/Q_m - xi) vs predicted 8m-1-4 s_2(m) ===
  m=5  v_2(P/Q - xi_ref)=31   8m-1-4s_2(m)=31
  m=10  v_2(P/Q - xi_ref)=71   8m-1-4s_2(m)=71
  m=17  v_2(P/Q - xi_ref)=127   8m-1-4s_2(m)=127
  m=32  v_2(P/Q - xi_ref)=251   8m-1-4s_2(m)=251
  m=33  v_2(P/Q - xi_ref)=255   8m-1-4s_2(m)=255
  m=64  v_2(P/Q - xi_ref)=507   8m-1-4s_2(m)=507
  m=100  v_2(P/Q - xi_ref)=787   8m-1-4s_2(m)=787
  m=127  v_2(P/Q - xi_ref)=987   8m-1-4s_2(m)=987
  m=128  v_2(P/Q - xi_ref)=1019   8m-1-4s_2(m)=1019
  m=200  v_2(P/Q - xi_ref)=1587   8m-1-4s_2(m)=1587
