[0;31m  ***   Warning: new maximum stack size = 6000001024 (5722.047 Mbytes).[0m
row                 |  p |   mu1  |   muC  | sigma_p | verdict
A     (7,2,-8)  R2 | 2 | -1/98 | 3 | 148/49 | LIMIT
A     (7,2,-8)  R2 | 3 | 0 | 1/49 | 1/49 | LIMIT
A     (7,2,-8)  R2 | 5 | 1/98 | 0 | -1/49 | DIVERGES
A     (7,2,-8)  R2 | 7 | 0 | 0 | 0 | flat(no limit)
A     (7,2,-8)  R2 | 11 | 0 | 0 | 0 | flat(no limit)
A     (7,2,-8)  R2 | 13 | 0 | -1/49 | -1/49 | DIVERGES
--------------------+----+--------+--------+---------+-------
B     (9,3,27)  R2 | 2 | 0 | 0 | 0 | flat(no limit)
B     (9,3,27)  R2 | 3 | -1/49 | 148/49 | 150/49 | LIMIT
B     (9,3,27)  R2 | 5 | 0 | 0 | 0 | flat(no limit)
B     (9,3,27)  R2 | 7 | 0 | 0 | 0 | flat(no limit)
B     (9,3,27)  R2 | 11 | 1/98 | 0 | -1/49 | DIVERGES
B     (9,3,27)  R2 | 13 | 0 | -1/49 | -1/49 | DIVERGES
--------------------+----+--------+--------+---------+-------
C     (10,3,9)  R2 | 2 | 0 | 0 | 0 | flat(no limit)
C     (10,3,9)  R2 | 3 | -3/98 | 99/49 | 102/49 | LIMIT
C     (10,3,9)  R2 | 5 | 1/98 | 0 | -1/49 | DIVERGES
C     (10,3,9)  R2 | 7 | 0 | 0 | 0 | flat(no limit)
C     (10,3,9)  R2 | 11 | 1/98 | 0 | -1/49 | DIVERGES
C     (10,3,9)  R2 | 13 | 0 | -1/49 | -1/49 | DIVERGES
--------------------+----+--------+--------+---------+-------
D z2  (11,3,-1) R2 | 2 | 0 | 0 | 0 | flat(no limit)
D z2  (11,3,-1) R2 | 3 | 0 | 1/49 | 1/49 | LIMIT
D z2  (11,3,-1) R2 | 5 | 0 | 0 | 0 | flat(no limit)
D z2  (11,3,-1) R2 | 7 | 0 | 0 | 0 | flat(no limit)
D z2  (11,3,-1) R2 | 11 | 1/49 | 0 | -2/49 | DIVERGES
D z2  (11,3,-1) R2 | 13 | 0 | -1/49 | -1/49 | DIVERGES
--------------------+----+--------+--------+---------+-------
E     (12,4,32) R2 | 2 | 1/49 | 5 | 243/49 | LIMIT
E     (12,4,32) R2 | 3 | 0 | 1/49 | 1/49 | LIMIT
E     (12,4,32) R2 | 5 | 1/98 | 0 | -1/49 | DIVERGES
E     (12,4,32) R2 | 7 | 0 | 0 | 0 | flat(no limit)
E     (12,4,32) R2 | 11 | 0 | 0 | 0 | flat(no limit)
E     (12,4,32) R2 | 13 | 0 | -1/49 | -1/49 | DIVERGES
--------------------+----+--------+--------+---------+-------
F     (17,6,72) R2 | 2 | -1/98 | 3 | 148/49 | LIMIT
F     (17,6,72) R2 | 3 | -3/98 | 99/49 | 102/49 | LIMIT
F     (17,6,72) R2 | 5 | 0 | 0 | 0 | flat(no limit)
F     (17,6,72) R2 | 7 | -1/98 | 0 | 1/49 | LIMIT
F     (17,6,72) R2 | 11 | 0 | 0 | 0 | flat(no limit)
F     (17,6,72) R2 | 13 | 1/98 | -1/49 | -2/49 | DIVERGES
--------------------+----+--------+--------+---------+-------
gamma z3 (17,5,1)R3 | 2 | 0 | 0 | 0 | flat(no limit)
gamma z3 (17,5,1)R3 | 3 | 0 | 3/98 | 3/98 | LIMIT
gamma z3 (17,5,1)R3 | 5 | 1/49 | 0 | -2/49 | DIVERGES
gamma z3 (17,5,1)R3 | 7 | 0 | 0 | 0 | flat(no limit)
gamma z3 (17,5,1)R3 | 11 | 1/98 | 0 | -1/49 | DIVERGES
gamma z3 (17,5,1)R3 | 13 | 0 | -3/98 | -3/98 | DIVERGES
--------------------+----+--------+--------+---------+-------
alpha Domb      R3 | 2 | 0 | 6 | 6 | LIMIT
alpha Domb      R3 | 3 | 0 | 3/98 | 3/98 | LIMIT
alpha Domb      R3 | 5 | 0 | 0 | 0 | flat(no limit)
alpha Domb      R3 | 7 | -1/98 | 0 | 1/49 | LIMIT
alpha Domb      R3 | 11 | 1/98 | 0 | -1/49 | DIVERGES
alpha Domb      R3 | 13 | 0 | -3/98 | -3/98 | DIVERGES
--------------------+----+--------+--------+---------+-------
delta (7,3,81)  R3 | 2 | 0 | 0 | 0 | flat(no limit)
delta (7,3,81)  R3 | 3 | -2/49 | 395/98 | 403/98 | LIMIT
delta (7,3,81)  R3 | 5 | 0 | 0 | 0 | flat(no limit)
delta (7,3,81)  R3 | 7 | 0 | 0 | 0 | flat(no limit)
delta (7,3,81)  R3 | 11 | 0 | 0 | 0 | flat(no limit)
delta (7,3,81)  R3 | 13 | 0 | -3/98 | -3/98 | DIVERGES
--------------------+----+--------+--------+---------+-------
eps   (12,4,16) R3 | 2 | 3/98 | 4 | 193/49 | LIMIT
eps   (12,4,16) R3 | 3 | 0 | 3/98 | 3/98 | LIMIT
eps   (12,4,16) R3 | 5 | 1/98 | 0 | -1/49 | DIVERGES
eps   (12,4,16) R3 | 7 | 0 | 0 | 0 | flat(no limit)
eps   (12,4,16) R3 | 11 | 0 | 0 | 0 | flat(no limit)
eps   (12,4,16) R3 | 13 | 0 | -3/98 | -3/98 | DIVERGES
--------------------+----+--------+--------+---------+-------
zeta  (9,3,-27) R3 | 2 | 0 | 0 | 0 | flat(no limit)
zeta  (9,3,-27) R3 | 3 | -3/98 | 297/98 | 303/98 | LIMIT
zeta  (9,3,-27) R3 | 5 | 0 | 0 | 0 | flat(no limit)
zeta  (9,3,-27) R3 | 7 | 0 | 0 | 0 | flat(no limit)
zeta  (9,3,-27) R3 | 11 | 0 | 0 | 0 | flat(no limit)
zeta  (9,3,-27) R3 | 13 | 0 | -3/98 | -3/98 | DIVERGES
--------------------+----+--------+--------+---------+-------
eta   (11,5,125)R3 | 2 | 0 | 0 | 0 | flat(no limit)
eta   (11,5,125)R3 | 3 | 0 | 3/98 | 3/98 | LIMIT
eta   (11,5,125)R3 | 5 | 2/49 | 3 | 143/49 | LIMIT
eta   (11,5,125)R3 | 7 | -1/98 | 0 | 1/49 | LIMIT
eta   (11,5,125)R3 | 11 | -1/98 | 0 | 1/49 | LIMIT
eta   (11,5,125)R3 | 13 | 0 | -3/98 | -3/98 | DIVERGES
--------------------+----+--------+--------+---------+-------
s18 Cooper      R3 | 2 | 1/98 | 1/49 | 0 | flat(no limit)
s18 Cooper      R3 | 3 | -5/98 | 48/49 | 53/49 | LIMIT
s18 Cooper      R3 | 5 | 1/98 | 3/98 | 1/98 | LIMIT
s18 Cooper      R3 | 7 | 1/98 | 1/98 | -1/98 | DIVERGES
s18 Cooper      R3 | 11 | 0 | 0 | 0 | flat(no limit)
s18 Cooper      R3 | 13 | 1/49 | 0 | -2/49 | DIVERGES
--------------------+----+--------+--------+---------+-------
cusp L(f,2) N=12   | 2 | 1/49 | 99/49 | 97/49 | LIMIT
cusp L(f,2) N=12   | 3 | -1/98 | 0 | 1/49 | LIMIT
cusp L(f,2) N=12   | 5 | 1/49 | 1/49 | -1/49 | DIVERGES
cusp L(f,2) N=12   | 7 | 0 | 0 | 0 | flat(no limit)
cusp L(f,2) N=12   | 11 | -1/98 | -1/49 | 0 | flat(no limit)
cusp L(f,2) N=12   | 13 | 2/49 | 1/49 | -3/49 | DIVERGES
--------------------+----+--------+--------+---------+-------
Zudilin Catalan    | 2 | -195/49 | 0 | 390/49 | LIMIT
Zudilin Catalan    | 3 | 0 | 0 | 0 | flat(no limit)
Zudilin Catalan    | 5 | 0 | 0 | 0 | flat(no limit)
Zudilin Catalan    | 7 | 0 | 0 | 0 | flat(no limit)
Zudilin Catalan    | 11 | 0 | 0 | 0 | flat(no limit)
Zudilin Catalan    | 13 | 0 | -1/49 | -1/49 | DIVERGES
--------------------+----+--------+--------+---------+-------
