[0;31m  ***   Warning: new maximum stack size = 6000001024 (5722.047 Mbytes).[0m
[0;31m  ***   Warning: increasing stack size to 16000000.[0m
=== Zudilin Catalan row, w+1 = 2 ===
[0;31m  ***   Warning: increasing stack size to 32000000.[0m
Zud  p=3 a=1  v(rhoA-1)=[1, 2, 3, 4, 5, 6, 7]
        v(+p^2rhoB-1)=[0, 0, 0, 0, 0, 0, 0]   v(-p^2rhoB-1)=[1, 2, 3, 4, 5, 6, 7]
Zud  p=3 a=2  v(rhoA-1)=[1, 2, 3, 4, 5, 6]
        v(+p^2rhoB-1)=[0, 0, 0, 0, 0, 0]   v(-p^2rhoB-1)=[1, 2, 3, 4, 5, 6]
Zud  p=5 a=1  v(rhoA-1)=[1, 2, 3, 4]
        v(+p^2rhoB-1)=[1, 2, 3, 4]   v(-p^2rhoB-1)=[0, 0, 0, 0]
Zud  p=5 a=2  v(rhoA-1)=[1, 2, 3, 4]
        v(+p^2rhoB-1)=[1, 2, 3, 4]   v(-p^2rhoB-1)=[0, 0, 0, 0]
Zud  p=7 a=1  v(rhoA-1)=[1, 2, 3]
        v(+p^2rhoB-1)=[0, 0, 0]   v(-p^2rhoB-1)=[1, 2, 3]
Zud  p=7 a=2  v(rhoA-1)=[1, 2, 3]
        v(+p^2rhoB-1)=[0, 0, 0]   v(-p^2rhoB-1)=[1, 2, 3]
Zud  p=11 a=1  v(rhoA-1)=[1, 2, 3]
        v(+p^2rhoB-1)=[0, 0, 0]   v(-p^2rhoB-1)=[1, 2, 3]
Zud  p=11 a=2  v(rhoA-1)=[1, 2]
        v(+p^2rhoB-1)=[0, 0]   v(-p^2rhoB-1)=[1, 2]
=== Brown-Zudilin zeta(5) row, w+1 = 5 ===
BZ   p=2 a=1  v(rhoA-1)=[3, 6, 9, 12, 15, 18, 21, 24, 27]
        v(+p^5rhoB-1)=[2, 5, 8, 11, 14, 17, 20, 23, 26]   v(-p^5rhoB-1)=[1, 1, 1, 1, 1, 1, 1, 1, 1]
BZ   p=2 a=2  v(rhoA-1)=[6, 9, 12, 15, 18, 21, 24, 27]
        v(+p^5rhoB-1)=[5, 8, 11, 14, 17, 20, 23, 26]   v(-p^5rhoB-1)=[1, 1, 1, 1, 1, 1, 1, 1]
BZ   p=3 a=1  v(rhoA-1)=[2, 5, 8, 11, 14, 17]
        v(+p^5rhoB-1)=[1, 4, 7, 10, 13, 16]   v(-p^5rhoB-1)=[0, 0, 0, 0, 0, 0]
BZ   p=3 a=2  v(rhoA-1)=[2, 5, 8, 11, 14]
        v(+p^5rhoB-1)=[3, 6, 9, 12, 15]   v(-p^5rhoB-1)=[0, 0, 0, 0, 0]
BZ   p=5 a=1  v(rhoA-1)=[3, 6, 9, 12]
        v(+p^5rhoB-1)=[6, 8, 11, 14]   v(-p^5rhoB-1)=[0, 0, 0, 0]
BZ   p=5 a=2  v(rhoA-1)=[3, 6, 9]
        v(+p^5rhoB-1)=[3, 6, 9]   v(-p^5rhoB-1)=[0, 0, 0]
BZ   p=7 a=1  v(rhoA-1)=[2, 5, 8]
        v(+p^5rhoB-1)=[3, 6, 9]   v(-p^5rhoB-1)=[0, 0, 0]
BZ   p=7 a=2  v(rhoA-1)=[2, 5, 8]
        v(+p^5rhoB-1)=[1, 4, 7]   v(-p^5rhoB-1)=[0, 0, 0]
=== BZ zeta(3) direction (Phat), w+1 = 3 ? ===
BZh  p=2 a=1  v(rhoA-1)=[3, 6, 9, 12, 15, 18, 21, 24, 27]
        v(+p^3rhoB-1)=[2, 5, 8, 11, 14, 17, 20, 23, 26]   v(-p^3rhoB-1)=[1, 1, 1, 1, 1, 1, 1, 1, 1]
BZh  p=2 a=2  v(rhoA-1)=[6, 9, 12, 15, 18, 21, 24, 27]
        v(+p^3rhoB-1)=[5, 8, 11, 14, 17, 20, 23, 26]   v(-p^3rhoB-1)=[1, 1, 1, 1, 1, 1, 1, 1]
BZh  p=3 a=1  v(rhoA-1)=[2, 5, 8, 11, 14, 17]
        v(+p^3rhoB-1)=[2, 5, 8, 11, 14, 17]   v(-p^3rhoB-1)=[0, 0, 0, 0, 0, 0]
BZh  p=3 a=2  v(rhoA-1)=[2, 5, 8, 11, 14]
        v(+p^3rhoB-1)=[3, 6, 9, 12, 15]   v(-p^3rhoB-1)=[0, 0, 0, 0, 0]
