N=  2 divs= 2 mu=   3  #t=    1  #F=     0  pairs=0
N=  3 divs= 2 mu=   4  #t=    1  #F=     0  pairs=0
N=  4 divs= 3 mu=   6  #t=    8  #F=     2  pairs=16
N=  5 divs= 2 mu=   6  #t=    1  #F=     1  pairs=1
N=  6 divs= 4 mu=  12  #t=   48  #F=     6  pairs=288
N=  7 divs= 2 mu=   8  #t=    1  #F=     0  pairs=0
N=  8 divs= 4 mu=  12  #t=   48  #F=     6  pairs=288
N=  9 divs= 3 mu=  12  #t=    4  #F=     2  pairs=8
N= 10 divs= 4 mu=  18  #t=   48  #F=    10  pairs=480
N= 11 divs= 2 mu=  12  #t=    0  #F=     0  pairs=0
N= 12 divs= 6 mu=  24  #t=  780  #F=    70  pairs=54600
N= 13 divs= 2 mu=  14  #t=    1  #F=     0  pairs=0
N= 14 divs= 4 mu=  24  #t=    9  #F=     2  pairs=18
N= 15 divs= 4 mu=  24  #t=   12  #F=     4  pairs=48
N= 16 divs= 5 mu=  24  #t=  110  #F=    22  pairs=2420
N= 17 divs= 2 mu=  18  #t=    0  #F=     0  pairs=0
N= 18 divs= 6 mu=  36  #t=  212  #F=    80  pairs=16960
N= 19 divs= 2 mu=  20  #t=    0  #F=     0  pairs=0
N= 20 divs= 6 mu=  36  #t=  260  #F=    72  pairs=18720
N= 21 divs= 4 mu=  32  #t=   12  #F=     0  pairs=0
N= 22 divs= 4 mu=  36  #t=    1  #F=     1  pairs=1
N= 23 divs= 2 mu=  24  #t=    0  #F=     0  pairs=0
N= 24 divs= 8 mu=  48  #t= 1596  #F=   761  pairs=1214556
N= 25 divs= 3 mu=  30  #t=    2  #F=     2  pairs=4
N= 26 divs= 4 mu=  42  #t=    2  #F=     2  pairs=4
N= 27 divs= 4 mu=  36  #t=    5  #F=     5  pairs=25
N= 28 divs= 6 mu=  48  #t=   20  #F=    20  pairs=400
N= 29 divs= 2 mu=  30  #t=    0  #F=     0  pairs=0
N= 30 divs= 8 mu=  72  #t=   84  #F=   204  pairs=17136
N= 31 divs= 2 mu=  32  #t=    0  #F=     0  pairs=0
N= 32 divs= 6 mu=  48  #t=  102  #F=   105  pairs=10710
N= 33 divs= 4 mu=  48  #t=    1  #F=     1  pairs=1
N= 34 divs= 4 mu=  54  #t=    0  #F=     0  pairs=0
N= 35 divs= 4 mu=  48  #t=    2  #F=     3  pairs=6
N= 36 divs= 9 mu=  72  #t=  452  #F=  1841  pairs=832132
N= 37 divs= 2 mu=  38  #t=    0  #F=     0  pairs=0
N= 38 divs= 4 mu=  60  #t=    0  #F=     1  pairs=0
N= 39 divs= 4 mu=  56  #t=    2  #F=     0  pairs=0
N= 40 divs= 8 mu=  72  #t=   99  #F=   271  pairs=26829
N= 41 divs= 2 mu=  42  #t=    0  #F=     0  pairs=0
N= 42 divs= 8 mu=  96  #t=   10  #F=    77  pairs=770
N= 43 divs= 2 mu=  44  #t=    0  #F=     0  pairs=0
N= 44 divs= 6 mu=  72  #t=    2  #F=     7  pairs=14
N= 45 divs= 6 mu=  72  #t=    8  #F=    18  pairs=144
N= 46 divs= 4 mu=  72  #t=    1  #F=     1  pairs=1
N= 47 divs= 2 mu=  48  #t=    0  #F=     0  pairs=0
N= 48 divs=10 mu=  96  #t=  212  #F=  3957  pairs=838884
N= 49 divs= 3 mu=  56  #t=    0  #F=     0  pairs=0
N= 50 divs= 6 mu=  90  #t=    2  #F=    22  pairs=44
N= 51 divs= 4 mu=  72  #t=    0  #F=     1  pairs=0
N= 52 divs= 6 mu=  84  #t=    3  #F=     6  pairs=18
N= 53 divs= 2 mu=  54  #t=    0  #F=     0  pairs=0
N= 54 divs= 8 mu= 108  #t=    3  #F=   235  pairs=705
N= 55 divs= 4 mu=  72  #t=    0  #F=     0  pairs=0
N= 56 divs= 8 mu=  96  #t=    5  #F=    96  pairs=480
N= 57 divs= 4 mu=  80  #t=    0  #F=     0  pairs=0
N= 58 divs= 4 mu=  90  #t=    0  #F=     0  pairs=0
N= 59 divs= 2 mu=  60  #t=    0  #F=     0  pairs=0
