[0;31m  ***   Warning: new maximum stack size = 12000002048 (11444.094 Mbytes).[0m

---- CALEGARI's X_1(4) Catalan row (control) :  P(n) = -32n^2 + 0n + 4,  c = 256,  r = 1 ----
  A_n integral to 600;  k = 2;  measured log max(|A|,|B|)/n at n=400,500,600 = [2.74951134099857622926084343291945712868229287939629930910035, 2.75350787909383525553461730723865284722767002306469805131574, 2.75626582373875982178560632846850355409190566228564965235635]
  char. roots of x^2--32x+256:  lambda_1 = 16.0000000000000000000000000000000000000000000000000000000000  (log = 2.77258872223978123766892848583270627230200053744102101648272)
  p = 2:  sigma_p = 7.96000000000000000000000000000000000000000000000000000000000   kappa_p = -0.0133333333333333333333333333333333333333333333333333333333333   max v_p(A_n), n<=600 = 18
  nonvanishing OK: B_n/A_n differs at n=400,500,600
  xi_p: not rational (height<10^6) and no low-height KL match
  ==> S_p =  +0.74486,  theta_p =  1.156071

---- aq=-32 family, r=2 :  P(n) = -32n^2 + 32n + 4,  c = 256,  r = 2 ----
  A_n integral to 600;  k = 2;  measured log max(|A|,|B|)/n at n=400,500,600 = [2.74756556770165711010490775268009802577287828451238401403662, 2.75190001265017827463540161995195592551665002228684057061970, 2.75489190790706564248114717174476396778909650252098867283354]
  char. roots of x^2--32x+256:  lambda_1 = 16.0000000000000000000000000000000000000000000000000000000000  (log = 2.77258872223978123766892848583270627230200053744102101648272)
  p = 2:  sigma_p = 7.96000000000000000000000000000000000000000000000000000000000   kappa_p = -0.0133333333333333333333333333333333333333333333333333333333333   max v_p(A_n), n<=600 = 18
  nonvanishing OK: B_n/A_n differs at n=400,500,600
  xi_p: not rational (height<10^6) and no low-height KL match
  ==> S_p =  +0.74486,  theta_p =  1.156071

---- aq=-32 family, r=2, cq=20 :  P(n) = -32n^2 + 32n + 20,  c = 256,  r = 2 ----
  A_n integral to 600;  k = 2;  measured log max(|A|,|B|)/n at n=400,500,600 = [2.73535512396075714685314083809225229179446410019347849189380, 2.74173955353083348418757808523213475404448718119332653602316, 2.74615703327497116616328839989662184740977071900446573330500]
  char. roots of x^2--32x+256:  lambda_1 = 16.0000000000000000000000000000000000000000000000000000000000  (log = 2.77258872223978123766892848583270627230200053744102101648272)
  p = 2:  sigma_p = 7.96000000000000000000000000000000000000000000000000000000000   kappa_p = -0.0133333333333333333333333333333333333333333333333333333333333   max v_p(A_n), n<=600 = 18
  nonvanishing OK: B_n/A_n differs at n=400,500,600
  xi_p: not rational (height<10^6) and no low-height KL match
  ==> S_p =  +0.74486,  theta_p =  1.156071

---- aq=-32 family, r=3 :  P(n) = -32n^2 + 64n + 20,  c = 256,  r = 3 ----
  A_n integral to 600;  k = 2;  measured log max(|A|,|B|)/n at n=400,500,600 = [2.73361154942633487413857110178386915555905538507799808812780, 2.74028874885514250438312308986724728382275127553729180623481, 2.74491100773658571617515118510427480070996817758382369951657]
  char. roots of x^2--32x+256:  lambda_1 = 16.0000000000000000000000000000000000000000000000000000000000  (log = 2.77258872223978123766892848583270627230200053744102101648272)
  p = 2:  sigma_p = 7.96000000000000000000000000000000000000000000000000000000000   kappa_p = -0.0133333333333333333333333333333333333333333333333333333333333   max v_p(A_n), n<=600 = 18
  nonvanishing OK: B_n/A_n differs at n=400,500,600
  xi_p: not rational (height<10^6) and no low-height KL match
  ==> S_p =  +0.74486,  theta_p =  1.156071

---- aq=+32 family, r=1 :  P(n) = 32n^2 + -32n + 4,  c = 256,  r = 1 ----
  A_n NOT integral to 600 -- REJECTED

---- aq=+32 family, r=0 :  P(n) = 32n^2 + 0n + 4,  c = 256,  r = 0 ----
  A_n NOT integral to 600 -- REJECTED

---- aq=0, c=-64 family, small member :  P(n) = 0n^2 + -8n + 4,  c = -64,  r = 2 ----
  A_n integral to 600;  k = 2;  measured log max(|A|,|B|)/n at n=400,500,600 = [2.03925558398234608681407347958267179206063049229273087994250, 2.04617546102252026306981106423221059111474994622388317968612, 2.05095924798189831101235660911734048819598239399835364447583]
  char. roots of x^2-0x+-64:  lambda_1 = 8.00000000000000000000000000000000000000000000000000000000000  (log = 2.07944154167983592825169636437452970422650040308076576236204)
  p = 2:  sigma_p = 5.96000000000000000000000000000000000000000000000000000000000   kappa_p = -0.0133333333333333333333333333333333333333333333333333333333333   max v_p(A_n), n<=600 = 18
  nonvanishing OK: B_n/A_n differs at n=400,500,600
  xi_p: not rational (height<10^6) and no low-height KL match
  ==> S_p =  +0.05172,  theta_p =  1.012677

---- aq=0, c=-64 family :  P(n) = 0n^2 + -16n + 8,  c = -64,  r = 2 ----
  A_n integral to 600;  k = 2;  measured log max(|A|,|B|)/n at n=400,500,600 = [2.03765482737066613398303650595168487468558592037713792256779, 2.04511860280283365464313126056141779496502955942531622168362, 2.05023080160243495186644870317355361823030304637928039892317]
  char. roots of x^2-0x+-64:  lambda_1 = 8.00000000000000000000000000000000000000000000000000000000000  (log = 2.07944154167983592825169636437452970422650040308076576236204)
[0;31m[0;31m  ***   at top-level:[0;35m analyse(0,-16,8,-64,2,"aq=0, c=-64 family")
[0;31m[0;31m  ***                 ^-------------------------------------------
[0;31m  ***   in function analyse: ...[0;35my(pp=fc[j]);my(xi=bb[N+1][0;35m/aa[N+1]);my(v1=valua
[0;31m[0;31m  ***                                                    ^---------------------
  *** _/_: impossible inverse in gdiv: 0.[0m
... skipping file '20_analyse.gp'

---- aq=0, c=-64 family, large member :  P(n) = 0n^2 + -2568n + 1284,  c = -64,  r = 2 ----
  A_n integral to 600;  k = 2;  measured log max(|A|,|B|)/n at n=400,500,600 = [3.09300457246689642393510632382291094722868375354895772233333, 2.95921702511354501504578430193068857195112272750405181279671, 2.85982568949136901729950219461513437994585107778956506188043]
  char. roots of x^2-0x+-64:  lambda_1 = 8.00000000000000000000000000000000000000000000000000000000000  (log = 2.07944154167983592825169636437452970422650040308076576236204)
  p = 2:  sigma_p = 5.96000000000000000000000000000000000000000000000000000000000   kappa_p = -0.0133333333333333333333333333333333333333333333333333333333333   max v_p(A_n), n<=600 = 18
  nonvanishing OK: B_n/A_n differs at n=400,500,600
  xi_p: not rational (height<10^6) and no low-height KL match
  ==> S_p =  +0.05172,  theta_p =  1.012677

---- aq=0, c=-256 family, small member :  P(n) = 0n^2 + -8n + 4,  c = -256,  r = 2 ----
  A_n integral to 600;  k = 2;  measured log max(|A|,|B|)/n at n=400,500,600 = [2.72895786221300277869246625789649906193117916422326018773594, 2.73644909216493582605460302155591211860943075971569930831188, 2.74163208924894894801442623987573887622915532541496746251936]
  char. roots of x^2-0x+-256:  lambda_1 = 16.0000000000000000000000000000000000000000000000000000000000  (log = 2.77258872223978123766892848583270627230200053744102101648272)
  p = 2:  sigma_p = 7.96000000000000000000000000000000000000000000000000000000000   kappa_p = -0.0133333333333333333333333333333333333333333333333333333333333   max v_p(A_n), n<=600 = 18
  nonvanishing OK: B_n/A_n differs at n=400,500,600
  xi_p: not rational (height<10^6) and no low-height KL match
  ==> S_p =  +0.74486,  theta_p =  1.156071

---- aq=0, c=-256 family, large member :  P(n) = 0n^2 + -2568n + 1284,  c = -256,  r = 2 ----
  A_n integral to 600;  k = 2;  measured log max(|A|,|B|)/n at n=400,500,600 = [3.39635196429292660551476287870065876690191511835307161520787, 3.30592915177082940302215043472079604955401453837161756413002, 3.24045059237873527206652647735625252118754093025324274743981]
  char. roots of x^2-0x+-256:  lambda_1 = 16.0000000000000000000000000000000000000000000000000000000000  (log = 2.77258872223978123766892848583270627230200053744102101648272)
  p = 2:  sigma_p = 7.96000000000000000000000000000000000000000000000000000000000   kappa_p = -0.0133333333333333333333333333333333333333333333333333333333333   max v_p(A_n), n<=600 = 18
  nonvanishing OK: B_n/A_n differs at n=400,500,600
  xi_p: not rational (height<10^6) and no low-height KL match
  ==> S_p =  +0.74486,  theta_p =  1.156071

---- aq=0, c=-64, r=0 :  P(n) = 0n^2 + 8n + 4,  c = -64,  r = 0 ----
  A_n integral to 600;  k = 2;  measured log max(|A|,|B|)/n at n=400,500,600 = [2.07093495721208690895910752906245347078740260106749231799138, 2.07241326646328874097631194266778505076447132786921939234606, 2.07343278652539907524851154108152386638371003587789776293858]
  char. roots of x^2-0x+-64:  lambda_1 = 8.00000000000000000000000000000000000000000000000000000000000  (log = 2.07944154167983592825169636437452970422650040308076576236204)
  p = 2:  sigma_p = 5.96000000000000000000000000000000000000000000000000000000000   kappa_p = -0.0133333333333333333333333333333333333333333333333333333333333   max v_p(A_n), n<=600 = 18
  nonvanishing OK: B_n/A_n differs at n=400,500,600
  xi_2 = -1/2 * L_2(2,1)   [to 2^3533]
  ==> S_p =  +0.05172,  theta_p =  1.012677

---- aq=0, c=-256, r=0 :  P(n) = 0n^2 + 8n + 4,  c = -256,  r = 0 ----
  A_n integral to 600;  k = 2;  measured log max(|A|,|B|)/n at n=400,500,600 = [2.75959357217474132890446024050600280549302445013384661013228, 2.76185446761284339098404377706044261724700390777659295915684, 2.76341347787658366644421727827890960276800414169803707024581]
  char. roots of x^2-0x+-256:  lambda_1 = 16.0000000000000000000000000000000000000000000000000000000000  (log = 2.77258872223978123766892848583270627230200053744102101648272)
  p = 2:  sigma_p = 7.96000000000000000000000000000000000000000000000000000000000   kappa_p = -0.0133333333333333333333333333333333333333333333333333333333333   max v_p(A_n), n<=600 = 18
  nonvanishing OK: B_n/A_n differs at n=400,500,600
  xi_p: not rational (height<10^6) and no low-height KL match
  ==> S_p =  +0.74486,  theta_p =  1.156071
