[0;31m  ***   Warning: new maximum stack size = 12000002048 (11444.094 Mbytes).[0m

=== P(n)=-32n^2+0n+4,  c=256,  r=1 ===
  sigma_2 = 7.96000000000000000000000000000000000000000000000000000000000,  xi_2 known to 2^3940
  xi_2 = (2 + 4 * L_2(2,1)) / -32

=== P(n)=-32n^2+32n+4,  c=256,  r=2 ===
  sigma_2 = 7.96000000000000000000000000000000000000000000000000000000000,  xi_2 known to 2^3940
  xi_2 = (504 + -720 * L_2(2,1)) / -40960

=== P(n)=-32n^2+32n+20,  c=256,  r=2 ===
  sigma_2 = 7.96000000000000000000000000000000000000000000000000000000000,  xi_2 known to 2^3940
  xi_2 = (104 + 144 * L_2(2,1)) / -8192

=== P(n)=-32n^2+64n+20,  c=256,  r=3 ===
  sigma_2 = 7.96000000000000000000000000000000000000000000000000000000000,  xi_2 known to 2^3940
  xi_2 = (-754 + 1260 * L_2(2,1)) / 645120

=== P(n)=-32n^2+64n+36,  c=256,  r=3 ===
  sigma_2 = 7.96000000000000000000000000000000000000000000000000000000000,  xi_2 known to 2^3940
  xi_2 = (778 + 900 * L_2(2,1)) / -460800

=== P(n)=0n^2+8n+4,  c=-256,  r=0 ===
  sigma_2 = 7.96000000000000000000000000000000000000000000000000000000000,  xi_2 known to 2^3940
  no affine Kubota-Leopoldt relation of height < 10^6 found

=== P(n)=0n^2+16n+8,  c=-256,  r=0 ===
  sigma_2 = 5.96000000000000000000000000000000000000000000000000000000000,  xi_2 known to 2^2940
  xi_2 = (0 + 8 * L_2(2,1)) / -32

=== P(n)=0n^2+-8n+4,  c=-256,  r=2 ===
  sigma_2 = 7.96000000000000000000000000000000000000000000000000000000000,  xi_2 known to 2^3940
  no affine Kubota-Leopoldt relation of height < 10^6 found

=== P(n)=0n^2+-2568n+1284,  c=-256,  r=2 ===
  sigma_2 = 7.96000000000000000000000000000000000000000000000000000000000,  xi_2 known to 2^3940
  no affine Kubota-Leopoldt relation of height < 10^6 found

=== P(n)=0n^2+8n+4,  c=-64,  r=0 ===
  sigma_2 = 5.96000000000000000000000000000000000000000000000000000000000,  xi_2 known to 2^2940
  xi_2 = (0 + -4 * L_2(2,1)) / 8

=== P(n)=0n^2+16n+8,  c=-64,  r=0 ===
  sigma_2 = 0,  xi_2 known to 2^-40
[0;31m[0;31m  ***   at top-level: ...[0;35ms=2,3,for(j=1,#CHV,my(lv=[0;35mLp(pp,CHV[j],s,PR+10)
[0;31m[0;31m  ***                                             ^---------------------
[0;31m  ***   in function Lp: ...[0;35m*bern(j);tt*=x);tot+=c*br[0;35m^(1-s)*inn);tot/(F*(s
[0;31m[0;31m  ***                                               ^---------------------
  *** _^_: impossible inverse in ginv: O(2^-22).[0m
... skipping file '20_ident.gp'
