[0;31m  ***   Warning: new maximum stack size = 6000001024 (5722.047 Mbytes).[0m
=== Calegari sec.3: zeta_p(3) rows on X_0(p), p = 2,3,5,7,13 ===

p = 2
  b_0..b_6 = [1, 24, -552, 19392, -810024, 37210944, -1815620160]
  a_0..a_6 = [0, 1, 1, -8072/27, 160841/9, -1088512616/1125, 175310024408/3375]
  k (lcm exponent for a_n, n<=60) = 3   [Calegari: 2k+1 = 3]
  measured v_p(a_n - b_n eta)/n  : [[50, 582, 11.6400000000000000000000000000000000000000000000000000000000], [100, 1179, 11.7900000000000000000000000000000000000000000000000000000000], [150, 1779, 11.8600000000000000000000000000000000000000000000000000000000]]
     [Calegari sigma_p = 12/(p-1) = 12]
  measured log max(|a|,|b|)/n    : [[50, 4.02281324004148941162690650712056386853316887616009898335423], [100, 4.08045867611227296533693817803055690511842233737249861866179], [150, 4.10254722078966607738395264969403748064703268147223160106158]]
     [Calegari log lambda_1 = (6/(p-1))log p = 4.15888308335967185650339272874905940845300080616153152472408]

p = 3
  b_0..b_6 = [2, 24, -216, 3048, -51768, 973944, -19555560]
  a_0..a_6 = [0, 2, 9/4, -133, 101577/32, -70631109/1000, 1571295357/1000]
  k (lcm exponent for a_n, n<=60) = 3   [Calegari: 2k+1 = 3]
  measured v_p(a_n - b_n eta)/n  : [[50, 287, 5.74000000000000000000000000000000000000000000000000000000000], [100, 592, 5.92000000000000000000000000000000000000000000000000000000000], [150, 884, 5.89333333333333333333333333333333333333333333333333333333333]]
     [Calegari sigma_p = 12/(p-1) = 6]
  measured log max(|a|,|b|)/n    : [[50, 3.16635263139891592959059672596027688725787402134118993213093], [100, 3.21959677630916904681775473507271484560248332611880599425796], [150, 3.24051958243521755358157546394047374800449188834114531494824]]
     [Calegari log lambda_1 = (6/(p-1))log p = 3.29583686600432907418573571076757711394247167346824835520408]

p = 5
  b_0..b_6 = [4, 24, -72, 312, -1320, 2616, 47736]
  a_0..a_6 = [0, 4, 9/2, -1589/27, 67505/144, -80299/24, 505771/24]
  k (lcm exponent for a_n, n<=60) = 3   [Calegari: 2k+1 = 3]
  measured v_p(a_n - b_n eta)/n  : [[50, 141, 2.82000000000000000000000000000000000000000000000000000000000], [100, 290, 2.90000000000000000000000000000000000000000000000000000000000], [150, 439, 2.92666666666666666666666666666666666666666666666666666666667]]
     [Calegari sigma_p = 12/(p-1) = 3]
  measured log max(|a|,|b|)/n    : [[50, 2.32180550109189670796523597779033884166380549463573562422788], [100, 2.35618840086544885782629713496405400608945836215343083287321], [150, 2.36869598829425355479024724452651152061017014597692691029877]]
     [Calegari log lambda_1 = (6/(p-1))log p = 2.41415686865115056190113899983928145928840203140277658286897]

p = 7
  b_0..b_6 = [6, 24, -24, -48, 840, -6888, 46704]
  a_0..a_6 = [0, 6, 27/4, -295/9, 18739/288, 3303307/9000, -6052893/1000]
  k (lcm exponent for a_n, n<=60) = 3   [Calegari: 2k+1 = 3]
  measured v_p(a_n - b_n eta)/n  : [[50, 94, 1.88000000000000000000000000000000000000000000000000000000000], [100, 195, 1.95000000000000000000000000000000000000000000000000000000000], [150, 294, 1.96000000000000000000000000000000000000000000000000000000000]]
     [Calegari sigma_p = 12/(p-1) = 2]
  measured log max(|a|,|b|)/n    : [[50, 1.85889383398597411571792033408808121969446443840639114604690], [100, 1.89022505717912085498881944504433545548008958381061710437606], [150, 1.90357042577718087730711985690784289899227405301701216649068]]
     [Calegari log lambda_1 = (6/(p-1))log p = 1.94591014905531330510535274344317972963708472958186118845939]

p = 13
  b_0..b_6 = [12, 24, 24, -120, 312, -552, 456]
  a_0..a_6 = [0, 12, 27/2, -23/9, -11245/144, 2734739/9000, -1946429/3000]
  k (lcm exponent for a_n, n<=60) = 3   [Calegari: 2k+1 = 3]
  measured v_p(a_n - b_n eta)/n  : [[50, 45, 0.900000000000000000000000000000000000000000000000000000000000], [100, 96, 0.960000000000000000000000000000000000000000000000000000000000], [150, 145, 0.966666666666666666666666666666666666666666666666666666666667]]
     [Calegari sigma_p = 12/(p-1) = 1]
  measured log max(|a|,|b|)/n    : [[50, 1.22845611021927896193739790618100179498683586101238746267883], [100, 1.21768511162826096419415803102440090703576533857942168629200], [150, 1.25094350889342236412691999213982007208021223679282580064739]]
     [Calegari log lambda_1 = (6/(p-1))log p = 1.28247467873076836802674372078265930240263397238010355820952]

=== Calegari sec.4: the 2-adic Catalan row on X_1(4) ===
  b_0..b_6 = [1, 4, -28, 272, -3036, 36624, -464368]   [paper: -1,-4,28,-272,3036,-36624,464368]
  a_0..a_6 = [0, 1, -3, 116/9, -331/9, -99116/225, 3133076/225]   [paper: 0,1,-3,116/9,-331/9,-99116/225,3133076/225]
  k (lcm exponent, n<=60) = 2   [Calegari: 2]
  measured v_2(a_n - b_n eta)/n : [[50, 388, 7.76000000000000000000000000000000000000000000000000000000000], [100, 786, 7.86000000000000000000000000000000000000000000000000000000000], [150, 1186, 7.90666666666666666666666666666666666666666666666666666666667]]   [Calegari: 8]
  measured log max(|a|,|b|)/n   : [[50, 2.64491003399813233998366886799716272679483075071920828526206], [100, 2.69934388578029755222973697130560546104559376607131760731871], [150, 2.72006257057815999594355896258590399039735285911572892308185]]   [Calegari: 4 log 2 = 2.77258872223978123766892848583270627230200053744102101648272]
