cell | p | sigma_p | kappa_p | k | log lambda_1 | S_p | theta_p
Cal zeta_2(3)  X_0(2)  |  2 | 12 |  0 |  3 |  4.15888 |  +1.15888 | 1.161880 | zeta_2(3)/2
Cal zeta_3(3)  X_0(3)  |  3 |  6 |  0 |  3 |  3.29584 |  +0.29584 | 1.046989 | zeta_3(3)/2
Cal zeta_5(3)  X_0(5)  |  5 |  3 |  0 |  3 |  2.41416 |  -0.58584 | 0.891794 | zeta_5(3)/2
Cal zeta_7(3)  X_0(7)  |  7 |  2 |  0 |  3 |  1.94591 |  -1.05409 | 0.786876 | zeta_7(3)/2
Cal zeta_13(3) X_0(13) | 13 |  1 |  0 |  3 |  1.28247 |  -1.71753 | 0.598941 | zeta_13(3)/2
Cal zeta_2(5)  X_0(2)  |  2 | 12 |  0 |  5 |  4.15888 |  -0.84112 | 0.908164 | zeta_2(5)/2
Cal zeta_2(7)  X_0(2)  |  2 | 12 |  0 |  7 |  4.15888 |  -2.84112 | 0.745394 | zeta_2(7)/2
Cal Catalan    X_1(4)  |  2 |  8 |  0 |  2 |  2.77259 |  +0.77259 | 1.161880 | zeta_2(2)/2 = L_2(2,chi_-4)/2
Zagier A               |  2 |  3 |  0 |  2 |  2.07944 |  -2.00000 | 0.509737 | 0  (degenerate)
Zagier B               |  3 |  3 |  0 |  2 |  1.64792 |  -0.35208 | 0.903484 | zeta_3(2)/2
Zagier C               |  3 |  2 |  0 |  2 |  2.19722 |  -2.00000 | 0.523495 | zeta_3(2)/2
Zagier E               |  2 |  5 |  0 |  2 |  2.07944 |  -0.61371 | 0.849561 | zeta_2(2)/2
Zagier F               |  2 |  3 |  0 |  2 |  2.19722 |  -2.11778 | 0.495433 | L_2(2,chi_12)/2
Zagier F               |  3 |  2 |  0 |  2 |  2.19722 |  -2.00000 | 0.523495 | 5 zeta_3(2)/8
AZ delta               |  3 |  4 |  0 |  3 |  2.19722 |  -0.80278 | 0.845538 | zeta_3(3)/4
AZ zeta                |  3 |  3 |  0 |  3 |  2.96488 |  -2.66904 | 0.552541 | 0 (degenerate)
Domb                   |  2 |  6 |  0 |  3 |  2.77259 |  -1.61371 | 0.720454 | zeta_2(3)/3
AZ eta                 |  5 |  3 |  0 |  3 |  2.41416 |  -0.58584 | 0.891794 | zeta_5(3)/2
T = eps                |  2 |  4 |  0 |  3 |  3.14904 |  -3.37645 | 0.450898 | zeta_2(3)/4
Cooper s18             |  3 |  1 |  0 |  2 |  2.77259 |  -3.67398 | 0.230192 | zeta_3(2)/2
cusp L(f,2) lvl12      |  2 |  2 |  0 |  2 |  2.77259 |  -3.38629 | 0.290470 | 0 (degenerate)
zeta(5) level 16 I     |  2 |  1 |  0 |  5 |  2.03560 |  -6.34245 | 0.098520 | 7 zeta_2(5)/32
zeta(5) level 16 II    |  2 |  1 |  0 |  5 |  1.38629 |  -5.69315 | 0.108537 | 7 zeta_2(5)/32
AESZ 207 (rank 4)      |  2 | 12 |  0 |  4 | 11.40234 |  -7.08458 | 0.540032 | unidentified
Zudilin Catalan        |  2 |  8 |  4 |  4 |  2.40606 |  -3.63347 | 0.604139 | zeta_2(2)
Nesterenko (4,7)       |  2 | 28 | 14 | 12 |  7.65071 |  -9.94665 | 0.661157 | zeta_2(2)

--- sorted by S_p, descending ---
 +1.15888  theta=1.161880  Cal zeta_2(3)  X_0(2)  p=2   xi_p = zeta_2(3)/2
 +0.77259  theta=1.161880  Cal Catalan    X_1(4)  p=2   xi_p = zeta_2(2)/2 = L_2(2,chi_-4)/2
 +0.29584  theta=1.046989  Cal zeta_3(3)  X_0(3)  p=3   xi_p = zeta_3(3)/2
 -0.35208  theta=0.903484  Zagier B               p=3   xi_p = zeta_3(2)/2
 -0.58584  theta=0.891794  AZ eta                 p=5   xi_p = zeta_5(3)/2
 -0.58584  theta=0.891794  Cal zeta_5(3)  X_0(5)  p=5   xi_p = zeta_5(3)/2
 -0.61371  theta=0.849561  Zagier E               p=2   xi_p = zeta_2(2)/2
 -0.80278  theta=0.845538  AZ delta               p=3   xi_p = zeta_3(3)/4
 -0.84112  theta=0.908164  Cal zeta_2(5)  X_0(2)  p=2   xi_p = zeta_2(5)/2
 -1.05409  theta=0.786876  Cal zeta_7(3)  X_0(7)  p=7   xi_p = zeta_7(3)/2
 -1.61371  theta=0.720454  Domb                   p=2   xi_p = zeta_2(3)/3
 -1.71753  theta=0.598941  Cal zeta_13(3) X_0(13) p=13   xi_p = zeta_13(3)/2
 -2.00000  theta=0.523495  Zagier F               p=3   xi_p = 5 zeta_3(2)/8
 -2.00000  theta=0.523495  Zagier C               p=3   xi_p = zeta_3(2)/2
 -2.00000  theta=0.509737  Zagier A               p=2   xi_p = 0  (degenerate)
 -2.11778  theta=0.495433  Zagier F               p=2   xi_p = L_2(2,chi_12)/2
 -2.66904  theta=0.552541  AZ zeta                p=3   xi_p = 0 (degenerate)
 -2.84112  theta=0.745394  Cal zeta_2(7)  X_0(2)  p=2   xi_p = zeta_2(7)/2
 -3.37645  theta=0.450898  T = eps                p=2   xi_p = zeta_2(3)/4
 -3.38629  theta=0.290470  cusp L(f,2) lvl12      p=2   xi_p = 0 (degenerate)
 -3.63347  theta=0.604139  Zudilin Catalan        p=2   xi_p = zeta_2(2)
 -3.67398  theta=0.230192  Cooper s18             p=3   xi_p = zeta_3(2)/2
 -5.69315  theta=0.108537  zeta(5) level 16 II    p=2   xi_p = 7 zeta_2(5)/32
 -6.34245  theta=0.098520  zeta(5) level 16 I     p=2   xi_p = 7 zeta_2(5)/32
 -7.08458  theta=0.540032  AESZ 207 (rank 4)      p=2   xi_p = unidentified
 -9.94665  theta=0.661157  Nesterenko (4,7)       p=2   xi_p = zeta_2(2)

=== cusp-move placement scan (order-2 systems) ===
row : placement (roots) -> c, lambda_1, S_p at each p | c

A  roots -1.000000000000000000000000, 8.000000000000000000000000
   placement 1: c = -8   lambda_1 = 8.000000000000000000000000   S_p:   p=2: -2.000000000000000000000000
   placement 2: c = 9   lambda_1 = 9.000000000000000000000000   S_p:   p=3: -2.000000000000000000000000
   placement 3: c = 72   lambda_1 = 9.000000000000000000000000   S_p:   p=2: -2.117783035656383454538794  p=3: -2.000000000000000000000000

B  roots 9/2 - 2.598076211353315940291170*I, 9/2 + 2.598076211353315940291170*I
   placement 1: c = 27   lambda_1 = 5.196152422706631880582339   S_p:   p=3: -0.3520815669978354629071321
   placement 2: c = -13   lambda_1 = 5.196152422706631880582339   S_p: 
   placement 3: c = -13   lambda_1 = 5.196152422706631880582339   S_p: 

C  roots 1.000000000000000000000000, 9.000000000000000000000000
   placement 1: c = 9   lambda_1 = 9.000000000000000000000000   S_p:   p=3: -2.000000000000000000000000
   placement 2: c = -8   lambda_1 = 8.000000000000000000000000   S_p:   p=2: -2.000000000000000000000000
   placement 3: c = 72   lambda_1 = 9.000000000000000000000000   S_p:   p=2: -2.117783035656383454538794  p=3: -2.000000000000000000000000

D  roots -0.09016994374947424102293417, 11.09016994374947424102293
   placement 1: c = -1   lambda_1 = 11.09016994374947424102293   S_p: 
   placement 2: c = 1   lambda_1 = 11.18033988749894848204587   S_p: 
   placement 3: c = 124   lambda_1 = 11.18033988749894848204587   S_p:   p=2: -3.027862507531259943066675

E  roots 4.000000000000000000000000, 8.000000000000000000000000
   placement 1: c = 32   lambda_1 = 8.000000000000000000000000   S_p:   p=2: -0.6137056388801093811655358
   placement 2: c = -16   lambda_1 = 4.000000000000000000000000   S_p:   p=2: -0.6137056388801093811655358
   placement 3: c = 32   lambda_1 = 8.000000000000000000000000   S_p:   p=2: -0.6137056388801093811655358

F  roots 8.000000000000000000000000, 9.000000000000000000000000
   placement 1: c = 72   lambda_1 = 9.000000000000000000000000   S_p:   p=2: -2.117783035656383454538794  p=3: -2.000000000000000000000000
   placement 2: c = -8   lambda_1 = 8.000000000000000000000000   S_p:   p=2: -2.000000000000000000000000
   placement 3: c = 9   lambda_1 = 9.000000000000000000000000   S_p:   p=3: -2.000000000000000000000000
