=== A. transfer identity for the companion (q-series, exact) ===
B^{F'} + (5/4)(1-9t_C) B^C - (9/4)(1-9t_C) XI : O(q^260)
A^{F'} - (1-9t_C) A^C                          : O(q^260)

=== B. t-expansions: rows from the modular construction ===
a^C  : [1, 3, 15, 93, 639, 4653]
b^C  : [0, 1, 23/4, 145/4, 3993/16, 727059/400]
a^F' : [1, -6, 42, -312, 2394, -18756]
b^F' : [0, 1, -10, 88, -750, 158124/25]
a^A  : [1, 2, 10, 56, 346, 2252]
b^A  : [0, 1, 4, 208/9, 1280/9, 208384/225]
psi_n: [0, 1, 27/4, 189/4, 5589/16, 1072359/400]

max |a^C - recurrence|  = 0
max |b^C - recurrence|  = 0
max |a^A - recurrence|  = 0
max |b^A - recurrence|  = 0
max |a^F'- recurrence|  = 0
max |b^F'- recurrence|  = 0
max |a^F' - (-1)^n a^F| = 0
max |b^F' + (-1)^n b^F| = 0

=== C. 3-adic size of the Psi_0-companion on the C-curve (P(1/4)=0 class) ===
  n=10  v3(psi_n/a^C_n) = 16   (2n = 20)
  n=20  v3(psi_n/a^C_n) = 34   (2n = 40)
  n=30  v3(psi_n/a^C_n) = 54   (2n = 60)
  n=40  v3(psi_n/a^C_n) = 71   (2n = 80)
  n=50  v3(psi_n/a^C_n) = 88   (2n = 100)
  n=60  v3(psi_n/a^C_n) = 113   (2n = 120)

=== D. Theta_A is NOT in the span of Theta_C, Theta_{Psi_0} ===
rank of {Ecal, V2 Ecal, EcalT, V2 EcalT} on q^1..q^8 : 4
rank of {Th_C, Th_Psi0, Th_A}                        : 3
