[0;31m  ***   Warning: new maximum stack size = 8000000000 (7629.395 Mbytes).[0m
=== period polynomials (alp,bet) at each cusp of Gamma_0(16) ===
Theta = D^{-2}(Phi-a_0);  R(tau)-corr(tau) = alp + bet*tau

--- cusp 0    width 16  gamma=[1, 0; -16, 1]  chi(d)=1
    fold-regularity condition:  -16*alp - 0*bet = 0 ;   xi = bet/-16
  E       alp=0.E-134 - 4.934802200544679309417245499938075567656849703620395313206674688110022411209602621500886701859276115912012956887011572038886174061*I  bet=7.327724753417752120436828119459072886193194994253377074131984956974104158210038155834852103408920849988595380953569596632287190427 + 39.47841760435743447533796399950460454125479762896316250565339750488017928967682097200709361487420892729610365509609257631108939249*I
           check (2nd pt): dalp=6.603940928782750927 E-134 dbet=8.306860549247044826 E-133
  V2E     alp=-3.439552567074349441 E-136 - 0.6168502750680849136771556874922594459571062129525494141508343360137528014012003276876108377324095144890016196108764465048607717576*I  bet=1.831931188354438030109207029864768221548298748563344268532996239243526039552509538958713025852230212497148845238392399158071797607 + 4.934802200544679309417245499938075567656849703620395313206674688110022411209602621500886701859276115912012956887011572038886174061*I
           check (2nd pt): dalp=1.2401483145240359211 E-134 dbet=1.4653624261527053265 E-133
  V4E     alp=2.149720354421468401 E-137 - 0.07710628438351061420964446093653243074463827661906867676885429200171910017515004096095135471655118931112520245135955581310759646970*I  bet=0.4579827970886095075273017574661920553870746871408360671332490598108815098881273847396782564630575531242872113095980997895179494017 + 0.6168502750680849136771556874922594459571062129525494141508343360137528014012003276876108377324095144890016196108764465048607717576*I
           check (2nd pt): dalp=8.601568148392801002 E-136 dbet=9.728523777703479349 E-135
  T       alp=2.751642053659479553 E-135 + 3.577134669757323419 E-134*I  bet=-13.15947253478581149177932133316820151375159920965438750188446583496005976322560699066903120495806964243203455169869752543702979750 - 2.8204331050009665416 E-133*I
           check (2nd pt): dalp=3.167377864842502423 E-134 dbet=2.8900184200234934569 E-133
  V2T     alp=0.E-135 + 2.1325225915860966534 E-134*I  bet=-3.289868133696452872944830333292050378437899802413596875471116458740014940806401747667257801239517410608008637924674381359257449374 - 1.7197762835371747205 E-133*I
           check (2nd pt): dalp=2.0981270659153531590 E-134 dbet=1.8516041459836566378 E-133
  V4T     alp=0.E-136 + 6.019216992380111522 E-135*I  bet=-0.8224670334241132182362075833230125946094749506033992188677791146850037352016004369168144503098793526520021594811685953398143623435 - 4.815373593904089217 E-134*I
           check (2nd pt): dalp=6.110653371439819022 E-135 dbet=6.100723053606574953 E-134

--- cusp 1/2  width 4  gamma=[-7, 4; -16, 9]  chi(d)=1
    fold-regularity condition:  -16*alp - 8*bet = 0 ;   xi = bet/-16
  E       alp=-3.663862376708876060218414059729536443096597497126688537065992478487052079105019077917426051704460424994297690476784798316143595213 + 4.815373593904089217 E-135*I  bet=7.327724753417752120436828119459072886193194994253377074131984956974104158210038155834852103408920849988595380953569596632287190427 - 8.254926160978438658 E-135*I
           check (2nd pt): dalp=2.7020876281237476061 E-133 dbet=5.510158918378317170 E-133
  V2E     alp=-0.9159655941772190150546035149323841107741493742816721342664981196217630197762547694793565129261151062485744226191961995790358988033 - 3.084251375340424568385778437461297229785531064762747070754171680068764007006001638438054188662047572445008098054382232524303858788*I  bet=1.831931188354438030109207029864768221548298748563344268532996239243526039552509538958713025852230212497148845238392399158071797607 + 4.934802200544679309417245499938075567656849703620395313206674688110022411209602621500886701859276115912012956887011572038886174061*I
           check (2nd pt): dalp=1.1006568214637918211 E-134 dbet=2.269062166225906544 E-134
  V4E     alp=-0.2289913985443047537636508787330960276935373435704180335666245299054407549440636923698391282315287765621436056547990498947589747008 - 0.3855314219175530710482223046826621537231913830953433838442714600085955008757502048047567735827559465556260122567977790655379823485*I  bet=0.4579827970886095075273017574661920553870746871408360671332490598108815098881273847396782564630575531242872113095980997895179494017 + 0.6168502750680849136771556874922594459571062129525494141508343360137528014012003276876108377324095144890016196108764465048607717576*I
           check (2nd pt): dalp=2.4802966290480718422 E-135 dbet=6.342221561067568079 E-135
  T       alp=6.579736267392905745889660666584100756875799604827193750942232917480029881612803495334515602479034821216017275849348762718514898748 + 9.768329290491152412 E-134*I  bet=-13.15947253478581149177932133316820151375159920965438750188446583496005976322560699066903120495806964243203455169869752543702979750 - 1.4996449192444163562 E-133*I
           check (2nd pt): dalp=1.6592766639856410960 E-133 dbet=2.6674700355522077528 E-133
  V2T     alp=11.51453846793758505530690616652217632453264930844758906414890760559005229282240611683540230433831093712803023273636033475740107281 + 1.1006568214637918211 E-133*I  bet=-23.02907693587517011061381233304435264906529861689517812829781521118010458564481223367080460867662187425606046547272066951480214562 - 1.7197762835371747205 E-133*I
           check (2nd pt): dalp=1.4095284741221210174 E-133 dbet=2.1629836280968765743 E-133
  V4T     alp=10.28083791780141522795259479153765743261843688254249023584723893356254669002000546146018062887349190815002699351460744174767952929 + 3.301970464391375463 E-134*I  bet=-20.56167583560283045590518958307531486523687376508498047169447786712509338004001092292036125774698381630005398702921488349535905859 - 4.677791491221115240 E-134*I
           check (2nd pt): dalp=3.968474606476914947 E-134 dbet=9.938581041951429103 E-134

--- cusp 1/4  width 1  gamma=[-3, 1; -16, 5]  chi(d)=1
    fold-regularity condition:  -16*alp - 4*bet = 0 ;   xi = bet/-16
  E       alp=-1.831931188354438030109207029864768221548298748563344268532996239243526039552509538958713025852230212497148845238392399158071797607 + 2.467401100272339654708622749969037783828424851810197656603337344055011205604801310750443350929638057956006478443505786019443087031*I  bet=7.327724753417752120436828119459072886193194994253377074131984956974104158210038155834852103408920849988595380953569596632287190427 - 9.869604401089358618834490999876151135313699407240790626413349376220044822419205243001773403718552231824025913774023144077772348122*I
           check (2nd pt): dalp=3.968474606476914947 E-134 dbet=1.4766860836151328568 E-133
  V2E     alp=-0.4579827970886095075273017574661920553870746871408360671332490598108815098881273847396782564630575531242872113095980997895179494017 - 5.159328850611524161 E-135*I  bet=1.831931188354438030109207029864768221548298748563344268532996239243526039552509538958713025852230212497148845238392399158071797607 + 1.3758210268297397764 E-134*I
           check (2nd pt): dalp=7.935234880501432517 E-135 dbet=3.017411079839718852 E-134
  V4E     alp=-0.1144956992721523768818254393665480138467686717852090167833122649527203774720318461849195641157643882810718028273995249473794873504 - 0.2313188531505318426289333828095972922339148298572060303065628760051573005254501228828540641496535679333756073540786674393227894091*I  bet=0.4579827970886095075273017574661920553870746871408360671332490598108815098881273847396782564630575531242872113095980997895179494017 + 0.6168502750680849136771556874922594459571062129525494141508343360137528014012003276876108377324095144890016196108764465048607717576*I
           check (2nd pt): dalp=6.464620520675696759 E-135 dbet=2.1589871730737754342 E-134
  T       alp=8.224670334241132182362075833230125946094749506033992188677791146850037352016004369168144503098793526520021594811685953398143623435 + 3.907331716196460965 E-133*I  bet=-23.02907693587517011061381233304435264906529861689517812829781521118010458564481223367080460867662187425606046547272066951480214562 - 1.0690129378467078062 E-132*I
           check (2nd pt): dalp=4.930355958711901497 E-133 dbet=1.3464714473923146312 E-132
  V2T     alp=0.8224670334241132182362075833230125946094749506033992188677791146850037352016004369168144503098793526520021594811685953398143623435 + 3.336365990062118958 E-134*I  bet=-3.289868133696452872944830333292050378437899802413596875471116458740014940806401747667257801239517410608008637924674381359257449374 - 8.942836674393308546 E-134*I
           check (2nd pt): dalp=4.191176309844799515 E-134 dbet=1.1755221288985756619 E-133
  V4T     alp=1.439317308492198131913363270815272040566581163555948633018613450698756536602800764604425288042288867141003779092045041844675134101 + 1.7885673348786617093 E-134*I  bet=-5.757269233968792527653453083261088162266324654223794532074453802795026146411203058417701152169155468564015116368180167378700536405 - 4.677791491221115240 E-134*I
           check (2nd pt): dalp=2.335858874718497407 E-134 dbet=6.895938346241189842 E-134

--- cusp 3/4  width 1  gamma=[-11, 9; -16, 13]  chi(d)=1
    fold-regularity condition:  -16*alp - 12*bet = 0 ;   xi = bet/-16
  E       alp=-5.495793565063314090327621089594304664644896245690032805598988717730578118657528616876139077556690637491446535715177197474215392820 - 7.402203300817018964125868249907113351485274555430592969810012032165033616814403932251330052788914173868019435330517358058329261092*I  bet=7.327724753417752120436828119459072886193194994253377074131984956974104158210038155834852103408920849988595380953569596632287190427 + 9.869604401089358618834490999876151135313699407240790626413349376220044822419205243001773403718552231824025913774023144077772348122*I
           check (2nd pt): dalp=4.402627285855167284 E-134 dbet=6.603940928782750927 E-134
  V2E     alp=-1.373948391265828522581905272398576166161224061422508201399747179432644529664382154219034769389172659372861633928794299368553848205 - 2.252906931433698884 E-134*I  bet=1.831931188354438030109207029864768221548298748563344268532996239243526039552509538958713025852230212497148845238392399158071797607 + 2.889224156342453530 E-134*I
           check (2nd pt): dalp=2.915768984820468380 E-134 dbet=3.832593892319753047 E-134
  V4E     alp=-0.3434870978164571306454763180996440415403060153556270503499367948581611324160955385547586923472931648432154084821985748421384620512 - 0.5397439906845742994675112265557270152124679363334807373819800440120337012260502867266594830158583251778764171595168906917531752879*I  bet=0.4579827970886095075273017574661920553870746871408360671332490598108815098881273847396782564630575531242872113095980997895179494017 + 0.6168502750680849136771556874922594459571062129525494141508343360137528014012003276876108377324095144890016196108764465048607717576*I
           check (2nd pt): dalp=2.963609189839668360 E-134 dbet=3.632271738200746397 E-134
  T       alp=14.80440660163403792825173649981422670297054911086118593962002406433006723362880786450266010557782834773603887066103471611665852218 + 3.934848136733055760 E-133*I  bet=-23.02907693587517011061381233304435264906529861689517812829781521118010458564481223367080460867662187425606046547272066951480214562 - 4.306319813977085500 E-133*I
           check (2nd pt): dalp=1.8621929459892307392 E-133 dbet=2.7314205718965741188 E-133
  V2T     alp=32.07621430354041551121209574959749118976952307353256953584338547271514567286241703975576356208529475342808421976557521825276013140 + 3.301970464391375463 E-134*I  bet=-42.76828573805388734828279433279665491969269743137675938112451396362019423048322271967435141611372633790411229302076695767034684186 - 3.989880977806245351 E-134*I
           check (2nd pt): dalp=9.404016004895926547 E-134 dbet=9.938581041951429103 E-134
  V4T     alp=33.92676512874467025224356281207426952764084171239021777829588848075640407706601802281859607528252329689508907859820455776734244667 + 4.402627285855167284 E-134*I  bet=-45.23568683832622700299141708276569270352112228318695703772785130767520543608802403042479476704336439586011877146427274368978992889 - 4.265045183172193307 E-134*I
           check (2nd pt): dalp=1.0685444894403216233 E-133 dbet=1.1565287725258526780 E-133

--- cusp 1/8  width 1  gamma=[-7, 1; -64, 9]  chi(d)=1
    fold-regularity condition:  -64*alp - 8*bet = 0 ;   xi = bet/-64
  E       alp=-3.663862376708876060218414059729536443096597497126688537065992478487052079105019077917426051704460424994297690476784798316143595213 + 9.869604401089358618834490999876151135313699407240790626413349376220044822419205243001773403718552231824025913774023144077772348122*I  bet=29.31089901367100848174731247783629154477277997701350829652793982789641663284015262333940841363568339995438152381427838652914876171 - 78.95683520871486895067592799900920908250959525792632501130679500976035857935364194401418722974841785459220731019218515262217878498*I
           check (2nd pt): dalp=2.0085102216951270527 E-133 dbet=1.2820644177028180226 E-132
  V2E     alp=-0.9159655941772190150546035149323841107741493742816721342664981196217630197762547694793565129261151062485744226191961995790358988033 + 1.233700550136169827354311374984518891914212425905098828301668672027505602802400655375221675464819028978003239221752893009721543515*I  bet=7.327724753417752120436828119459072886193194994253377074131984956974104158210038155834852103408920849988595380953569596632287190427 - 9.869604401089358618834490999876151135313699407240790626413349376220044822419205243001773403718552231824025913774023144077772348122*I
           check (2nd pt): dalp=1.2953192396120604855 E-133 dbet=9.159290181310903762 E-133
  V4E     alp=-0.2289913985443047537636508787330960276935373435704180335666245299054407549440636923698391282315287765621436056547990498947589747008 - 7.309049205032992562 E-136*I  bet=1.831931188354438030109207029864768221548298748563344268532996239243526039552509538958713025852230212497148845238392399158071797607 + 4.815373593904089217 E-135*I
           check (2nd pt): dalp=1.4104524776826290151 E-134 dbet=1.1835259982026002194 E-133
  T       alp=11.51453846793758505530690616652217632453264930844758906414890760559005229282240611683540230433831093712803023273636033475740107281 + 3.577134669757323419 E-133*I  bet=-82.24670334241132182362075833230125946094749506033992188677791146850037352016004369168144503098793526520021594811685953398143623435 - 2.3585011952428814116 E-132*I
           check (2nd pt): dalp=7.264543476401492795 E-133 dbet=4.220759369847194502 E-132
  V2T     alp=6.579736267392905745889660666584100756875799604827193750942232917480029881612803495334515602479034821216017275849348762718514898748 + 3.673442141635405203 E-133*I  bet=-42.76828573805388734828279433279665491969269743137675938112451396362019423048322271967435141611372633790411229302076695767034684186 - 2.5346062866770881030 E-132*I
           check (2nd pt): dalp=6.980295468691889825 E-133 dbet=4.803940414690192513 E-132
  V4T     alp=0.4112335167120566091181037916615062973047374753016996094338895573425018676008002184584072251549396763260010797405842976699071811718 + 5.331306478965241633 E-135*I  bet=-3.289868133696452872944830333292050378437899802413596875471116458740014940806401747667257801239517410608008637924674381359257449374 - 3.301970464391375463 E-134*I
           check (2nd pt): dalp=9.356594560861410362 E-135 dbet=6.322628340620841773 E-134
