[0;31m  ***   Warning: new maximum stack size = 8000000000 (7629.395 Mbytes).[0m
host: |a_n|^1/n n=60,120,218: [3.5047614291361430934474812847902322086, 3.7009354282347477698445806882154707597, 3.8115064635398289218272258512595025563]

############ OUTER classes, fold-regular xi = (3/2)zeta(2)(P(1)-P(2)) ############

   P(0)=1 P(1)=1 P(2)=1 a0=-1/4

--- T               xi = 0.82246703342411321823620758332301259461
   b_n/a_n   n=60,120,218: [-0.43868051032914880118061048939661197768, -0.43348458651427618203380912728340774303, -0.43000406917989975720428551477238862051]
   |b_n|^1/n n=60,120,218: [3.4569592989070823899580060326081496356, 3.6752449401006963597125407007064364084, 3.7967792035144132217518047466551181814]
   |c_n|^1/n n=60,120,218: [3.5183407004812959224247644389369453694, 3.7079706006319951870602748572385059646, 3.8154444623051053332095910913933130676]   (fold 4, next 2sqrt2=2.8284271247461900976033774484193961571)
   v2(b_n)   n=60,120,218: [-4, -6, -6]
   v2(b_n)/n            : [-0.066666666666666666666666666666666666667, -0.050000000000000000000000000000000000000, -0.027522935779816513761467889908256880734]

   P(0)=1 P(1)=1/2 P(2)=1/4 a0=-1/4

--- V2T             xi = 1.4393173084921981319133632708152720406
   b_n/a_n   n=60,120,218: [0.17816974794644689380338183716466585439, 0.18336568855380876332263144585924897317, 0.18684620588818515647287017271895156968]
   |b_n|^1/n n=60,120,218: [3.4054331559840871353270275941510920903, 3.6489884758730531037071157882807390565, 3.7822901817306018196712048217948093653]
   |c_n|^1/n n=60,120,218: [3.5183407012620887565169910013698528990, 3.7079706006319951862808800731013094644, 3.8154444623051053332095910913933259133]   (fold 4, next 2sqrt2=2.8284271247461900976033774484193961571)
   v2(b_n)   n=60,120,218: [-4, -6, -6]
   v2(b_n)/n            : [-0.066666666666666666666666666666666666667, -0.050000000000000000000000000000000000000, -0.027522935779816513761467889908256880734]

   P(0)=1 P(1)=1/4 P(2)=1/16 a0=-1/4

--- V4T             xi = 1.2851047397251769034940743489422071791
   b_n/a_n   n=60,120,218: [0.023957196126492824391571498238661845899, 0.029153119786787503068979712721379846869, 0.032633637121163928053581250845886706022]
   |b_n|^1/n n=60,120,218: [3.2934347265824418772306537083821198316, 3.5934964196437146538274373115561940376, 3.7521363532354491813723215804626976481]
   |c_n|^1/n n=60,120,218: [3.5183407004741085812669561579049608829, 3.7079706006319951870640901872497409538, 3.8154444623051053332095910913933259133]   (fold 4, next 2sqrt2=2.8284271247461900976033774484193961571)
   v2(b_n)   n=60,120,218: [-4, -6, -6]
   v2(b_n)/n            : [-0.066666666666666666666666666666666666667, -0.050000000000000000000000000000000000000, -0.027522935779816513761467889908256880734]

   P(0)=0 P(1)=1/2 P(2)=3/4 a0=0

--- T-V2T           xi = -0.61685027506808491367715568749225944596
   b_n/a_n   n=60,120,218: [-0.61685025827559569498399232656127783207, -0.61685027506808494535644057314265671619, -0.61685027506808491367715568749134019018]
   |b_n|^1/n n=60,120,218: [3.4766538806539684981855886205702618120, 3.6860651406856753591005842213228774772, 3.8030688024128835104225417324388606432]
   |c_n|^1/n n=60,120,218: [2.6006208811357586792985854937353291372, 2.6966089354294833513170890426203604216, 2.775327625158884529]   (fold 4, next 2sqrt2=2.8284271247461900976033774484193961571)
   v2(b_n)   n=60,120,218: [90, 181, 325]
   v2(b_n)/n            : [1.5000000000000000000000000000000000000, 1.5083333333333333333333333333333333333, 1.4908256880733944954128440366972477064]

   P(0)=0 P(1)=-1/2 P(2)=0 a0=0

--- T-5V2T+4V4T     xi = -1.2337005501361698273543113749845188919
   b_n/a_n   n=60,120,218: [-1.2337004655554119726312336822652938660, -1.2337005501361699863710475056941332214, -1.2337005501361698273543113749835996448]
   |b_n|^1/n n=60,120,218: [3.5170506504476830451396627748248042672, 3.7074182988179363447824500736284828883, 3.8151801862628049735542019506151172465]
   |c_n|^1/n n=60,120,218: [2.6716505587846213407380052469139278818, 2.7331084495188095540647823328414156056, 2.775327504948139777]   (fold 4, next 2sqrt2=2.8284271247461900976033774484193961571)
   v2(b_n)   n=60,120,218: [59, 120, 216]
   v2(b_n)/n            : [0.98333333333333333333333333333333333333, 1.0000000000000000000000000000000000000, 0.99082568807339449541284403669724770642]

   P(0)=-7 P(1)=-3/2 P(2)=-1/4 a0=7/4

--- V2T-8V4T        xi = -8.8415206093092170960392315207223853921
   b_n/a_n   n=60,120,218: [-0.013487821065495701329190148744628912805, -0.049859269740491261229206255911789801784, -0.074222891081126267955779834048142078494]
   |b_n|^1/n n=60,120,218: [3.2620515803607973098797629323889656616, 3.6096025972187506959979060106974277634, 3.7663063426092678170146435849302814270]
   |c_n|^1/n n=60,120,218: [3.6343174523802499487865156708204293110, 3.7685889099406677204941982592357821907, 3.8496543119919935950087871017067662451]   (fold 4, next 2sqrt2=2.8284271247461900976033774484193961571)
   v2(b_n)   n=60,120,218: [-4, -6, -6]
   v2(b_n)/n            : [-0.066666666666666666666666666666666666667, -0.050000000000000000000000000000000000000, -0.027522935779816513761467889908256880734]

   P(0)=0 P(1)=3/2 P(2)=3/2 a0=0

--- OUT0=T+3V2T-4V4T   xi = 0
   b_n/a_n   n=60,120,218: [-5.0995779417336750970857261798107095844 E-8, 9.5658166359408819788994288356459227269 E-17, 9.1926444833386955698223992273913567037 E-31]
   |b_n|^1/n n=60,120,218: [2.6492159710279339705904226760137788939, 2.7215575663544093118511222294114212570, 2.7753277452843334082005934756220717994]
   |c_n|^1/n n=60,120,218: [2.6492159710279339705904226760137788939, 2.7215575663544093118511222294114212570, 2.7753277452843334082005934756220717994]   (fold 4, next 2sqrt2=2.8284271247461900976033774484193961571)
   v2(b_n)   n=60,120,218: [59, 120, 216]
   v2(b_n)/n            : [0.98333333333333333333333333333333333333, 1.0000000000000000000000000000000000000, 0.99082568807339449541284403669724770642]

   P(0)=0 P(1)=7/4 P(2)=33/16 a0=0

--- 2T+V2T-3V4T     xi = -0.77106284383510614209644460936532430745
   b_n/a_n   n=60,120,218: [-0.77106286109132918173255363634454363867, -0.77106284383510610995192594687170605349, -0.77106284383510614209644460936348578940]
   |b_n|^1/n n=60,120,218: [3.4896078384307372060710651234366870524, 3.6929258647840462442487658545826435716, 3.8069635948589297628642838232634901262]
   |c_n|^1/n n=60,120,218: [2.6018018795606632388342230384183939116, 2.6969365697194569951036033924558046161, 2.784166074228750413]   (fold 4, next 2sqrt2=2.8284271247461900976033774484193961571)
   v2(b_n)   n=60,120,218: [57, 118, 214]
   v2(b_n)/n            : [0.95000000000000000000000000000000000000, 0.98333333333333333333333333333333333333, 0.98165137614678899082568807339449541284]

   P(0)=0 P(1)=1 P(2)=9/8 a0=0

--- T+V2T-2V4T      xi = -0.30842513753404245683857784374612972298
   b_n/a_n   n=60,120,218: [-0.30842515463568755616037164870926981509, -0.30842513753404242484913710686691846360, -0.30842513753404245683857784374521046287]
   |b_n|^1/n n=60,120,218: [3.4367211096760524173153910549085991684, 3.6648349676944130869851259721676664220, 3.7909958664505056827321967376651232074]
   |c_n|^1/n n=60,120,218: [2.6014117178549716536548091964206813276, 2.6968278837439566887845121792822351826, 2.775327685204817102]   (fold 4, next 2sqrt2=2.8284271247461900976033774484193961571)
   v2(b_n)   n=60,120,218: [58, 119, 215]
   v2(b_n)/n            : [0.96666666666666666666666666666666666667, 0.99166666666666666666666666666666666667, 0.98623853211009174311926605504587155963]

############ the two target-zero classes ############

--- INNER Phi0 = (1+4V2-32V4)E    xi = 0
   b_n/a_n   n=60,120,218: [-1.2323467530261667671465820461278254948 E-7, 2.5958834018215608225230480369695349651 E-16, 1.0283333867979319657273584340219434744 E-31]
   |b_n|^1/n n=60,120,218: [2.6884626629113031286255984089642100098, 2.7442934624446581012048321093654640119, 2.7475808828600965790596504913055690544]
   |c_n|^1/n n=60,120,218: [2.6884626629113031286255984089642100098, 2.7442934624446581012048321093654640119, 2.7475808828600965790596504913055690544]   (fold 4, next 2sqrt2=2.8284271247461900976033774484193961571)
   v2(b_n)   n=60,120,218: [88, 178, 326]
   v2(b_n)/n            : [1.4666666666666666666666666666666666667, 1.4833333333333333333333333333333333333, 1.4954128440366972477064220183486238532]

--- OUTER Phi0 = (1+3V2-4V4)T     xi = 0
   b_n/a_n   n=60,120,218: [-5.0995779417336750970857261798107095844 E-8, 9.5658166359408819788994288356459227269 E-17, 9.1926444833386955698223992273913567037 E-31]
   |b_n|^1/n n=60,120,218: [2.6492159710279339705904226760137788939, 2.7215575663544093118511222294114212570, 2.7753277452843334082005934756220717994]
   |c_n|^1/n n=60,120,218: [2.6492159710279339705904226760137788939, 2.7215575663544093118511222294114212570, 2.7753277452843334082005934756220717994]   (fold 4, next 2sqrt2=2.8284271247461900976033774484193961571)
   v2(b_n)   n=60,120,218: [59, 120, 216]
   v2(b_n)/n            : [0.98333333333333333333333333333333333333, 1.0000000000000000000000000000000000000, 0.99082568807339449541284403669724770642]

   B0out first coeffs: q - q^2 - 44/9*q^3 + 88/3*q^4 - 20416/225*q^5 + 2704/15*q^6 - 1642304/11025*q^7 - 787712/1575*q^8 + 260982784/99225*q^9 - 13424384/2205*q^10 + 50987334656/12006225*q^11 + O(q^12)
   d_n^0 B0out integral? 0  first failure n=3
   d_n^1 B0out integral? 0  first failure n=3
   d_n^2 B0out integral? 1  first failure n=0
   d_n^3 B0out integral? 1  first failure n=0
   d_n^0 B0in  integral? 0  first failure n=3
   d_n^1 B0in  integral? 0  first failure n=3
   d_n^2 B0in  integral? 1  first failure n=0
   d_n^3 B0in  integral? 1  first failure n=0
