[0;31m  ***   Warning: new maximum stack size = 8000000000 (7629.395 Mbytes).[0m
=== 2-adic slope and radius in y (branch point y=4s=-1, extra point y=-1/2) ===
   A            :  first odd v-coeff of Sym+ = -1
        v2(d_k)/k  k=20,40,97: [-1.7500000000000000000000000000000000000, -1.8750000000000000000000000000000000000, -1.9278350515463917525773195876288659794]
        |d_k|^1/k  k=20,40,97: [1.7428363862751075149789439437761166781, 1.8348684374499600402727250237978089045, 1.9126240220528337995090715845171914797]
   Li1(-4x)     :  first odd v-coeff of Sym+ = -1
        v2(d_k)/k  k=20,40,97: ["zero", "zero", "zero"]
        |d_k|^1/k  k=20,40,97: [0, 0, 0]
   Li2(-4x)     :  first odd v-coeff of Sym+ = -1
        v2(d_k)/k  k=20,40,97: [1.7000000000000000000000000000000000000, 1.8000000000000000000000000000000000000, 1.9690721649484536082474226804123711340]
        |d_k|^1/k  k=20,40,97: [0.82221841635188439012069664941412479353, 0.88342778056592324169657686533496570512, 0.93722771686371562017157235059186463615]
   B0in  (1+4V2-32V4)E:  first odd v-coeff of Sym+ = -1
        v2(d_k)/k  k=20,40,97: [0.95000000000000000000000000000000000000, 0.97500000000000000000000000000000000000, 1.0000000000000000000000000000000000000]
        |d_k|^1/k  k=20,40,97: [1.8013674037235953537802888381643064468, 1.8717007896916747764084402002060539137, 1.9312914789585647252281498049208659886]
   B0out (1+3V2-4V4)T :  first odd v-coeff of Sym+ = -1
        v2(d_k)/k  k=20,40,97: [0.050000000000000000000000000000000000000, 0.050000000000000000000000000000000000000, -0.010309278350515463917525773195876288660]
        |d_k|^1/k  k=20,40,97: [1.7012398355064153397269553329448135538, 1.8128397871700218696872197581055675880, 1.9031214792253583444329794470377221131]

(conditional functions carry an irrational xi; slopes reported for the record)
   Hcond inner  :  first odd v-coeff of Sym+ = -1
        v2(d_k)/k  k=20,40,97: [-1.8500000000000000000000000000000000000, -1.9250000000000000000000000000000000000, -1.9484536082474226804123711340206185567]
        |d_k|^1/k  k=20,40,97: [1.7985012654354504318122660547395225733, 1.8639402715478983207584378574406964652, 1.9250627441239094270695178792168395789]
   Houtc outer  :  first odd v-coeff of Sym+ = -1
        v2(d_k)/k  k=20,40,97: [-1.7500000000000000000000000000000000000, -1.8750000000000000000000000000000000000, -1.9278350515463917525773195876288659794]
        |d_k|^1/k  k=20,40,97: [1.8129162945334097689600386155911866662, 1.8713951397430544342794072273615594051, 1.9282340019772314076497012025954162851]
