[0;31m  ***   Warning: new maximum stack size = 12000002048 (11444.094 Mbytes).[0m
[0;31m  *** subst: Warning: increasing stack size to 16000000.[0m
LEVEL-8 host: t = q - 4*q^2 + 12*q^3 - 32*q^4 + 78*q^5 - 176*q^6 + O(q^7)
A(t) = 1 + 4*q + 20*q^2 + 112*q^3 + 676*q^4 + 4304*q^5 + 28496*q^6 + O(q^7)
B_E(t) = q + 7*q^2 + 404/9*q^3 + 2603/9*q^4 + 428284/225*q^5 + 2884316/225*q^6 + O(q^7)
sanity: sigma(sigma(t)) - t = O(q^6)
sanity: y(t) - (t + sigma(t)) = O(q^8)

=== 2-adic slopes in y = 4t^2/(4t-1),  k <= 147 (t-series to n=300) ===
  Sym+ 1                        v2(d_k)/k at k=30,60,147: ["zero", "zero", "zero"]   |d_k|^1/k: [0, 0]
  Sym+ Li1(4t)                  v2(d_k)/k at k=30,60,147: ["zero", "zero", "zero"]   |d_k|^1/k: [0, 0]
  Sym+ Li2(4t)                  v2(d_k)/k at k=30,60,147: [1.8000000000000000000000000000000000000, 1.8666666666666666666666666666666666667, 1.9727891156462585034013605442176870748]   |d_k|^1/k: [0.91138990505465226244121516773864542241, 0.95406511245408814607462720353838659255]
  Sym+ Li3(4t)                  v2(d_k)/k at k=30,60,147: [1.6333333333333333333333333333333333333, 1.7666666666666666666666666666666666667, 1.9183673469387755102040816326530612245]   |d_k|^1/k: [0.90610985125365043268526408382604291280, 0.95173682619404260058932467345692185060]
  Sym- Li2(4t) / (t-sigma t)    v2(d_k)/k at k=30,60,147: [1.7666666666666666666666666666666666667, 1.8666666666666666666666666666666666667, 1.9319727891156462585034013605442176871]   |d_k|^1/k: [0.98104087512000315017887619468405183291, 0.98919940147334225748039946165758752449]
  Sym- Li3(4t) / (t-sigma t)    v2(d_k)/k at k=30,60,147: [1.6000000000000000000000000000000000000, 1.7666666666666666666666666666666666667, 1.8775510204081632653061224489795918367]   |d_k|^1/k: [0.96423385167749334227442263853813471527, 0.98215743909624086833712190563704208262]
  Sym+ A            (host)      v2(d_k)/k at k=30,60,147: [-1.7000000000000000000000000000000000000, -1.8500000000000000000000000000000000000, -1.9387755102040816326530612244897959184]   |d_k|^1/k: [7.4162708193880694882608923309358025237, 7.7092510826793435374632516693144655425]
  Sym- A / (t-sigma t)          v2(d_k)/k at k=30,60,147: [-1.6666666666666666666666666666666666667, -1.8333333333333333333333333333333333333, -1.9183673469387755102040816326530612245]   |d_k|^1/k: [7.5373424301810678461094898611028519361, 7.7606622979408561612610482964389999248]
  Sym+ B_E          (raw)       v2(d_k)/k at k=30,60,147: [-1.7666666666666666666666666666666666667, -1.8833333333333333333333333333333333333, -1.9523809523809523809523809523809523810]   |d_k|^1/k: [7.3203705741648780984191299582723155347, 7.6684050038442806677140388128723626240]
  Sym+ B_E + (7/3)A (cond)      v2(d_k)/k at k=30,60,147: [-1.7666666666666666666666666666666666667, -1.8833333333333333333333333333333333333, -1.9523809523809523809523809523809523810]   |d_k|^1/k: [7.5442440834357370318380333163862338775, 7.7632738267687993262379625860640933334]
  Sym+ B_E + (1/8)A (cond)      v2(d_k)/k at k=30,60,147: [-1.8000000000000000000000000000000000000, -1.9000000000000000000000000000000000000, -1.9591836734693877551020408163265306123]   |d_k|^1/k: [7.3498731348348708057911785177124565605, 7.6810043629962481529038731644159249222]
  Sym+ B_E - (1/2)A (cond)      v2(d_k)/k at k=30,60,147: [-1.7666666666666666666666666666666666667, -1.8833333333333333333333333333333333333, -1.9523809523809523809523809523809523810]   |d_k|^1/k: [7.0346533197286128593404025443820443411, 7.5448003015777713092080874652062788408]
  Sym- (B_E+(7/3)A)/(t-sig t)   v2(d_k)/k at k=30,60,147: [-1.7333333333333333333333333333333333333, -1.8666666666666666666666666666666666667, -1.9319727891156462585034013605442176871]   |d_k|^1/k: [7.6674048748417442398469313402968337091, 7.8150453072357922398398896109711879493]
  Sym+ B_0 = (1-4V2)E cmpn      v2(d_k)/k at k=30,60,147: [2.9000000000000000000000000000000000000, 2.9500000000000000000000000000000000000, 2.9931972789115646258503401360544217687]   |d_k|^1/k: [7.4584187944236689886666348015576043900, 7.7333122168352413308306654919501253356]

(for reference, slopes in the t-coordinate)
  A        v2(c_n)/n at n=100,200,300: [0.060000000000000000000000000000000000000, 0.030000000000000000000000000000000000000, 0.026666666666666666666666666666666666667]
  B_E      v2(c_n)/n at n=100,200,300: [0.040000000000000000000000000000000000000, 0.020000000000000000000000000000000000000, 0.020000000000000000000000000000000000000]
  B_0      v2(c_n)/n at n=100,200,300: [2.9700000000000000000000000000000000000, 2.9850000000000000000000000000000000000, 2.9900000000000000000000000000000000000]
  Li2(4t)  v2(c_n)/n at n=100,200,300: [1.9600000000000000000000000000000000000, 1.9700000000000000000000000000000000000, 1.9866666666666666666666666666666666667]
