[0;31m  ***   Warning: new stack size = 4294967296 (4096.000 Mbytes).[0m
constants: zeta(2)=1.64493406684822643647 L(2,chi-3)=0.78130241289648629687 G=0.91596559417721901505

################ ZagierA   (7,2,-8)   zeta(2)/4
  ZagierA.1  (a,b,d)=(7,2,-8)  P=7*nv^2 + 7*nv + 2  Q=-8*nv^2
        n=400  xi = 0.411233516712056609118103791661506297304737475
  ZagierA.2  (a,b,d)=(-17,-6,72)  P=-17*nv^2 - 17*nv - 6  Q=72*nv^2
        n=1564  xi = -0.488314008060303935541992143515057722728208960
  ZagierA.3  (a,b,d)=(10,3,9)  P=10*nv^2 + 10*nv + 3  Q=9*nv^2
        n=400  xi = 0.390651206448243148433593714812046178182567168
  -- ratios xi_j/xi_1 : best rational of height <= 10^12, and its error
     j=1  xi_j/xi_1 = 1.000000000000000000000000000000  ~ 1   err=0.e-404
     j=2  xi_j/xi_1 = -1.187437278859297482982910723324  ~ -363166544167/305840612075   err=1.021 e-24
     j=3  xi_j/xi_1 = 0.949949823087437986386328578659  ~ 90339731501/95099477157   err=7.693 e-24
  -- lindep [xi_j, zeta(2), L(2,chi-3), G, zeta(3)]  and  [xi_j, xi_1, 1]:
     j=1  const: [-4, 1, 0, 0, 0]~    vs xi_1: --
     j=2  const: [8, 0, 5, 0, 0]~    vs xi_1: [-90855700414, -35535049755, -29752907747]~
     j=3  const: [-2, 0, 1, 0, 0]~    vs xi_1: [232540513354, -285437569465, 26539263403]~

################ ZagierC   (10,3,9)   L(2,chi-3)/2
  ZagierC.1  (a,b,d)=(10,3,9)  P=10*nv^2 + 10*nv + 3  Q=9*nv^2
        n=400  xi = 0.390651206448243148433593714812046178182567168
  ZagierC.2  (a,b,d)=(-17,-6,72)  P=-17*nv^2 - 17*nv - 6  Q=72*nv^2
        n=1564  xi = -0.488314008060303935541992143515057722728208960
  ZagierC.3  (a,b,d)=(7,2,-8)  P=7*nv^2 + 7*nv + 2  Q=-8*nv^2
        n=400  xi = 0.411233516712056609118103791661506297304737475
  -- ratios xi_j/xi_1 : best rational of height <= 10^12, and its error
     j=1  xi_j/xi_1 = 1.000000000000000000000000000000  ~ 1   err=0.e-404
     j=2  xi_j/xi_1 = -1.250000000000000000000000000000  ~ -5/4   err=9.273 e-81
     j=3  xi_j/xi_1 = 1.052687179571120518776703573551  ~ 95099477157/90339731501   err=8.526 e-24
  -- lindep [xi_j, zeta(2), L(2,chi-3), G, zeta(3)]  and  [xi_j, xi_1, 1]:
     j=1  const: [-2, 0, 1, 0, 0]~    vs xi_1: --
     j=2  const: [8, 0, 5, 0, 0]~    vs xi_1: [-4, -5, 0]~
     j=3  const: [-4, 1, 0, 0, 0]~    vs xi_1: [-285437569465, 232540513354, 26539263403]~

################ ZagierE   (12,4,32)  G/2 Catalan
  ZagierE.1  (a,b,d)=(12,4,32)  P=12*nv^2 + 12*nv + 4  Q=32*nv^2
        n=400  xi = 0.457982797088609507527301757466192055387074687
  ZagierE.2  (a,b,d)=(0,0,-16)  P=0  Q=-16*nv^2
        n=0  xi = 0.000000000000000000000000000000000000000000000
  -- ratios xi_j/xi_1 : best rational of height <= 10^12, and its error
     j=1  xi_j/xi_1 = 1.000000000000000000000000000000  ~ 1   err=0.e-404
  -- lindep [xi_j, zeta(2), L(2,chi-3), G, zeta(3)]  and  [xi_j, xi_1, 1]:
     j=1  const: [-2, 0, 0, 1, 0]~    vs xi_1: --

################ ZagierF   (17,6,72)  5L(2,chi-3)/8
  ZagierF.1  (a,b,d)=(17,6,72)  P=17*nv^2 + 17*nv + 6  Q=72*nv^2
        n=1564  xi = 0.488314008060303935541992143515057722728208960
  ZagierF.2  (a,b,d)=(-10,-3,9)  P=-10*nv^2 - 10*nv - 3  Q=9*nv^2
        n=400  xi = -0.390651206448243148433593714812046178182567168
  ZagierF.3  (a,b,d)=(-7,-2,-8)  P=-7*nv^2 - 7*nv - 2  Q=-8*nv^2
        n=400  xi = -0.411233516712056609118103791661506297304737475
  -- ratios xi_j/xi_1 : best rational of height <= 10^12, and its error
     j=1  xi_j/xi_1 = 1.000000000000000000000000000000  ~ 1   err=0.e-404
     j=2  xi_j/xi_1 = -0.800000000000000000000000000000  ~ -4/5   err=5.935 e-81
     j=3  xi_j/xi_1 = -0.842149743656896415021362858841  ~ -305840612075/363166544167   err=7.244 e-25
  -- lindep [xi_j, zeta(2), L(2,chi-3), G, zeta(3)]  and  [xi_j, xi_1, 1]:
     j=1  const: [-8, 0, 5, 0, 0]~    vs xi_1: --
     j=2  const: [2, 0, 1, 0, 0]~    vs xi_1: [5, 4, 0]~
     j=3  const: [4, 1, 0, 0, 0]~    vs xi_1: [35535049755, 90855700414, -29752907747]~

################ sqrtDomb   sqrt of Domb (10,4,64)
  sqrtDomb.1  (a,b,d)=(20,2,64)  P=20*nv^2 + 10*nv + 2  Q=64*nv^2 - 64*nv + 16
        n=400  xi = 0.737292996185596240176426197802293697960919143
  sqrtDomb.2  (a,b,d)=(-28,-6,192)  P=-28*nv^2 - 22*nv - 6  Q=192*nv^2 - 96*nv
        n=641  xi = -0.343162782987581978736379994858140817499314202
  sqrtDomb.3  (a,b,d)=(8,0,-48)  P=8*nv^2 + 2*nv  Q=-48*nv^2 + 24*nv
        n=400  xi = 0.807400644288767497063476709335019466542871689
  sqrtDomb.4  (a,b,d)=(8,6,-48)  P=8*nv^2 + 14*nv + 6  Q=-48*nv^2 - 24*nv
        n=400  xi = 0.126960429225037696666677574937167397433154265
  sqrtDomb.5  (a,b,d)=(20,10,64)  P=20*nv^2 + 26*nv + 10  Q=64*nv^2
        n=400  xi = 0.115620737022370989635832527780327138135207228
  sqrtDomb.6  (a,b,d)=(-28,-12,192)  P=-28*nv^2 - 34*nv - 12  Q=192*nv^2 + 96*nv
        n=641  xi = -0.264081043586234106863830763102099042654241266
  sqrtDomb.7  (a,b,d)=(20,4,64)  P=20*nv^2 + 14*nv + 4  Q=64*nv^2
        n=400  xi = 0.674660643579270408495071951382423015024709827
  sqrtDomb.8  (a,b,d)=(20,12,64)  P=20*nv^2 + 30*nv + 12  Q=64*nv^2 + 64*nv + 16
        n=400  xi = 0.110559669344621644580318158868991909904449578
  -- ratios xi_j/xi_1 : best rational of height <= 10^12, and its error
     j=1  xi_j/xi_1 = 1.000000000000000000000000000000  ~ 1   err=0.e-404
     j=2  xi_j/xi_1 = -0.465436108525298926007615900868  ~ -80934144367/173888838628   err=1.937 e-25
     j=3  xi_j/xi_1 = 1.095087907339246307988312958811  ~ 694260192589/633976677065   err=3.383 e-25
     j=4  xi_j/xi_1 = 0.172198067636435790511305975942  ~ 168074448483/976053046297   err=4.866 e-25
     j=5  xi_j/xi_1 = 0.156817896847708800950718832572  ~ 155853970768/993853213829   err=3.783 e-26
     j=6  xi_j/xi_1 = -0.358176525414542104815323085757  ~ -216028478738/603134106815   err=2.425 e-28
     j=7  xi_j/xi_1 = 0.915050932356124532993450463072  ~ 492874716341/538630909945   err=7.383 e-25
     j=8  xi_j/xi_1 = 0.149953505481002613188758618849  ~ 8301089929/55357758409   err=1.764 e-23
  -- lindep [xi_j, zeta(2), L(2,chi-3), G, zeta(3)]  and  [xi_j, xi_1, 1]:
     j=1  const: [2481496, -3651737, -2931449, 2775802, 3265308]~    vs xi_1: --
     j=2  const: [-3099959, -1814708, -2096482, 2538015, 1027020]~    vs xi_1: [126092092430, 108466924491, -36701790394]~
     j=3  const: [4194536, 3553769, 3153331, -5078544, -5860222]~    vs xi_1: [161126574545, -35224880437, -104122642462]~
     j=4  const: [-3931013, 1006024, -8449351, 3101427, 2167067]~    vs xi_1: [-164676277037, 184808443320, -115350600080]~
     j=5  const: [16, 6, -15, 0, 0]~    vs xi_1: [209977372844, 54458304558, -64429465141]~
     j=6  const: [2450924, -533461, 1111063, 6302304, -4256054]~    vs xi_1: [141833317175, 175877960672, -92218098172]~
     j=7  const: [32, -6, -15, 0, 0]~    vs xi_1: [223557512653, -81213441982, -90947353394]~
     j=8  const: [-255320, -427544, 5513998, -4632523, 554584]~    vs xi_1: [43235792368, 280745187057, -211771595038]~

################ sqrts7   sqrt of Cooper s7
  sqrts7.1  (a,b,d)=(26,2,-27)  P=26*nv^2 + 13*nv + 2  Q=-27*nv^2 + 27*nv - 6
        n=400  xi = 0.467211768884373123942110051413091261724108550
  sqrts7.2  (a,b,d)=(-55,-7,756)  P=-55*nv^2 - 32*nv - 7  Q=756*nv^2 - 630*nv + 84
        n=5066  xi = -0.718415023265486948791215169473998097135402368
  sqrts7.3  (a,b,d)=(-55,-16,756)  P=-55*nv^2 - 50*nv - 16  Q=756*nv^2 - 126*nv - 42
        n=5066  xi = -0.418472551378444279187875960551994207962411476
  sqrts7.4  (a,b,d)=(29,7/3,28)  P=29*nv^2 + 44/3*nv + 7/3  Q=28*nv^2 - 70/3*nv + 28/9
        n=400  xi = 0.463637707740466758055554805607890119730361324
  sqrts7.5  (a,b,d)=(29,8/3,28)  P=29*nv^2 + 46/3*nv + 8/3  Q=28*nv^2 - 14/3*nv - 14/9
        n=400  xi = 0.460097594705307810333796002244526840156381078
  sqrts7.6  (a,b,d)=(26,31/2,-27)  P=26*nv^2 + 40*nv + 31/2  Q=-27*nv^2 + 3/4
        n=400  xi = 0.063234982839907620606420649670059847967902758
  sqrts7.7  (a,b,d)=(29,49/3,28)  P=29*nv^2 + 128/3*nv + 49/3  Q=28*nv^2 + 14/3*nv - 14/9
        n=400  xi = 0.062615595472725708328052300658161171021009507
  sqrts7.8  (a,b,d)=(29,50/3,28)  P=29*nv^2 + 130/3*nv + 50/3  Q=28*nv^2 + 70/3*nv + 28/9
        n=400  xi = 0.062370598309345674505697457390246040245907306
  sqrts7.9  (a,b,d)=(-55,-21,756)  P=-55*nv^2 - 60*nv - 21  Q=756*nv^2 + 126*nv - 42
        n=5066  xi = -0.135476435648218863635618613807226885766501305
  sqrts7.10  (a,b,d)=(26,3/2,-27)  P=26*nv^2 + 12*nv + 3/2  Q=-27*nv^2 + 3/4
        n=400  xi = 0.472637284179948143045891522583794353378317216
  sqrts7.11  (a,b,d)=(-55,-30,756)  P=-55*nv^2 - 78*nv - 30  Q=756*nv^2 + 630*nv + 84
        n=5066  xi = -0.107574605612872964644405171556434693233206364
  sqrts7.12  (a,b,d)=(26,15,-27)  P=26*nv^2 + 39*nv + 15  Q=-27*nv^2 - 27*nv - 6
        n=400  xi = 0.063611404368706775574602089316007021483499478
  -- ratios xi_j/xi_1 : best rational of height <= 10^12, and its error
     j=1  xi_j/xi_1 = 1.000000000000000000000000000000  ~ 1   err=0.e-404
     j=2  xi_j/xi_1 = -1.537664654683136437080762692386  ~ -491173231350/319428055951   err=2.055 e-24
     j=3  xi_j/xi_1 = -0.895680672551741814749670235799  ~ -414270297191/462520080969   err=1.029 e-24
     j=4  xi_j/xi_1 = 0.992350233059324144421377970619  ~ 429504707027/432815645846   err=1.948 e-25
     j=5  xi_j/xi_1 = 0.984773127192294787113550141440  ~ 918889688879/933097851176   err=1.339 e-26
     j=6  xi_j/xi_1 = 0.135345440871283341158824706602  ~ 67350481112/497619134257   err=1.458 e-24
     j=7  xi_j/xi_1 = 0.134019730757728389170110872095  ~ 406680507/3034482346   err=9.259 e-23
     j=8  xi_j/xi_1 = 0.133495349353627529703161366271  ~ 23885303415/178922363443   err=3.824 e-24
     j=9  xi_j/xi_1 = -0.289967943169999536251616612054  ~ -38769214657/133701726588   err=3.281 e-24
     j=10  xi_j/xi_1 = 1.011612539873578700052954061040  ~ 473961530009/468520813382   err=5.190 e-25
     j=11  xi_j/xi_1 = -0.230248064747478202094542814424  ~ -38368546643/166640039668   err=3.884 e-25
     j=12  xi_j/xi_1 = 0.136151117341501523572688762510  ~ 34239711234/251483145365   err=2.138 e-24
  -- lindep [xi_j, zeta(2), L(2,chi-3), G, zeta(3)]  and  [xi_j, xi_1, 1]:
     j=1  const: [-2617514, 1915266, 5093353, -5717509, -557345]~    vs xi_1: --
     j=2  const: [1008380, -2403816, 1919652, -2839025, 4807738]~    vs xi_1: [-162772547557, -134325081241, -54179984728]~
     j=3  const: [1308713, -3641905, 5216832, -3261153, 4533508]~    vs xi_1: [-38729392889, 163906535508, -92786250242]~
     j=4  const: [-762804, -4168289, 753900, 630327, 5027918]~    vs xi_1: [170514821154, -200979807195, 14843030414]~
     j=5  const: [324908, -1106960, -1534333, -6789657, 7561420]~    vs xi_1: [304362544361, -20530725529, -130444277988]~
     j=6  const: [1839240, -157812, 4531008, -3934038, 171907]~    vs xi_1: [275212246040, -22035839423, -7107638140]~
     j=7  const: [5818939, -1206002, 773571, 4870142, -2866618]~    vs xi_1: [-127470715631, -18180744654, 16475912634]~
     j=8  const: [3607640, 4380002, -6730142, 846657, -2451679]~    vs xi_1: [46670705677, -60732326498, 25463977855]~
     j=9  const: [1582846, -1623129, -4456920, 2197837, 3621657]~    vs xi_1: [78077316834, -381095369893, 188629878471]~
     j=10  const: [1948423, 1850893, -5267327, 1254912, -831554]~    vs xi_1: [210781912306, -54070540423, -74360997751]~
     j=11  const: [6071483, -2174927, 3976622, -630762, 1415541]~    vs xi_1: [-59474543995, 63954242709, -36278125478]~
     j=12  const: [-4419898, -2091966, 4473076, -1945798, 1671935]~    vs xi_1: [100741475405, 265113612123, -130272506404]~

################ sqrts10   sqrt of Cooper s10
  sqrts10.1  (a,b,d)=(24,2,-256)  P=24*nv^2 + 12*nv + 2  Q=-256*nv^2 + 256*nv - 60
        n=400  xi = 0.316925359210354980978895015742235693392847107
  sqrts10.2  (a,b,d)=(-72,-10,1280)  P=-72*nv^2 - 44*nv - 10  Q=1280*nv^2 - 960*nv + 100
        n=826  xi = -0.351706432620875415630978870711079514989972524
  sqrts10.3  (a,b,d)=(-72,-18,1280)  P=-72*nv^2 - 60*nv - 18  Q=1280*nv^2 - 320*nv - 60
        n=826  xi = -0.281468447872445646706191095096332447353164923
  sqrts10.4  (a,b,d)=(48,5,320)  P=48*nv^2 + 26*nv + 5  Q=320*nv^2 - 240*nv + 25
        n=400  xi = 0.300723795735906229117553454916620667865850461
  sqrts10.5  (a,b,d)=(48,7,320)  P=48*nv^2 + 30*nv + 7  Q=320*nv^2 - 80*nv - 15
        n=400  xi = 0.290497852671929076725665509314829568140004656
  sqrts10.6  (a,b,d)=(24,18,-256)  P=24*nv^2 + 44*nv + 18  Q=-256*nv^2 + 4
        n=400  xi = 0.048878849642670144753247828774211251454940627
  sqrts10.7  (a,b,d)=(48,25,320)  P=48*nv^2 + 66*nv + 25  Q=320*nv^2 + 80*nv - 15
        n=400  xi = 0.045892864589020618846134251994005869438470076
  sqrts10.8  (a,b,d)=(48,27,320)  P=48*nv^2 + 70*nv + 27  Q=320*nv^2 + 240*nv + 25
        n=400  xi = 0.045094270702435611169030468637252806803851586
  sqrts10.9  (a,b,d)=(-72,-30,1280)  P=-72*nv^2 - 84*nv - 30  Q=1280*nv^2 + 320*nv - 60
        n=826  xi = -0.066639816624008257666619490842657065730364422
  sqrts10.10  (a,b,d)=(24,-2,-256)  P=24*nv^2 + 4*nv - 2  Q=-256*nv^2 + 4
        n=400  xi = 0.340256869188698867764485881190636921894982080
  sqrts10.11  (a,b,d)=(-72,-38,1280)  P=-72*nv^2 - 100*nv - 38  Q=1280*nv^2 + 960*nv + 100
        n=826  xi = -0.060005541340417133271902652723611558756369570
  sqrts10.12  (a,b,d)=(24,14,-256)  P=24*nv^2 + 36*nv + 14  Q=-256*nv^2 - 256*nv - 60
        n=400  xi = 0.050729192368195483532980806270347884332070232
  -- ratios xi_j/xi_1 : best rational of height <= 10^12, and its error
     j=1  xi_j/xi_1 = 1.000000000000000000000000000000  ~ 1   err=0.e-404
     j=2  xi_j/xi_1 = -1.109745315102522171415036446157  ~ -357637111060/322269538959   err=1.973 e-24
     j=3  xi_j/xi_1 = -0.888122201939746695404772960849  ~ -53666049256/60426424583   err=2.321 e-25
     j=4  xi_j/xi_1 = 0.948878929995326817148488982501  ~ 45227304926/47663936353   err=7.389 e-24
     j=5  xi_j/xi_1 = 0.916612837154236688270423497991  ~ 804203833032/877364793983   err=3.475 e-25
     j=6  xi_j/xi_1 = 0.154228269282255384625031217207  ~ 81283882830/527036212027   err=7.371 e-25
     j=7  xi_j/xi_1 = 0.144806539632443366439894197303  ~ 19039860623/131484811883   err=5.506 e-24
     j=8  xi_j/xi_1 = 0.142286722699602243952988088106  ~ 101340622723/712228244493   err=3.241 e-25
     j=9  xi_j/xi_1 = -0.210269751811741161501133467329  ~ -36650393054/174301784913   err=3.661 e-24
     j=10  xi_j/xi_1 = 1.073618312010361746290402914146  ~ 884264172283/823629927313   err=3.637 e-25
     j=11  xi_j/xi_1 = -0.189336509675103832194715014854  ~ -15355629637/81102317051   err=1.083 e-23
     j=12  xi_j/xi_1 = 0.160066687293788499177628729998  ~ 149907356490/936530636227   err=1.076 e-25
  -- lindep [xi_j, zeta(2), L(2,chi-3), G, zeta(3)]  and  [xi_j, xi_1, 1]:
     j=1  const: [-2865487, 1399519, 5413263, 523690, -5077171]~    vs xi_1: --
     j=2  const: [952301, 2514417, 8154, -6569529, 1838492]~    vs xi_1: [-36038013985, -405116165293, 115716784870]~
     j=3  const: [1621033, -2259085, -2873693, 6500053, 385767]~    vs xi_1: [107914654312, -30708933521, 40107010039]~
     j=4  const: [3252157, -1120746, 1885568, -1408497, 567767]~    vs xi_1: [-192429075761, -152965906048, 106346776794]~
     j=5  const: [-6547940, -42677, 245222, -789753, 2083227]~    vs xi_1: [190458601884, 301867533315, -150997291300]~
     j=6  const: [-1484260, 2086714, -2674087, -4537261, 2400292]~    vs xi_1: [5851619750, -99352310378, 31201246213]~
     j=7  const: [2299590, 2145304, -708103, -8140862, 3640072]~    vs xi_1: [148525066719, -137383064159, 36723936183]~
     j=8  const: [-3563187, 707609, 1652501, -6807180, 3278338]~    vs xi_1: [-207227651243, 56690847583, -8621987432]~
     j=9  const: [4747429, -3954043, 1657734, 2006919, 3067282]~    vs xi_1: [-192532881935, 329389514395, -117222246116]~
     j=10  const: [5441959, 1529725, 1820921, -3248938, -2341599]~    vs xi_1: [-224678285235, 143944224673, 30828754798]~
     j=11  const: [-3562632, -639753, -5049945, -2912418, 6199193]~    vs xi_1: [196056172078, -133300194849, 54010668874]~
     j=12  const: [-6140354, -1647096, -3531466, 1175280, 3912865]~    vs xi_1: [-68605625380, 101098958579, -28560515796]~

################ sqrts18   sqrt of Cooper s18
  sqrts18.1  (a,b,d)=(56,6,768)  P=56*nv^2 + 28*nv + 6  Q=768*nv^2 - 768*nv + 180
        n=641  xi = 0.484237553604376424547091239168212813249108601
  sqrts18.2  (a,b,d)=(-40,-6,256)  P=-40*nv^2 - 28*nv - 6  Q=256*nv^2 - 192*nv + 20
        n=400  xi = -0.218271723020561227799075198879915583251862696
  sqrts18.3  (a,b,d)=(-40,-14,256)  P=-40*nv^2 - 44*nv - 14  Q=256*nv^2 - 64*nv - 12
        n=400  xi = -0.084774202480823218170062445455796377021319284
  sqrts18.4  (a,b,d)=(-16,-3,-192)  P=-16*nv^2 - 14*nv - 3  Q=-192*nv^2 + 144*nv - 15
        n=400  xi = -0.230953810204773772114491896331165772845626800
  sqrts18.5  (a,b,d)=(-16,-9,-192)  P=-16*nv^2 - 26*nv - 9  Q=-192*nv^2 + 48*nv + 9
        n=400  xi = -0.090701501717061897036635703582230321205132498
  sqrts18.6  (a,b,d)=(-16,1,-192)  P=-16*nv^2 - 6*nv + 1  Q=-192*nv^2 - 48*nv + 9
        n=400  xi = -0.249448584392461798454715541223460133191558016
  sqrts18.7  (a,b,d)=(56,22,768)  P=56*nv^2 + 60*nv + 22  Q=768*nv^2 - 12
        n=641  xi = 0.078304662778116989765251134617816601120457539
  sqrts18.8  (a,b,d)=(-16,-5,-192)  P=-16*nv^2 - 18*nv - 5  Q=-192*nv^2 - 144*nv - 15
        n=400  xi = -0.095912107451813872703129335077392382474043009
  sqrts18.9  (a,b,d)=(-40,-10,256)  P=-40*nv^2 - 36*nv - 10  Q=256*nv^2 + 64*nv - 12
        n=400  xi = -0.202790992693040697082389892000793397018060283
  sqrts18.10  (a,b,d)=(56,18,768)  P=56*nv^2 + 52*nv + 18  Q=768*nv^2 - 12
        n=641  xi = 0.325422772284872168271737678832087136971077294
  sqrts18.11  (a,b,d)=(-40,-18,256)  P=-40*nv^2 - 52*nv - 18  Q=256*nv^2 + 192*nv + 20
        n=400  xi = -0.080453742057055835534616827507846398990432212
  sqrts18.12  (a,b,d)=(56,34,768)  P=56*nv^2 + 84*nv + 34  Q=768*nv^2 + 768*nv + 180
        n=641  xi = 0.065043216251677286052226411676570102522340780
  -- ratios xi_j/xi_1 : best rational of height <= 10^12, and its error
     j=1  xi_j/xi_1 = 1.000000000000000000000000000000  ~ 1   err=0.e-404
     j=2  xi_j/xi_1 = -0.450753398607514647663469588849  ~ -359822967037/798270114321   err=1.200 e-25
     j=3  xi_j/xi_1 = -0.175067385521454214134025948530  ~ -29952659425/171092173084   err=1.943 e-25
     j=4  xi_j/xi_1 = -0.476943203776103138998507073988  ~ -411295290443/862356958201   err=5.309 e-25
     j=5  xi_j/xi_1 = -0.187307863758053973250995159271  ~ -114325179763/610359743949   err=8.183 e-25
     j=6  xi_j/xi_1 = -0.515136801216086725894865414609  ~ -434338376195/843151518528   err=6.238 e-25
     j=7  xi_j/xi_1 = 0.161707125346358702429323049702  ~ 61556291152/380665298577   err=1.455 e-24
     j=8  xi_j/xi_1 = -0.198068296723170628845150971965  ~ -120762844069/609703047216   err=8.289 e-25
     j=9  xi_j/xi_1 = -0.418784109542073153298406669899  ~ -130648528054/311971073107   err=2.419 e-24
     j=10  xi_j/xi_1 = 0.672031257928300987059438296430  ~ 549121822513/817107561642   err=7.072 e-25
     j=11  xi_j/xi_1 = -0.166145193527858417693939637174  ~ -161733096898/973444331815   err=2.499 e-25
     j=12  xi_j/xi_1 = 0.134320883970138743982024987532  ~ 83682842683/623006938382   err=5.052 e-25
  -- lindep [xi_j, zeta(2), L(2,chi-3), G, zeta(3)]  and  [xi_j, xi_1, 1]:
     j=1  const: [2594310, 154368, -5175083, -1296223, 3095039]~    vs xi_1: --
     j=2  const: [-2831140, -376221, 5809147, -7139330, 1665130]~    vs xi_1: [-46766108563, -26406449008, 2579275172]~
     j=3  const: [1007868, 403519, -5580676, -526112, 3547066]~    vs xi_1: [40041961727, 131927526136, -60489737138]~
     j=4  const: [-7139576, 1152063, -3337889, 4715539, -4371965]~    vs xi_1: [4096954726, -3227033763, 2508858239]~
     j=5  const: [3101478, 200142, 5778731, -4972423, -6888]~    vs xi_1: [89225959599, 87727416260, -34387980906]~
     j=6  const: [4688585, 1785612, -5606531, 1314201, 1172141]~    vs xi_1: [36640605551, 65503844778, -22579474361]~
     j=7  const: [991592, 681058, 2534326, -2812770, -500489]~    vs xi_1: [31998086887, -336920842138, 160644124952]~
     j=8  const: [-1730290, 54159, 4728507, -974875, -2542713]~    vs xi_1: [274522657059, -12486668748, 32376560509]~
     j=9  const: [-2256129, -1405530, -4786675, 1107943, 3809707]~    vs xi_1: [122883949032, 73123302077, -10489290899]~
     j=10  const: [2841776, 825215, -1776662, -4171570, 2434928]~    vs xi_1: [12710082834, 181875349889, -92207024883]~
     j=11  const: [3397852, -1331187, 3436158, 1916297, -1644561]~    vs xi_1: [404482556378, 8397876241, 28475568211]~
     j=12  const: [3122641, -696392, 3784052, -5906845, 2825482]~    vs xi_1: [-28214539929, -110091752542, 55145725345]~
