
=== ZagierA   (7,2,-8)   zeta(2)/4
   a=7  d=-8  disc = a^2-4d = 81  (SQUARE: roots in Z, rational orbit)
   config {0, lam, mu} = {0, 8.000000000000000000000000000000000000000, -1.000000000000000000000000000000000000000}
   the three gaps |lam|, |mu|, |lam-mu| = [8.000000000000000000000000000000000000000, 1.000000000000000000000000000000000000000, 9.000000000000000000000000000000000000000]
   placement at v=0    : roots (8.000000000000000000000000000000000000000, -1.000000000000000000000000000000000000000)   |lam2| = 1.000000000000000000000000000000000000000   score(k=2) = -2.000000000000000000000000000000000000000
   placement at v=lam  : roots (-8.000000000000000000000000000000000000000, -9.000000000000000000000000000000000000000)   |lam2| = 8.000000000000000000000000000000000000000   score(k=2) = -4.079441541679835928251696364374529704227
   placement at v=mu   : roots (1.000000000000000000000000000000000000000, 9.000000000000000000000000000000000000000)   |lam2| = 1.000000000000000000000000000000000000000   score(k=2) = -2.000000000000000000000000000000000000000
   best over the orbit : |lam2|_min = g = 1.000000000000000000000000000000000000000   score = -2.000000000000000000000000000000000000000   [rational: g is a positive integer, so score <= -2]

=== ZagierB   (9,3,27)   no arch limit
   a=9  d=27  disc = a^2-4d = -27  (complex conjugate roots: no archimedean limit)
   |lambda| = |mu| = 5.196152422706631880582339024517617100828

=== ZagierC   (10,3,9)   L(2,chi-3)/2
   a=10  d=9  disc = a^2-4d = 64  (SQUARE: roots in Z, rational orbit)
   config {0, lam, mu} = {0, 9.000000000000000000000000000000000000000, 1.000000000000000000000000000000000000000}
   the three gaps |lam|, |mu|, |lam-mu| = [9.000000000000000000000000000000000000000, 1.000000000000000000000000000000000000000, 8.000000000000000000000000000000000000000]
   placement at v=0    : roots (9.000000000000000000000000000000000000000, 1.000000000000000000000000000000000000000)   |lam2| = 1.000000000000000000000000000000000000000   score(k=2) = -2.000000000000000000000000000000000000000
   placement at v=lam  : roots (-9.000000000000000000000000000000000000000, -8.000000000000000000000000000000000000000)   |lam2| = 8.000000000000000000000000000000000000000   score(k=2) = -4.079441541679835928251696364374529704227
   placement at v=mu   : roots (-1.000000000000000000000000000000000000000, 8.000000000000000000000000000000000000000)   |lam2| = 1.000000000000000000000000000000000000000   score(k=2) = -2.000000000000000000000000000000000000000
   best over the orbit : |lam2|_min = g = 1.000000000000000000000000000000000000000   score = -2.000000000000000000000000000000000000000   [rational: g is a positive integer, so score <= -2]

=== ZagierD   (11,3,-1)  zeta(2)/5
   a=11  d=-1  disc = a^2-4d = 125  (not a square: roots in Q(sqrt(5)))
   config {0, lam, mu} = {0, 11.09016994374947424102293417182819058860, -0.09016994374947424102293417182819058860155}
   the three gaps |lam|, |mu|, |lam-mu| = [11.09016994374947424102293417182819058860, 0.09016994374947424102293417182819058860155, 11.18033988749894848204586834365638117720]
   placement at v=0    : roots (11.09016994374947424102293417182819058860, -0.09016994374947424102293417182819058860155)   |lam2| = 0.09016994374947424102293417182819058860155   score(k=2) = 0.4060591252980172374887945671218421156759
   placement at v=lam  : roots (-11.09016994374947424102293417182819058860, -11.18033988749894848204586834365638117720)   |lam2| = 11.09016994374947424102293417182819058860   score(k=2) = -4.406059125298017237488794567121842115676
   placement at v=mu   : roots (0.09016994374947424102293417182819058860155, 11.18033988749894848204586834365638117720)   |lam2| = 0.09016994374947424102293417182819058860155   score(k=2) = 0.4060591252980172374887945671218421156759
   best over the orbit : |lam2|_min = g = 0.09016994374947424102293417182819058860155   score = 0.4060591252980172374887945671218421156759   [attained only over K]

=== ZagierE   (12,4,32)  G/2 Catalan
   a=12  d=32  disc = a^2-4d = 16  (SQUARE: roots in Z, rational orbit)
   config {0, lam, mu} = {0, 8.000000000000000000000000000000000000000, 4.000000000000000000000000000000000000000}
   the three gaps |lam|, |mu|, |lam-mu| = [8.000000000000000000000000000000000000000, 4.000000000000000000000000000000000000000, 4.000000000000000000000000000000000000000]
   placement at v=0    : roots (8.000000000000000000000000000000000000000, 4.000000000000000000000000000000000000000)   |lam2| = 4.000000000000000000000000000000000000000   score(k=2) = -3.386294361119890618834464242916353136151
   placement at v=lam  : roots (-8.000000000000000000000000000000000000000, -4.000000000000000000000000000000000000000)   |lam2| = 4.000000000000000000000000000000000000000   score(k=2) = -3.386294361119890618834464242916353136151
   placement at v=mu   : roots (-4.000000000000000000000000000000000000000, 4.000000000000000000000000000000000000000)   |lam2| = 4.000000000000000000000000000000000000000   score(k=2) = -3.386294361119890618834464242916353136151
   best over the orbit : |lam2|_min = g = 4.000000000000000000000000000000000000000   score = -3.386294361119890618834464242916353136151   [rational: g is a positive integer, so score <= -2]

=== ZagierF   (17,6,72)  5L(2,chi-3)/8
   a=17  d=72  disc = a^2-4d = 1  (SQUARE: roots in Z, rational orbit)
   config {0, lam, mu} = {0, 9.000000000000000000000000000000000000000, 8.000000000000000000000000000000000000000}
   the three gaps |lam|, |mu|, |lam-mu| = [9.000000000000000000000000000000000000000, 8.000000000000000000000000000000000000000, 1.000000000000000000000000000000000000000]
   placement at v=0    : roots (9.000000000000000000000000000000000000000, 8.000000000000000000000000000000000000000)   |lam2| = 8.000000000000000000000000000000000000000   score(k=2) = -4.079441541679835928251696364374529704227
   placement at v=lam  : roots (-9.000000000000000000000000000000000000000, -1.000000000000000000000000000000000000000)   |lam2| = 1.000000000000000000000000000000000000000   score(k=2) = -2.000000000000000000000000000000000000000
   placement at v=mu   : roots (-8.000000000000000000000000000000000000000, 1.000000000000000000000000000000000000000)   |lam2| = 1.000000000000000000000000000000000000000   score(k=2) = -2.000000000000000000000000000000000000000
   best over the orbit : |lam2|_min = g = 1.000000000000000000000000000000000000000   score = -2.000000000000000000000000000000000000000   [rational: g is a positive integer, so score <= -2]

=== sqrtApery   Beukers (136,10,4) = sqrt(Apery)
   a=136  d=16  disc = a^2-4d = 18432  (not a square: roots in Q(sqrt(2)))
   config {0, lam, mu} = {0, 135.8822509939085623424810587620655077713, 0.1177490060914376575189412379344922286557}
   the three gaps |lam|, |mu|, |lam-mu| = [135.8822509939085623424810587620655077713, 0.1177490060914376575189412379344922286557, 135.7645019878171246849621175241310155427]
   placement at v=0    : roots (135.8822509939085623424810587620655077713, 0.1177490060914376575189412379344922286557)   |lam2| = 0.1177490060914376575189412379344922286557   score(k=2) = 0.1391999869582814820959730570028160999616
   placement at v=lam  : roots (-135.8822509939085623424810587620655077713, -135.7645019878171246849621175241310155427)   |lam2| = 135.7645019878171246849621175241310155427   score(k=2) = -6.910921781747808893190021904942496829063
   placement at v=mu   : roots (-0.1177490060914376575189412379344922286557, 135.7645019878171246849621175241310155427)   |lam2| = 0.1177490060914376575189412379344922286557   score(k=2) = 0.1391999869582814820959730570028160999616
   best over the orbit : |lam2|_min = g = 0.1177490060914376575189412379344922286557   score = 0.1391999869582814820959730570028160999616   [attained only over K]

=== sqrtT   sqrt of T=(12,4,16)
   a=24  d=16  disc = a^2-4d = 512  (not a square: roots in Q(sqrt(2)))
   config {0, lam, mu} = {0, 23.31370849898476039041350979367758462856, 0.6862915010152396095864902063224153714426}
   the three gaps |lam|, |mu|, |lam-mu| = [23.31370849898476039041350979367758462856, 0.6862915010152396095864902063224153714426, 22.62741699796952078082701958735516925711]
   placement at v=0    : roots (23.31370849898476039041350979367758462856, 0.6862915010152396095864902063224153714426)   |lam2| = 0.6862915010152396095864902063224153714426   score(k=2) = -1.623547187080804568369245592956768518095
   placement at v=lam  : roots (-23.31370849898476039041350979367758462856, -22.62741699796952078082701958735516925711)   |lam2| = 22.62741699796952078082701958735516925711   score(k=2) = -5.119162312519753892377544546561794556340
   placement at v=mu   : roots (-0.6862915010152396095864902063224153714426, 22.62741699796952078082701958735516925711)   |lam2| = 0.6862915010152396095864902063224153714426   score(k=2) = -1.623547187080804568369245592956768518095
   best over the orbit : |lam2|_min = g = 0.6862915010152396095864902063224153714426   score = -1.623547187080804568369245592956768518095   [attained only over K]

=== sqrtDomb   sqrt of Domb (10,4,64)
   a=20  d=64  disc = a^2-4d = 144  (SQUARE: roots in Z, rational orbit)
   config {0, lam, mu} = {0, 16.00000000000000000000000000000000000000, 4.000000000000000000000000000000000000000}
   the three gaps |lam|, |mu|, |lam-mu| = [16.00000000000000000000000000000000000000, 4.000000000000000000000000000000000000000, 12.00000000000000000000000000000000000000]
   placement at v=0    : roots (16.00000000000000000000000000000000000000, 4.000000000000000000000000000000000000000)   |lam2| = 4.000000000000000000000000000000000000000   score(k=2) = -3.386294361119890618834464242916353136151
   placement at v=lam  : roots (-16.00000000000000000000000000000000000000, -12.00000000000000000000000000000000000000)   |lam2| = 12.00000000000000000000000000000000000000   score(k=2) = -4.484906649788000310229709479838878840798
   placement at v=mu   : roots (-4.000000000000000000000000000000000000000, 12.00000000000000000000000000000000000000)   |lam2| = 4.000000000000000000000000000000000000000   score(k=2) = -3.386294361119890618834464242916353136151
   best over the orbit : |lam2|_min = g = 4.000000000000000000000000000000000000000   score = -3.386294361119890618834464242916353136151   [rational: g is a positive integer, so score <= -2]

=== sqrtAZ93   sqrt of AZ(9,3,-27)
   a=72  d=-432  disc = a^2-4d = 6912  (not a square: roots in Q(sqrt(3)))
   config {0, lam, mu} = {0, 77.56921938165305504465871219614093680663, -5.569219381653055044658712196140936806627}
   the three gaps |lam|, |mu|, |lam-mu| = [77.56921938165305504465871219614093680663, 5.569219381653055044658712196140936806627, 83.13843876330611008931742439228187361325]
   placement at v=0    : roots (77.56921938165305504465871219614093680663, -5.569219381653055044658712196140936806627)   |lam2| = 5.569219381653055044658712196140936806627   score(k=2) = -3.717254897197238447302285750992173249095
   placement at v=lam  : roots (-77.56921938165305504465871219614093680663, -83.13843876330611008931742439228187361325)   |lam2| = 77.56921938165305504465871219614093680663   score(k=2) = -6.351170691046871864552378445608110137149
   placement at v=mu   : roots (5.569219381653055044658712196140936806627, 83.13843876330611008931742439228187361325)   |lam2| = 5.569219381653055044658712196140936806627   score(k=2) = -3.717254897197238447302285750992173249095
   best over the orbit : |lam2|_min = g = 5.569219381653055044658712196140936806627   score = -3.717254897197238447302285750992173249095   [attained only over K]

=== sqrtAZ11   sqrt of AZ(11,5,125)
   a=88  d=2000  disc = a^2-4d = -256  (complex conjugate roots: no archimedean limit)
   |lambda| = |mu| = 44.72135954999579392818347337462552470881

=== sqrtAZ73   sqrt of AZ(7,3,81)
   a=56  d=1296  disc = a^2-4d = -2048  (complex conjugate roots: no archimedean limit)
   |lambda| = |mu| = 36.00000000000000000000000000000000000000

=== sqrts7   sqrt of Cooper s7
   a=26  d=-27  disc = a^2-4d = 784  (SQUARE: roots in Z, rational orbit)
   config {0, lam, mu} = {0, 27.00000000000000000000000000000000000000, -1.000000000000000000000000000000000000000}
   the three gaps |lam|, |mu|, |lam-mu| = [27.00000000000000000000000000000000000000, 1.000000000000000000000000000000000000000, 28.00000000000000000000000000000000000000]
   placement at v=0    : roots (27.00000000000000000000000000000000000000, -1.000000000000000000000000000000000000000)   |lam2| = 1.000000000000000000000000000000000000000   score(k=2) = -2.000000000000000000000000000000000000000
   placement at v=lam  : roots (-27.00000000000000000000000000000000000000, -28.00000000000000000000000000000000000000)   |lam2| = 27.00000000000000000000000000000000000000   score(k=2) = -5.295836866004329074185735710767577113942
   placement at v=mu   : roots (1.000000000000000000000000000000000000000, 28.00000000000000000000000000000000000000)   |lam2| = 1.000000000000000000000000000000000000000   score(k=2) = -2.000000000000000000000000000000000000000
   best over the orbit : |lam2|_min = g = 1.000000000000000000000000000000000000000   score = -2.000000000000000000000000000000000000000   [rational: g is a positive integer, so score <= -2]

=== sqrts10   sqrt of Cooper s10
   a=24  d=-256  disc = a^2-4d = 1600  (SQUARE: roots in Z, rational orbit)
   config {0, lam, mu} = {0, 32.00000000000000000000000000000000000000, -8.000000000000000000000000000000000000000}
   the three gaps |lam|, |mu|, |lam-mu| = [32.00000000000000000000000000000000000000, 8.000000000000000000000000000000000000000, 40.00000000000000000000000000000000000000]
   placement at v=0    : roots (32.00000000000000000000000000000000000000, -8.000000000000000000000000000000000000000)   |lam2| = 8.000000000000000000000000000000000000000   score(k=2) = -4.079441541679835928251696364374529704227
   placement at v=lam  : roots (-32.00000000000000000000000000000000000000, -40.00000000000000000000000000000000000000)   |lam2| = 32.00000000000000000000000000000000000000   score(k=2) = -5.465735902799726547086160607290882840378
   placement at v=mu   : roots (8.000000000000000000000000000000000000000, 40.00000000000000000000000000000000000000)   |lam2| = 8.000000000000000000000000000000000000000   score(k=2) = -4.079441541679835928251696364374529704227
   best over the orbit : |lam2|_min = g = 8.000000000000000000000000000000000000000   score = -4.079441541679835928251696364374529704227   [rational: g is a positive integer, so score <= -2]

=== sqrts18   sqrt of Cooper s18
   a=56  d=768  disc = a^2-4d = 64  (SQUARE: roots in Z, rational orbit)
   config {0, lam, mu} = {0, 32.00000000000000000000000000000000000000, 24.00000000000000000000000000000000000000}
   the three gaps |lam|, |mu|, |lam-mu| = [32.00000000000000000000000000000000000000, 24.00000000000000000000000000000000000000, 8.000000000000000000000000000000000000000]
   placement at v=0    : roots (32.00000000000000000000000000000000000000, 24.00000000000000000000000000000000000000)   |lam2| = 24.00000000000000000000000000000000000000   score(k=2) = -5.178053830347945619646941601297055408874
   placement at v=lam  : roots (-32.00000000000000000000000000000000000000, -8.000000000000000000000000000000000000000)   |lam2| = 8.000000000000000000000000000000000000000   score(k=2) = -4.079441541679835928251696364374529704227
   placement at v=mu   : roots (-24.00000000000000000000000000000000000000, 8.000000000000000000000000000000000000000)   |lam2| = 8.000000000000000000000000000000000000000   score(k=2) = -4.079441541679835928251696364374529704227
   best over the orbit : |lam2|_min = g = 8.000000000000000000000000000000000000000   score = -4.079441541679835928251696364374529704227   [rational: g is a positive integer, so score <= -2]

=== level5F   Gamma_0(5)+5 non-congruence
   a=88  d=-64  disc = a^2-4d = 8000  (not a square: roots in Q(sqrt(5)))
   config {0, lam, mu} = {0, 88.72135954999579392818347337462552470881, -0.7213595499957939281834733746255247088124}
   the three gaps |lam|, |mu|, |lam-mu| = [88.72135954999579392818347337462552470881, 0.7213595499957939281834733746255247088124, 89.44271909999158785636694674925104941762]
   placement at v=0    : roots (88.72135954999579392818347337462552470881, -0.7213595499957939281834733746255247088124)   |lam2| = 0.7213595499957939281834733746255247088124   score(k=2) = -1.673382416381818690762901797252687588551
   placement at v=lam  : roots (-88.72135954999579392818347337462552470881, -89.44271909999158785636694674925104941762)   |lam2| = 88.72135954999579392818347337462552470881   score(k=2) = -6.485500666977853165740490931496371819902
   placement at v=mu   : roots (0.7213595499957939281834733746255247088124, 89.44271909999158785636694674925104941762)   |lam2| = 0.7213595499957939281834733746255247088124   score(k=2) = -1.673382416381818690762901797252687588551
   best over the orbit : |lam2|_min = g = 0.7213595499957939281834733746255247088124   score = -1.673382416381818690762901797252687588551   [attained only over K]

=== herf30   #30 I1 I7 II II
   a=117  d=3969  disc = a^2-4d = -2187  (complex conjugate roots: no archimedean limit)
   |lambda| = |mu| = 63.00000000000000000000000000000000000000

=== herf45   #45 I3 III III III
   a=72  d=1728  disc = a^2-4d = -1728  (complex conjugate roots: no archimedean limit)
   |lambda| = |mu| = 41.56921938165305504465871219614093680663

=== rigidity check: for every rational-root row in the corpus,
    are all three gaps integers >= 1 ?
   ZagierA: lam=8 mu=-1  gaps=[8, 1, 9]  all integers>=1 : 1
   ZagierC: lam=9 mu=1  gaps=[9, 1, 8]  all integers>=1 : 1
   ZagierE: lam=8 mu=4  gaps=[8, 4, 4]  all integers>=1 : 1
   ZagierF: lam=9 mu=8  gaps=[9, 8, 1]  all integers>=1 : 1
   sqrtDomb: lam=16 mu=4  gaps=[16, 4, 12]  all integers>=1 : 1
   sqrts7: lam=27 mu=-1  gaps=[27, 1, 28]  all integers>=1 : 1
   sqrts10: lam=32 mu=-8  gaps=[32, 8, 40]  all integers>=1 : 1
   sqrts18: lam=32 mu=24  gaps=[32, 24, 8]  all integers>=1 : 1
