[0;31m  ***   Warning: new stack size = 1073741824 (1024.000 Mbytes).[0m

=== ZagierD   (11,3,-1)  zeta(2)/5
  -- placement at v=lam, gauge al=1
     P# = Mod((-3*nv^2 - 3*nv - 1)*y + (11*nv^2 + 11*nv + 3), y^2 - 11*y - 1)
     Q# = Mod(11*nv^2*y + 2*nv^2, y^2 - 11*y - 1)
     minimal integer rescaling c with c^n a_n in O_K (n<=60): 1
     after rescaling: lam1=-11.1803398874989484820458683436563811772030917980576286213545  lam2=-11.0901699437494742410229341718281905886015458990288143106772   score(k=2) = -4.40605912529801723748879456712184211567592167192830259830509
  -- placement at v=mu, gauge al=1
     P# = Mod((3*nv^2 + 3*nv + 1)*y + (-22*nv^2 - 22*nv - 8), y^2 - 11*y - 1)
     Q# = Mod(-11*nv^2*y + 123*nv^2, y^2 - 11*y - 1)
     minimal integer rescaling c with c^n a_n in O_K (n<=60): 1
     after rescaling: lam1=11.1803398874989484820458683436563811772030917980576286213545  lam2=0.0901699437494742410229341718281905886015458990288143106772431   score(k=2) = 0.406059125298017237488794567121842115675921671928302598305091

=== sqrtApery   Beukers (136,10,4) = sqrt(Apery)
  -- placement at v=lam, gauge al=1/2
     P# = Mod((-3*nv^2 - 2*nv - 1/2)*y + (136*nv^2 + 68*nv + 10), y^2 - 136*y + 16)
     Q# = Mod((136*nv^2 - 68*nv)*y + (-32*nv^2 + 16*nv), y^2 - 136*y + 16)
     minimal integer rescaling c with c^n a_n in O_K (n<=60): 1
     after rescaling: lam1=-135.882250993908562342481058762065507771344250018093507512481  lam2=-135.764501987817124684962117524131015542688500036187015024961   score(k=2) = -6.91092178174780889319002190494249682906274129680415334939843
  -- placement at v=mu, gauge al=1/2
     P# = Mod((3*nv^2 + 2*nv + 1/2)*y + (-272*nv^2 - 204*nv - 58), y^2 - 136*y + 16)
     Q# = Mod((-136*nv^2 + 68*nv)*y + (18464*nv^2 - 9232*nv), y^2 - 136*y + 16)
     minimal integer rescaling c with c^n a_n in O_K (n<=60): 1
     after rescaling: lam1=135.764501987817124684962117524131015542688500036187015024961  lam2=-0.117749006091437657518941237934492228655749981906492487519373   score(k=2) = 0.139199986958281482095973057002816099961641044326031134771822

=== sqrtT   sqrt of T=(12,4,16)
  -- placement at v=lam, gauge al=1/2
     P# = Mod((-3*nv^2 - 2*nv - 1/2)*y + (24*nv^2 + 12*nv + 2), y^2 - 24*y + 16)
     Q# = Mod((24*nv^2 - 12*nv)*y + (-32*nv^2 + 16*nv), y^2 - 24*y + 16)
     minimal integer rescaling c with c^n a_n in O_K (n<=60): 1
     after rescaling: lam1=-23.3137084989847603904135097936775846285573750030155845854134  lam2=-22.6274169979695207808270195873551692571147500060311691708269   score(k=2) = -5.11916231251975389237754454656179455633975060462114864354306
  -- placement at v=mu, gauge al=1/2
     P# = Mod((3*nv^2 + 2*nv + 1/2)*y + (-48*nv^2 - 36*nv - 10), y^2 - 24*y + 16)
     Q# = Mod((-24*nv^2 + 12*nv)*y + (544*nv^2 - 272*nv), y^2 - 24*y + 16)
     minimal integer rescaling c with c^n a_n in O_K (n<=60): 1
     after rescaling: lam1=22.6274169979695207808270195873551692571147500060311691708269  lam2=-0.686291501015239609586490206322415371442624996984415414586562   score(k=2) = -1.62354718708080456836924559295676851809467961219723968673477

=== sqrtAZ93   sqrt of AZ(9,3,-27)
  -- placement at v=lam, gauge al=1/2
     P# = Mod((-3*nv^2 - 2*nv - 1/2)*y + (72*nv^2 + 36*nv + 6), y^2 - 72*y - 432)
     Q# = Mod((72*nv^2 - 36*nv)*y + (864*nv^2 - 432*nv), y^2 - 72*y - 432)
     minimal integer rescaling c with c^n a_n in O_K (n<=60): 1
     after rescaling: lam1=-83.1384387633061100893174243922818736132546521828982701466787  lam2=-77.5692193816530550446587121961409368066273260914491350733394   score(k=2) = -6.35117069104687186455237844560811013714921807692215116561187
  -- placement at v=mu, gauge al=1/2
     P# = Mod((3*nv^2 + 2*nv + 1/2)*y + (-144*nv^2 - 108*nv - 30), y^2 - 72*y - 432)
     Q# = Mod((-72*nv^2 + 36*nv)*y + (6048*nv^2 - 3024*nv), y^2 - 72*y - 432)
     minimal integer rescaling c with c^n a_n in O_K (n<=60): 1
     after rescaling: lam1=83.1384387633061100893174243922818736132546521828982701466787  lam2=5.56921938165305504465871219614093680662732609144913507333937   score(k=2) = -3.71725489719723844730228575099217324909525413398711820607493

=== level5F   Gamma_0(5)+5 non-congruence
  -- placement at v=lam, gauge al=1/4
     P# = Mod((-3*nv^2 - 3/2*nv - 1/4)*y + (88*nv^2 + 44*nv + 6), y^2 - 88*y - 64)
     Q# = Mod((88*nv^2 - 88*nv + 33/2)*y + (128*nv^2 - 128*nv + 24), y^2 - 88*y - 64)
     minimal integer rescaling c with c^n a_n in O_K (n<=60): 1
     after rescaling: lam1=-89.4427190999915878563669467492510494176247343844610289708359  lam2=-88.7213595499957939281834733746255247088123671922305144854179   score(k=2) = -6.48550066697785316574049093149637181990242207500906836066713
  -- placement at v=lam, gauge al=3/4
     P# = Mod((-3*nv^2 - 5/2*nv - 3/4)*y + (88*nv^2 + 44*nv + 6), y^2 - 88*y - 64)
     Q# = Mod((88*nv^2 - 11/2)*y + (128*nv^2 - 8), y^2 - 88*y - 64)
     minimal integer rescaling c with c^n a_n in O_K (n<=60): 1
     after rescaling: lam1=-89.4427190999915878563669467492510494176247343844610289708359  lam2=-88.7213595499957939281834733746255247088123671922305144854179   score(k=2) = -6.48550066697785316574049093149637181990242207500906836066713
  -- placement at v=mu, gauge al=1/4
     P# = Mod((3*nv^2 + 3/2*nv + 1/4)*y + (-176*nv^2 - 88*nv - 16), y^2 - 88*y - 64)
     Q# = Mod((-88*nv^2 + 88*nv - 33/2)*y + (7872*nv^2 - 7872*nv + 1476), y^2 - 88*y - 64)
     minimal integer rescaling c with c^n a_n in O_K (n<=60): 1
     after rescaling: lam1=89.4427190999915878563669467492510494176247343844610289708359  lam2=0.721359549995793928183473374625524708812367192230514485417945   score(k=2) = -1.67338241638181869076290179725268758855057873115246316405695
  -- placement at v=mu, gauge al=3/4
     P# = Mod((3*nv^2 + 5/2*nv + 3/4)*y + (-176*nv^2 - 176*nv - 60), y^2 - 88*y - 64)
     Q# = Mod((-88*nv^2 + 11/2)*y + (7872*nv^2 - 492), y^2 - 88*y - 64)
     minimal integer rescaling c with c^n a_n in O_K (n<=60): 1
     after rescaling: lam1=89.4427190999915878563669467492510494176247343844610289708359  lam2=0.721359549995793928183473374625524708812367192230514485417945   score(k=2) = -1.67338241638181869076290179725268758855057873115246316405695
