=== Apery's zeta(2) row, Zagier D (11,3,-1) ===
  original xi = 0.3289868133696452872944830333292050378437899802413596875471116458740014940806401747667257801239517410608008637924674381359257449374010015575870205892661732553663466618735525210190502013744280109593623117589780721646555524   zeta(2)/5 = 0.3289868133696452872944830333292050378437899802413596875471116458740014940806401747667257801239517410608008637924674381359257449374010015575870205892661732553663466618735525210190502013744280109593623117589780721646555524
  ZagierD conjugate placement (v=mu):
     P# = 11.27050983124842272306880251548457176580463769708644293203172934057890694228353674560810806284086706227131132113080337628189950793335305397689770091150089531650083629893909374358457483991979892435401821012813150338752568*nv^2 + 11.27050983124842272306880251548457176580463769708644293203172934057890694228353674560810806284086706227131132113080337628189950793335305397689770091150089531650083629893909374358457483991979892435401821012813150338752568*nv + 3.090169943749474241022934171828190588601545899028814310677243113526302314094512248536036020946955687423770440376934458760633169311117684658965900303833631772166945432979697914528191613306599641451339403376043834462508558
     Q# = 1.008130618755783348747724109889903525382995110683042582550325751210674544960365266103603769583487438338525155853720953633035137577705468751375096657830050506163600237223322940189892253627403944035266562863517820912405857*nv^2 + 0.E-231*nv
     xi# (n=260)  = 0.3278170944203283831654907069361997012055692295683510142315674804457921334711656929937574711613237998086006156643636095266714353995669197070045684919594415598082688886627247672015556987346030406668274733145350271450406197
     Cauchy check |xi#(n)-xi#(n-1)| = 0.E-231
  lindep [xi#, xi, 1] = [-28822188343976368609, -37996660060904241738, 21948806149884348100]~
  lindep [xi#, zeta(2), 1] = [-2765735097336195165, 12853745842513368637, -20236909179413922561]~
  xi#/xi = 0.9964444807457901870589904950531574482027958325026283357146509573270932058449339538273065950659900593737676432166530094528489548333697304814032280289849292304801917095294507233749352916754438502221518997633170234524978694  bestappr = 565820041204/567839003715

=== Beukers (136,10,4) = sqrt(Apery) ===
  original xi = 0.1001874492293394061677586821330611216287777205008122117162193987349722087120577580850958409788906881039068063021984547830169329289453357704666920380984514529555078988094804518797113262247672234677629336742506298249175926
  Beukers conjugate placement (v=mu):
     P# = 135.6467529817256870274431762861965233140327500542805225374418822706654768985434135944558049431803864738419938572513707715891763920425061586207534955823907597235040638935608053568351928721660006167222916957766359112597195*nv^2 + 67.76450198781712468496211752413101554268850003618701502496125484711031793236227572963720329545359098256132923816758051439278426136167077241383566372159383981566937592904053690455679524811066707781486113051775727417314636*nv + 9.941125496954281171240529381032753885672125009046753756240313711777579483090568932409300823863397745640332309541895128598196065340417693103458915930398459953917343982260134226139198812027666769453715282629439318543286589
     Q# = -15.98613517156447857742399164090905690281800246071702169736532960350161940063474961532982409084418681417038819539547497870932977259361252414082513306838110746551756317475650950986207687152536129141055687520749464377395216*nv^2 + 7.993067585782239288711995820454528451409001230358510848682664801750809700317374807664912045422093407085194097697737489354664886296806262070412566534190553732758781587378254754931038435762680645705278437603747321886976081*nv + 5.152919015677706647 E-231
     xi# (n=260)  = 0.1002150533261652807191036411782347548382894623258201047818135140579755071848884354875010201827767498164458168063574493004664461098699432043592491160618473239357237404212753771359272391237601955356833370108359759508101077
     Cauchy check |xi#(n)-xi#(n-1)| = 1.6102871923992833271 E-232
  lindep [xi#, xi, 1] = [17897636137025367162, 35640564260229290365, -5364349782211030547]~
  xi#/xi = 1.000275524499707402732625665533256579761046213296799281318831570231201098010526874025559209303569431574953535670930578022717888088569550759536202793833411847033604523762460384613274296133057868837102703047886983025354022  bestappr = 918986012957/918732879540
  lindep [xi#, xi, zeta(3), zeta(2), 1] = [-2165809400, -5157743997, -1006075743, -683370748, 3067248035]~
