=== high-precision identification, sqrt(Domb) orbit ===
  sqrtDomb.5  P=20*nv^2 + 26*nv + 10  Q=64*nv^2
     xi (n=200) = 0.115620737022370989635832527780327138135207227558655667307384
     target            = 0.115620737022370989635832527780327138135207227558655667307384
     |xi - target|     = 2.808 e-124
     predicted decay |lam2/lam1|^n = 3.873 e-121
     a_n integral to n=200: 1   k = 2 (sharp)
  sqrtDomb.7  P=20*nv^2 + 14*nv + 4  Q=64*nv^2
     xi (n=200) = 0.674660643579270408495071951382423015024709826731877247804527
     target            = 0.674660643579270408495071951382423015024709826731877247804527
     |xi - target|     = 2.685 e-118
     predicted decay |lam2/lam1|^n = 3.873 e-121
     a_n integral to n=200: 1   k = 2 (sharp)

  parent sqrtDomb.1 = (20,2,64): xi = L(f_12,2), not an Eisenstein value:
  sqrtDomb.1  P=20*nv^2 + 10*nv + 2  Q=64*nv^2 - 64*nv + 16
     xi (n=200) = 0.737292996185596240176426197802293697960919143276529185222869
     target            = 0.000000000000000000000000000000000000000000000000000000000000
     |xi - target|     = 7.373 e-1
     predicted decay |lam2/lam1|^n = 3.873 e-121
     a_n integral to n=200: 1   k = 2 (sharp)

=== the two forms in 1, zeta(2), L(2,chi-3) they produce ===
 row .5 : 16 d_n^2 (a_n xi - b_n) = d_n^2 a_n (15 L - 6 zeta(2)) - 16 d_n^2 b_n
 row .7 : 32 d_n^2 (a_n xi - b_n) = d_n^2 a_n ( 6 zeta(2) + 15 L) - 32 d_n^2 b_n
 coefficient vectors in the (zeta(2), L)-plane: (-6,15) and (6,15) -- independent.
 sigma = k + log lam1 = 4.7725887222397812376689284858327062723020005374410210164827200379735744878787788624234533079856747501680059240822827429347420809430325222281306830065403038477229102833134857407612281544955666938844934004614579918209564819006907262997282606220989365581035318018   delta = -k - log|lam2| = -3.3862943611198906188344642429163531361510002687205105082413600189867872439393894312117266539928373750840029620411413714673710404715162611140653415032701519238614551416567428703806140772477833469422467002307289959104782409503453631498641303110494682790517659009
 tau = delta/sigma = -0.70952989209820260375330450289269044815926475365854452856131949155980181022435463698497042344227250524667570300994181328276592901109399778801804134914210136305465319236941375406934014061850335768981861793834473208011508984350490962730944074014888760693698039391   Nesterenko dim >= 0.29047010790179739624669549710730955184073524634145547143868050844019818977564536301502957655772749475332429699005818671723407098890600221198195865085789863694534680763058624593065985938149664231018138206165526791988491015649509037269055925985111239306301960609
 deficit to dim>=2 : 3.3862943611198906188344642429163531361510002687205105082413600189867872439393894312117266539928373750840029620411413714673710404715162611140653415032701519238614551416567428703806140772477833469422467002307289959104782409503453631498641303110494682790517659009 nats/step;  to dim>=3 : 12.931471805599453094172321214581765680755001343602552541206800094933936219696947156058633269964186875420014810205706857336855202357581305570326707516350759619307275708283714351903070386238916734711233501153644979552391204751726815749320651555247341395258829505 nats/step
