[0;31m  ***   Warning: new stack size = 1073741824 (1024.000 Mbytes).[0m
ZagierA  lam=8 al=1 :  A-transform OK ;  B# = cmove(Bhat) OK ;  naive B# = cmove(B) fails as predicted
ZagierA  lam=-1 al=1 :  A-transform OK ;  B# = cmove(Bhat) OK ;  naive B# = cmove(B) fails as predicted
ZagierC  lam=9 al=1 :  A-transform OK ;  B# = cmove(Bhat) OK ;  naive B# = cmove(B) fails as predicted
ZagierC  lam=1 al=1 :  A-transform OK ;  B# = cmove(Bhat) OK ;  naive B# = cmove(B) fails as predicted
ZagierE  lam=8 al=1 :  A-transform OK ;  B# = cmove(Bhat) OK ;  naive B# = cmove(B) fails as predicted
ZagierE  lam=4 al=1 :  A-transform OK ;  B# = cmove(Bhat) OK ;  naive B# = cmove(B) fails as predicted
ZagierF  lam=9 al=1 :  A-transform OK ;  B# = cmove(Bhat) OK ;  naive B# = cmove(B) fails as predicted
ZagierF  lam=8 al=1 :  A-transform OK ;  B# = cmove(Bhat) OK ;  naive B# = cmove(B) fails as predicted
sqrtDomb  lam=16 al=1/2 :  A-transform OK ;  B# = cmove(Bhat) OK ;  naive B# = cmove(B) fails as predicted
sqrtDomb  lam=4 al=1/2 :  A-transform OK ;  B# = cmove(Bhat) OK ;  naive B# = cmove(B) fails as predicted
sqrts7  lam=27 al=1/3 :  A-transform OK ;  B# = cmove(Bhat) OK ;  naive B# = cmove(B) fails as predicted
sqrts7  lam=27 al=2/3 :  A-transform OK ;  B# = cmove(Bhat) OK ;  naive B# = cmove(B) fails as predicted
sqrts7  lam=-1 al=1/3 :  A-transform OK ;  B# = cmove(Bhat) OK ;  naive B# = cmove(B) fails as predicted
sqrts7  lam=-1 al=2/3 :  A-transform OK ;  B# = cmove(Bhat) OK ;  naive B# = cmove(B) fails as predicted
sqrts10  lam=32 al=3/8 :  A-transform OK ;  B# = cmove(Bhat) OK ;  naive B# = cmove(B) fails as predicted
sqrts10  lam=32 al=5/8 :  A-transform OK ;  B# = cmove(Bhat) OK ;  naive B# = cmove(B) fails as predicted
sqrts10  lam=-8 al=3/8 :  A-transform OK ;  B# = cmove(Bhat) OK ;  naive B# = cmove(B) fails as predicted
sqrts10  lam=-8 al=5/8 :  A-transform OK ;  B# = cmove(Bhat) OK ;  naive B# = cmove(B) fails as predicted
sqrts18  lam=32 al=3/8 :  A-transform OK ;  B# = cmove(Bhat) OK ;  naive B# = cmove(B) fails as predicted
sqrts18  lam=32 al=5/8 :  A-transform OK ;  B# = cmove(Bhat) OK ;  naive B# = cmove(B) fails as predicted
sqrts18  lam=24 al=3/8 :  A-transform OK ;  B# = cmove(Bhat) OK ;  naive B# = cmove(B) fails as predicted
sqrts18  lam=24 al=5/8 :  A-transform OK ;  B# = cmove(Bhat) OK ;  naive B# = cmove(B) fails as predicted
