[0;31m  ***   Warning: not enough memory, new PARI stack 12000002048[0m
[0;31m  ***   Warning: not enough memory, new PARI stack 12000002048[0m
[0;31m  ***   Warning: new maximum stack size = 12000002048 (11444.094 Mbytes).[0m
zeta_2(2) = L_2(2,chi-4 om^-1) mod 2^24 : 8930779/2
L_2(2,chi12)=L_2(2,chi-3 om^-1) mod 2^24: 7709030
--- row1 (16,20,8; 48,16,0; -128,0,0)   v_2(incr_N)=1377
    xi_2 - (1/4 * zeta_2(2)) : ZERO to 1200 digits
    v_2(Cas_n), n=41..60: [184, 190, 194, 198, 202, 210, 214, 216, 220, 226, 230, 234, 238, 245, 249, 252, 256, 262, 266, 270]
    v_2(Cas_n)-9n/2 or -7n/2 etc: (raw above)
--- row2 (14,20,8; 28,16,4; 8,0,0)   v_2(incr_N)=779
    xi_2 - (1/2 * zeta_2(2)) : ZERO to 775 digits
    v_2(Cas_n), n=41..60: [82, 85, 87, 88, 90, 95, 97, 96, 98, 101, 103, 104, 106, 110, 112, 112, 114, 117, 119, 120]
    v_2(Cas_n)-9n/2 or -7n/2 etc: (raw above)
--- row3 (6,10,4; -32,-24,-8; 32,0,0)   v_2(incr_N)=1379
    xi_2 - (-1/2 * zeta_2(2)) : ZERO to 1200 digits
    v_2(Cas_n), n=41..60: [144, 148, 152, 154, 158, 164, 168, 168, 172, 176, 180, 182, 186, 191, 195, 196, 200, 204, 208, 210]
    v_2(Cas_n)-9n/2 or -7n/2 etc: (raw above)
--- row4 (16,20,8; 68,36,8; 32,0,0)   v_2(incr_N)=1176
    xi_2 - (3/8 * L_2(2,chi12)) : ZERO to 1172 digits
    v_2(Cas_n), n=41..60: [120, 126, 127, 131, 133, 141, 141, 143, 145, 151, 152, 156, 158, 165, 164, 167, 169, 175, 176, 180]
    v_2(Cas_n)-9n/2 or -7n/2 etc: (raw above)
--- row5 (17,25,10; 32,24,8; 16,0,0)   v_2(incr_N)=1184
    xi_2 - (3/4 * L_2(2,chi12)) : ZERO to 1180 digits
    v_2(Cas_n), n=41..60: [124, 126, 131, 131, 135, 139, 145, 143, 147, 149, 154, 154, 158, 161, 169, 168, 172, 174, 179, 179]
    v_2(Cas_n)-9n/2 or -7n/2 etc: (raw above)
--- row6 (13,20,8; -13,-6,-1; -1,0,0)   v_2(incr_N)=-11
    no 2-adic limit predicted
    v_2(Cas_n), n=41..60: [0, 1, 1, 0, 0, 3, 3, 0, 0, 1, 1, 0, 0, 2, 2, 0, 0, 1, 1, 0]
    v_2(Cas_n)-9n/2 or -7n/2 etc: (raw above)
--- Zagier E (12,4,32)   v_2(incr_N)=1969
    xi_2 - (1/2 * zeta_2(2)) : ZERO to 1200 digits
    v_2(Cas_n), n=41..60: [203, 210, 211, 220, 223, 230, 227, 240, 243, 250, 251, 260, 263, 270, 269, 280, 283, 290, 291, 300]
    v_2(Cas_n)-9n/2 or -7n/2 etc: (raw above)
DONE
