[0;31m  ***   Warning: new maximum stack size = 8000000000 (7629.395 Mbytes).[0m
=== row1 (16,20,8; 48,16,0; -128,0,0)  (N=400) ===
  a_n integral for all n<=400? 1   den(b_n) | d_n^2 for all n<=400? 1   sharp k = 2
  Cas_n = a_n b_{n+1} - a_{n+1} b_n,  n=0..6: [1, 16, 1024, 49152, 71041024/25, 843055104/5, 261456134144/25]
  Cas_n*(n+1)^2, n=0..8: [1, 64, 9216, 786432, 71041024, 30349983744/5, 12811350573056/25, 1065976523128832/25, 87873587767148544/25]
  ratio Cas_n/Cas_{n-1} * (n+1)^2/n^2, n=1..8: [64, 144, 256/3, 271/3, 115776/1355, 763616/9045, 283648/3409, 1278729/15512]
  p=2 v_p(den b_n) : [0, 0, 0, 0, 0]  rate 0   | v_p(a_n): [31, 56, 106, 158, 215]
  p=2 v_p(Cas_n)   : [226, 450, 900, 1350, 1798]  w_p  4.5252525252525252525252525252525252525
  p=2 v_p(incr)    : [158, 331, 679, 1027, 1370]  sig  3.4646464646464646464646464646464646465
  p=3 v_p(den b_n) : [2, 8, 3, 8, 6]  rate -0.020202020202020202020202020202020202020   | v_p(a_n): [2, 0, 4, 1, 2]
  p=3 v_p(Cas_n)   : [-1, -4, -4, -3, -3]  w_p  0
  p=3 v_p(incr)    : [-6, 0, -11, -7, -7]  sig  0
  p=5 v_p(den b_n) : [4, 4, 5, 6, 6]  rate 0   | v_p(a_n): [0, 0, 0, 0, 0]
  p=5 v_p(Cas_n)   : [-2, -2, -4, -4, -5]  w_p  -0.010101010101010101010101010101010101010
  p=5 v_p(incr)    : [-4, -5, -6, -6, -6]  sig  0
  p=7 v_p(den b_n) : [4, 3, 4, 1, 4]  rate 0.030303030303030303030303030303030303030   | v_p(a_n): [0, 0, 0, 2, 0]
  p=7 v_p(Cas_n)   : [-2, -2, -2, -2, -1]  w_p  0.010101010101010101010101010101010101010
  p=7 v_p(incr)    : [0, -2, -2, -4, -3]  sig  0.010101010101010101010101010101010101010
  p=11 v_p(den b_n) : [2, 2, 4, 4, 4]  rate 0   | v_p(a_n): [0, 0, 0, 0, 0]
  p=11 v_p(Cas_n)   : [0, 0, -2, -2, -2]  w_p  0
  p=11 v_p(incr)    : [0, 0, -1, -2, -2]  sig  0
  p=13 v_p(den b_n) : [2, 2, 4, 4, 4]  rate 0   | v_p(a_n): [0, 1, 0, 0, 0]
  p=13 v_p(Cas_n)   : [-2, -2, -4, -4, -4]  w_p  0
  p=13 v_p(incr)    : [-3, -3, -4, -3, -4]  sig  -0.010101010101010101010101010101010101010

=== row2 (14,20,8; 28,16,4; 8,0,0)  (N=400) ===
  a_n integral for all n<=400? 1   den(b_n) | d_n^2 for all n<=400? 1   sharp k = 2
  Cas_n = a_n b_{n+1} - a_{n+1} b_n,  n=0..6: [1, 12, 160, 2432, 1013504/25, 17970176/25, 332546048/25]
  Cas_n*(n+1)^2, n=0..8: [1, 48, 1440, 38912, 1013504, 646926336/25, 16294756352/25, 406306422784/25, 10052194074624/25]
  ratio Cas_n/Cas_{n-1} * (n+1)^2/n^2, n=1..8: [48, 30, 1216/45, 3959/152, 2527056/98975, 568316/22563, 24798976/994553, 153384309/6199744]
  p=2 v_p(den b_n) : [0, 0, 0, 0, 0]  rate 0   | v_p(a_n): [7, 6, 6, 8, 16]
  p=2 v_p(Cas_n)   : [101, 200, 400, 600, 801]  w_p  2.0303030303030303030303030303030303030
  p=2 v_p(incr)    : [84, 183, 381, 579, 772]  sig  1.9494949494949494949494949494949494950
  p=3 v_p(den b_n) : [4, 8, 6, 10, 9]  rate -0.010101010101010101010101010101010101010   | v_p(a_n): [2, 1, 2, 0, 1]
  p=3 v_p(Cas_n)   : [-2, -4, -2, -4, -4]  w_p  0
  p=3 v_p(incr)    : [-3, -6, -6, -5, -6]  sig  -0.010101010101010101010101010101010101010
  p=5 v_p(den b_n) : [4, 4, 6, 6, 6]  rate 0   | v_p(a_n): [0, 0, 0, 1, 0]
  p=5 v_p(Cas_n)   : [-4, -4, -6, -6, -5]  w_p  0.010101010101010101010101010101010101010
  p=5 v_p(incr)    : [-4, -4, -6, -7, -5]  sig  0.020202020202020202020202020202020202020
  p=7 v_p(den b_n) : [4, 4, 4, 2, 5]  rate 0.030303030303030303030303030303030303030   | v_p(a_n): [0, 1, 1, 2, 1]
  p=7 v_p(Cas_n)   : [-2, -2, -2, -1, -1]  w_p  0
  p=7 v_p(incr)    : [-2, -4, -4, -3, -5]  sig  -0.020202020202020202020202020202020202020
  p=11 v_p(den b_n) : [0, 2, 4, 3, 3]  rate 0   | v_p(a_n): [2, 0, 0, 2, 1]
  p=11 v_p(Cas_n)   : [0, 0, -2, -2, -2]  w_p  0
  p=11 v_p(incr)    : [-2, 1, -2, -5, -3]  sig  0.020202020202020202020202020202020202020
  p=13 v_p(den b_n) : [2, 2, 4, 3, 4]  rate 0.010101010101010101010101010101010101010   | v_p(a_n): [0, 0, 0, 0, 0]
  p=13 v_p(Cas_n)   : [-2, -2, -4, -4, -4]  w_p  0
  p=13 v_p(incr)    : [-2, -2, -4, -4, -4]  sig  0

=== row3 (6,10,4; -32,-24,-8; 32,0,0)  (N=400) ===
  a_n integral for all n<=400? 1   den(b_n) | d_n^2 for all n<=400? 1   sharp k = 2
  Cas_n = a_n b_{n+1} - a_{n+1} b_n,  n=0..6: [1, -16, 256, -4096, 1654784/25, -27000832/25, 444596224/25]
  Cas_n*(n+1)^2, n=0..8: [1, -64, 2304, -65536, 1654784, -972029952/25, 21785214976/25, -94489280512/5, 10004321009664/25]
  ratio Cas_n/Cas_{n-1} * (n+1)^2/n^2, n=1..8: [-64, -36, -256/9, -101/4, -59328/2525, -20776/927, -56320/2597, -37269/1760]
  p=2 v_p(den b_n) : [0, 0, 0, 0, 0]  rate 0   | v_p(a_n): [6, 6, 6, 8, 15]
  p=2 v_p(Cas_n)   : [176, 350, 700, 1050, 1400]  w_p  3.5353535353535353535353535353535353535
  p=2 v_p(incr)    : [160, 333, 681, 1029, 1371]  sig  3.4545454545454545454545454545454545455
  p=3 v_p(den b_n) : [4, 7, 6, 8, 10]  rate 0.020202020202020202020202020202020202020   | v_p(a_n): [4, 1, 2, 4, 2]
  p=3 v_p(Cas_n)   : [-2, -2, -4, -4, -4]  w_p  0
  p=3 v_p(incr)    : [-9, -5, -5, -13, -12]  sig  0.010101010101010101010101010101010101010
  p=5 v_p(den b_n) : [3, 4, 6, 6, 6]  rate 0   | v_p(a_n): [0, 0, 0, 0, 0]
  p=5 v_p(Cas_n)   : [-4, -4, -5, -6, -6]  w_p  0
  p=5 v_p(incr)    : [-4, -4, -5, -6, -6]  sig  0
  p=7 v_p(den b_n) : [4, 4, 4, 2, 6]  rate 0.040404040404040404040404040404040404040   | v_p(a_n): [0, 0, 0, 3, 2]
  p=7 v_p(Cas_n)   : [-2, -2, -2, -2, -2]  w_p  0
  p=7 v_p(incr)    : [-2, -2, -2, -5, -8]  sig  -0.030303030303030303030303030303030303030
  p=11 v_p(den b_n) : [2, 2, 4, 4, 4]  rate 0   | v_p(a_n): [0, 1, 0, 0, 0]
  p=11 v_p(Cas_n)   : [0, 0, -2, -2, -2]  w_p  0
  p=11 v_p(incr)    : [0, -2, -2, -2, -2]  sig  0
  p=13 v_p(den b_n) : [2, 2, 4, 4, 4]  rate 0   | v_p(a_n): [0, 0, 0, 0, 0]
  p=13 v_p(Cas_n)   : [-2, -2, -4, -4, -4]  w_p  0
  p=13 v_p(incr)    : [-1, -2, -4, -4, -4]  sig  0

=== row4 (16,20,8; 68,36,8; 32,0,0)  (N=400) ===
  a_n integral for all n<=400? 1   den(b_n) | d_n^2 for all n<=400? 1   sharp k = 2
  Cas_n = a_n b_{n+1} - a_{n+1} b_n,  n=0..6: [1, 28, 2816/3, 110080/3, 4726784/3, 215515136/3, 501835890688/147]
  Cas_n*(n+1)^2, n=0..8: [1, 112, 8448, 1761280/3, 118169600/3, 2586181632, 501835890688/3, 1573231555248128/147, 33273019593916416/49]
  ratio Cas_n/Cas_{n-1} * (n+1)^2/n^2, n=1..8: [112, 528/7, 6880/99, 2885/43, 947088/14425, 3828704/59193, 375087632/5862703, 11899359081/187543816]
  p=2 v_p(den b_n) : [0, 0, 0, 0, 0]  rate 0   | v_p(a_n): [5, 6, 5, 6, 17]
  p=2 v_p(Cas_n)   : [151, 302, 598, 899, 1199]  w_p  3.0303030303030303030303030303030303030
  p=2 v_p(incr)    : [134, 281, 577, 878, 1171]  sig  2.9595959595959595959595959595959595960
  p=3 v_p(den b_n) : [5, 8, 7, 10, 10]  rate 0   | v_p(a_n): [1, 0, 1, 0, 0]
  p=3 v_p(Cas_n)   : [-3, -4, -4, -5, -5]  w_p  0
  p=3 v_p(incr)    : [-4, -4, -5, -6, -6]  sig  0
  p=5 v_p(den b_n) : [4, 3, 6, 6, 4]  rate -0.020202020202020202020202020202020202020   | v_p(a_n): [0, 0, 0, 0, 2]
  p=5 v_p(Cas_n)   : [-2, -1, -2, -2, -2]  w_p  0
  p=5 v_p(incr)    : [-4, -3, -5, -4, -3]  sig  0.010101010101010101010101010101010101010
  p=7 v_p(den b_n) : [4, 4, 4, 4, 6]  rate 0.020202020202020202020202020202020202020   | v_p(a_n): [0, 0, 0, 0, 1]
  p=7 v_p(Cas_n)   : [-4, -3, -4, -4, -6]  w_p  -0.020202020202020202020202020202020202020
  p=7 v_p(incr)    : [-4, -3, -5, -4, -7]  sig  -0.030303030303030303030303030303030303030
  p=11 v_p(den b_n) : [2, 2, 4, 4, 2]  rate -0.020202020202020202020202020202020202020   | v_p(a_n): [0, 1, 0, 0, 0]
  p=11 v_p(Cas_n)   : [0, 0, -2, -2, -1]  w_p  0.010101010101010101010101010101010101010
  p=11 v_p(incr)    : [0, -2, -2, -1, -1]  sig  0
  p=13 v_p(den b_n) : [2, 2, 4, 2, 4]  rate 0.020202020202020202020202020202020202020   | v_p(a_n): [0, 0, 0, 0, 0]
  p=13 v_p(Cas_n)   : [-2, -2, -4, -4, -4]  w_p  0
  p=13 v_p(incr)    : [-2, -2, -4, -4, -4]  sig  0

=== row5 (17,25,10; 32,24,8; 16,0,0)  (N=400) ===
  a_n integral for all n<=400? 1   den(b_n) | d_n^2 for all n<=400? 1   sharp k = 2
  Cas_n = a_n b_{n+1} - a_{n+1} b_n,  n=0..6: [1, 16, 704/3, 10240/3, 149504/3, 2195456/3, 1588854784/147]
  Cas_n*(n+1)^2, n=0..8: [1, 64, 2112, 163840/3, 3737600/3, 26345472, 1588854784/3, 1509681004544/147, 9499242921984/49]
  ratio Cas_n/Cas_{n-1} * (n+1)^2/n^2, n=1..8: [64, 33, 2560/99, 365/16, 38592/1825, 12122/603, 303104/15631, 1698597/89984]
  p=2 v_p(den b_n) : [0, 0, 0, 0, 0]  rate 0   | v_p(a_n): [5, 5, 5, 8, 13]
  p=2 v_p(Cas_n)   : [149, 300, 599, 898, 1202]  w_p  3.0707070707070707070707070707070707071
  p=2 v_p(incr)    : [137, 287, 586, 879, 1173]  sig  2.9696969696969696969696969696969696970
  p=3 v_p(den b_n) : [5, 8, 7, 10, 10]  rate 0   | v_p(a_n): [1, 0, 1, 0, 0]
  p=3 v_p(Cas_n)   : [-3, -4, -4, -5, -5]  w_p  0
  p=3 v_p(incr)    : [-4, -4, -5, -6, -6]  sig  0
  p=5 v_p(den b_n) : [4, 3, 6, 6, 4]  rate -0.020202020202020202020202020202020202020   | v_p(a_n): [0, 0, 0, 1, 3]
  p=5 v_p(Cas_n)   : [-2, -1, -2, -1, -2]  w_p  -0.010101010101010101010101010101010101010
  p=5 v_p(incr)    : [-5, -3, -4, -6, -6]  sig  0
  p=7 v_p(den b_n) : [4, 4, 4, 4, 6]  rate 0.020202020202020202020202020202020202020   | v_p(a_n): [0, 0, 0, 0, 1]
  p=7 v_p(Cas_n)   : [-4, -4, -4, -4, -6]  w_p  -0.020202020202020202020202020202020202020
  p=7 v_p(incr)    : [-4, -4, -4, -4, -7]  sig  -0.030303030303030303030303030303030303030
  p=11 v_p(den b_n) : [2, 2, 4, 4, 4]  rate 0   | v_p(a_n): [0, 0, 0, 0, 0]
  p=11 v_p(Cas_n)   : [0, 0, -2, -2, 0]  w_p  0.020202020202020202020202020202020202020
  p=11 v_p(incr)    : [0, 0, -2, -1, -1]  sig  0
  p=13 v_p(den b_n) : [2, 1, 4, 4, 4]  rate 0   | v_p(a_n): [0, 0, 0, 0, 0]
  p=13 v_p(Cas_n)   : [-2, -2, -4, -4, -4]  w_p  0
  p=13 v_p(incr)    : [-2, -2, -4, -4, -4]  sig  0

=== row6 (13,20,8; -13,-6,-1; -1,0,0)  (N=400) ===
  a_n integral for all n<=400? 1   den(b_n) | d_n^2 for all n<=400? 1   sharp k = 2
  Cas_n = a_n b_{n+1} - a_{n+1} b_n,  n=0..6: [1, -5, 122/3, -1130/3, 11429/3, -122257/3, 66660292/147]
  Cas_n*(n+1)^2, n=0..8: [1, -20, 366, -18080/3, 285725/3, -1467084, 66660292/3, -48879231232/147, 34518474171/7]
  ratio Cas_n/Cas_{n-1} * (n+1)^2/n^2, n=1..8: [-20, -183/10, -9040/549, -57145/3616, -4401252/285725, -16665073/1100313, -12219807808/816588577, -724887957591/48879231232]
  p=2 v_p(den b_n) : [10, 12, 14, 16, 2]  rate -0.14141414141414141414141414141414141414   | v_p(a_n): [0, 0, 0, 0, 14]
  p=2 v_p(Cas_n)   : [1, 0, 0, 0, 3]  w_p  0.030303030303030303030303030303030303030
  p=2 v_p(incr)    : [-3, -10, -7, -8, -11]  sig  -0.030303030303030303030303030303030303030
  p=3 v_p(den b_n) : [5, 8, 7, 10, 10]  rate 0   | v_p(a_n): [1, 0, 1, 0, 0]
  p=3 v_p(Cas_n)   : [-3, -4, -4, -5, -5]  w_p  0
  p=3 v_p(incr)    : [-4, -4, -5, -6, -6]  sig  0
  p=5 v_p(den b_n) : [4, 2, 6, 6, 4]  rate -0.020202020202020202020202020202020202020   | v_p(a_n): [0, 0, 0, 0, 3]
  p=5 v_p(Cas_n)   : [-1, -1, -2, -2, -2]  w_p  0
  p=5 v_p(incr)    : [-3, -3, -4, -4, -6]  sig  -0.020202020202020202020202020202020202020
  p=7 v_p(den b_n) : [4, 4, 4, 4, 6]  rate 0.020202020202020202020202020202020202020   | v_p(a_n): [0, 0, 0, 0, 0]
  p=7 v_p(Cas_n)   : [-3, -4, -4, -4, -6]  w_p  -0.020202020202020202020202020202020202020
  p=7 v_p(incr)    : [-4, -3, -3, -4, -6]  sig  -0.020202020202020202020202020202020202020
  p=11 v_p(den b_n) : [2, 2, 4, 4, 4]  rate 0   | v_p(a_n): [0, 0, 0, 0, 0]
  p=11 v_p(Cas_n)   : [0, 0, -2, -2, -2]  w_p  0
  p=11 v_p(incr)    : [0, 0, -2, -2, -2]  sig  0
  p=13 v_p(den b_n) : [2, 2, 4, 4, 4]  rate 0   | v_p(a_n): [1, 0, 0, 0, 0]
  p=13 v_p(Cas_n)   : [-2, -2, -4, -4, -4]  w_p  0
  p=13 v_p(incr)    : [-3, -2, -5, -4, -4]  sig  0

=== Zagier E (12,4,32)  (N=400) ===
  a_n integral for all n<=400? 1   den(b_n) | d_n^2 for all n<=400? 1   sharp k = 2
  Cas_n = a_n b_{n+1} - a_{n+1} b_n,  n=0..6: [1, 8, 1024/9, 2048, 1048576/25, 8388608/9, 1073741824/49]
  Cas_n*(n+1)^2, n=0..8: [1, 32, 1024, 32768, 1048576, 33554432, 1073741824, 34359738368, 1099511627776]
  ratio Cas_n/Cas_{n-1} * (n+1)^2/n^2, n=1..8: [32, 32, 32, 32, 32, 32, 32, 32]
  p=2 v_p(den b_n) : [0, 0, 0, 0, 0]  rate 0   | v_p(a_n): [6, 6, 6, 8, 12]
  p=2 v_p(Cas_n)   : [250, 500, 1000, 1500, 1987]  w_p  4.9191919191919191919191919191919191919
  p=2 v_p(incr)    : [231, 477, 973, 1473, 1968]  sig  5.0000000000000000000000000000000000000
  p=3 v_p(den b_n) : [6, 8, 8, 10, 10]  rate 0   | v_p(a_n): [0, 0, 0, 0, 0]
  p=3 v_p(Cas_n)   : [-2, 0, -2, 0, 0]  w_p  0
  p=3 v_p(incr)    : [0, 0, 0, -2, -2]  sig  0
  p=5 v_p(den b_n) : [4, 4, 6, 4, 6]  rate 0.020202020202020202020202020202020202020   | v_p(a_n): [1, 0, 0, 2, 0]
  p=5 v_p(Cas_n)   : [0, 0, 0, 0, -4]  w_p  -0.040404040404040404040404040404040404040
  p=5 v_p(incr)    : [-5, -4, -5, -7, 0]  sig  0.070707070707070707070707070707070707071
  p=7 v_p(den b_n) : [4, 3, 4, 4, 6]  rate 0.020202020202020202020202020202020202020   | v_p(a_n): [0, 0, 0, 0, 0]
  p=7 v_p(Cas_n)   : [0, 0, 0, -2, 0]  w_p  0.020202020202020202020202020202020202020
  p=7 v_p(incr)    : [0, 0, -1, 0, -2]  sig  -0.020202020202020202020202020202020202020
  p=11 v_p(den b_n) : [2, 2, 4, 4, 4]  rate 0   | v_p(a_n): [0, 0, 0, 0, 0]
  p=11 v_p(Cas_n)   : [0, 0, 0, 0, 0]  w_p  0
  p=11 v_p(incr)    : [0, 0, 0, 0, 0]  sig  0
  p=13 v_p(den b_n) : [2, 2, 4, 4, 3]  rate -0.010101010101010101010101010101010101010   | v_p(a_n): [0, 0, 0, 0, 1]
  p=13 v_p(Cas_n)   : [0, 0, 0, 0, 0]  w_p  0
  p=13 v_p(incr)    : [0, -1, -1, 0, -3]  sig  -0.030303030303030303030303030303030303030

DONE
