[0;31m  ***   Warning: new maximum stack size = 20000002048 (19073.488 Mbytes).[0m
=== row1 (16,20,8; 48,16,0; -128,0,0) ===
  p=2  sigma~3.4900000000000000000000000000000000000   v_p(incr_N)=1377
     xi_2 (300 digits) leading: 17883/8
     HIT  xi_2 = -1/-4 * L_2(2,chi-4)   [resid v_p = exact / 300]
  p=3  sigma~0.020000000000000000000000000000000000000   v_p(incr_N)=-7
     -> no p-adic Apery limit
  p=5  sigma~0.0050000000000000000000000000000000000000   v_p(incr_N)=-5
     -> no p-adic Apery limit
  p=7  sigma~0.0050000000000000000000000000000000000000   v_p(incr_N)=-1
     -> no p-adic Apery limit
  p=11  sigma~-0.0050000000000000000000000000000000000000   v_p(incr_N)=-2
     -> no p-adic Apery limit
  p=13  sigma~0   v_p(incr_N)=-4
     -> no p-adic Apery limit

=== row2 (14,20,8; 28,16,4; 8,0,0) ===
  p=2  sigma~1.9900000000000000000000000000000000000   v_p(incr_N)=779
     xi_2 (300 digits) leading: 17883/4
     HIT  xi_2 = -1/-2 * L_2(2,chi-4)   [resid v_p = exact / 300]
  p=3  sigma~0   v_p(incr_N)=-6
     -> no p-adic Apery limit
  p=5  sigma~0.0050000000000000000000000000000000000000   v_p(incr_N)=-5
     -> no p-adic Apery limit
  p=7  sigma~0.0050000000000000000000000000000000000000   v_p(incr_N)=-3
     -> no p-adic Apery limit
  p=11  sigma~-0.0050000000000000000000000000000000000000   v_p(incr_N)=-3
     -> no p-adic Apery limit
  p=13  sigma~0   v_p(incr_N)=-4
     -> no p-adic Apery limit

=== row3 (6,10,4; -32,-24,-8; 32,0,0) ===
  p=2  sigma~3.4900000000000000000000000000000000000   v_p(incr_N)=1379
     xi_2 (300 digits) leading: 244261/4
     HIT  xi_2 = -1/2 * L_2(2,chi-4)   [resid v_p = exact / 300]
  p=3  sigma~-0.015000000000000000000000000000000000000   v_p(incr_N)=-8
     -> no p-adic Apery limit
  p=5  sigma~-0.0050000000000000000000000000000000000000   v_p(incr_N)=-6
     -> no p-adic Apery limit
  p=7  sigma~-0.020000000000000000000000000000000000000   v_p(incr_N)=-6
     -> no p-adic Apery limit
  p=11  sigma~0   v_p(incr_N)=-2
     -> no p-adic Apery limit
  p=13  sigma~0   v_p(incr_N)=-4
     -> no p-adic Apery limit

=== row4 (16,20,8; 68,36,8; 32,0,0) ===
  p=2  sigma~2.9950000000000000000000000000000000000   v_p(incr_N)=1176
     xi_2 (300 digits) leading: 29209/4
     HIT  xi_2 = 3/8 * L_2(2,chi-3)   [resid v_p = exact / 300]
  p=3  sigma~0   v_p(incr_N)=-5
     -> no p-adic Apery limit
  p=5  sigma~0.0050000000000000000000000000000000000000   v_p(incr_N)=-4
     -> no p-adic Apery limit
  p=7  sigma~-0.010000000000000000000000000000000000000   v_p(incr_N)=-7
     -> no p-adic Apery limit
  p=11  sigma~0.0050000000000000000000000000000000000000   v_p(incr_N)=-1
     -> no p-adic Apery limit
  p=13  sigma~0   v_p(incr_N)=-4
     -> no p-adic Apery limit

=== row5 (17,25,10; 32,24,8; 16,0,0) ===
  p=2  sigma~2.9900000000000000000000000000000000000   v_p(incr_N)=1184
     xi_2 (300 digits) leading: 29209/2
     HIT  xi_2 = -3/-4 * L_2(2,chi-3)   [resid v_p = exact / 300]
  p=3  sigma~0   v_p(incr_N)=-5
     -> no p-adic Apery limit
  p=5  sigma~-0.010000000000000000000000000000000000000   v_p(incr_N)=-6
     -> no p-adic Apery limit
  p=7  sigma~-0.015000000000000000000000000000000000000   v_p(incr_N)=-7
     -> no p-adic Apery limit
  p=11  sigma~0.010000000000000000000000000000000000000   v_p(incr_N)=0
     -> no p-adic Apery limit
  p=13  sigma~0   v_p(incr_N)=-4
     -> no p-adic Apery limit

=== row6 (13,20,8; -13,-6,-1; -1,0,0) ===
  p=2  sigma~-0.020000000000000000000000000000000000000   v_p(incr_N)=-11
     -> no p-adic Apery limit
  p=3  sigma~0   v_p(incr_N)=-5
     -> no p-adic Apery limit
  p=5  sigma~-0.010000000000000000000000000000000000000   v_p(incr_N)=-6
     -> no p-adic Apery limit
  p=7  sigma~-0.020000000000000000000000000000000000000   v_p(incr_N)=-7
     -> no p-adic Apery limit
  p=11  sigma~0   v_p(incr_N)=-2
     -> no p-adic Apery limit
  p=13  sigma~0.0050000000000000000000000000000000000000   v_p(incr_N)=-4
     -> no p-adic Apery limit

=== Zagier E (12,4,32) ===
  p=2  sigma~4.9800000000000000000000000000000000000   v_p(incr_N)=1969
     xi_2 (300 digits) leading: 17883/4
     HIT  xi_2 = -1/-2 * L_2(2,chi-4)   [resid v_p = exact / 300]
  p=3  sigma~0   v_p(incr_N)=0
     -> no p-adic Apery limit
  p=5  sigma~0.0050000000000000000000000000000000000000   v_p(incr_N)=-4
     -> no p-adic Apery limit
  p=7  sigma~0.0050000000000000000000000000000000000000   v_p(incr_N)=0
     -> no p-adic Apery limit
  p=11  sigma~0   v_p(incr_N)=0
     -> no p-adic Apery limit
  p=13  sigma~-0.0050000000000000000000000000000000000000   v_p(incr_N)=-2
     -> no p-adic Apery limit

DONE
