--- row1 (16,20,8; 48,16,0; -128,0,0)  (Cas zero at n=0) ---
  n           : [100, 200, 300, 400, 500, 600, 700, 800]
  v2(a_n)     : [56, 106, 158, 206, 262, 308, 362, 406]   rate 0.44000000000000000000000000000000000000
  v2(Cas_n)   : [450, 900, 1350, 1800, 2250, 2700, 3150, 3600]   w2   4.5000000000000000000000000000000000000   (vc/n: [4.5000000000000000000000000000000000000, 4.5000000000000000000000000000000000000, 4.5000000000000000000000000000000000000, 4.5000000000000000000000000000000000000, 4.5000000000000000000000000000000000000, 4.5000000000000000000000000000000000000, 4.5000000000000000000000000000000000000, 4.5000000000000000000000000000000000000])
  v2(incr_n)  : [331, 679, 1027, 1377, 1719, 2075, 2419, 2775]   sig2 3.5600000000000000000000000000000000000   (vi/n: [3.3100000000000000000000000000000000000, 3.3950000000000000000000000000000000000, 3.4233333333333333333333333333333333333, 3.4425000000000000000000000000000000000, 3.4380000000000000000000000000000000000, 3.4583333333333333333333333333333333333, 3.4557142857142857142857142857142857143, 3.4687500000000000000000000000000000000])
  v2(a_n) n=40..60 : [24, 27, 27, 31, 28, 31, 31, 37, 28, 31, 31, 35, 32, 35, 35, 40, 34, 37, 37, 41, 38]

--- row2 (14,20,8; 28,16,4; 8,0,0)  (Cas zero at n=0) ---
  n           : [100, 200, 300, 400, 500, 600, 700, 800]
  v2(a_n)     : [6, 6, 8, 6, 12, 8, 12, 6]   rate -0.060000000000000000000000000000000000000
  v2(Cas_n)   : [200, 400, 600, 800, 1000, 1200, 1400, 1600]   w2   2.0000000000000000000000000000000000000   (vc/n: [2.0000000000000000000000000000000000000, 2.0000000000000000000000000000000000000, 2.0000000000000000000000000000000000000, 2.0000000000000000000000000000000000000, 2.0000000000000000000000000000000000000, 2.0000000000000000000000000000000000000, 2.0000000000000000000000000000000000000, 2.0000000000000000000000000000000000000])
  v2(incr_n)  : [183, 381, 579, 779, 971, 1177, 1371, 1577]   sig2 2.0600000000000000000000000000000000000   (vi/n: [1.8300000000000000000000000000000000000, 1.9050000000000000000000000000000000000, 1.9300000000000000000000000000000000000, 1.9475000000000000000000000000000000000, 1.9420000000000000000000000000000000000, 1.9616666666666666666666666666666666667, 1.9585714285714285714285714285714285714, 1.9712500000000000000000000000000000000])
  v2(a_n) n=40..60 : [4, 7, 7, 10, 6, 9, 9, 14, 4, 7, 7, 10, 6, 9, 9, 13, 6, 9, 9, 12, 8]

--- row3 (6,10,4; -32,-24,-8; 32,0,0)  (Cas zero at n=0) ---
  n           : [100, 200, 300, 400, 500, 600, 700, 800]
  v2(a_n)     : [6, 6, 8, 6, 12, 8, 12, 6]   rate -0.060000000000000000000000000000000000000
  v2(Cas_n)   : [350, 700, 1050, 1400, 1750, 2100, 2450, 2800]   w2   3.5000000000000000000000000000000000000   (vc/n: [3.5000000000000000000000000000000000000, 3.5000000000000000000000000000000000000, 3.5000000000000000000000000000000000000, 3.5000000000000000000000000000000000000, 3.5000000000000000000000000000000000000, 3.5000000000000000000000000000000000000, 3.5000000000000000000000000000000000000, 3.5000000000000000000000000000000000000])
  v2(incr_n)  : [333, 681, 1029, 1379, 1721, 2077, 2421, 2777]   sig2 3.5600000000000000000000000000000000000   (vi/n: [3.3300000000000000000000000000000000000, 3.4050000000000000000000000000000000000, 3.4300000000000000000000000000000000000, 3.4475000000000000000000000000000000000, 3.4420000000000000000000000000000000000, 3.4616666666666666666666666666666666667, 3.4585714285714285714285714285714285714, 3.4712500000000000000000000000000000000])
  v2(a_n) n=40..60 : [4, 6, 6, 9, 6, 8, 8, 13, 4, 6, 6, 9, 6, 8, 8, 12, 6, 8, 8, 11, 8]

--- row4 (16,20,8; 68,36,8; 32,0,0)  (Cas zero at n=0) ---
  n           : [100, 200, 300, 400, 500, 600, 700, 800]
  v2(a_n)     : [6, 5, 6, 6, 11, 10, 11, 5]   rate -0.060000000000000000000000000000000000000
  v2(Cas_n)   : [302, 598, 899, 1201, 1501, 1801, 2098, 2400]   w2   3.0200000000000000000000000000000000000   (vc/n: [3.0200000000000000000000000000000000000, 2.9900000000000000000000000000000000000, 2.9966666666666666666666666666666666667, 3.0025000000000000000000000000000000000, 3.0020000000000000000000000000000000000, 3.0016666666666666666666666666666666667, 2.9971428571428571428571428571428571429, 3.0000000000000000000000000000000000000])
  v2(incr_n)  : [281, 577, 878, 1176, 1470, 1771, 2067, 2375]   sig2 3.0800000000000000000000000000000000000   (vi/n: [2.8100000000000000000000000000000000000, 2.8850000000000000000000000000000000000, 2.9266666666666666666666666666666666667, 2.9400000000000000000000000000000000000, 2.9400000000000000000000000000000000000, 2.9516666666666666666666666666666666667, 2.9528571428571428571428571428571428571, 2.9687500000000000000000000000000000000])
  v2(a_n) n=40..60 : [4, 7, 6, 10, 5, 8, 8, 14, 3, 6, 5, 9, 4, 7, 10, 14, 6, 9, 8, 12, 7]

--- row5 (17,25,10; 32,24,8; 16,0,0)  (Cas zero at n=0) ---
  n           : [100, 200, 300, 400, 500, 600, 700, 800]
  v2(a_n)     : [5, 5, 8, 5, 11, 8, 14, 5]   rate -0.090000000000000000000000000000000000000
  v2(Cas_n)   : [300, 599, 898, 1200, 1499, 1802, 2099, 2399]   w2   3.0000000000000000000000000000000000000   (vc/n: [3.0000000000000000000000000000000000000, 2.9950000000000000000000000000000000000, 2.9933333333333333333333333333333333333, 3.0000000000000000000000000000000000000, 2.9980000000000000000000000000000000000, 3.0033333333333333333333333333333333333, 2.9985714285714285714285714285714285714, 2.9987500000000000000000000000000000000])
  v2(incr_n)  : [287, 586, 879, 1184, 1474, 1785, 2068, 2381]   sig2 3.1300000000000000000000000000000000000   (vi/n: [2.8700000000000000000000000000000000000, 2.9300000000000000000000000000000000000, 2.9300000000000000000000000000000000000, 2.9600000000000000000000000000000000000, 2.9480000000000000000000000000000000000, 2.9750000000000000000000000000000000000, 2.9542857142857142857142857142857142857, 2.9762500000000000000000000000000000000])
  v2(a_n) n=40..60 : [2, 3, 3, 10, 7, 8, 9, 12, 4, 5, 5, 8, 5, 6, 8, 9, 6, 7, 7, 11, 8]

--- row6 (13,20,8; -13,-6,-1; -1,0,0)  (Cas zero at n=0) ---
  n           : [100, 200, 300, 400, 500, 600, 700, 800]
  v2(a_n)     : [0, 0, 0, 0, 0, 0, 0, 0]   rate 0
  v2(Cas_n)   : [0, 0, 0, 0, 0, 0, 0, 0]   w2   0   (vc/n: [0, 0, 0, 0, 0, 0, 0, 0])
  v2(incr_n)  : [-10, -7, -8, -11, -8, -7, -9, -11]   sig2 -0.020000000000000000000000000000000000000   (vi/n: [-0.10000000000000000000000000000000000000, -0.035000000000000000000000000000000000000, -0.026666666666666666666666666666666666667, -0.027500000000000000000000000000000000000, -0.016000000000000000000000000000000000000, -0.011666666666666666666666666666666666667, -0.012857142857142857142857142857142857143, -0.013750000000000000000000000000000000000])
  v2(a_n) n=40..60 : [0, 3, 0, 9, 0, 3, 0, 14, 0, 3, 0, 9, 0, 3, 0, 9, 0, 3, 0, 10, 0]

--- Zagier E (12,4,32)  (Cas zero at n=0) ---
  n           : [100, 200, 300, 400, 500, 600, 700, 800]
  v2(a_n)     : [6, 6, 8, 6, 12, 8, 12, 6]   rate -0.060000000000000000000000000000000000000
  v2(Cas_n)   : [500, 1000, 1500, 2000, 2500, 3000, 3500, 4000]   w2   5.0000000000000000000000000000000000000   (vc/n: [5.0000000000000000000000000000000000000, 5.0000000000000000000000000000000000000, 5.0000000000000000000000000000000000000, 5.0000000000000000000000000000000000000, 5.0000000000000000000000000000000000000, 5.0000000000000000000000000000000000000, 5.0000000000000000000000000000000000000, 5.0000000000000000000000000000000000000])
  v2(incr_n)  : [477, 973, 1473, 1969, 2465, 2969, 3465, 3965]   sig2 5.0000000000000000000000000000000000000   (vi/n: [4.7700000000000000000000000000000000000, 4.8650000000000000000000000000000000000, 4.9100000000000000000000000000000000000, 4.9225000000000000000000000000000000000, 4.9300000000000000000000000000000000000, 4.9483333333333333333333333333333333333, 4.9500000000000000000000000000000000000, 4.9562500000000000000000000000000000000])
  v2(a_n) n=40..60 : [4, 6, 6, 8, 6, 8, 8, 10, 4, 6, 6, 8, 6, 8, 8, 10, 6, 8, 8, 10, 8]

DONE
