=== row1 (16,20,8; 48,16,0; -128,0,0) ===
  p=2 sig=3.4866666666666666666666666666666666667 w=4.4899328859060402684563758389261744967 kap=0
  p=3 sig=-0.013333333333333333333333333333333333333 w=0.0067114093959731543624161073825503355705 kap=-0.0066666666666666666666666666666666666667
  p=5 sig=0.013333333333333333333333333333333333333 w=-0.020134228187919463087248322147651006711 kap=0
  p=7 sig=-0.013333333333333333333333333333333333333 w=0 kap=0.020000000000000000000000000000000000000
  p=11 sig=0 w=0 kap=0
  p=13 sig=-0.0066666666666666666666666666666666666667 w=-0.0067114093959731543624161073825503355705 kap=-0.013333333333333333333333333333333333333
  p=17 sig=-0.013333333333333333333333333333333333333 w=-0.013422818791946308724832214765100671141 kap=-0.013333333333333333333333333333333333333
  p=19 sig=0 w=0 kap=0
  p=23 sig=0 w=0 kap=0
  p=29 sig=0 w=0 kap=0
  p=31 sig=-0.013333333333333333333333333333333333333 w=0 kap=0
  p=37 sig=0 w=0 kap=0
  p=41 sig=0 w=0 kap=0
  p=43 sig=-0.013333333333333333333333333333333333333 w=0 kap=0.013333333333333333333333333333333333333
  p=47 sig=0 w=0 kap=0
  p=53 sig=0 w=0 kap=0
  p=59 sig=0 w=0 kap=0
  p=61 sig=0.0066666666666666666666666666666666666667 w=0 kap=0
  p=67 sig=0 w=0 kap=0
  p=71 sig=-0.013333333333333333333333333333333333333 w=0 kap=0

=== row2 (14,20,8; 28,16,4; 8,0,0) ===
  p=2 sig=1.9933333333333333333333333333333333333 w=1.9932885906040268456375838926174496644 kap=0
  p=3 sig=0.033333333333333333333333333333333333333 w=0.0067114093959731543624161073825503355705 kap=-0.020000000000000000000000000000000000000
  p=5 sig=-0.0066666666666666666666666666666666666667 w=0 kap=0
  p=7 sig=0.0066666666666666666666666666666666666667 w=0.0067114093959731543624161073825503355705 kap=0.013333333333333333333333333333333333333
  p=11 sig=-0.013333333333333333333333333333333333333 w=0 kap=0.0066666666666666666666666666666666666667
  p=13 sig=-0.013333333333333333333333333333333333333 w=-0.013422818791946308724832214765100671141 kap=-0.0066666666666666666666666666666666666667
  p=17 sig=-0.013333333333333333333333333333333333333 w=-0.013422818791946308724832214765100671141 kap=-0.013333333333333333333333333333333333333
  p=19 sig=0 w=0 kap=0
  p=23 sig=0 w=0 kap=-0.0066666666666666666666666666666666666667
  p=29 sig=-0.0066666666666666666666666666666666666667 w=0 kap=0
  p=31 sig=0 w=0 kap=0
  p=37 sig=0 w=0 kap=0
  p=41 sig=0.0066666666666666666666666666666666666667 w=0 kap=0
  p=43 sig=-0.020000000000000000000000000000000000000 w=0 kap=0.013333333333333333333333333333333333333
  p=47 sig=0 w=0 kap=0
  p=53 sig=0 w=0 kap=0
  p=59 sig=0 w=0 kap=0
  p=61 sig=0 w=0 kap=0
  p=67 sig=0 w=0 kap=0
  p=71 sig=0.0066666666666666666666666666666666666667 w=0.0067114093959731543624161073825503355705 kap=0

=== row3 (6,10,4; -32,-24,-8; 32,0,0) ===
  p=2 sig=3.4866666666666666666666666666666666667 w=3.4966442953020134228187919463087248322 kap=0
  p=3 sig=-0.053333333333333333333333333333333333333 w=-0.013422818791946308724832214765100671141 kap=0
  p=5 sig=0 w=0 kap=0
  p=7 sig=-0.020000000000000000000000000000000000000 w=0.0067114093959731543624161073825503355705 kap=0.013333333333333333333333333333333333333
  p=11 sig=0 w=0 kap=0
  p=13 sig=-0.0066666666666666666666666666666666666667 w=-0.013422818791946308724832214765100671141 kap=-0.013333333333333333333333333333333333333
  p=17 sig=-0.013333333333333333333333333333333333333 w=-0.020134228187919463087248322147651006711 kap=-0.013333333333333333333333333333333333333
  p=19 sig=0 w=0 kap=0
  p=23 sig=0 w=0 kap=0
  p=29 sig=0 w=0 kap=0
  p=31 sig=-0.0066666666666666666666666666666666666667 w=0 kap=0
  p=37 sig=0 w=0 kap=0
  p=41 sig=0 w=0 kap=0
  p=43 sig=-0.020000000000000000000000000000000000000 w=0 kap=0.0066666666666666666666666666666666666667
  p=47 sig=0.0066666666666666666666666666666666666667 w=0 kap=0
  p=53 sig=0 w=0 kap=0
  p=59 sig=0 w=0 kap=0
  p=61 sig=0 w=0 kap=0
  p=67 sig=0 w=0 kap=0
  p=71 sig=-0.0066666666666666666666666666666666666667 w=0 kap=0

=== row4 (16,20,8; 68,36,8; 32,0,0) ===
  p=2 sig=2.9733333333333333333333333333333333333 w=2.9530201342281879194630872483221476510 kap=0
  p=3 sig=-0.0066666666666666666666666666666666666667 w=-0.0067114093959731543624161073825503355705 kap=-0.013333333333333333333333333333333333333
  p=5 sig=0 w=0 kap=0
  p=7 sig=0 w=0 kap=0
  p=11 sig=0.0066666666666666666666666666666666666667 w=0.0067114093959731543624161073825503355705 kap=-0.0066666666666666666666666666666666666667
  p=13 sig=-0.020000000000000000000000000000000000000 w=-0.020134228187919463087248322147651006711 kap=0
  p=17 sig=-0.013333333333333333333333333333333333333 w=-0.013422818791946308724832214765100671141 kap=-0.013333333333333333333333333333333333333
  p=19 sig=0.0066666666666666666666666666666666666667 w=0 kap=0
  p=23 sig=0 w=0 kap=0
  p=29 sig=-0.013333333333333333333333333333333333333 w=0 kap=0
  p=31 sig=0.0066666666666666666666666666666666666667 w=0 kap=0
  p=37 sig=0 w=0 kap=0
  p=41 sig=0 w=0 kap=0
  p=43 sig=-0.0066666666666666666666666666666666666667 w=0 kap=0
  p=47 sig=0 w=0 kap=0
  p=53 sig=0 w=0 kap=0
  p=59 sig=0 w=0 kap=0
  p=61 sig=0 w=0 kap=-0.0066666666666666666666666666666666666667
  p=67 sig=0 w=0 kap=0
  p=71 sig=0 w=0 kap=0

=== row5 (17,25,10; 32,24,8; 16,0,0) ===
  p=2 sig=2.9533333333333333333333333333333333333 w=3.0134228187919463087248322147651006711 kap=0
  p=3 sig=-0.0066666666666666666666666666666666666667 w=-0.0067114093959731543624161073825503355705 kap=-0.013333333333333333333333333333333333333
  p=5 sig=-0.013333333333333333333333333333333333333 w=0.0067114093959731543624161073825503355705 kap=0
  p=7 sig=0.0066666666666666666666666666666666666667 w=0 kap=0
  p=11 sig=0.0066666666666666666666666666666666666667 w=0.0067114093959731543624161073825503355705 kap=0
  p=13 sig=-0.013333333333333333333333333333333333333 w=-0.013422818791946308724832214765100671141 kap=-0.013333333333333333333333333333333333333
  p=17 sig=-0.013333333333333333333333333333333333333 w=-0.020134228187919463087248322147651006711 kap=-0.013333333333333333333333333333333333333
  p=19 sig=-0.0066666666666666666666666666666666666667 w=-0.0067114093959731543624161073825503355705 kap=0
  p=23 sig=0 w=0 kap=0
  p=29 sig=0 w=-0.0067114093959731543624161073825503355705 kap=0
  p=31 sig=0 w=0 kap=0
  p=37 sig=0.0066666666666666666666666666666666666667 w=0.0067114093959731543624161073825503355705 kap=0
  p=41 sig=0 w=-0.013422818791946308724832214765100671141 kap=0.0066666666666666666666666666666666666667
  p=43 sig=0 w=0 kap=0
  p=47 sig=0 w=0 kap=0
  p=53 sig=0.0066666666666666666666666666666666666667 w=0.0067114093959731543624161073825503355705 kap=0
  p=59 sig=0 w=0 kap=0
  p=61 sig=0 w=0 kap=0.0066666666666666666666666666666666666667
  p=67 sig=0 w=0 kap=0
  p=71 sig=0 w=0 kap=0

=== row6 (13,20,8; -13,-6,-1; -1,0,0) ===
  p=2 sig=-0.033333333333333333333333333333333333333 w=-0.0067114093959731543624161073825503355705 kap=-0.013333333333333333333333333333333333333
  p=3 sig=-0.0066666666666666666666666666666666666667 w=-0.0067114093959731543624161073825503355705 kap=-0.013333333333333333333333333333333333333
  p=5 sig=0 w=0 kap=0
  p=7 sig=0.0066666666666666666666666666666666666667 w=-0.0067114093959731543624161073825503355705 kap=0
  p=11 sig=0 w=0 kap=0
  p=13 sig=-0.013333333333333333333333333333333333333 w=-0.013422818791946308724832214765100671141 kap=-0.013333333333333333333333333333333333333
  p=17 sig=-0.013333333333333333333333333333333333333 w=-0.013422818791946308724832214765100671141 kap=-0.013333333333333333333333333333333333333
  p=19 sig=0.0066666666666666666666666666666666666667 w=0 kap=0
  p=23 sig=0 w=0 kap=-0.0066666666666666666666666666666666666667
  p=29 sig=0 w=0 kap=0
  p=31 sig=0 w=0 kap=0
  p=37 sig=0 w=0 kap=0
  p=41 sig=0 w=0 kap=0
  p=43 sig=0 w=0 kap=0
  p=47 sig=0.0066666666666666666666666666666666666667 w=0 kap=-0.0066666666666666666666666666666666666667
  p=53 sig=0 w=0 kap=0
  p=59 sig=0 w=0 kap=0
  p=61 sig=0 w=0 kap=0
  p=67 sig=0 w=0 kap=0
  p=71 sig=0 w=0 kap=0

DONE
