--- row1 (16,20,8; 48,16,0; -128,0,0)   xi = G/4 = 0.228991398544304753763650878733096027693 ---
  b_N/a_N - xi at N=300 : -4.50818751062971097901269754067999167602 E-27
  n : (1/n)log|d_n^2(xi a_n - b_n)|   (1/n)log a_n   (1/n)log|xi a_n - b_n|
  50 : 3.960476685742254298   2.236556607493617039   1.9810614540455194966
  100 : 3.904570268959381226   2.248619785021842110   2.023664044372233381
  150 : 3.995167887459497049   2.253612551802979684   2.039634671323655545
  200 : 4.109637783552472936   2.256405393885724130   2.048179215301925382
  250 : 4.015750071691710743   2.258210776544468163   2.053554311862250272
  300 : 4.052151871790765750   2.259482643244472108   2.057269635509656299

--- row2 (14,20,8; 28,16,4; 8,0,0)   xi = G/2-3z(2)/16 = 0.149557659554567050688723913720062332408 ---
  b_N/a_N - xi at N=300 : -2.99380496901471316781762650860052862298 E-232
  n : (1/n)log|d_n^2(xi a_n - b_n)|   (1/n)log a_n   (1/n)log|xi a_n - b_n|
  50 : 2.561370647806924607   2.412630291262483953   0.5819554161101898058
  100 : 2.511623856772942601   2.430815523135717790   0.6307176321857947554
  150 : 2.604379545315185131   2.437827804003718817   0.6488463291793436272
  200 : 2.719949961030754710   2.441626821025055843   0.6584913927802071561
  250 : 2.626729709160962966   2.444034801676355557   0.6645339493315024951
  300 : 2.663579529035450731   2.445707947525516453   0.6686972927543412800

--- row3 (6,10,4; -32,-24,-8; 32,0,0)   xi = 3z(2)/8-G/2 = 0.158867477979475406149853930026067390570 ---
  b_N/a_N - xi at N=300 : -5.36054873613801966810890020078980791032 E-207
  n : (1/n)log|d_n^2(xi a_n - b_n)|   (1/n)log a_n   (1/n)log|xi a_n - b_n|
  50 : 2.590504367927307915   2.218709957338615407   0.6110891362305731137
  100 : 2.525807018651769557   2.239753957745910806   0.6449007940646217124
  150 : 2.613760488627906515   2.247713908672268980   0.6582272724920650116
  200 : 2.726958752317254139   2.251985778441122950   0.6655001840667065853
  250 : 2.632324055997104740   2.254677156746879234   0.6701282961676442687
  300 : 2.668234513547920553   2.256539103612743345   0.6733522772668111022

--- row4 (16,20,8; 68,36,8; 32,0,0)   xi = (2z(2)+15L(2,chi-3))/32 = 0.469043885223242103936020055551669866373 ---
  b_N/a_N - xi at N=300 : -2.11317299277146560818426960863838359883 E-9
  n : (1/n)log|d_n^2(xi a_n - b_n)|   (1/n)log a_n   (1/n)log|xi a_n - b_n|
  50 : 3.939656764736810947   2.036685436774997336   1.9602415330400761455
  100 : 3.862750280119217911   2.049323733076426334   1.9818440555320700657
  150 : 3.945478890211852732   2.056349930864560236   1.9899456740760112279
  200 : 4.055737631658531498   2.060593625101713058   1.9942790634079839443
  250 : 3.959199978350545495   2.063431158734881008   1.9970042185210850241
  300 : 3.993769573511583845   2.065470921333714592   1.9988873372304743942

--- row5 (17,25,10; 32,24,8; 16,0,0)   xi = (15L(2,chi-3)-6z(2))/16 = 0.115620737022370989635832527780327138135 ---
  b_N/a_N - xi at N=300 : -5.19466630556947585120979388326615242262 E-344
  n : (1/n)log|d_n^2(xi a_n - b_n)|   (1/n)log a_n   (1/n)log|xi a_n - b_n|
  50 : 1.9996528893209870678   2.659195120125476330   0.020237657624252266869
  100 : 1.9221711228405126864   2.677776138459315750   0.04126489825336484145
  150 : 2.004781799073086693   2.684920680651053137   0.04924858293724518926
  200 : 2.115002498559206999   2.688785891187095743   0.05354393030865944543
  250 : 2.018448584856734387   2.691233608124134319   0.05625282502727391660
  300 : 2.053010024195886943   2.692933253252219862   0.05812778791477749212

--- row6 (13,20,8; -13,-6,-1; -1,0,0)   xi = (2z(2)-3L(2,chi-3))/8 = 0.118245111875874247792908505552471663668 ---
  b_N/a_N - xi at N=300 : -6.2669401563467322424920571368043469400 E-346
  n : (1/n)log|d_n^2(xi a_n - b_n)|   (1/n)log a_n   (1/n)log|xi a_n - b_n|
  50 : 1.8572344582475210792   2.587759891195515745   -0.12218077344921372169
  100 : 1.8129832470741100853   2.607394975816202754   -0.06792297751303775960
  150 : 1.9075702141374244405   2.614888786873119808   -0.04796300199841706309
  200 : 2.024056203336703924   2.618928242650575463   -0.03740236491384362919
  250 : 1.9313852802136496940   2.621480382450151567   -0.030810479615810776729
  300 : 1.9686013141972777564   2.623249591095348548   -0.026280922083831694750

--- Zagier E (12,4,32)   xi = G/2 = 0.457982797088609507527301757466192055387 ---
  b_N/a_N - xi at N=300 : -3.01811482513070833046302896783659446644 E-91
  n : (1/n)log|d_n^2(xi a_n - b_n)|   (1/n)log a_n   (1/n)log|xi a_n - b_n|
  50 : 3.268382483462927747   1.9921736921288679098   1.2889672517661929463
  100 : 3.211702740182228413   2.028874528485863974   1.3307965155950805679
  150 : 3.302147777342640999   2.043026906221007197   1.3466145612067994957
  200 : 3.416562907527151809   2.050692104779899618   1.3551043392766042555
  250 : 3.322649493942245982   2.055549399578312119   1.3604537341127855115
  300 : 3.359037209214087419   2.058923676453222196   1.3641549729329779678

DONE
