==============================================================================
row (a,c,d,f,C)=(16,8,48,0,-128)  rational root r=8
  P(n) = 16 n^2 + 20 n + 8
  Q(n) = 48 n^2 + 16 n + 0
  R(n) = -128 n^2 + 0 n + 0
  u_n = [1, 8, 72, 640, 5744, 51840, 470400, 4288512] ...
  integral to n=200 : True   (u_200 has 196 digits)
  lambda = ['9.6568542494923802', '8.0', '-1.6568542494923802']   disc = 32768
  rho_i  = ['-0.5', '0.0', '-0.5']
  sharp k = 2   score = -4.0794
  n = 2540   log10|xi_n - xi_{n-1}| = -210.59825663145298
  xi = 0.22899139854430475376365087873309602769353734357041803356662452990544075494406369236983912823152877656214360565479904989475897470083146476485789868437
==============================================================================
row (a,c,d,f,C)=(14,8,28,4,8)  rational root r=2
  P(n) = 14 n^2 + 20 n + 8
  Q(n) = 28 n^2 + 16 n + 4
  R(n) = 8 n^2 + 0 n + 0
  u_n = [1, 8, 72, 704, 7204, 75744, 810656, 8785408] ...
  integral to n=200 : True   (u_200 has 213 digits)
  lambda = ['11.6568542494923802', '2.0', '0.343145750507619805']   disc = 32768
  rho_i  = ['-0.5', '0.0', '-0.5']
  sharp k = 2   score = -2.6931
  n = 628   log10|xi_n - xi_{n-1}| = -381.7060345019282
  xi = 0.149557659554567050688723913720062332408521580664561360057831891804005109187527220895872837596852795879786401504159876537087563522849490569477965566304
==============================================================================
row (a,c,d,f,C)=(6,4,-32,-8,32)  rational root r=-2
  P(n) = 6 n^2 + 10 n + 4
  Q(n) = -32 n^2 + -24 n + -8
  R(n) = 32 n^2 + 0 n + 0
  u_n = [1, 4, 36, 288, 2484, 21744, 193648, 1743616] ...
  integral to n=200 : True   (u_200 has 196 digits)
  lambda = ['9.6568542494923802', '-2.0', '-1.6568542494923802']   disc = 2048
  rho_i  = ['-0.5', '0.0', '-0.5']
  sharp k = 2   score = -2.6931
  n = 655   log10|xi_n - xi_{n-1}| = None
  xi = 0.158867477979475406149853930026067390570031525811713347017585276202871291513072942947932581269351961364714408301278346715342822355963948390759866236133
==============================================================================
row (a,c,d,f,C)=(16,8,68,8,32)  rational root r=8
  P(n) = 16 n^2 + 20 n + 8
  Q(n) = 68 n^2 + 36 n + 8
  R(n) = 32 n^2 + 0 n + 0
  u_n = [1, 8, 60, 448, 3350, 25104, 188512, 1418240] ...
  integral to n=200 : True   (u_200 has 179 digits)
  lambda = ['8.0', '7.46410161513775459', '0.535898384862245413']   disc = 768
  rho_i  = ['0.0', '-0.5', '-0.5']
  sharp k = 2   score = -4.0101
  n = 6211   log10|xi_n - xi_{n-1}| = -187.14202057450737
  xi = 0.469043885223242103936020055551669866372341089081027443087581793851353740955646094345634417616333291435113871617884684934132672114394207361399436631016
==============================================================================
row (a,c,d,f,C)=(17,10,32,8,16)  rational root r=1
  P(n) = 17 n^2 + 25 n + 10
  Q(n) = 32 n^2 + 24 n + 8
  R(n) = 16 n^2 + 0 n + 0
  u_n = [1, 10, 114, 1424, 18650, 251052, 3440320, 47740768] ...
  integral to n=200 : True   (u_200 has 234 digits)
  lambda = ['14.9282032302755092', '1.07179676972449083', '1.0']   disc = 192
  rho_i  = ['-0.5', '-0.5', '0.0']
  sharp k = 2   score = -2.0693
  n = 600   log10|xi_n - xi_{n-1}| = -382.0070644975921
  xi = 0.115620737022370989635832527780327138135207227558655667307384473017703746709691751774454384922787230218225583754600774528450981885285910828831321788866
==============================================================================
row (a,c,d,f,C)=(13,8,-13,-1,-1)  rational root r=-1
  P(n) = 13 n^2 + 20 n + 8
  Q(n) = -13 n^2 + -6 n + -1
  R(n) = -1 n^2 + 0 n + 0
  u_n = [1, 8, 87, 1024, 12575, 158376, 2028553, 26296832] ...
  integral to n=200 : True   (u_200 has 228 digits)
  lambda = ['13.9282032302755092', '-1.0', '0.0717967697244908259']   disc = 49152
  rho_i  = ['-0.5', '0.0', '-0.5']
  sharp k = 2   score = -2.0000
  n = 600   log10|xi_n - xi_{n-1}| = None
  xi = 0.118245111875874247792908505552471663667812099097217576850602033729919248356443386673581136092860978443110198394393409256582479714586136447260981579087
