07_catalan.gp  -- Catalan-focused identification battery
realprecision = 250,  lindep at 60 digits,  verification threshold 55 digits
battery: 145 constants
T2 pair candidates: 24; dropped as dependent/duplicate: 2
   drop  Pi^2  [dependent, rel = [0, 0, 0, -6, 1]~]
   drop  L(2,chi_-4)  [duplicate value, deduped]
T2 independent basis (22): ["G", "Pi*G", "zeta(2)", "L(2,chi_-3)", "L(2,chi_-7)", "L(2,chi_-8)", "L(2,chi_-11)", "L(2,chi_-15)", "L(2,chi_-19)", "L(2,chi_-20)", "L(2,chi_-23)", "L(2,chi_-24)", "L(2,chi_5)", "L(2,chi_8)", "L(2,chi_12)", "L(2,chi_13)", "L(2,chi_17)", "L(2,chi_21)", "L(2,chi_24)", "L(g,2)", "log(2)^2", "Pi*log(2)"]

---- battery listing ----
  [1] G = 0.91596559417721901505460351493238411077
  [2] Pi*G = 2.87759078160816115177758016652154780012
  [3] G*sqrt(2) = 1.29537096595255359059471979889446991066
  [4] G*sqrt(3) = 1.58649894709995872422086678425008830247
  [5] G/sqrt(2) = 0.64768548297627679529735989944723495533
  [6] G/Pi = 0.291560904030818780138384456468394918865
  [7] G/Pi^2 = 0.092806718177693040738490995099859992805
  [8] zeta(2) = 1.64493406684822643647241516664602518922
  [9] Pi^2 = 9.8696044010893586188344909998761511353
  [10] Pi^2*sqrt(2) = 13.9577283992777590683151218723388105798
  [11] Pi^2/sqrt(2) = 6.9788641996388795341575609361694052899
  [12] Pi^2*sqrt(3) = 17.0946562732921691147429728514233472857
  [13] Pi^2/sqrt(3) = 5.6982187577640563715809909504744490952
  [14] Pi^2*sqrt(4) = 19.7392088021787172376689819997523022706
  [15] Pi^2/sqrt(4) = 4.9348022005446793094172454999380755677
  [16] Pi^2*sqrt(6) = 24.1754947457960955669990824831087666096
  [17] Pi^2/sqrt(6) = 4.0292491242993492611665137471847944349
  [18] Pi^2*sqrt(8) = 27.9154567985555181366302437446776211597
  [19] Pi^2/sqrt(8) = 3.48943209981943976707878046808470264496
  [20] Pi^2*sqrt(12) = 34.1893125465843382294859457028466945714
  [21] Pi^2/sqrt(12) = 2.84910937888202818579049547523722454762
  [22] Pi^2*sqrt(24) = 48.3509894915921911339981649662175332193
  [23] Pi^2/sqrt(24) = 2.01462456214967463058325687359239721747
  [24] L(2,chi_-3) = 0.78130241289648629686718742962409235637
  [25] L(2,chi_-7) = 1.15192547054449104710169239732054996480
  [26] L(2,chi_-8) = 1.06473417104350337039282745146166888948
  [27] L(2,chi_-11) = 0.90953910532388370153208593905860526926
  [28] L(2,chi_-15) = 1.29661859663323773324023659437853368278
  [29] L(2,chi_-19) = 0.76885127439924648968808391556033877945
  [30] L(2,chi_-20) = 1.12804332474094707284833170786973842180
  [31] L(2,chi_-23) = 1.40321690459504126782677598373661595317
  [32] L(2,chi_-24) = 1.05780661321150442946644246836679615009
  [33] L(2,chi_5) = 0.70621140325974096993100317576256402766
  [34] L(2,chi_8) = 0.87235802495485994176969511702117566124
  [35] L(2,chi_12) = 0.94970312629400939526349849174574151587
  [36] L(2,chi_13) = 0.84225715353071571897038449041624170196
  [37] L(2,chi_17) = 1.12646149283743545826589288741282638893
  [38] L(2,chi_21) = 0.82046638090269904153249925052015089448
  [39] L(2,chi_24) = 1.00731228107483731529162843679619860874
  [40] L(3,chi_-3) = 0.88402381175007985674305791687101180775
  [41] L(3,chi_-4) = 0.96894614625936938048363484584691860007
  [42] L(3,chi_-7) = 1.09334306942953357197657981500770023478
  [43] L(3,chi_-8) = 1.02772258593685856787925661800225576721
  [44] L(3,chi_5) = 0.85482476664854301023569008353813769714
  [45] L(3,chi_8) = 0.95838045456309456205166940286157781883
  [46] zeta(3) = 1.20205690315959428539973816151144999077
  [47] zeta(3)/Pi = 0.382626596031170342250153140240866137026
  [48] zeta(3)/Pi^2 = 0.121793828233573083121006121884619106588
  [49] Ti2(2) = 1.57601540344632342236057894681214494428
  [50] Ti2(1/2) = 0.487222358294522357110234497693337970609
  [51] Ti2(3) = 2.05507011608058912550681760343712967816
  [52] Ti2(1/3) = 0.329373968468987794789907311528086855579
  [53] Ti2(4) = 2.42588784128590899958072145819554939662
  [54] Ti2(1/4) = 0.248301750982306869080032559957935449285
  [55] Ti2(5) = 2.72722281709899020861710525161501598129
  [56] Ti2(1/5) = 0.199123656043058867622426425602927391161
  [57] Ti2(2-sqrt(3)) = 0.265864958279306982691875086397120687643
  [58] Ti2(sqrt(2)-1) = 0.406766154249813513245292191859602891886
  [59] G+(Pi/2)*log(2)  [=Ti2(2)] = 2.00475863932902008030494796405119108445
  [60] L(g,2) = 1.12164697680138607508269280307221429323
  [61] L(g,2)*sqrt(2) = 1.58624836678730050132787419157959761403
  [62] L(g,2)/sqrt(2) = 0.79312418339365025066393709578979880701
  [63] L(g,2)*Pi = 3.52375790224043573655581700589139609607
  [64] L(g,2)/Pi = 0.357031321524042097296192887783961471159
  [65] Gamma(1/4)^4/Pi = 55.0014865441629826199207662384844575831
  [66] Gamma(1/3)^6/Pi^2 = 37.4521496881216369396068147506936824248
  [67] G(1/8)G(3/8)/(G(5/8)G(7/8)) = 11.4250022887693471134781724090867670771
  [68] G(1/8)^2G(3/8)^2/Pi^3 = 10.2861159727113239711796091304317967191
  [69] G(1/6)G(1/3)/(G(2/3)G(5/6)) = 9.7557823965414795351382302980246256270
  [70] G(1/12)G(5/12)/(G(7/12)G(11/12)) = 15.1619544114749678216886359918297377237
  [71] Gamma(1/6)^6/Pi^2 = 3013.75123345357208629628287624933759070
  [72] log(2)^2 = 0.480453013918201424667102526326664971730
  [73] log(3)^2 = 1.20694896081258197784377912384936591362
  [74] log(5)^2 = 2.59029039398023494518017100499265489539
  [75] log(6)^2 = 3.21040199556840137536912708384903865663
  [76] log(8)^2 = 4.3240771252638128220039227369399847456
  [77] log(9)^2 = 4.8277958432503279113751164953974636545
  [78] log(10)^2 = 5.3018981104783980105616663885940176916
  [79] log(12)^2 = 6.1747610581606236222286800965020413431
  [80] log(16)^2 = 7.6872482226912227946736404212266395477
  [81] log(18)^2 = 8.3542488988437652817587098890701441688
  [82] log(24)^2 = 10.1000261485892487184224381618083739730
  [83] log(27)^2 = 10.8625406473132378005940121146442932226
  [84] log(32)^2 = 12.0113253479550356166775631581666242932
  [85] Pi*log(2) = 2.17758609030360213050068889823761394734
  [86] Pi*log(3) = 3.45139229522320266143382058381808564516
  [87] Pi*log(5) = 5.0561983221118626819893576520241771803
  [88] Pi*log(6) = 5.6289783855268047919345094820556995925
  [89] Pi*log(8) = 6.5327582709108063915020666947128418420
  [90] Pi*log(9) = 6.9027845904464053228676411676361712903
  [91] Pi*log(10) = 7.2337844124154648124900465502617911276
  [92] Pi*log(12) = 7.8065644758304069224351983802933135398
  [93] Pi*log(16) = 8.7103443612144085220027555929504557894
  [94] Pi*log(18) = 9.0803706807500074533683300658737852377
  [95] Pi*log(24) = 9.9841505661340090529358872785309274872
  [96] Pi*log(27) = 10.3541768856696079843014617514542569355
  [97] Pi*log(32) = 10.8879304515180106525034444911880697367
  [98] log(2)*log(3) = 0.76150001041880898642912271683650388564
  [99] log(2)*log(5) = 1.11557735128998082035719642863734891224
  [100] log(2)*log(6) = 1.24195302433701041109622524316316885737
  [101] log(2)*log(7) = 1.34880213344067334196116454339927648980
  [102] log(2)*log(8) = 1.44135904175460427400130757897999491519
  [103] log(2)*log(10) = 1.59603036520818224502429895496401388397
  [104] log(2)*log(12) = 1.72240603825521183576332776948983382910
  [105] log(3)*log(5) = 1.76814826844845172875795182576258517193
  [106] log(3)*log(6) = 1.96844897123139096427290184068586979926
  [107] log(3)*log(7) = 2.13780080239616021784685469059662924041
  [108] log(3)*log(8) = 2.28450003125642695928736815050951165693
  [109] log(3)*log(10) = 2.52964827886726071518707454259908905757
  [110] log(3)*log(12) = 2.72994898165019995070202455752237368490
  [111] log(5)*log(6) = 2.88372561973843254911514825439993408416
  [112] log(5)*log(7) = 3.13182156807991254291890879552861403466
  [113] log(5)*log(8) = 3.34673205386994246107158928591204673671
  [114] log(5)*log(10) = 3.70586774527021576553736743363000380763
  [115] log(5)*log(12) = 3.99930297102841336947234468303728299640
  [116] log(6)*log(7) = 3.48660293583683355980801923399590573021
  [117] log(6)*log(8) = 3.72585907301103123328867572948950657212
  [118] log(6)*log(10) = 4.1256786440754429602113734975631029415
  [119] log(6)*log(12) = 4.4523550199054117864653523270122075140
  [120] log(7)*log(8) = 4.0464064003220200258834936301978294694
  [121] log(7)*log(10) = 4.4806237015205858848800733389278905245
  [122] log(7)*log(12) = 4.8354050692775069017691837773951822200
  [123] log(8)*log(10) = 4.7880910956245467350728968648920416519
  [124] log(8)*log(12) = 5.1672181147656355072899833084695014873
  [125] log(10)*log(12) = 5.7217090092836252052356724525271168255
  [126] Pi*log((sqrt(2)+1)/(sqrt(2)-1)) = 5.5378335720973614353437035594799479608
  [127] log((sqrt(2)+1)/(sqrt(2)-1))^2 = 3.10727759958278392600229884035767561843
  [128] Pi*log((sqrt(3)+1)/(sqrt(3)-1)) = 4.1373452540660683281343270826936246345
  [129] log((sqrt(3)+1)/(sqrt(3)-1))^2 = 1.73437810227263615040825812545843864708
  [130] Pi*log((sqrt(5)+1)/(sqrt(5)-1)) = 3.02354306885557391688170632698920869036
  [131] log((sqrt(5)+1)/(sqrt(5)-1))^2 = 0.92625928230877756998771628492613104007
  [132] Pi*log((sqrt(8)+1)/(sqrt(8)-1)) = 2.32163051142258458696572738787925964358
  [133] log((sqrt(8)+1)/(sqrt(8)-1))^2 = 0.54611796101709743853565349587918781768
  [134] Pi*log((sqrt(12)+1)/(sqrt(12)-1)) = 1.86686222806724074061133564790871084936
  [135] log((sqrt(12)+1)/(sqrt(12)-1))^2 = 0.353122013502335095898642034188567311399
  [136] Pi*atan(1/1) = 2.46740110027233965470862274996903778383
  [137] Pi*atan(1/2) = 1.45659192229140539059421843298781413969
  [138] Pi*atan(1/3) = 1.01080917798093426411440431698122364414
  [139] Pi*atan(1/4) = 0.76962316836560519275591579249894039750
  [140] Pi*atan(1/5) = 0.62013644067562973992342431362659598751
  [141] atan(1/1)^2 = 0.61685027506808491367715568749225944596
  [142] atan(1/2)^2 = 0.214969105332164388710632716684036154272
  [143] atan(1/3)^2 = 0.103523419254546607090679187682388530387
  [144] atan(1/4)^2 = 0.0600145453874255907594997899595198501877
  [145] atan(1/5)^2 = 0.0389650070484478564858971079645396617455

=== c0_1_3_1_2__3_0_-216_-24_108
  xi = 0.14206199523035784565984182309587342423021133450598656047195233312371390000000
  T1/T2/T4: NO HIT (unidentified)
  T3 ratios:  xi/G       = 0.1550953399706758005920032167917763633408720246455960638053
              xi/(Pi*G)  = 0.04936838001370213411498813954859980948066535375955166417703
              xi*G       = 0.1301238998711759778037931372212989378668501184121213086002
              xi/zeta(2) = 0.08636333704399199915235408844685740372966937562055225996419
              xi/Pi^2    = 0.01439388950733199985872568140780956728827822927009204332737
              xi/L(g,2)  = 0.1266548193581172166278214130693213980543532776414317879846
  T3 lindep([1,xi,G,z2]) = [-1243273878119703, 563088355672578, 511578204495566, 422322330586808]~    residual 4.299048236034678843 E-47
  T3 lindep([xi,G,z2])   = [-107683667412242145392, 138289406911946473803, -67705195222567388515]~    residual 1.0043071080718434968 E-41
  T4 algdep(xi,1) = 380707576702596650593171087857*x - 54084077945685379059172969930   min|root-xi| = 1.8690885571878282114 E-61
  T4 algdep(xi,2) = 144397034589410131434*x^2 - 7633146866206876635*x - 1829784634125916663   min|root-xi| = 5.596989242713526315 E-62
  T4 algdep(xi,3) = 995296995334701*x^3 + 348475641451726*x^2 - 1168563235922346*x + 156122069036147   min|root-xi| = 6.200187978265180492 E-62
  T4 algdep(xi,4) = 402581137864*x^4 - 1070390717552*x^3 - 193683220202*x^2 - 418313919668*x + 66240231963   min|root-xi| = 1.0573192127355768799 E-61
  T4 algdep(xi,5) = 2092172042*x^5 + 8532937017*x^4 - 4726991737*x^3 - 7234903011*x^2 - 7313594029*x + 1194951729   min|root-xi| = 3.729391823302708768 E-62
  T4 algdep(xi,6) = 130733105*x^6 - 113869286*x^5 + 81762243*x^4 + 29800564*x^3 - 4483107*x^2 + 185213986*x - 26334619   min|root-xi| = 1.0637510388793796300 E-61
  T4 algdep(xi/G,4) = 833354157686*x^4 - 463043201631*x^3 - 249741569253*x^2 - 716900198696*x + 118440606434   min|root-r| = 1.6610536127945720331 E-62
  T4 algdep(xi/zeta(2),4) = 1079148793752*x^4 - 865013534538*x^3 + 278635277049*x^2 + 896850265717*x - 79036052279   min|root-r| = 2.649817241148746133 E-62
  T4 algdep(xi/Pi^2,4) = 187154927491*x^4 - 89158326029*x^3 + 445960807773*x^2 - 1263403446263*x + 18093151493   min|root-r| = 1.1872515453143373263 E-62
  T4 algdep(xi/L(g,2),4) = 291775826504*x^4 + 585098384604*x^3 - 281539334065*x^2 + 720792214181*x - 88039352147   min|root-r| = 4.220674869704514547 E-62

=== c0_1_3_1_2__33_12_324_36_108
  xi = 0.21324033638394555502097549659583268585790501298365968367531138250848570000000
  T1/T2/T4: NO HIT (unidentified)
  T3 ratios:  xi/G       = 0.2328038713893966220661865123737476309770849510092691954563
              xi/(Pi*G)  = 0.07410377380510468023792218279684659867024393860186550748633
              xi*G       = 0.1953208114184707447523226681652198277816518599176584186758
              xi/zeta(2) = 0.1296345796962697697827417270524060382985955000191528112763
              xi/Pi^2    = 0.02160576328271162829712362117540100638309925000319213521272
              xi/L(g,2)  = 0.1901135925958143618538545748705032750957089894054235532392
  T3 lindep([1,xi,G,z2]) = [-573330082080737, 982879283082146, 1739614598535651, -747559778254044]~    residual 4.147241644777711505 E-47
  T3 lindep([xi,G,z2])   = [79810011331718289574, 57787367984593774570, -42524473123202843519]~    residual 1.9900552408728036075 E-42
  T4 algdep(xi,1) = 883560430558296634133743036287*x - 188410723427794941755625713846   min|root-xi| = 7.445760779388868664 E-62
  T4 algdep(xi,2) = 233576810383924735322*x^2 - 35818329704650342079*x - 2983161491690591235   min|root-xi| = 9.450119140434784163 E-62
  T4 algdep(xi,3) = 215542144824787*x^3 + 635695890930336*x^2 + 497468257670783*x - 137076277925135   min|root-xi| = 3.557219805066217649 E-62
  T4 algdep(xi,4) = 720774305942*x^4 - 466699509321*x^3 - 1013046709953*x^2 + 399079923779*x - 36000274193   min|root-xi| = 2.1332320619793735924 E-61
  T4 algdep(xi,5) = 1380394140*x^5 + 3344763803*x^4 - 536919706*x^3 - 1591069081*x^2 - 831088863*x + 247251599   min|root-xi| = 4.210346728731186847 E-62
  T4 algdep(xi,6) = 96604809*x^6 + 108907298*x^5 - 124032721*x^4 + 397861442*x^3 - 84993190*x^2 - 173532245*x + 37210391   min|root-xi| = 4.240193645525664064 E-62
  T4 algdep(xi/G,4) = 125617290019*x^4 - 569368375563*x^3 - 1113725952684*x^2 + 725388636031*x - 101696987441   min|root-r| = 3.349169540506452513 E-61
  T4 algdep(xi/zeta(2),4) = 278453223711*x^4 - 1064974565852*x^3 + 635570098775*x^2 - 53934020969*x - 1447684980   min|root-r| = 6.448117402852820834 E-61
  T4 algdep(xi/Pi^2,4) = 1330358590899*x^4 + 14144200114*x^3 - 110341624597*x^2 + 192848508211*x - 4115563308   min|root-r| = 1.1883301740459587128 E-61
  T4 algdep(xi/L(g,2),4) = 772455428908*x^4 - 581490531749*x^3 - 430968000642*x^2 + 519285614495*x - 80160180357   min|root-r| = 1.6020937569923087828 E-61

=== c-1_2_4_-1_-1__16_10_64_20_4
  xi = 0.17163338539569469724584497060905772685796022227020631853748571401918480000000
  T1/T2/T4: NO HIT (unidentified)
  T3 ratios:  xi/G       = 0.1873797296391543786719964225233681092983979226067028767569
              xi/(Pi*G)  = 0.05964482041458869775442951754473565045192284772239849781739
              xi*G       = 0.1572102758346151179157527381448194134578933823796983349400
              xi/zeta(2) = 0.10434058656499989667328924436261075740853721340774797584137
              xi/Pi^2    = 0.01739009776083331611221487406043512623475620223462466264023
              xi/L(g,2)  = 0.1530190772547202405259365362111982230491901559603154015331
  T3 lindep([1,xi,G,z2]) = [-559825365159326, -1078576035869330, 960990897965131, -82246200609429]~    residual 5.990441279407869237 E-47
  T3 lindep([xi,G,z2])   = [97417597334468082448, -28131943991258318347, 5500391139092765165]~    residual 7.396637821610559288 E-42
  T4 algdep(xi,1) = 3436604149617979171526755509143*x - 589836004463826260605533446289   min|root-xi| = 2.383757254358606480 E-62
  T4 algdep(xi,2) = 68714002323450650009*x^2 - 174946899773081384704*x + 28002550287735252286   min|root-xi| = 4.032363741978128265 E-62
  T4 algdep(xi,3) = 1434291295655471*x^3 + 477991561207519*x^2 - 292046069690960*x + 28792423725378   min|root-xi| = 4.785781344271920811 E-59
  T4 algdep(xi,4) = 80873375377*x^4 + 1190953119635*x^3 - 180614039436*x^2 + 789031306835*x - 136195197045   min|root-xi| = 6.350254898030662168 E-62
  T4 algdep(xi,5) = 556597102*x^5 + 1432875924*x^4 + 4530068239*x^3 + 8875481742*x^2 - 7135508269*x + 939007086   min|root-xi| = 1.1563922885070689148 E-61
  T4 algdep(xi,6) = 183240765*x^6 + 22479308*x^5 + 2681596*x^4 - 17494728*x^3 - 310491333*x^2 + 200779337*x - 25235884   min|root-xi| = 1.2006804115230106654 E-61
  T4 algdep(xi/G,4) = 548881416824*x^4 + 79826590143*x^3 + 1483957928389*x^2 + 492084870277*x - 145512065107   min|root-r| = 7.842472832560488077 E-62
  T4 algdep(xi/zeta(2),4) = 737604125189*x^4 + 742370184089*x^3 + 443781755887*x^2 - 199855976912*x + 15090934774   min|root-r| = 4.436698077904811426 E-61
  T4 algdep(xi/Pi^2,4) = 986505407666*x^4 + 145442772211*x^3 - 874130563232*x^2 - 664053493200*x + 11811450687   min|root-r| = 2.756879762182610134 E-62
  T4 algdep(xi/L(g,2),4) = 792244308237*x^4 + 1235897237946*x^3 - 1167210387482*x^2 - 588697646555*x + 112549544073   min|root-r| = 1.5631720985853246763 E-62

=== c0_1_3_-1_4__22_6_-72_12_36
  xi = 0.13797816263942704386005681031439659682453055705259020455455818667517900000000
  T1/T2/T4: NO HIT (unidentified)
  T3 ratios:  xi/G       = 0.1506368399823665554051846744968485517799023215102979765946
              xi/(Pi*G)  = 0.04794919538987298623992339580792045689624279930167872493889
              xi*G       = 0.1263832497255037541309441426746375493501232202244568789981
              xi/zeta(2) = 0.08388066453253041614294735583301659431497742678718958750153
              xi/Pi^2    = 0.01398011075542173602382455930550276571916290446453159791692
              xi/L(g,2)  = 0.12301389429399702846535670763033504548057976227786575944556
  T3 lindep([1,xi,G,z2]) = [1695238730958815, 433314129670058, -662915458532088, -697790196996808]~    residual 6.684421632354042768 E-47
  T3 lindep([xi,G,z2])   = [-219483228109571357643, -102200267997423677374, 75319627845905407060]~    residual 1.1667222090994455159 E-42
  T4 algdep(xi,1) = 3033857604681724746407769342274*x - 418606098003637575153248221533   min|root-xi| = 4.469067264088937868 E-62
  T4 algdep(xi,2) = 149012173565800480970*x^2 + 53968817529998026212*x - 10283408074070574847   min|root-xi| = 3.642665054202480529 E-62
  T4 algdep(xi,3) = 782419328552504*x^3 - 1239149001577541*x^2 - 737055487314461*x + 123233169262414   min|root-xi| = 6.716679956397912071 E-62
  T4 algdep(xi,4) = 1490653924975*x^4 - 1000804171121*x^3 - 490038728790*x^2 + 265403891116*x - 25201939197   min|root-xi| = 1.2492924820872019091 E-61
  T4 algdep(xi,5) = 2214821372*x^5 - 7741808842*x^4 + 4820708765*x^3 + 9454385138*x^2 - 6636731818*x + 725763787   min|root-xi| = 3.872935530485411943 E-62
  T4 algdep(xi,6) = 244405988*x^6 + 251322533*x^5 - 66815280*x^4 - 115027011*x^3 - 67013118*x^2 - 33710801*x + 6239266   min|root-xi| = 4.579905964332413520 E-62
  T4 algdep(xi/G,4) = 70965776991*x^4 - 273775930654*x^3 - 811085851035*x^2 + 1208790043803*x - 162784320147   min|root-r| = 3.832637729085354625 E-62
  T4 algdep(xi/zeta(2),4) = 152414480778*x^4 + 339050072486*x^3 - 717897517583*x^2 - 467172464163*x + 44030192857   min|root-r| = 9.808125468034787957 E-62
  T4 algdep(xi/Pi^2,4) = 361221846343*x^4 - 405052343017*x^3 + 657120613724*x^2 + 321882518566*x - 4627290275   min|root-r| = 1.5216794495100136487 E-61
  T4 algdep(xi/L(g,2),4) = 400562808831*x^4 + 967225652712*x^3 - 520874158869*x^2 + 184406777712*x - 16694723494   min|root-r| = 4.401726090881006380 E-61

=== c0_1_3_-1_4__3_0_-216_48_108
  xi = 0.19083926224726455121632822377855515302098886952499256600904495464090800000000
  T1/T2/T4: NO HIT (unidentified)
  T3 ratios:  xi/G       = 0.2083476316800840328736457139654196518072901943325620095341
              xi/(Pi*G)  = 0.06631911092674988811421651194673772531887406491059517566239
              xi*G       = 0.1748021982366577956192149087090676121486210358565711007822
              xi/zeta(2) = 0.11601635961794009555462673906479866977208336282657157392206
              xi/Pi^2    = 0.01933605993632334925910445651079977829534722713776192898701
              xi/L(g,2)  = 0.1701420020686750551822477536677886008885730008219963962194
  T3 lindep([1,xi,G,z2]) = [502284156818107, 968149003633114, 85835180458402, -465469763146081]~    residual 5.926695247588346586 E-47
  T3 lindep([xi,G,z2])   = [-271196650265901980187, 51697444288257973253, 2676027249025546518]~    residual 1.6274842137021810746 E-42
  T4 algdep(xi,1) = 334449229331521546287418597102*x - 63826044184793763825895317971   min|root-xi| = 2.1308898726632045539 E-61
  T4 algdep(xi,2) = 16009137640737445813*x^2 + 221504706659893342029*x - 42854841576952118341   min|root-xi| = 3.481069581194665948 E-62
  T4 algdep(xi,3) = 150739658438273*x^3 - 327088951884637*x^2 + 454639199216419*x - 75898237690515   min|root-xi| = 1.0513946418702448658 E-61
  T4 algdep(xi,4) = 639262958472*x^4 + 874744412056*x^3 + 200376004183*x^2 - 208406439818*x + 25546870129   min|root-xi| = 3.431239215037243008 E-60
  T4 algdep(xi,5) = 3534984889*x^5 - 6673216132*x^4 + 7755244259*x^3 - 4282625437*x^2 - 419816938*x + 190144414   min|root-xi| = 3.623604553303412674 E-62
  T4 algdep(xi,6) = 340908680*x^6 - 124374184*x^5 + 289534214*x^4 + 144198679*x^3 - 174170565*x^2 + 5936706*x + 3839026   min|root-xi| = 2.4454830548454532149 E-61
  T4 algdep(xi/G,4) = 244368646102*x^4 - 881733741599*x^3 + 751918109433*x^2 - 332341845286*x + 44116848165   min|root-r| = 3.195855567713500736 E-61
  T4 algdep(xi/zeta(2),4) = 258807167150*x^4 - 468628689839*x^3 - 809779626529*x^2 + 10814403728*x + 10329723673   min|root-r| = 6.485770244892096935 E-62
  T4 algdep(xi/Pi^2,4) = 907667599390*x^4 - 288976815693*x^3 + 697981829780*x^2 - 771890171233*x + 14666313181   min|root-r| = 2.116458106333640744 E-62
  T4 algdep(xi/L(g,2),4) = 282465395803*x^4 - 71938199986*x^3 + 867126432229*x^2 + 413132206714*x - 95275365997   min|root-r| = 1.1551816135846377737 E-61

=== c0_1_4_1_3__28_10_208_12_16
  xi = 0.23479947009446942672836763523981318973888148048927121814684251639748340000000
  T1/T2/T4: NO HIT (unidentified)
  T3 ratios:  xi/G       = 0.2563409276364598253834093589636673153756659807435773518989
              xi/(Pi*G)  = 0.08159585150020884769429216137340304158922945312629492651456
              xi*G       = 0.2150682361375768553935734427866460434624960140270924027603
              xi/zeta(2) = 0.1427409613713919945808120532073166235410575862960850950135
              xi/Pi^2    = 0.02379016022856533243013534220121943725684293104934751583558
              xi/L(g,2)  = 0.2093345544103812836296968521531335082154966059154016550415
  T3 lindep([1,xi,G,z2]) = [74126031216917, 673929446347147, -334272014789246, 44875571629688]~    residual 3.204410387066985559 E-47
  T3 lindep([xi,G,z2])   = [100238282600962202851, -92629958956204004220, 37271986149279570575]~    residual 6.609906065941702098 E-42
  T4 algdep(xi,1) = 3073085603602838330410438565605*x - 721558871280889165735615620702   min|root-xi| = 4.570755237244957515 E-62
  T4 algdep(xi,2) = 60602921593335690517*x^2 + 71421610766859254894*x - 20110843375196644580   min|root-xi| = 5.005470978091531369 E-62
  T4 algdep(xi,3) = 524322179559545*x^3 - 77580149235430*x^2 + 792337761892084*x - 188550614742099   min|root-xi| = 2.293191945346799616 E-62
  T4 algdep(xi,4) = 65174828627*x^4 - 134262047248*x^3 - 1000063612946*x^2 - 969491690555*x + 284310320060   min|root-xi| = 3.025453240414994963 E-63
  T4 algdep(xi,5) = 4180045281*x^5 - 1619231197*x^4 - 2886336407*x^3 + 8319606381*x^2 - 6291806050*x + 1057947354   min|root-xi| = 5.365592410072257257 E-62
  T4 algdep(xi,6) = 371006400*x^6 + 268046577*x^5 - 154669075*x^4 - 117286141*x^3 - 77910793*x^2 + 104961591*x - 18614768   min|root-xi| = 3.691260989010915306 E-61
  T4 algdep(xi/G,4) = 42374695138*x^4 + 1153435467836*x^3 + 299785524988*x^2 + 237185956623*x - 100111398307   min|root-r| = 2.490463385801353450 E-62
  T4 algdep(xi/zeta(2),4) = 246062861990*x^4 - 168469603846*x^3 - 887519798459*x^2 - 106929269882*x + 33734203887   min|root-r| = 1.0133646883825626880 E-61
  T4 algdep(xi/Pi^2,4) = 1336409527419*x^4 + 607941244315*x^3 - 656261555195*x^2 - 989315657249*x + 23898789742   min|root-r| = 2.509640947783657001 E-62
  T4 algdep(xi/L(g,2),4) = 618191183841*x^4 - 467653293860*x^3 - 396308109634*x^2 - 388169802852*x + 101726751038   min|root-r| = 1.3281832732818855431 E-61

=== c1_2_4_5_5__72_6_-192_-60_8
  xi = 0.15356809269719230909980101313739162347784614497110003469288373703869770000000
  T1/T2/T4: NO HIT (unidentified)
  T3 ratios:  xi/G       = 0.1676570535764908776672002466200072744660185931320887326362
              xi/(Pi*G)  = 0.05336689764184250601515318371580832062401207655448094681872
              xi*G       = 0.1406630892740460016684413122071638818170973987091443905639
              xi/zeta(2) = 0.09335820553065463178697067232255806446394397614336583401006
              xi/Pi^2    = 0.01555970092177577196449511205375967741065732935722763900168
              xi/L(g,2)  = 0.1369130358066173832461522426847886258430692160698815110866
  T3 lindep([1,xi,G,z2]) = [-1154171844683406, -67428491844128, -347025600517917, 901185190226371]~    residual 3.696200934853537910 E-48
  T3 lindep([xi,G,z2])   = [56657658325984510367, 48557844519403981639, -32328422460654238941]~    residual 5.506390177855340678 E-42
  T4 algdep(xi,1) = 572911630953364804737146680364*x - 87980946449545956937945617969   min|root-xi| = 2.9378197936056288395 E-61
  T4 algdep(xi,2) = 43963264757628673989*x^2 + 128136260969246309235*x - 20714433869496370208   min|root-xi| = 1.7995797036240715436 E-62
  T4 algdep(xi,3) = 1353964850807947*x^3 + 622353599622954*x^2 + 383209640751708*x - 78429384801078   min|root-xi| = 1.1701975429524054733 E-61
  T4 algdep(xi,4) = 20821616629*x^4 - 185862630771*x^3 - 948787948023*x^2 - 1512735913533*x + 255344929821   min|root-xi| = 3.054660084398053717 E-62
  T4 algdep(xi,5) = 6141607554*x^5 - 10584225418*x^4 + 5757886492*x^3 - 5865219329*x^2 - 3619396316*x + 678653338   min|root-xi| = 1.0358039142590653979 E-62
  T4 algdep(xi,6) = 33989792*x^6 - 49836572*x^5 + 57715364*x^4 - 342190534*x^3 + 145444136*x^2 + 327686889*x - 52541287   min|root-xi| = 3.292010218085005476 E-62
  T4 algdep(xi/G,4) = 421352332424*x^4 - 94319786482*x^3 + 44334772163*x^2 + 1421305765831*x - 239426556115   min|root-r| = 4.770158350183520017 E-62
  T4 algdep(xi/zeta(2),4) = 1438811294*x^4 + 230157870635*x^3 - 1072840066210*x^2 + 757722421634*x - 61576380709   min|root-r| = 3.923877495398362129 E-63
  T4 algdep(xi/Pi^2,4) = 672818866835*x^4 - 1237788267561*x^3 + 310172764664*x^2 - 256483935218*x + 3920342564   min|root-r| = 2.208770879360137437 E-62
  T4 algdep(xi/L(g,2),4) = 184988809228*x^4 + 562474037763*x^3 - 299432039302*x^2 - 164759152015*x + 26662014485   min|root-r| = 2.235760056408556702 E-62

=== c1_2_4_5_5__16_2_64_20_4
  xi = 1.09267463593553851390487262282236875714860056847668560340745719227953200000000
  T1/T2/T4: NO HIT (unidentified)
  T3 ratios:  xi/G       = 1.192921047342450966402715572577459275138253635357822986429
              xi/(Pi*G)  = 0.3797185628058239304588442551287485161402631696164135005255
              xi*G       = 1.000852372147072003354397526186157834179474764371500463943
              xi/zeta(2) = 0.6642665246936955871859386990616099854351991601036185091062
              xi/Pi^2    = 0.11071108744894926453098978317693499757253319335060308485105
              xi/L(g,2)  = 0.9741698221766100349623323166113078871872147430991883745928
  T3 lindep([1,xi,G,z2]) = [122364198763112, -469048826907329, -1635019033113658, 1147629425164698]~    residual 3.109280337892381647 E-48
  T3 lindep([xi,G,z2])   = [180439908881910240077, -67755363565613933930, -82131273600267229551]~    residual 6.117329100358829104 E-42
  T4 algdep(xi,1) = 3296593545277355809243884856570*x - 3602104151913380958927864385681   min|root-xi| = 9.077071223312406055 E-63
  T4 algdep(xi,2) = 213094430475482222444*x^2 - 121769585282535622704*x - 121366971036793027223   min|root-xi| = 1.2362903522665907381 E-62
  T4 algdep(xi,3) = 1157466856714105*x^3 + 103685134307544*x^2 + 165928942853640*x - 1815114567466461   min|root-xi| = 2.987893858524256753 E-63
  T4 algdep(xi,4) = 175173572761*x^4 + 548879788261*x^3 - 1167566106915*x^2 - 303705331896*x + 760084056916   min|root-xi| = 2.273997756558780837 E-62
  T4 algdep(xi,5) = 8770318898*x^5 - 7934102197*x^4 - 1583322260*x^3 + 688863973*x^2 + 2239422402*x - 3554474472   min|root-xi| = 2.773651147880706278 E-62
  T4 algdep(xi,6) = 325526341*x^6 - 285102550*x^5 + 50528796*x^4 - 153387132*x^3 - 141434315*x^2 + 207943980*x - 40226272   min|root-xi| = 3.613917486089620156 E-63
  T4 algdep(xi/G,4) = 870913407125*x^4 - 1859202981937*x^3 - 18179345059*x^2 + 647134808653*x + 646382561698   min|root-r| = 1.6197275201664537600 E-62
  T4 algdep(xi/zeta(2),4) = 131415008285*x^4 - 599442439951*x^3 + 129093966009*x^2 + 628210347076*x - 324147384233   min|root-r| = 3.146421592562057000 E-61
  T4 algdep(xi/Pi^2,4) = 700476565596*x^4 - 1092592154763*x^3 - 257659352323*x^2 - 233998217928*x + 30441704535   min|root-r| = 2.463129242247040507 E-62
  T4 algdep(xi/L(g,2),4) = 1167417680217*x^4 + 365979461322*x^3 + 164827981772*x^2 - 991683339091*x - 580093344681   min|root-r| = 2.3179857560035105394 E-63

=== c0_1_2_1_1__11_3_-73_-8_28
  xi = 0.18545224441172554013348828344034039095692084680528975270476471741647300000000
  T1/T2/T4: NO HIT (unidentified)
  T3 ratios:  xi/G       = 0.2024663869370672523959857182141531410401677439937886379067
              xi/(Pi*G)  = 0.06444705258198119950348851406450843071120797880659860230872
              xi*G       = 0.1698678752440850290276530339032513151621195868308620542776
              xi/zeta(2) = 0.11274144547754491309399465925067869869167101740426621083009
              xi/Pi^2    = 0.01879024091292415218233244320844644978194516956737770180502
              xi/L(g,2)  = 0.1653392272679073185822547965192887136763064473372969105883
  T3 lindep([1,xi,G,z2]) = [1214478044115051, 242008542040455, -222973228614991, -641438028936313]~    residual 1.5390228302923785053 E-47
  T3 lindep([xi,G,z2])   = [-24599424215088965243, 20328943453412049484, -8546600511661969305]~    residual 6.201430722320066265 E-42
  T4 algdep(xi,1) = 3422030851333582840079365551733*x - 634623301825980830871391618856   min|root-xi| = 3.720851285082799376 E-63
  T4 algdep(xi,2) = 41226283099185040109*x^2 - 95471679792823750062*x + 16287560912686568444   min|root-xi| = 5.941687743079880745 E-62
  T4 algdep(xi,3) = 1471479148181171*x^3 - 362054882977107*x^2 - 290089641236569*x + 56864411990180   min|root-xi| = 5.358534268837743466 E-62
  T4 algdep(xi,4) = 783969168721*x^4 + 430893035663*x^3 - 898241856962*x^2 - 566461330481*x + 132268714180   min|root-xi| = 1.8512052362811621272 E-62
  T4 algdep(xi,5) = 6069689595*x^5 + 6114222030*x^4 - 10240564869*x^3 + 558777754*x^2 + 3143324134*x - 545401849   min|root-xi| = 1.4783969526180568770 E-61
  T4 algdep(xi,6) = 188922385*x^6 + 140041356*x^5 - 175365305*x^4 + 121346677*x^3 + 23236916*x^2 - 290902554*x + 52544410   min|root-xi| = 5.669702869943152866 E-62
  T4 algdep(xi/G,4) = 191467890063*x^4 - 352383166982*x^3 + 215455895755*x^2 - 625404477767*x + 120394187891   min|root-r| = 8.606801803856054313 E-62
  T4 algdep(xi/zeta(2),4) = 1321808225545*x^4 - 209386736406*x^3 - 77873404205*x^2 - 1127967985536*x + 128245064212   min|root-r| = 3.882590757624403846 E-63
  T4 algdep(xi/Pi^2,4) = 490525527900*x^4 - 783777880734*x^3 - 24353003941*x^2 + 34641657842*x - 637188013   min|root-r| = 1.9128632080166061233 E-60
  T4 algdep(xi/L(g,2),4) = 417078364781*x^4 + 688353898559*x^3 + 373753290878*x^2 + 359935854514*x - 73151803867   min|root-r| = 1.8517565953201982661 E-62

=== c0_1_2_1_1__60_18_240_12_16
  xi = 0.062391778454347897517395842642979914815964479121435791617045647753343500000000
  T1/T2/T4: NO HIT (unidentified)
  T3 ratios:  xi/G       = 0.06811585375146358718574100270856476956029975691264269940419
              xi/(Pi*G)  = 0.02168194965494010527359413352267394331165448956910677550398
              xi*G       = 0.05714872242371018335735717561145145085949478741501588514623
              xi/zeta(2) = 0.03792965305527021839286835640847147629895685842722058243980
              xi/Pi^2    = 0.006321608842545036398811392734745246049826143071203430406633
              xi/L(g,2)  = 0.05562514743477601899115232038645292764453439467402237500671
  T3 lindep([1,xi,G,z2]) = [-116683720607902, 18290414100042, 1391210797723187, -704440803538701]~    residual 6.976209652171978869 E-48
  T3 lindep([xi,G,z2])   = [23479536306932519562, -217506071425930371002, 120225577370560387179]~    residual 8.366296610804395974 E-43
  T4 algdep(xi,1) = 988835022261248937005047018303*x - 61695175636824015036320647145   min|root-xi| = 9.783999345362125601 E-62
  T4 algdep(xi,2) = 33450026474849331103*x^2 - 161863088570797625532*x + 9968713906060754481   min|root-xi| = 6.136494481659547755 E-63
  T4 algdep(xi,3) = 992696427269670*x^3 + 430861781968785*x^2 - 1325901749078080*x + 80807037118504   min|root-xi| = 3.754450942241749270 E-62
  T4 algdep(xi,4) = 488767542788*x^4 - 596103572277*x^3 - 958103877193*x^2 + 154404146367*x - 5766533800   min|root-xi| = 2.0967912822772982601 E-60
  T4 algdep(xi,5) = 1437693614*x^5 + 7010963694*x^4 - 5847620240*x^3 - 4401674521*x^2 + 7310627022*x - 437675834   min|root-xi| = 1.6237651526483332338 E-62
  T4 algdep(xi,6) = 210864828*x^6 + 182882568*x^5 - 15504001*x^4 + 112942673*x^3 + 195725419*x^2 - 123050272*x + 6888037   min|root-xi| = 5.563505425306885279 E-63
  T4 algdep(xi/G,4) = 996731368681*x^4 - 1222280943354*x^3 + 216196164057*x^2 - 163168847640*x + 10476119838   min|root-r| = 8.918888463942583105 E-62
  T4 algdep(xi/zeta(2),4) = 40815767*x^4 + 435329945737*x^3 + 511785111747*x^2 - 1086297121714*x + 40442833808   min|root-r| = 3.122620800762748107 E-62
  T4 algdep(xi/Pi^2,4) = 285415261158*x^4 - 740682963995*x^3 - 388974985941*x^2 - 437292735161*x + 2780124789   min|root-r| = 6.468644528005863303 E-63
  T4 algdep(xi/L(g,2),4) = 939825562086*x^4 + 1534849081*x^3 + 910790894164*x^2 + 1060031741311*x - 61791813818   min|root-r| = 6.945797545895910279 E-62

=== c0_1_2_1_1__3_0_-104_-16_80
  xi = 0.20646992277482184473231681346553366000541842594178241580474291395353840000000
  T1/T2/T4: NO HIT (unidentified)
  T3 ratios:  xi/G       = 0.2254123125228156732771809224179298545283365277668708821631
              xi/(Pi*G)  = 0.07175096754356250965132212302042799783109339003993750675998
              xi*G       = 0.1891193454941642156069663186774120405585141884217284419731
              xi/zeta(2) = 0.1255186617725221319273376901729470813247278087632799318209
              xi/Pi^2    = 0.02091977696208702198788961502882451355412130146054665530348
              xi/L(g,2)  = 0.1840774566732347114336167118960574663072073333297503333992
  T3 lindep([1,xi,G,z2]) = [163617038444990, -1238825083947778, 1512706549931165, -786307548078516]~    residual 6.790848900257226808 E-48
  T3 lindep([xi,G,z2])   = [-280214609090710483533, 152312331215996259903, -49641482846726024902]~    residual 3.779634235026931089 E-42
  T4 algdep(xi,1) = 4172711262146195224679109068717*x - 861539372056954318307697121024   min|root-xi| = 1.3833139755125279867 E-62
  T4 algdep(xi,2) = 54419691381661622317*x^2 - 183925248486531018161*x + 35655129712941894708   min|root-xi| = 5.469324692309268590 E-62
  T4 algdep(xi,3) = 1588307355276730*x^3 - 157909389933732*x^2 + 620545384542236*x - 135372235281343   min|root-xi| = 6.551864756506045335 E-62
  T4 algdep(xi,4) = 197879572780*x^4 + 51508938419*x^3 - 165258615125*x^2 + 862930330241*x - 171937189362   min|root-xi| = 2.360299901877551779 E-62
  T4 algdep(xi,5) = 241254717*x^5 + 8384719250*x^4 + 439103339*x^3 - 494656442*x^2 + 1851392564*x - 380362743   min|root-xi| = 3.868192212158583249 E-62
  T4 algdep(xi,6) = 323772388*x^6 + 47782058*x^5 - 42059510*x^4 - 142719289*x^3 - 125162534*x^2 - 38610147*x + 14597098   min|root-xi| = 3.942203280626784808 E-62
  T4 algdep(xi/G,4) = 123014620139*x^4 + 577678514692*x^3 - 723916229459*x^2 - 343732557994*x + 107330298650   min|root-r| = 1.1248068230535306369 E-62
  T4 algdep(xi/zeta(2),4) = 33182268657*x^4 + 33214173749*x^3 - 465130611068*x^2 + 1023999327607*x - 121276841703   min|root-r| = 4.706444680499686527 E-62
  T4 algdep(xi/Pi^2,4) = 618528866848*x^4 + 385361843414*x^3 + 816885236395*x^2 + 192232507606*x - 4382607000   min|root-r| = 1.7744300089271676790 E-61
  T4 algdep(xi/L(g,2),4) = 1031946088397*x^4 + 482145203439*x^3 - 763179881506*x^2 - 249857558165*x + 67660960799   min|root-r| = 8.317334487694023859 E-62

=== c0_1_2_1_1__87_24_-152_-16_16
  xi = 0.040266194943254514808339675596573036813959518938711198773453220276725570000000
  T1/T2/T4: NO HIT (unidentified)
  T3 ratios:  xi/G       = 0.04396037929724235874284989937787804821848034318834150899193
              xi/(Pi*G)  = 0.01399302333070148295790280079850631909022674019689097591093
              xi*G       = 0.03688244917645385335744286889707348459565180292265235338167
              xi/zeta(2) = 0.02447891119454197940908144633119884260812907408407859492797
              xi/Pi^2    = 0.004079818532423663234846907721866473768021512347346432487996
              xi/L(g,2)  = 0.03589916950347612782332383313966538462241131598185611680670
  T3 lindep([1,xi,G,z2]) = [28666662121917, -427741303504597, -1205932240878407, 664555082282698]~    residual 4.762836627226687570 E-47
  T3 lindep([xi,G,z2])   = [-18615517709204504082, 70048784731888793571, -38550299334969701989]~    residual 1.2303592482418510696 E-42
  T4 algdep(xi,1) = 362932969472211025840268613297*x - 14613929700102288802883635486   min|root-xi| = 4.378768850895168514 E-61
  T4 algdep(xi,2) = 185720920190208819623*x^2 + 5189187860075243327*x - 510070519997758817   min|root-xi| = 3.810421652543829478 E-61
  T4 algdep(xi,3) = 697082014003783*x^3 - 79727626165668*x^2 - 1683162889754806*x + 67858322862691   min|root-xi| = 6.615712733349859905 E-63
  T4 algdep(xi,4) = 833098046329*x^4 + 367168130810*x^3 + 423876130151*x^2 - 344262648850*x + 13148727286   min|root-xi| = 8.031159800613988636 E-62
  T4 algdep(xi,5) = 8042219202*x^5 - 1861792037*x^4 + 3542214223*x^3 + 867449704*x^2 - 6674190201*x + 267110575   min|root-xi| = 2.332060510117029991 E-62
  T4 algdep(xi,6) = 125991452*x^6 - 195228974*x^5 + 119157525*x^4 - 6391016*x^3 - 76937194*x^2 - 226591251*x + 9248835   min|root-xi| = 2.1059639635712998870 E-63
  T4 algdep(xi/G,4) = 670137659790*x^4 - 225272387428*x^3 - 476201268019*x^2 - 369626995237*x + 17185844083   min|root-r| = 7.048096732601369615 E-62
  T4 algdep(xi/zeta(2),4) = 339350684978*x^4 - 439348596133*x^3 - 891115766429*x^2 + 632454933180*x - 14941513747   min|root-r| = 2.514064768913135998 E-62
  T4 algdep(xi/Pi^2,4) = 189841605243*x^4 - 158869054391*x^3 - 316528017120*x^2 + 626581340051*x - 2551058844   min|root-r| = 2.207637971796394026 E-62
  T4 algdep(xi/L(g,2),4) = 264253871815*x^4 - 684154566996*x^3 + 735123809442*x^2 + 251773729256*x - 9954645301   min|root-r| = 6.493927407018606091 E-62

=== c0_1_2_1_1__16_6_16_-4_-96
  xi = 0.26276667691302670985291320690910215807351992012306021504948444522328790000000
  T1/T2/T4: NO HIT (unidentified)
  T3 ratios:  xi/G       = 0.2868739596589991449802549199352425347691169690703746732629
              xi/(Pi*G)  = 0.09131481744814937440518829963324662607614792604706932237057
              xi*G       = 0.2406852353486138482999871165523181407638739473154915991278
              xi/zeta(2) = 0.1597429843595496960655343477297774382731880937422858473106
              xi/Pi^2    = 0.02662383072659161601092239128829623971219801562371430788511
              xi/L(g,2)  = 0.2342686088829495572634823372896722962738038125342227426828
  T3 lindep([1,xi,G,z2]) = [432089184996029, -756096412087618, 780133917420812, -576307640336278]~    residual 3.960237584068304332 E-47
  T3 lindep([xi,G,z2])   = [-15740591461808934981, 256813075224868379268, -140489423124752448812]~    residual 3.009509002415862359 E-42
  T4 algdep(xi,1) = 1127742076962506186355006574223*x - 296333037978432565309709484615   min|root-xi| = 9.094679344960913951 E-62
  T4 algdep(xi,2) = 68209107302006519982*x^2 + 125609803194751431217*x - 37715658865953359197   min|root-xi| = 3.701909120238726058 E-62
  T4 algdep(xi,3) = 42658838924321*x^3 + 1153175055485135*x^2 + 1179216130948707*x - 390255167940992   min|root-xi| = 4.835481385051160996 E-62
  T4 algdep(xi,4) = 934941904883*x^4 + 576735312557*x^3 + 85114244317*x^2 - 1376335414470*x + 340857268404   min|root-xi| = 4.506510756860837871 E-63
  T4 algdep(xi,5) = 1217874093*x^5 - 6429309886*x^4 - 1099782091*x^3 + 8462682154*x^2 - 10889868130*x + 2326256188   min|root-xi| = 8.593819113297807879 E-62
  T4 algdep(xi,6) = 182234444*x^6 - 241541382*x^5 - 138002806*x^4 - 48410531*x^3 + 353671648*x^2 + 89023443*x - 46033297   min|root-xi| = 1.3569350045168482757 E-62
  T4 algdep(xi/G,4) = 333318024185*x^4 - 651692286483*x^3 - 966213075157*x^2 + 496255590054*x - 49718511528   min|root-r| = 2.4024989580613397782 E-61
  T4 algdep(xi/zeta(2),4) = 380454028869*x^4 - 613102853788*x^3 - 355713916605*x^2 - 425108675189*x + 79236623187   min|root-r| = 1.3032261867202187860 E-62
  T4 algdep(xi/Pi^2,4) = 628843949431*x^4 - 834429357065*x^3 + 677792103530*x^2 - 1220561948279*x + 32031027603   min|root-r| = 4.556646556365433023 E-63
  T4 algdep(xi/L(g,2),4) = 406343671655*x^4 - 481670571952*x^3 + 545458127654*x^2 + 424097457980*x - 124319469877   min|root-r| = 1.5815766930598479485 E-63

=== c0_1_2_1_1__16_6_76_8_24
  xi = 0.49152866412373082678428413186819579864061276218435279014857925674199740000000
  T1/T2/T4: NO HIT (unidentified)
  T3 ratios:  xi/G       = 0.5366235011973942532681299297543889205747085785742996975043
              xi/(Pi*G)  = 0.1708125655896898219028506516651817556416510181389891892261
              xi*G       = 0.4502233448892278219786905327104476960915225686585633773461
              xi/zeta(2) = 0.2988135962589209547442569666783234997129281344720804869945
              xi/Pi^2    = 0.04980226604315349245737616111305391661882135574534674783241
              xi/L(g,2)  = 0.4382204689085231797431293817972758671080238306431842012757
  T3 lindep([1,xi,G,z2]) = [-904991865787070, -924766234776160, -271810937807873, 977857093098186]~    residual 9.272540798166494901 E-48
  T3 lindep([xi,G,z2])   = [223774338468384988291, 197208977628270128914, -176680722881346141493]~    residual 1.1051046040588064386 E-42
  T4 algdep(xi,1) = 3867352829001463529404988465465*x - 1900914769734220585652049989189   min|root-xi| = 3.054565631046110191 E-62
  T4 algdep(xi,2) = 85281646830098255513*x^2 - 179832632887797197659*x + 67788811463895723785   min|root-xi| = 7.393615492638315429 E-63
  T4 algdep(xi,3) = 691908560372299*x^3 + 261535475107392*x^2 - 1264343601182504*x + 476107450892405   min|root-xi| = 3.753977223184139370 E-62
  T4 algdep(xi,4) = 835871981815*x^4 - 653803849448*x^3 - 471130636144*x^2 + 621296311017*x - 162708552382   min|root-xi| = 2.5312617894623707357 E-61
  T4 algdep(xi,5) = 332690640*x^5 + 3151690176*x^4 + 10438356294*x^3 + 39426826*x^2 - 133069612*x - 1377221491   min|root-xi| = 6.318378202013081459 E-62
  T4 algdep(xi,6) = 112510835*x^6 - 1939932*x^5 + 97073337*x^4 - 61975831*x^3 + 159107507*x^2 + 240829128*x - 156652272   min|root-xi| = 2.456052288601042209 E-62
  T4 algdep(xi/G,4) = 1085567191648*x^4 + 188330517837*x^3 - 823563956645*x^2 - 611581414951*x + 446224645902   min|root-r| = 4.706160247336517792 E-62
  T4 algdep(xi/zeta(2),4) = 840767480474*x^4 - 188339563400*x^3 - 375173631801*x^2 - 1208629284559*x + 392975904349   min|root-r| = 1.3422507634492133442 E-62
  T4 algdep(xi/Pi^2,4) = 146778883271*x^4 + 643458933207*x^3 + 787351420164*x^2 - 471204207384*x + 21433811748   min|root-r| = 1.1553488956600358607 E-62
  T4 algdep(xi/L(g,2),4) = 416431081588*x^4 + 1287781118142*x^3 + 295092155160*x^2 - 810848766804*x + 174931866133   min|root-r| = 2.750263683436574328 E-62

=== c0_1_2_1_1__16_6_96_12_64
  xi = 0.38855500204356344681297122636089559397900640068283811492496972646914800000000
  T1/T2/T4: NO HIT (unidentified)
  T3 ratios:  xi/G       = 0.4242026169035194971108753208509305433262526181752280681766
              xi/(Pi*G)  = 0.1350278867054254479529162355068380559290356220623228636800
              xi*G       = 0.3559030133173631411934303662489040964151594000455345893003
              xi/zeta(2) = 0.2362131163032289203760943967439157189404818769055478830617
              xi/Pi^2    = 0.03936885271720482006268239945731928649008031281759131384361
              xi/L(g,2)  = 0.3464147009530666530012098739448989492662669760150981309524
  T3 lindep([1,xi,G,z2]) = [-463020138854751, -1190109442970764, -571828236875903, 881018963534776]~    residual 7.308902089277480562 E-47
  T3 lindep([xi,G,z2])   = [100530282441393177832, -188024460122166647711, 80953027188099563126]~    residual 7.912573188743458086 E-42
  T4 algdep(xi,1) = 163375327349007524585068579784*x - 63480300651961465796686623871   min|root-xi| = 7.692026973888496462 E-61
  T4 algdep(xi,2) = 59666291096250317912*x^2 + 131166880904066110047*x - 59973665356234267868   min|root-xi| = 3.487484994432737615 E-62
  T4 algdep(xi,3) = 26284750833572*x^3 + 1827256396843198*x^2 + 281196180459903*x - 386672116357688   min|root-xi| = 1.5217307144522163815 E-62
  T4 algdep(xi,4) = 137488375082*x^4 + 328901860033*x^3 + 2466857578*x^2 + 907578876640*x - 375444649781   min|root-xi| = 1.6218647981700948673 E-62
  T4 algdep(xi,5) = 8067667296*x^5 + 8661431483*x^4 + 7247788391*x^3 - 3790649168*x^2 - 8181166320*x + 3057080675   min|root-xi| = 8.510131334994695621 E-62
  T4 algdep(xi,6) = 262731626*x^6 - 288410462*x^5 + 185787047*x^4 - 178094291*x^3 - 105158316*x^2 - 117368050*x + 69343061   min|root-xi| = 3.155221243124370302 E-62
  T4 algdep(xi/G,4) = 472135465325*x^4 - 1451064107772*x^3 - 179487460442*x^2 - 663224303213*x + 409117581349   min|root-r| = 4.241643739293971819 E-62
  T4 algdep(xi/zeta(2),4) = 297387176635*x^4 - 705219876688*x^3 + 694066566937*x^2 + 1235906937372*x - 322295128348   min|root-r| = 3.726164072862181711 E-62
  T4 algdep(xi/Pi^2,4) = 252503364550*x^4 - 377806929244*x^3 + 201261947227*x^2 + 115060951020*x - 4819308374   min|root-r| = 2.3401572013972378641 E-61
  T4 algdep(xi/L(g,2),4) = 242218005162*x^4 - 370615438041*x^3 + 151633583159*x^2 - 966733735545*x + 328612949040   min|root-r| = 1.6019190152540988864 E-62

=== c0_1_2_1_1__64_24_1030_26_48
  xi = 0.16257922768368730368515452477604103644474219962224797938155641684051390000000
  T1/T2/T4: NO HIT (unidentified)
  T3 ratios:  xi/G       = 0.1774949067052313660829979613219036521647083629915086601844
              xi/(Pi*G)  = 0.05649838355154473983939121657796028469390120780808804061375
              xi*G       = 0.1489169788861620158286721460818847958116843673652537201980
              xi/zeta(2) = 0.09883631870740995722920135206912445728607247608475320031432
              xi/Pi^2    = 0.01647271978456832620486689201152074288101207934745886671906
              xi/L(g,2)  = 0.1449468781588627881273173288380626119591691036041225374907
  T3 lindep([1,xi,G,z2]) = [923902692319484, -421016632744841, -790982113251596, -79603027633005]~    residual 8.479991776114399166 E-48
  T3 lindep([xi,G,z2])   = [154630626808721643609, -3549403170858889283, -13306671154531916652]~    residual 4.263130244716391919 E-43
  T4 algdep(xi,1) = 1229024059901904570366208552711*x - 199813782463521486556420269398   min|root-xi| = 4.126079847901157221 E-62
  T4 algdep(xi,2) = 59685088265383751426*x^2 + 231423267134523460072*x - 39202212606589641053   min|root-xi| = 2.246771342089652817 E-62
  T4 algdep(xi,3) = 907437566725289*x^3 + 100694507805106*x^2 + 1010764997291918*x - 170890477312395   min|root-xi| = 3.154503420947088263 E-62
  T4 algdep(xi,4) = 357336300296*x^4 + 1090274563646*x^3 - 354837299679*x^2 - 1275205386407*x + 211766083473   min|root-xi| = 1.5580476260466965508 E-63
  T4 algdep(xi,5) = 4198872249*x^5 - 1846879192*x^4 - 5628741912*x^3 + 1696552717*x^2 - 5498085496*x + 874032958   min|root-xi| = 2.1779326526621621742 E-63
  T4 algdep(xi,6) = 94361899*x^6 - 310419845*x^5 + 78701098*x^4 - 10979905*x^3 + 37460256*x^2 + 85593422*x - 14880146   min|root-xi| = 1.1122272077612806042 E-61
  T4 algdep(xi/G,4) = 411974448920*x^4 + 499746136370*x^3 + 328486112038*x^2 - 90554130894*x + 2520709025   min|root-r| = 9.796498665277896636 E-62
  T4 algdep(xi/zeta(2),4) = 190419611195*x^4 - 1642043982444*x^3 - 183853801714*x^2 - 421385142373*x + 45011366799   min|root-r| = 1.6095510760928619173 E-61
  T4 algdep(xi/Pi^2,4) = 99762159027*x^4 + 99306789603*x^3 - 583914760086*x^2 - 1601412480251*x + 26537613372   min|root-r| = 1.1802374808439627245 E-62
  T4 algdep(xi/L(g,2),4) = 414808827534*x^4 + 279302492241*x^3 - 568593129419*x^2 - 1437946932702*x + 219338180643   min|root-r| = 3.300727500460815744 E-62

=== c0_1_2_1_1__42_15_441_24_100
  xi = 0.14639462825244069157165433625668859543668480596017595459548539767908370000000
  T1/T2/T4: NO HIT (unidentified)
  T3 ratios:  xi/G       = 0.1598254663527422623299742389004316023026121309296960518571
              xi/(Pi*G)  = 0.05087402600401265509944356320240215045930323287868037088371
              xi*G       = 0.1340924426515999318333835296480838553057444166787092803635
              xi/zeta(2) = 0.08899726208050387662243656853554049379019649464734568426232
              xi/Pi^2    = 0.01483287701341731277040609475592341563169941577455761404372
              xi/L(g,2)  = 0.1305175614790279033825096381668032922633624615594951077998
  T3 lindep([1,xi,G,z2]) = [122818555535571, -814983671415315, -655097375339310, 362651211828013]~    residual 4.202805520337959389 E-47
  T3 lindep([xi,G,z2])   = [-83276700299304476659, 13420340584275257330, -61588276984164872]~    residual 1.0818025651247720399 E-41
  T4 algdep(xi,1) = 2922327689569658286212791116844*x - 427813075746364027851198410503   min|root-xi| = 1.1064848084016634479 E-62
  T4 algdep(xi,2) = 125740490051720403240*x^2 + 33542714488549831074*x - 7605266344777521901   min|root-xi| = 6.933891004931373826 E-62
  T4 algdep(xi,3) = 597539733916199*x^3 - 1089735067806041*x^2 - 336701589385901*x + 70771093134734   min|root-xi| = 4.554711767690913803 E-62
  T4 algdep(xi,4) = 501941503960*x^4 + 418775443422*x^3 + 1383278030274*x^2 - 672306732177*x + 67232100353   min|root-xi| = 2.324334303649969775 E-62
  T4 algdep(xi,5) = 11999674612*x^5 + 1059785295*x^4 + 7348796284*x^3 + 1785232509*x^2 + 4248054391*x - 684502378   min|root-xi| = 1.5126051986618490807 E-61
  T4 algdep(xi,6) = 175848460*x^6 - 113783814*x^5 - 127251567*x^4 - 73016599*x^3 - 75114692*x^2 - 119411545*x + 19384473   min|root-xi| = 7.387249271442567055 E-62
  T4 algdep(xi/G,4) = 476860989412*x^4 - 135248550141*x^3 - 438212617502*x^2 - 1101073267111*x + 187414343157   min|root-r| = 5.279080636484394033 E-62
  T4 algdep(xi/zeta(2),4) = 126198712456*x^4 - 754943606329*x^3 + 1375834971400*x^2 - 795378689398*x + 60413453075   min|root-r| = 4.986760683971050737 E-62
  T4 algdep(xi/Pi^2,4) = 97732513162*x^4 - 50278714473*x^3 - 255328099277*x^2 - 14487834562*x + 271231437   min|root-r| = 2.944662957328032207 E-60
  T4 algdep(xi/L(g,2),4) = 199348165695*x^4 + 339834443686*x^3 - 1390758241139*x^2 - 978151301698*x + 150543841062   min|root-r| = 5.373981420032298375 E-62

=== c0_1_2_1_1__20_6_-80_-4_-16
  xi = 0.13383837131654426387897800532867453392387120165575182381836418252334340000000
  T1/T2/T4: NO HIT (unidentified)
  T3 ratios:  xi/G       = 0.1461172473806363399449824616351169937020198259365310313479
              xi/(Pi*G)  = 0.04651056438321913899468186969922222478746888452635606019577
              xi*G       = 0.12259134330666973303243110591905598998103630114332028930785
              xi/zeta(2) = 0.08136397319132984071937821578355217866405153718618838034055
              xi/Pi^2    = 0.01356066219855497345322970263059202977734192286436473005676
              xi/L(g,2)  = 0.11932307944003266280793670316026319620075065987592045045566
  T3 lindep([1,xi,G,z2]) = [1337545608874470, -1513718715138801, -1125090298536138, -63472427078669]~    residual 3.952829005341430369 E-47
  T3 lindep([xi,G,z2])   = [-169629110225532772092, 228216536075800486439, -113278468105597412648]~    residual 5.470500974521730860 E-42
  T4 algdep(xi,1) = 1276298103793968913490818026667*x - 170817659526178562761848363190   min|root-xi| = 7.045793654742117105 E-62
  T4 algdep(xi,2) = 20828919055242456748*x^2 - 100211558091489076852*x + 13039049342976000381   min|root-xi| = 7.994694931892755275 E-62
  T4 algdep(xi,3) = 1095633564601852*x^3 - 71102337408543*x^2 - 1024906213364788*x + 135818733328083   min|root-xi| = 3.321650762126391109 E-62
  T4 algdep(xi,4) = 216103746232*x^4 - 858712333142*x^3 - 190067888545*x^2 + 350154072569*x - 41470076331   min|root-xi| = 3.914506316294325420 E-62
  T4 algdep(xi,5) = 4508807464*x^5 + 6305888854*x^4 - 5682292507*x^3 + 5542714182*x^2 + 4019973586*x - 625905941   min|root-xi| = 4.770541113866687372 E-62
  T4 algdep(xi,6) = 77736512*x^6 + 457738325*x^5 - 319476256*x^4 - 223446549*x^3 + 114812011*x^2 - 77430820*x + 8924718   min|root-xi| = 6.215265375290252116 E-62
  T4 algdep(xi/G,4) = 67689166784*x^4 + 540044625867*x^3 + 99492744231*x^2 + 25498361420*x - 7565544998   min|root-r| = 1.2661214114377634850 E-61
  T4 algdep(xi/zeta(2),4) = 249234162737*x^4 - 164815843988*x^3 + 348538474167*x^2 - 237899439551*x + 17126938527   min|root-r| = 9.829069279234348667 E-62
  T4 algdep(xi/Pi^2,4) = 344902092836*x^4 + 723902050998*x^3 + 91381069515*x^2 + 962323221393*x - 13068361190   min|root-r| = 9.495120806514979226 E-62
  T4 algdep(xi/L(g,2),4) = 787979714992*x^4 + 470930729715*x^3 + 760168488168*x^2 + 397342965600*x - 59195277243   min|root-r| = 9.843427195395003230 E-62

=== c0_1_2_1_1__32_12_272_16_64
  xi = 0.27146745503269114471978935929590607806538339077966700589560699167034880000000
  T1/T2/T4: NO HIT (unidentified)
  T3 ratios:  xi/G       = 0.2963729825207476261042477992437520941533837227426362238940
              xi/(Pi*G)  = 0.09433845033412975898315298452061651385189440970471868751551
              xi*G       = 0.2486548487487964287920752187433514168684309957436950177827
              xi/zeta(2) = 0.1650324231857122232512419098654579320354939437117222505145
              xi/Pi^2    = 0.02750540386428537054187365164424298867258232395195370841908
              xi/L(g,2)  = 0.2420257537775727715518310325115872269677958445447607300064
  T3 lindep([1,xi,G,z2]) = [-689955149989973, 275697846374662, -492757542776662, 648330613502809]~    residual 3.313681597988114929 E-47
  T3 lindep([xi,G,z2])   = [-172260708410634928664, 160647186478998475508, -61026226840879788559]~    residual 7.109661825053008711 E-42
  T4 algdep(xi,1) = 2101488667890033805822759835181*x - 570485780452147767299659246672   min|root-xi| = 8.465945231396528501 E-62
  T4 algdep(xi,2) = 162895410146331678430*x^2 + 110267248892969327464*x - 41938478125316079469   min|root-xi| = 4.237676566306049992 E-62
  T4 algdep(xi,3) = 937439415912712*x^3 + 382033072934596*x^2 + 34542058295277*x - 56284924018146   min|root-xi| = 8.738294707547635270 E-62
  T4 algdep(xi,4) = 998283759551*x^4 + 1043095186779*x^3 + 557148551805*x^2 - 342650785844*x + 25670310114   min|root-xi| = 1.5304974498510711557 E-61
  T4 algdep(xi,5) = 5415729857*x^5 - 3510319547*x^4 + 6195210140*x^3 + 6679655*x^2 - 6106092189*x + 1544253359   min|root-xi| = 3.664011440049746579 E-62
  T4 algdep(xi,6) = 138851572*x^6 - 305509209*x^5 - 46651945*x^4 - 70060483*x^3 + 134608394*x^2 + 59549836*x - 24035939   min|root-xi| = 9.730336515174616625 E-62
  T4 algdep(xi/G,4) = 387752116963*x^4 - 21837760801*x^3 - 1026786736517*x^2 - 709509483453*x + 298046107950   min|root-r| = 3.589451529231961304 E-62
  T4 algdep(xi/zeta(2),4) = 14177273862*x^4 + 483791192256*x^3 + 895281794720*x^2 + 89125725138*x - 41277309779   min|root-r| = 1.0698099042327549993 E-61
  T4 algdep(xi/Pi^2,4) = 372073061068*x^4 + 456916852871*x^3 + 330287424505*x^2 + 1101502186181*x - 30556861535   min|root-r| = 3.838192008494695690 E-62
  T4 algdep(xi/L(g,2),4) = 549827732703*x^4 - 717384307552*x^3 - 30344709268*x^2 + 1362963805509*x - 319811059963   min|root-r| = 2.133998823176785469 E-62

=== c0_1_2_1_1__22_6_-96_-12_24
  xi = 0.12682022986835751192734433481919273775280462777735010438485149395288390000000
  T1/T2/T4: NO HIT (unidentified)
  T3 ratios:  xi/G       = 0.1384552331163441188002857531954722042998820381439536736964
              xi/(Pi*G)  = 0.04407166949481370146446044980616589923961478849703400223273
              xi*G       = 0.11616296720506158644316076673215671803223310701589334322144
              xi/zeta(2) = 0.07709745480033204721833852751707464239971141360548711400644
              xi/Pi^2    = 0.01284957580005534120305642125284577373328523560091451900107
              xi/L(g,2)  = 0.11306608272596807470607019899118704000345971728726267766502
  T3 lindep([1,xi,G,z2]) = [177177490573639, 1823519951078, 1204781471653920, -778722474138157]~    residual 1.8702575874021267885 E-47
  T3 lindep([xi,G,z2])   = [-144182037349353114542, -82029253057849530377, 56793262732760577547]~    residual 3.840306835562647330 E-42
  T4 algdep(xi,1) = 3623309257215107582351050667895*x - 459508912884167657392021528877   min|root-xi| = 4.689694153049194640 E-62
  T4 algdep(xi,2) = 71890595168080934175*x^2 + 125436240465151157239*x - 17064095941822628586   min|root-xi| = 7.124625315131551153 E-62
  T4 algdep(xi,3) = 515451750102760*x^3 - 1189386609827671*x^2 - 574117754908133*x + 90887726135392   min|root-xi| = 3.154768619638486492 E-62
  T4 algdep(xi,4) = 632871167867*x^4 + 30960934205*x^3 + 859370632520*x^2 + 679268259630*x - 100193392032   min|root-xi| = 8.825686775724892967 E-62
  T4 algdep(xi,5) = 608646419*x^5 - 7192531682*x^4 - 1252322912*x^3 - 11596854457*x^2 - 1612664793*x + 395429948   min|root-xi| = 3.294208660347828220 E-62
  T4 algdep(xi,6) = 22262735*x^6 + 307745395*x^5 - 24906975*x^4 - 33101087*x^3 + 15724018*x^2 - 16162378*x + 1860592   min|root-xi| = 2.2040074498023490113 E-61
  T4 algdep(xi/G,4) = 621291337906*x^4 + 189212220324*x^3 + 658538808682*x^2 - 226917003893*x + 18063240624   min|root-r| = 7.003467708407639384 E-61
  T4 algdep(xi/zeta(2),4) = 724720863318*x^4 + 823078431015*x^3 - 832531144487*x^2 - 88336056384*x + 11356268455   min|root-r| = 2.118324601868886754 E-62
  T4 algdep(xi/Pi^2,4) = 491981688405*x^4 - 1098167282083*x^3 - 921146921614*x^2 + 630739267374*x - 7950323511   min|root-r| = 6.457801831183464033 E-63
  T4 algdep(xi/L(g,2),4) = 8676160435*x^4 - 379283716211*x^3 - 378700197299*x^2 + 740155419584*x - 78298383564   min|root-r| = 6.106175736344168047 E-62

=== c0_1_2_1_1__154_42_-128_-12_8
  xi = 0.023585803013019822832687152805464479066066593351086945429167123912761810000000
  T1/T2/T4: NO HIT (unidentified)
  T3 ratios:  xi/G       = 0.02574966042715409392745859301215724154277844032724910268871
              xi/(Pi*G)  = 0.00819637147983867832425876575717980526936814897873366225142
              xi*G       = 0.02160378407096754453395632346052306308450004719446732811848
              xi/zeta(2) = 0.01433844887060510998173458369462530381057994000860494500170
              xi/Pi^2    = 0.002389741478434184996955763949104217301763323334767490833617
              xi/L(g,2)  = 0.02102783094934177571454690307864181645636430076441141541478
  T3 lindep([1,xi,G,z2]) = [-1075266594523785, 291332515560771, -36605244556715, 669889723842984]~    residual 1.3123271720483803619 E-47
  T3 lindep([xi,G,z2])   = [116509515808349925003, -196084573426424689736, 107517228734519140946]~    residual 4.564964150929964100 E-42
  T4 algdep(xi,1) = 1464566656417423225917969663481*x - 34542980657698428367341573969   min|root-xi| = 1.1567607780961193084 E-61
  T4 algdep(xi,2) = 74145505820027636271*x^2 - 177461091687289680391*x + 4144315939885237669   min|root-xi| = 3.546721443674219563 E-64
  T4 algdep(xi,3) = 489707170679658*x^3 - 1544856549457240*x^2 - 245372313073924*x + 6640266224383   min|root-xi| = 3.686815749709537929 E-62
  T4 algdep(xi,4) = 158702942270*x^4 + 708359731557*x^3 - 800906341724*x^2 + 1155824374369*x - 26824852920   min|root-xi| = 9.859799848850373983 E-63
  T4 algdep(xi,5) = 3944337279*x^5 - 350125085*x^4 - 5793940706*x^3 + 8566516927*x^2 + 7337769486*x - 177756555   min|root-xi| = 4.306457425718233251 E-63
  T4 algdep(xi,6) = 51174537*x^6 - 64236437*x^5 - 348549834*x^4 + 242643614*x^3 - 266270589*x^2 + 974459*x + 122065   min|root-xi| = 7.986444025664763031 E-61
  T4 algdep(xi/G,4) = 433859450283*x^4 - 852955049503*x^3 + 459923642303*x^2 - 693954454707*x + 17578513405   min|root-r| = 4.538389140530203173 E-62
  T4 algdep(xi/zeta(2),4) = 191392588258*x^4 + 879697952701*x^3 - 453077477581*x^2 + 354660792812*x - 4994738254   min|root-r| = 9.237439363422452685 E-62
  T4 algdep(xi/Pi^2,4) = 452514474771*x^4 - 160535789650*x^3 + 595159782999*x^2 - 987076982976*x + 2355462108   min|root-r| = 1.7574982647942723202 E-62
  T4 algdep(xi/L(g,2),4) = 1234313427990*x^4 + 200696809166*x^3 + 342227730363*x^2 + 161144729563*x - 3541954234   min|root-r| = 1.1886166522872935174 E-61

################ SUMMARY ################
battery size          : 145 constants
T2 independent basis  : 22 constants, 231 pairs per xi
input file            : /home/ubuntu/code/math-modular-sources/lattice/four_term/out/xi.txt
lines processed       : 21
total verified hits   : 0
=> ALL LIMITS UNIDENTIFIED against the Catalan battery.
