07_catalan.gp  -- Catalan-focused identification battery
realprecision = 250,  lindep at 60 digits,  verification threshold 55 digits
battery: 145 constants
T2 pair candidates: 24; dropped as dependent/duplicate: 2
   drop  Pi^2  [dependent, rel = [0, 0, 0, -6, 1]~]
   drop  L(2,chi_-4)  [duplicate value, deduped]
T2 independent basis (22): ["G", "Pi*G", "zeta(2)", "L(2,chi_-3)", "L(2,chi_-7)", "L(2,chi_-8)", "L(2,chi_-11)", "L(2,chi_-15)", "L(2,chi_-19)", "L(2,chi_-20)", "L(2,chi_-23)", "L(2,chi_-24)", "L(2,chi_5)", "L(2,chi_8)", "L(2,chi_12)", "L(2,chi_13)", "L(2,chi_17)", "L(2,chi_21)", "L(2,chi_24)", "L(g,2)", "log(2)^2", "Pi*log(2)"]

---- battery listing ----
  [1] G = 0.91596559417721901505460351493238411077
  [2] Pi*G = 2.87759078160816115177758016652154780012
  [3] G*sqrt(2) = 1.29537096595255359059471979889446991066
  [4] G*sqrt(3) = 1.58649894709995872422086678425008830247
  [5] G/sqrt(2) = 0.64768548297627679529735989944723495533
  [6] G/Pi = 0.291560904030818780138384456468394918865
  [7] G/Pi^2 = 0.092806718177693040738490995099859992805
  [8] zeta(2) = 1.64493406684822643647241516664602518922
  [9] Pi^2 = 9.8696044010893586188344909998761511353
  [10] Pi^2*sqrt(2) = 13.9577283992777590683151218723388105798
  [11] Pi^2/sqrt(2) = 6.9788641996388795341575609361694052899
  [12] Pi^2*sqrt(3) = 17.0946562732921691147429728514233472857
  [13] Pi^2/sqrt(3) = 5.6982187577640563715809909504744490952
  [14] Pi^2*sqrt(4) = 19.7392088021787172376689819997523022706
  [15] Pi^2/sqrt(4) = 4.9348022005446793094172454999380755677
  [16] Pi^2*sqrt(6) = 24.1754947457960955669990824831087666096
  [17] Pi^2/sqrt(6) = 4.0292491242993492611665137471847944349
  [18] Pi^2*sqrt(8) = 27.9154567985555181366302437446776211597
  [19] Pi^2/sqrt(8) = 3.48943209981943976707878046808470264496
  [20] Pi^2*sqrt(12) = 34.1893125465843382294859457028466945714
  [21] Pi^2/sqrt(12) = 2.84910937888202818579049547523722454762
  [22] Pi^2*sqrt(24) = 48.3509894915921911339981649662175332193
  [23] Pi^2/sqrt(24) = 2.01462456214967463058325687359239721747
  [24] L(2,chi_-3) = 0.78130241289648629686718742962409235637
  [25] L(2,chi_-7) = 1.15192547054449104710169239732054996480
  [26] L(2,chi_-8) = 1.06473417104350337039282745146166888948
  [27] L(2,chi_-11) = 0.90953910532388370153208593905860526926
  [28] L(2,chi_-15) = 1.29661859663323773324023659437853368278
  [29] L(2,chi_-19) = 0.76885127439924648968808391556033877945
  [30] L(2,chi_-20) = 1.12804332474094707284833170786973842180
  [31] L(2,chi_-23) = 1.40321690459504126782677598373661595317
  [32] L(2,chi_-24) = 1.05780661321150442946644246836679615009
  [33] L(2,chi_5) = 0.70621140325974096993100317576256402766
  [34] L(2,chi_8) = 0.87235802495485994176969511702117566124
  [35] L(2,chi_12) = 0.94970312629400939526349849174574151587
  [36] L(2,chi_13) = 0.84225715353071571897038449041624170196
  [37] L(2,chi_17) = 1.12646149283743545826589288741282638893
  [38] L(2,chi_21) = 0.82046638090269904153249925052015089448
  [39] L(2,chi_24) = 1.00731228107483731529162843679619860874
  [40] L(3,chi_-3) = 0.88402381175007985674305791687101180775
  [41] L(3,chi_-4) = 0.96894614625936938048363484584691860007
  [42] L(3,chi_-7) = 1.09334306942953357197657981500770023478
  [43] L(3,chi_-8) = 1.02772258593685856787925661800225576721
  [44] L(3,chi_5) = 0.85482476664854301023569008353813769714
  [45] L(3,chi_8) = 0.95838045456309456205166940286157781883
  [46] zeta(3) = 1.20205690315959428539973816151144999077
  [47] zeta(3)/Pi = 0.382626596031170342250153140240866137026
  [48] zeta(3)/Pi^2 = 0.121793828233573083121006121884619106588
  [49] Ti2(2) = 1.57601540344632342236057894681214494428
  [50] Ti2(1/2) = 0.487222358294522357110234497693337970609
  [51] Ti2(3) = 2.05507011608058912550681760343712967816
  [52] Ti2(1/3) = 0.329373968468987794789907311528086855579
  [53] Ti2(4) = 2.42588784128590899958072145819554939662
  [54] Ti2(1/4) = 0.248301750982306869080032559957935449285
  [55] Ti2(5) = 2.72722281709899020861710525161501598129
  [56] Ti2(1/5) = 0.199123656043058867622426425602927391161
  [57] Ti2(2-sqrt(3)) = 0.265864958279306982691875086397120687643
  [58] Ti2(sqrt(2)-1) = 0.406766154249813513245292191859602891886
  [59] G+(Pi/2)*log(2)  [=Ti2(2)] = 2.00475863932902008030494796405119108445
  [60] L(g,2) = 1.12164697680138607508269280307221429323
  [61] L(g,2)*sqrt(2) = 1.58624836678730050132787419157959761403
  [62] L(g,2)/sqrt(2) = 0.79312418339365025066393709578979880701
  [63] L(g,2)*Pi = 3.52375790224043573655581700589139609607
  [64] L(g,2)/Pi = 0.357031321524042097296192887783961471159
  [65] Gamma(1/4)^4/Pi = 55.0014865441629826199207662384844575831
  [66] Gamma(1/3)^6/Pi^2 = 37.4521496881216369396068147506936824248
  [67] G(1/8)G(3/8)/(G(5/8)G(7/8)) = 11.4250022887693471134781724090867670771
  [68] G(1/8)^2G(3/8)^2/Pi^3 = 10.2861159727113239711796091304317967191
  [69] G(1/6)G(1/3)/(G(2/3)G(5/6)) = 9.7557823965414795351382302980246256270
  [70] G(1/12)G(5/12)/(G(7/12)G(11/12)) = 15.1619544114749678216886359918297377237
  [71] Gamma(1/6)^6/Pi^2 = 3013.75123345357208629628287624933759070
  [72] log(2)^2 = 0.480453013918201424667102526326664971730
  [73] log(3)^2 = 1.20694896081258197784377912384936591362
  [74] log(5)^2 = 2.59029039398023494518017100499265489539
  [75] log(6)^2 = 3.21040199556840137536912708384903865663
  [76] log(8)^2 = 4.3240771252638128220039227369399847456
  [77] log(9)^2 = 4.8277958432503279113751164953974636545
  [78] log(10)^2 = 5.3018981104783980105616663885940176916
  [79] log(12)^2 = 6.1747610581606236222286800965020413431
  [80] log(16)^2 = 7.6872482226912227946736404212266395477
  [81] log(18)^2 = 8.3542488988437652817587098890701441688
  [82] log(24)^2 = 10.1000261485892487184224381618083739730
  [83] log(27)^2 = 10.8625406473132378005940121146442932226
  [84] log(32)^2 = 12.0113253479550356166775631581666242932
  [85] Pi*log(2) = 2.17758609030360213050068889823761394734
  [86] Pi*log(3) = 3.45139229522320266143382058381808564516
  [87] Pi*log(5) = 5.0561983221118626819893576520241771803
  [88] Pi*log(6) = 5.6289783855268047919345094820556995925
  [89] Pi*log(8) = 6.5327582709108063915020666947128418420
  [90] Pi*log(9) = 6.9027845904464053228676411676361712903
  [91] Pi*log(10) = 7.2337844124154648124900465502617911276
  [92] Pi*log(12) = 7.8065644758304069224351983802933135398
  [93] Pi*log(16) = 8.7103443612144085220027555929504557894
  [94] Pi*log(18) = 9.0803706807500074533683300658737852377
  [95] Pi*log(24) = 9.9841505661340090529358872785309274872
  [96] Pi*log(27) = 10.3541768856696079843014617514542569355
  [97] Pi*log(32) = 10.8879304515180106525034444911880697367
  [98] log(2)*log(3) = 0.76150001041880898642912271683650388564
  [99] log(2)*log(5) = 1.11557735128998082035719642863734891224
  [100] log(2)*log(6) = 1.24195302433701041109622524316316885737
  [101] log(2)*log(7) = 1.34880213344067334196116454339927648980
  [102] log(2)*log(8) = 1.44135904175460427400130757897999491519
  [103] log(2)*log(10) = 1.59603036520818224502429895496401388397
  [104] log(2)*log(12) = 1.72240603825521183576332776948983382910
  [105] log(3)*log(5) = 1.76814826844845172875795182576258517193
  [106] log(3)*log(6) = 1.96844897123139096427290184068586979926
  [107] log(3)*log(7) = 2.13780080239616021784685469059662924041
  [108] log(3)*log(8) = 2.28450003125642695928736815050951165693
  [109] log(3)*log(10) = 2.52964827886726071518707454259908905757
  [110] log(3)*log(12) = 2.72994898165019995070202455752237368490
  [111] log(5)*log(6) = 2.88372561973843254911514825439993408416
  [112] log(5)*log(7) = 3.13182156807991254291890879552861403466
  [113] log(5)*log(8) = 3.34673205386994246107158928591204673671
  [114] log(5)*log(10) = 3.70586774527021576553736743363000380763
  [115] log(5)*log(12) = 3.99930297102841336947234468303728299640
  [116] log(6)*log(7) = 3.48660293583683355980801923399590573021
  [117] log(6)*log(8) = 3.72585907301103123328867572948950657212
  [118] log(6)*log(10) = 4.1256786440754429602113734975631029415
  [119] log(6)*log(12) = 4.4523550199054117864653523270122075140
  [120] log(7)*log(8) = 4.0464064003220200258834936301978294694
  [121] log(7)*log(10) = 4.4806237015205858848800733389278905245
  [122] log(7)*log(12) = 4.8354050692775069017691837773951822200
  [123] log(8)*log(10) = 4.7880910956245467350728968648920416519
  [124] log(8)*log(12) = 5.1672181147656355072899833084695014873
  [125] log(10)*log(12) = 5.7217090092836252052356724525271168255
  [126] Pi*log((sqrt(2)+1)/(sqrt(2)-1)) = 5.5378335720973614353437035594799479608
  [127] log((sqrt(2)+1)/(sqrt(2)-1))^2 = 3.10727759958278392600229884035767561843
  [128] Pi*log((sqrt(3)+1)/(sqrt(3)-1)) = 4.1373452540660683281343270826936246345
  [129] log((sqrt(3)+1)/(sqrt(3)-1))^2 = 1.73437810227263615040825812545843864708
  [130] Pi*log((sqrt(5)+1)/(sqrt(5)-1)) = 3.02354306885557391688170632698920869036
  [131] log((sqrt(5)+1)/(sqrt(5)-1))^2 = 0.92625928230877756998771628492613104007
  [132] Pi*log((sqrt(8)+1)/(sqrt(8)-1)) = 2.32163051142258458696572738787925964358
  [133] log((sqrt(8)+1)/(sqrt(8)-1))^2 = 0.54611796101709743853565349587918781768
  [134] Pi*log((sqrt(12)+1)/(sqrt(12)-1)) = 1.86686222806724074061133564790871084936
  [135] log((sqrt(12)+1)/(sqrt(12)-1))^2 = 0.353122013502335095898642034188567311399
  [136] Pi*atan(1/1) = 2.46740110027233965470862274996903778383
  [137] Pi*atan(1/2) = 1.45659192229140539059421843298781413969
  [138] Pi*atan(1/3) = 1.01080917798093426411440431698122364414
  [139] Pi*atan(1/4) = 0.76962316836560519275591579249894039750
  [140] Pi*atan(1/5) = 0.62013644067562973992342431362659598751
  [141] atan(1/1)^2 = 0.61685027506808491367715568749225944596
  [142] atan(1/2)^2 = 0.214969105332164388710632716684036154272
  [143] atan(1/3)^2 = 0.103523419254546607090679187682388530387
  [144] atan(1/4)^2 = 0.0600145453874255907594997899595198501877
  [145] atan(1/5)^2 = 0.0389650070484478564858971079645396617455

=== x0_1_1_2_2_1_2_m20__20_10_m720_m80_m400
  xi = 0.071986205590530585428065579466165481464025868218997208364062609101413403400000
  T1/T2/T4: NO HIT (unidentified)
  T3 ratios:  xi/G       = 0.07859051262203070499671291408505859779815879448835323177599
              xi/(Pi*G)  = 0.02501613712784435788730373630946513050734202246645393352528
              xi*G       = 0.06593688757629379290905785629550381285627205166488075727288
              xi/zeta(2) = 0.04376236533811938832185911496186558773334530557957518657093
              xi/Pi^2    = 0.007293727556353231386976519160310931288890884263262531095155
              xi/L(g,2)  = 0.06417902163460957895691645998881688681023669045910552480801
  T3 lindep([1,xi,G,z2]) = [218195679895243, 1763282970077462, 535017681412069, -507731911920154]~    residual 3.291660907057802004 E-47
  T3 lindep([xi,G,z2])   = [266376842330370503809, -57571159773275362900, 20400661709771530315]~    residual 1.1705183507196230650 E-42
  T4 algdep(xi,1) = 252155559486334559683424999155*x - 18151721945978544474362329814   min|root-xi| = 5.845145794401425739 E-61
  T4 algdep(xi,2) = 137457697805234618833*x^2 - 104315340030734745508*x + 6796957827398629292   min|root-xi| = 6.828040175011297640 E-64
  T4 algdep(xi,3) = 324361400969690*x^3 - 395513261928961*x^2 + 296806568932248*x - 19437421184284   min|root-xi| = 2.5147662471246980186 E-61
  T4 algdep(xi,4) = 536648845187*x^4 + 14876715388*x^3 + 902733653340*x^2 + 1287416121541*x - 97374140139   min|root-xi| = 2.250042862799344605 E-62
  T4 algdep(xi,5) = 113510526*x^5 - 4948994702*x^4 + 5435944448*x^3 + 3613113666*x^2 - 4639695207*x + 313375736   min|root-xi| = 3.439321775294941145 E-62
  T4 algdep(xi,6) = 90230650*x^6 - 159398394*x^5 + 3890316*x^4 - 85195408*x^3 - 35202857*x^2 + 283953257*x - 20226324   min|root-xi| = 4.101620575810124716 E-62
  T4 algdep(xi/G,4) = 216567758806*x^4 - 83822277104*x^3 + 716989756914*x^2 - 344337021866*x + 22665584823   min|root-r| = 7.889923015610186100 E-62
  T4 algdep(xi/zeta(2),4) = 635616988028*x^4 - 358309244805*x^3 - 145255552699*x^2 - 1129730816435*x + 49745577159   min|root-r| = 7.954955808011300985 E-63
  T4 algdep(xi/Pi^2,4) = 284699613426*x^4 + 369093682257*x^3 - 220721543813*x^2 + 56170911483*x - 398097298   min|root-r| = 5.205909320997742614 E-62
  T4 algdep(xi/L(g,2),4) = 548394749044*x^4 + 659444253311*x^3 - 170262445835*x^2 + 200248305469*x - 12334066356   min|root-r| = 2.3773845063750223290 E-61

=== x0_1_1_2_2_1_2_12__24_6_192_24_144
  xi = 0.73729299618559624017642619780229369796091914327652918522286888511299610600000
  T1/T2/T4: NO HIT (unidentified)
  T3 ratios:  xi/G       = 0.8049352517960913799021948946315833808620628678614495462566
              xi/(Pi*G)  = 0.2562188483845347328542759774977726334624765272084837838392
              xi*G       = 0.6753350173338417329680357990656715441372838529878450660191
              xi/zeta(2) = 0.4482203943883814321163854500174852495693922017081207304918
              xi/Pi^2    = 0.07470339906473023868606424166958087492823203361802012174862
              xi/L(g,2)  = 0.6573307033627847696146940726959138006620357459647763019136
  T3 lindep([1,xi,G,z2]) = [-796001569505709, 1084526503558672, -1031738522995109, 572317628091200]~    residual 2.473579510157827296 E-47
  T3 lindep([xi,G,z2])   = [255399609083728463149, -18807395285655408790, -104002597706553451327]~    residual 1.0959256231874829490 E-41
  T4 algdep(xi,1) = 126574785251355771702588118103*x - 93322702659520514224283408780   min|root-xi| = 1.0672494256702728205 E-60
  T4 algdep(xi,2) = 66700535630402254375*x^2 - 38346237740542434374*x - 7986062833395395683   min|root-xi| = 1.3895168754584867649 E-61
  T4 algdep(xi,3) = 1017988212300229*x^3 + 1416566226284977*x^2 - 11805105875363*x - 1169345676798942   min|root-xi| = 4.938176615076081821 E-63
  T4 algdep(xi,4) = 608094996704*x^4 - 446659613478*x^3 - 646136654946*x^2 - 979457674631*x + 1072712627310   min|root-xi| = 3.768528109197466838 E-62
  T4 algdep(xi,5) = 11247735796*x^5 - 6646171416*x^4 - 1157245877*x^3 - 3538600320*x^2 - 4905156866*x + 5517335847   min|root-xi| = 5.623227467131047049 E-62
  T4 algdep(xi,6) = 21787847*x^6 - 388526552*x^5 + 60036632*x^4 + 402795431*x^3 - 64347399*x^2 - 46332337*x - 28889801   min|root-xi| = 7.749391726989114016 E-64
  T4 algdep(xi/G,4) = 55264865324*x^4 + 447790745724*x^3 + 311338801727*x^2 + 224628209620*x - 639272515371   min|root-r| = 1.1197820983709767827 E-62
  T4 algdep(xi/zeta(2),4) = 176782619651*x^4 - 428432849883*x^3 + 142861799799*x^2 - 947006155386*x + 427210711177   min|root-r| = 1.2830772920146358074 E-62
  T4 algdep(xi/Pi^2,4) = 515178295744*x^4 + 914185595517*x^3 + 934191061665*x^2 - 484173694125*x + 30558917349   min|root-r| = 6.956651402041937493 E-62
  T4 algdep(xi/L(g,2),4) = 522148870941*x^4 + 10828428812*x^3 - 572823003052*x^2 + 1329920750380*x - 727249050393   min|root-r| = 6.986281138032182367 E-63

=== x0_1_1_2_2_1_2_12__24_6_132_12_m36
  xi = 0.42567630981937971126018287547931448357314969756277346381074844126143013400000
  T1/T2/T4: NO HIT (unidentified)
  T3 ratios:  xi/G       = 0.4647295843046925538373114180687552588064016824296434437985
              xi/(Pi*G)  = 0.1479280210862670384598304521072067510547013908197934644708
              xi*G       = 0.3899048540508741062942506191671370087148700858454550230556
              xi/zeta(2) = 0.2587801653564122452614893878627157124937371831124648926729
              xi/Pi^2    = 0.04313002755940204087691489797711928541562286385207748211216
              xi/L(g,2)  = 0.3795100585331098284866512063330975474052073666653341809339
  T3 lindep([1,xi,G,z2]) = [312071011012150, 123658384801604, -18835362827491, -211228473305705]~    residual 1.7850614698132779272 E-47
  T3 lindep([xi,G,z2])   = [91314751424301966358, -278570685907389144375, 131488940364381720622]~    residual 4.855988013000050431 E-42
  T4 algdep(xi,1) = 1053383238142337914480776825221*x - 448400289638019273582320027526   min|root-xi| = 1.3182894508094868437 E-61
  T4 algdep(xi,2) = 168154791018770730051*x^2 - 52906373054194782309*x - 7948712419174734061   min|root-xi| = 1.0749336785128064721 E-62
  T4 algdep(xi,3) = 138262781653252*x^3 + 854362591131799*x^2 + 1426277877593875*x - 772608058682179   min|root-xi| = 2.304097285996312303 E-62
  T4 algdep(xi,4) = 497079696660*x^4 - 175988904083*x^3 - 1727819700105*x^2 + 101589897746*x + 267090673384   min|root-xi| = 2.749127830724872479 E-62
  T4 algdep(xi,5) = 914730545*x^5 + 3343188201*x^4 + 871272558*x^3 + 4307458713*x^2 - 202534645*x - 884055750   min|root-xi| = 1.3039997679101988436 E-61
  T4 algdep(xi,6) = 240402012*x^6 + 115129517*x^5 + 255638814*x^4 - 196921482*x^3 - 127191737*x^2 - 122968554*x + 79148171   min|root-xi| = 3.794287376662101838 E-63
  T4 algdep(xi/G,4) = 88379798638*x^4 + 17366378608*x^3 - 393291096680*x^2 + 325119075222*x - 72017454983   min|root-r| = 1.0441978907529995174 E-60
  T4 algdep(xi/zeta(2),4) = 1166574324036*x^4 - 782812206895*x^3 + 432145541487*x^2 - 432369203202*x + 91283346709   min|root-r| = 2.717746972838591523 E-62
  T4 algdep(xi/Pi^2,4) = 56414489162*x^4 + 407304207593*x^3 - 186797628908*x^2 + 1392366285830*x - 59738188878   min|root-r| = 5.833101991849718740 E-63
  T4 algdep(xi/L(g,2),4) = 92691520583*x^4 + 473381830831*x^3 - 1413542627122*x^2 + 436558680247*x + 10113282661   min|root-r| = 4.624210846663429167 E-62

=== x0_1_m1_2_2_0_1_m20__20_0_m720_m80_m400
  xi = 0.079212623544880698570579001330130494438678625190557428444387176960247622200000
  T1/T2/T4: NO HIT (unidentified)
  T3 ratios:  xi/G       = 0.08647991152553576573315514560615050541177884113925364097908
              xi/(Pi*G)  = 0.02752741079487757669324826097101883213882016711386468960201
              xi*G       = 0.07255603779162301784985019924303590145015680817628031784663
              xi/zeta(2) = 0.04815550066189335630647469965407124713659010786862387124605
              xi/Pi^2    = 0.00802591677698222605107911660901187452276501797810397854101
              xi/L(g,2)  = 0.07062170645774151885803993404000729516750484320533823764468
  T3 lindep([1,xi,G,z2]) = [-399221434205458, -813258985520943, -1258976474974578, 982909272541943]~    residual 1.3680618685564436127 E-47
  T3 lindep([xi,G,z2])   = [116056066918789808516, -168905538603183727387, 88464674311458226774]~    residual 3.566062708570847080 E-42
  T4 algdep(xi,1) = 251817980021586710909693951901*x - 19947162853282236859893847723   min|root-xi| = 1.6060927256442374513 E-61
  T4 algdep(xi,2) = 113302854580550442268*x^2 + 81627310963747796303*x - 7176848047096974662   min|root-xi| = 1.1198607197935156524 E-61
  T4 algdep(xi,3) = 517707390377118*x^3 - 1321191601794323*x^2 + 971879413958526*x - 68952433288405   min|root-xi| = 4.475193330787026606 E-62
  T4 algdep(xi,4) = 706065739529*x^4 + 184795954649*x^3 - 66092408739*x^2 + 852148646155*x - 67205871704   min|root-xi| = 5.471688983712055933 E-62
  T4 algdep(xi,5) = 1916917723*x^5 + 4062881843*x^4 - 2603031505*x^3 + 5883876347*x^2 - 5722413031*x + 417495993   min|root-xi| = 5.613106377828042528 E-62
  T4 algdep(xi,6) = 10079579*x^6 + 64841541*x^5 - 194438323*x^4 + 115953670*x^3 - 200916406*x^2 - 344311938*x + 28484348   min|root-xi| = 5.304787296046307032 E-62
  T4 algdep(xi/G,4) = 640053663983*x^4 - 501471677009*x^3 + 841831924467*x^2 + 589945064236*x - 57025734392   min|root-r| = 5.463458029121241608 E-62
  T4 algdep(xi/zeta(2),4) = 199203449283*x^4 + 289209231351*x^3 - 470861137744*x^2 + 1157036039212*x - 54659112568   min|root-r| = 6.137892122293560430 E-62
  T4 algdep(xi/Pi^2,4) = 82342043992*x^4 - 445524913641*x^3 - 122914558202*x^2 - 452205465314*x + 3637511005   min|root-r| = 1.7844983954611726405 E-61
  T4 algdep(xi/L(g,2),4) = 186684956633*x^4 - 785865450675*x^3 - 91809670546*x^2 - 518014797350*x + 37313137083   min|root-r| = 5.409879700678164876 E-62

=== x0_1_m1_2_2_0_1_12__24_12_192_24_144
  xi = 0.17158139149379098936818999742907040874965710110492643043688203897342980200000
  T1/T2/T4: NO HIT (unidentified)
  T3 ratios:  xi/G       = 0.1873229656054022023740918461789844651127276980150524305847
              xi/(Pi*G)  = 0.05962675186146570966490910482613543877013322667149026324973
              xi*G       = 0.1571626512093642960907098005242335138298041768048080264107
              xi/zeta(2) = 0.10430897806290149298532172107182183582481034076695995532398
              xi/Pi^2    = 0.01738482967715024883088695351197030597080172346115999255400
              xi/L(g,2)  = 0.1529727222936860838597207310640987748585636416711081609432
  T3 lindep([1,xi,G,z2]) = [-1047210901055921, 1154700321015119, 153825262464235, 430526170962111]~    residual 3.330109159290930586 E-47
  T3 lindep([xi,G,z2])   = [74633524437088303191, 82580916041799818008, -53769329474947542320]~    residual 8.674273201119872068 E-43
  T4 algdep(xi,1) = 2733436210472633090281019199801*x - 469006788552409323807163377590   min|root-xi| = 3.462517179008512776 E-62
  T4 algdep(xi,2) = 215386532464692644469*x^2 + 46340904890903423590*x - 14292253917237163432   min|root-xi| = 5.017877135778831559 E-62
  T4 algdep(xi,3) = 93571177163238*x^3 - 565730364267521*x^2 - 794923537367971*x + 152576622846466   min|root-xi| = 7.817646713576873332 E-64
  T4 algdep(xi,4) = 1042213265185*x^4 - 748661314491*x^3 + 268892361999*x^2 - 500513654304*x + 80841057571   min|root-xi| = 1.0730519950130258787 E-61
  T4 algdep(xi,5) = 6164449874*x^5 + 1275322856*x^4 + 5926912801*x^3 + 390053044*x^2 + 2062395679*x - 397313165   min|root-xi| = 9.923087651560856013 E-63
  T4 algdep(xi,6) = 120594731*x^6 + 117456601*x^5 + 214498408*x^4 - 401360915*x^3 - 52336589*x^2 - 132152584*x + 26036696   min|root-xi| = 1.8554295329993907004 E-62
  T4 algdep(xi/G,4) = 421445703035*x^4 - 478210710544*x^3 + 310239550070*x^2 - 919811728243*x + 164040008961   min|root-r| = 3.122547552661170980 E-62
  T4 algdep(xi/zeta(2),4) = 417222143158*x^4 + 161778446601*x^3 - 1175930057756*x^2 + 619803798726*x - 52089552301   min|root-r| = 8.205248515493404116 E-62
  T4 algdep(xi/Pi^2,4) = 284444740114*x^4 - 1034509168662*x^3 + 1081938859501*x^2 - 419206080630*x + 6966239033   min|root-r| = 9.234134499328425809 E-62
  T4 algdep(xi/L(g,2),4) = 507217896050*x^4 + 325427641074*x^3 + 1015940488266*x^2 - 795375766554*x + 96454456027   min|root-r| = 6.400964563652494550 E-62

=== x0_1_m1_2_2_0_1_12__24_12_132_12_m36
  xi = 0.27958292160082783360276503362662462704039369962180617191053317564927613200000
  T1/T2/T4: NO HIT (unidentified)
  T3 ratios:  xi/G       = 0.3052329949706983675981732569968447899326467522436713458916
              xi/(Pi*G)  = 0.09715867988866054785170929434875754114312274269461142190467
              xi*G       = 0.2560883369059051074898769761583775000259798009131929037756
              xi/zeta(2) = 0.1699660352566728040488235489921572228330321290640019426882
              xi/Pi^2    = 0.02832767254277880067480392483202620380550535484400032378136
              xi/L(g,2)  = 0.2492610664347509335251786415247615474266187626941591481018
  T3 lindep([1,xi,G,z2]) = [-1009092924811819, 490153972271540, 1928238883272778, -543575725765048]~    residual 7.854263662911575699 E-47
  T3 lindep([xi,G,z2])   = [216805826781921064321, -53795365891539545166, -6894198629296144698]~    residual 9.628576130871188658 E-42
  T4 algdep(xi,1) = 2670222829932159981908258863327*x - 746548700117663717726002339847   min|root-xi| = 2.595567775478397958 E-62
  T4 algdep(xi,2) = 177618673996182951490*x^2 + 69377187204009908299*x - 33280526318954166649   min|root-xi| = 4.572569846295836915 E-62
  T4 algdep(xi,3) = 1051654888630502*x^3 - 692685568201065*x^2 - 734427681217261*x + 236495401828970   min|root-xi| = 2.405531302056659564 E-62
  T4 algdep(xi,4) = 372788591715*x^4 - 303851606692*x^3 - 170267536380*x^2 + 480673151604*x - 116716125326   min|root-xi| = 1.2942266431490236732 E-61
  T4 algdep(xi,5) = 6846460313*x^5 + 6994322841*x^4 + 1870890533*x^3 - 6047888417*x^2 + 5468559956*x - 1151490526   min|root-xi| = 7.292812497108320975 E-63
  T4 algdep(xi,6) = 301670550*x^6 - 47532905*x^5 - 168240735*x^4 - 18670398*x^3 + 319412*x^2 + 6121344*x - 363292   min|root-xi| = 9.700878407331033599 E-61
  T4 algdep(xi/G,4) = 732079617065*x^4 + 148823938926*x^3 + 640534038233*x^2 + 85639511889*x - 96403507315   min|root-r| = 4.079839539759970400 E-62
  T4 algdep(xi/zeta(2),4) = 101195580395*x^4 + 899859436079*x^3 + 1482231816832*x^2 - 66826953865*x - 35963884107   min|root-r| = 1.3254790892657448220 E-62
  T4 algdep(xi/Pi^2,4) = 217070803685*x^4 - 169582765626*x^3 - 1077369880971*x^2 + 758154145973*x - 20608484216   min|root-r| = 2.614956908962291797 E-62
  T4 algdep(xi/L(g,2),4) = 719025597853*x^4 + 227524423141*x^3 - 360480826509*x^2 + 973401815749*x - 226533384212   min|root-r| = 5.532154816816495226 E-62

=== x1_2_0_1_1_1_1_8__16_4_68_8_32
  xi = 0.73729299618559624017642619780229369796091914327652918522286888511299610600000
  T1/T2/T4: NO HIT (unidentified)
  T3 ratios:  xi/G       = 0.8049352517960913799021948946315833808620628678614495462566
              xi/(Pi*G)  = 0.2562188483845347328542759774977726334624765272084837838392
              xi*G       = 0.6753350173338417329680357990656715441372838529878450660191
              xi/zeta(2) = 0.4482203943883814321163854500174852495693922017081207304918
              xi/Pi^2    = 0.07470339906473023868606424166958087492823203361802012174862
              xi/L(g,2)  = 0.6573307033627847696146940726959138006620357459647763019136
  T3 lindep([1,xi,G,z2]) = [-796001569505709, 1084526503558672, -1031738522995109, 572317628091200]~    residual 2.473579510157827296 E-47
  T3 lindep([xi,G,z2])   = [255399609083728463149, -18807395285655408790, -104002597706553451327]~    residual 1.0959256231874829490 E-41
  T4 algdep(xi,1) = 126574785251355771702588118103*x - 93322702659520514224283408780   min|root-xi| = 1.0672494256702728205 E-60
  T4 algdep(xi,2) = 66700535630402254375*x^2 - 38346237740542434374*x - 7986062833395395683   min|root-xi| = 1.3895168754584867649 E-61
  T4 algdep(xi,3) = 1017988212300229*x^3 + 1416566226284977*x^2 - 11805105875363*x - 1169345676798942   min|root-xi| = 4.938176615076081821 E-63
  T4 algdep(xi,4) = 608094996704*x^4 - 446659613478*x^3 - 646136654946*x^2 - 979457674631*x + 1072712627310   min|root-xi| = 3.768528109197466838 E-62
  T4 algdep(xi,5) = 11247735796*x^5 - 6646171416*x^4 - 1157245877*x^3 - 3538600320*x^2 - 4905156866*x + 5517335847   min|root-xi| = 5.623227467131047049 E-62
  T4 algdep(xi,6) = 21787847*x^6 - 388526552*x^5 + 60036632*x^4 + 402795431*x^3 - 64347399*x^2 - 46332337*x - 28889801   min|root-xi| = 7.749391726989114016 E-64
  T4 algdep(xi/G,4) = 55264865324*x^4 + 447790745724*x^3 + 311338801727*x^2 + 224628209620*x - 639272515371   min|root-r| = 1.1197820983709767827 E-62
  T4 algdep(xi/zeta(2),4) = 176782619651*x^4 - 428432849883*x^3 + 142861799799*x^2 - 947006155386*x + 427210711177   min|root-r| = 1.2830772920146358074 E-62
  T4 algdep(xi/Pi^2,4) = 515178295744*x^4 + 914185595517*x^3 + 934191061665*x^2 - 484173694125*x + 30558917349   min|root-r| = 6.956651402041937493 E-62
  T4 algdep(xi/L(g,2),4) = 522148870941*x^4 + 10828428812*x^3 - 572823003052*x^2 + 1329920750380*x - 727249050393   min|root-r| = 6.986281138032182367 E-63

=== x1_2_0_1_1_1_1_8__16_4_48_0_m128
  xi = 0.85939822725254660343626197247631964973760705647739511203431098644200041000000
  HIT  T1  xi = (0 + -1*[Gamma(1/4)^4/Pi])/-64   [[0, -64, 1]~]  agree 73 digits
  T3 ratios:  xi/G       = 0.9382429129606282116743102755824010282624428643824183168861
              xi/(Pi*G)  = 0.2986519948372457835850185993433024630316464572551989963917
              xi*G       = 0.7871792078602275450025467679961026028641200594631101137814
              xi/zeta(2) = 0.5224514736321288221940923476220130909965554565683567046153
              xi/Pi^2    = 0.08707524560535480369901539127033551516609257609472611743588
              xi/L(g,2)  = 0.7661931472443341071432348223295325167194577629310652661816
  T3 lindep([1,xi,G,z2]) = [-1038569388192939, 1478655579925354, 1121294809536852, -765533456784708]~    residual 2.510721990788276013 E-47
  T3 lindep([xi,G,z2])   = [-5991318433059483512, -163108134227709140500, 93955357018913246093]~    residual 2.6182482462895577963 E-42
  T4 algdep(xi,1) = 317772942651855331753224078843*x - 273093503583829627699889701334   min|root-xi| = 5.464523996746748731 E-61
  T4 algdep(xi,2) = 128268867621726034220*x^2 - 134297882817259946458*x + 20680426053109561057   min|root-xi| = 7.151038193561271583 E-62
  T4 algdep(xi,3) = 1233321553720197*x^3 + 627116282470266*x^2 - 1355672915685806*x - 80919411740175   min|root-xi| = 6.127748366402789039 E-63
  T4 algdep(xi,4) = 455075239208*x^4 - 120432171562*x^3 + 535225354975*x^2 + 222181342295*x - 758034078063   min|root-xi| = 1.9051373879652345822 E-62
  T4 algdep(xi,5) = 2297095587*x^5 + 1895343373*x^4 - 1426393067*x^3 + 2835210807*x^2 - 7145757968*x + 2841716169   min|root-xi| = 9.257759960416054937 E-62
  T4 algdep(xi,6) = 130719829*x^6 - 126938971*x^5 + 469719512*x^4 - 129793431*x^3 - 47991775*x^2 - 216929361*x + 54878053   min|root-xi| = 8.556136716402921140 E-63
  T4 algdep(xi/G,4) = 334932161627*x^4 + 274217556007*x^3 - 402068059378*x^2 + 988327081857*x - 1059384544651   min|root-r| = 6.739793614868254779 E-63
  T4 algdep(xi/zeta(2),4) = 456993221256*x^4 + 651774440432*x^3 + 687766389399*x^2 + 398396644683*x - 522867679929   min|root-r| = 4.405570178359216927 E-62
  T4 algdep(xi/Pi^2,4) = 211691568843*x^4 + 1093411119127*x^3 - 30850535090*x^2 - 862774104667*x + 74626124765   min|root-r| = 4.792011622231966123 E-62
  T4 algdep(xi/L(g,2),4) = 927965264321*x^4 + 483814061278*x^3 - 434855464632*x^2 - 802804857122*x + 332964445018   min|root-r| = 4.690959724303291732 E-62

=== x1_2_0_1_1_1_1_2__14_2_28_4_8
  xi = 0.85939822725254660343626197247631964973760705647739511203431098644200041000000
  HIT  T1  xi = (0 + -1*[Gamma(1/4)^4/Pi])/-64   [[0, -64, 1]~]  agree 73 digits
  T3 ratios:  xi/G       = 0.9382429129606282116743102755824010282624428643824183168861
              xi/(Pi*G)  = 0.2986519948372457835850185993433024630316464572551989963917
              xi*G       = 0.7871792078602275450025467679961026028641200594631101137814
              xi/zeta(2) = 0.5224514736321288221940923476220130909965554565683567046153
              xi/Pi^2    = 0.08707524560535480369901539127033551516609257609472611743588
              xi/L(g,2)  = 0.7661931472443341071432348223295325167194577629310652661816
  T3 lindep([1,xi,G,z2]) = [-1038569388192939, 1478655579925354, 1121294809536852, -765533456784708]~    residual 2.510721990788276013 E-47
  T3 lindep([xi,G,z2])   = [-5991318433059483512, -163108134227709140500, 93955357018913246093]~    residual 2.6182482462895577963 E-42
  T4 algdep(xi,1) = 317772942651855331753224078843*x - 273093503583829627699889701334   min|root-xi| = 5.464523996746748731 E-61
  T4 algdep(xi,2) = 128268867621726034220*x^2 - 134297882817259946458*x + 20680426053109561057   min|root-xi| = 7.151038193561271583 E-62
  T4 algdep(xi,3) = 1233321553720197*x^3 + 627116282470266*x^2 - 1355672915685806*x - 80919411740175   min|root-xi| = 6.127748366402789039 E-63
  T4 algdep(xi,4) = 455075239208*x^4 - 120432171562*x^3 + 535225354975*x^2 + 222181342295*x - 758034078063   min|root-xi| = 1.9051373879652345822 E-62
  T4 algdep(xi,5) = 2297095587*x^5 + 1895343373*x^4 - 1426393067*x^3 + 2835210807*x^2 - 7145757968*x + 2841716169   min|root-xi| = 9.257759960416054937 E-62
  T4 algdep(xi,6) = 130719829*x^6 - 126938971*x^5 + 469719512*x^4 - 129793431*x^3 - 47991775*x^2 - 216929361*x + 54878053   min|root-xi| = 8.556136716402921140 E-63
  T4 algdep(xi/G,4) = 334932161627*x^4 + 274217556007*x^3 - 402068059378*x^2 + 988327081857*x - 1059384544651   min|root-r| = 6.739793614868254779 E-63
  T4 algdep(xi/zeta(2),4) = 456993221256*x^4 + 651774440432*x^3 + 687766389399*x^2 + 398396644683*x - 522867679929   min|root-r| = 4.405570178359216927 E-62
  T4 algdep(xi/Pi^2,4) = 211691568843*x^4 + 1093411119127*x^3 - 30850535090*x^2 - 862774104667*x + 74626124765   min|root-r| = 4.792011622231966123 E-62
  T4 algdep(xi/L(g,2),4) = 927965264321*x^4 + 483814061278*x^3 - 434855464632*x^2 - 802804857122*x + 332964445018   min|root-r| = 4.690959724303291732 E-62

=== x1_2_0_1_1_1_1_m2__6_0_m32_m8_32
  xi = 0.85939822725254660343626197247631964973760705647739511203431098644200041000000
  HIT  T1  xi = (0 + -1*[Gamma(1/4)^4/Pi])/-64   [[0, -64, 1]~]  agree 73 digits
  T3 ratios:  xi/G       = 0.9382429129606282116743102755824010282624428643824183168861
              xi/(Pi*G)  = 0.2986519948372457835850185993433024630316464572551989963917
              xi*G       = 0.7871792078602275450025467679961026028641200594631101137814
              xi/zeta(2) = 0.5224514736321288221940923476220130909965554565683567046153
              xi/Pi^2    = 0.08707524560535480369901539127033551516609257609472611743588
              xi/L(g,2)  = 0.7661931472443341071432348223295325167194577629310652661816
  T3 lindep([1,xi,G,z2]) = [-1038569388192939, 1478655579925354, 1121294809536852, -765533456784708]~    residual 2.510721990788276013 E-47
  T3 lindep([xi,G,z2])   = [-5991318433059483512, -163108134227709140500, 93955357018913246093]~    residual 2.6182482462895577963 E-42
  T4 algdep(xi,1) = 317772942651855331753224078843*x - 273093503583829627699889701334   min|root-xi| = 5.464523996746748731 E-61
  T4 algdep(xi,2) = 128268867621726034220*x^2 - 134297882817259946458*x + 20680426053109561057   min|root-xi| = 7.151038193561271583 E-62
  T4 algdep(xi,3) = 1233321553720197*x^3 + 627116282470266*x^2 - 1355672915685806*x - 80919411740175   min|root-xi| = 6.127748366402789039 E-63
  T4 algdep(xi,4) = 455075239208*x^4 - 120432171562*x^3 + 535225354975*x^2 + 222181342295*x - 758034078063   min|root-xi| = 1.9051373879652345822 E-62
  T4 algdep(xi,5) = 2297095587*x^5 + 1895343373*x^4 - 1426393067*x^3 + 2835210807*x^2 - 7145757968*x + 2841716169   min|root-xi| = 9.257759960416054937 E-62
  T4 algdep(xi,6) = 130719829*x^6 - 126938971*x^5 + 469719512*x^4 - 129793431*x^3 - 47991775*x^2 - 216929361*x + 54878053   min|root-xi| = 8.556136716402921140 E-63
  T4 algdep(xi/G,4) = 334932161627*x^4 + 274217556007*x^3 - 402068059378*x^2 + 988327081857*x - 1059384544651   min|root-r| = 6.739793614868254779 E-63
  T4 algdep(xi/zeta(2),4) = 456993221256*x^4 + 651774440432*x^3 + 687766389399*x^2 + 398396644683*x - 522867679929   min|root-r| = 4.405570178359216927 E-62
  T4 algdep(xi/Pi^2,4) = 211691568843*x^4 + 1093411119127*x^3 - 30850535090*x^2 - 862774104667*x + 74626124765   min|root-r| = 4.792011622231966123 E-62
  T4 algdep(xi/L(g,2),4) = 927965264321*x^4 + 483814061278*x^3 - 434855464632*x^2 - 802804857122*x + 332964445018   min|root-r| = 4.690959724303291732 E-62

=== x1_2_0_1_1_1_1_1__17_2_32_8_16
  xi = 0.73729299618559624017642619780229369796091914327652918522286888511299610600000
  T1/T2/T4: NO HIT (unidentified)
  T3 ratios:  xi/G       = 0.8049352517960913799021948946315833808620628678614495462566
              xi/(Pi*G)  = 0.2562188483845347328542759774977726334624765272084837838392
              xi*G       = 0.6753350173338417329680357990656715441372838529878450660191
              xi/zeta(2) = 0.4482203943883814321163854500174852495693922017081207304918
              xi/Pi^2    = 0.07470339906473023868606424166958087492823203361802012174862
              xi/L(g,2)  = 0.6573307033627847696146940726959138006620357459647763019136
  T3 lindep([1,xi,G,z2]) = [-796001569505709, 1084526503558672, -1031738522995109, 572317628091200]~    residual 2.473579510157827296 E-47
  T3 lindep([xi,G,z2])   = [255399609083728463149, -18807395285655408790, -104002597706553451327]~    residual 1.0959256231874829490 E-41
  T4 algdep(xi,1) = 126574785251355771702588118103*x - 93322702659520514224283408780   min|root-xi| = 1.0672494256702728205 E-60
  T4 algdep(xi,2) = 66700535630402254375*x^2 - 38346237740542434374*x - 7986062833395395683   min|root-xi| = 1.3895168754584867649 E-61
  T4 algdep(xi,3) = 1017988212300229*x^3 + 1416566226284977*x^2 - 11805105875363*x - 1169345676798942   min|root-xi| = 4.938176615076081821 E-63
  T4 algdep(xi,4) = 608094996704*x^4 - 446659613478*x^3 - 646136654946*x^2 - 979457674631*x + 1072712627310   min|root-xi| = 3.768528109197466838 E-62
  T4 algdep(xi,5) = 11247735796*x^5 - 6646171416*x^4 - 1157245877*x^3 - 3538600320*x^2 - 4905156866*x + 5517335847   min|root-xi| = 5.623227467131047049 E-62
  T4 algdep(xi,6) = 21787847*x^6 - 388526552*x^5 + 60036632*x^4 + 402795431*x^3 - 64347399*x^2 - 46332337*x - 28889801   min|root-xi| = 7.749391726989114016 E-64
  T4 algdep(xi/G,4) = 55264865324*x^4 + 447790745724*x^3 + 311338801727*x^2 + 224628209620*x - 639272515371   min|root-r| = 1.1197820983709767827 E-62
  T4 algdep(xi/zeta(2),4) = 176782619651*x^4 - 428432849883*x^3 + 142861799799*x^2 - 947006155386*x + 427210711177   min|root-r| = 1.2830772920146358074 E-62
  T4 algdep(xi/Pi^2,4) = 515178295744*x^4 + 914185595517*x^3 + 934191061665*x^2 - 484173694125*x + 30558917349   min|root-r| = 6.956651402041937493 E-62
  T4 algdep(xi/L(g,2),4) = 522148870941*x^4 + 10828428812*x^3 - 572823003052*x^2 + 1329920750380*x - 727249050393   min|root-r| = 6.986281138032182367 E-63

=== x1_2_0_1_1_1_1_m1__13_1_m13_m1_m1
  xi = 0.73729299618559624017642619780229369796091914327652918522286888511299610600000
  T1/T2/T4: NO HIT (unidentified)
  T3 ratios:  xi/G       = 0.8049352517960913799021948946315833808620628678614495462566
              xi/(Pi*G)  = 0.2562188483845347328542759774977726334624765272084837838392
              xi*G       = 0.6753350173338417329680357990656715441372838529878450660191
              xi/zeta(2) = 0.4482203943883814321163854500174852495693922017081207304918
              xi/Pi^2    = 0.07470339906473023868606424166958087492823203361802012174862
              xi/L(g,2)  = 0.6573307033627847696146940726959138006620357459647763019136
  T3 lindep([1,xi,G,z2]) = [-796001569505709, 1084526503558672, -1031738522995109, 572317628091200]~    residual 2.473579510157827296 E-47
  T3 lindep([xi,G,z2])   = [255399609083728463149, -18807395285655408790, -104002597706553451327]~    residual 1.0959256231874829490 E-41
  T4 algdep(xi,1) = 126574785251355771702588118103*x - 93322702659520514224283408780   min|root-xi| = 1.0672494256702728205 E-60
  T4 algdep(xi,2) = 66700535630402254375*x^2 - 38346237740542434374*x - 7986062833395395683   min|root-xi| = 1.3895168754584867649 E-61
  T4 algdep(xi,3) = 1017988212300229*x^3 + 1416566226284977*x^2 - 11805105875363*x - 1169345676798942   min|root-xi| = 4.938176615076081821 E-63
  T4 algdep(xi,4) = 608094996704*x^4 - 446659613478*x^3 - 646136654946*x^2 - 979457674631*x + 1072712627310   min|root-xi| = 3.768528109197466838 E-62
  T4 algdep(xi,5) = 11247735796*x^5 - 6646171416*x^4 - 1157245877*x^3 - 3538600320*x^2 - 4905156866*x + 5517335847   min|root-xi| = 5.623227467131047049 E-62
  T4 algdep(xi,6) = 21787847*x^6 - 388526552*x^5 + 60036632*x^4 + 402795431*x^3 - 64347399*x^2 - 46332337*x - 28889801   min|root-xi| = 7.749391726989114016 E-64
  T4 algdep(xi/G,4) = 55264865324*x^4 + 447790745724*x^3 + 311338801727*x^2 + 224628209620*x - 639272515371   min|root-r| = 1.1197820983709767827 E-62
  T4 algdep(xi/zeta(2),4) = 176782619651*x^4 - 428432849883*x^3 + 142861799799*x^2 - 947006155386*x + 427210711177   min|root-r| = 1.2830772920146358074 E-62
  T4 algdep(xi/Pi^2,4) = 515178295744*x^4 + 914185595517*x^3 + 934191061665*x^2 - 484173694125*x + 30558917349   min|root-r| = 6.956651402041937493 E-62
  T4 algdep(xi/L(g,2),4) = 522148870941*x^4 + 10828428812*x^3 - 572823003052*x^2 + 1329920750380*x - 727249050393   min|root-r| = 6.986281138032182367 E-63

=== xm1_2_0_1_1_0_0_8__16_8_68_8_32
  xi = 0.46904388522324210393602005555166986637234108908102744308758179385135374100000
  HIT  T2  xi = (0 + 2*[zeta(2)] + 15*[L(2,chi_-3)])/32   [[0, 32, -2, -15]~]  agree 73 digits
  T3 ratios:  xi/G       = 0.5120758773090908492421834153415766717418585101073097710605
              xi/(Pi*G)  = 0.1629988142237214643548518489569492136573828402438303670390
              xi*G       = 0.4296280610236982716942138137360981432943389430111253840265
              xi/zeta(2) = 0.2851444897861182780592957606231929863109702360170038291827
              xi/Pi^2    = 0.04752408163101971300988262677053216438516170600283397153045
              xi/L(g,2)  = 0.4181742517247450606470360866700716223667258166668031640236
  T3 lindep([1,xi,G,z2]) = [-533311651764245, -323135744140001, 1040261418452233, -162904506024062]~    residual 2.1067455048780328273 E-47
  T3 lindep([xi,G,z2])   = [-105958123073413951685, 86127013410470615690, -17745617823968265486]~    residual 1.0346009019710988405 E-41
  T4 algdep(xi,1) = 1301745433513230412085408411446*x - 610575735706659180751290981625   min|root-xi| = 1.4006546349631942990 E-61
  T4 algdep(xi,2) = 139599333957691979561*x^2 + 82762920307599763213*x - 69531597573385389759   min|root-xi| = 3.333490395132033850 E-62
  T4 algdep(xi,3) = 764502157824943*x^3 - 1505874895175814*x^2 + 316765699421504*x + 103829234189821   min|root-xi| = 1.8828879765085468646 E-62
  T4 algdep(xi,4) = 61161380197*x^4 + 1599722068333*x^3 - 788623559969*x^2 - 527415212053*x + 252843109289   min|root-xi| = 2.8724814801451000335 E-61
  T4 algdep(xi,5) = 4400557601*x^5 + 3174899133*x^4 - 4962133888*x^3 + 504532419*x^2 - 4666634932*x + 2336333923   min|root-xi| = 4.849300822872292879 E-62
  T4 algdep(xi,6) = 138110153*x^6 + 71369593*x^5 + 142757291*x^4 - 253531249*x^3 + 193014389*x^2 - 70485313*x + 6758707   min|root-xi| = 3.741692094410248872 E-61
  T4 algdep(xi/G,4) = 802806074772*x^4 - 511717476738*x^3 - 447007313350*x^2 + 806248897837*x - 282134619230   min|root-r| = 1.2050800665912220119 E-61
  T4 algdep(xi/zeta(2),4) = 551467246331*x^4 + 209653438333*x^3 + 556434337904*x^2 + 89635892119*x - 79307767232   min|root-r| = 1.3674306826466397807 E-62
  T4 algdep(xi/Pi^2,4) = 348743741481*x^4 + 120897454852*x^3 - 210379197093*x^2 - 669233119688*x + 32265083428   min|root-r| = 2.212261520202580495 E-62
  T4 algdep(xi/L(g,2),4) = 575295269755*x^4 + 552438251453*x^3 - 1084846911921*x^2 - 526605678245*x + 351929998700   min|root-r| = 2.442755887965861503 E-62

=== xm1_2_0_1_1_0_0_8__16_8_48_0_m128
  xi = 0.22899139854430475376365087873309602769353734357041803356662452990544075500000
  HIT  T1  xi = (0 + -1*[G])/-4   [[0, -4, 1]~]  agree 72 digits
  T3 ratios:  xi/G       = 0.2500000000000000000000000000000000000000000000000000000000
              xi/(Pi*G)  = 0.07957747154594766788444188168625718101722982287022822437383
              xi*G       = 0.2097482424291064692041440703189954877473756035465856633152
              xi/zeta(2) = 0.1392100772665395611077364926497899892070728443484699040557
              xi/Pi^2    = 0.02320167954442326018462274877496499820117880739141165067595
              xi/L(g,2)  = 0.2041563908078477849264949107769900771654265547749285649755
  T3 lindep([1,xi,G,z2]) = [0, -4, 1, 0]~    residual 2.2374523052064348707 E-73
  T3 lindep([xi,G,z2])   = [-4, 1, 0]~    residual 2.2374523052064348707 E-73
  T4 algdep(xi,1) = 910534500401614597141997387347*x - 208504568669805545091162491688   min|root-xi| = 8.359797895475780631 E-62
  T4 algdep(xi,2) = 49167248507143787105*x^2 + 126286562569782367250*x - 31496722570069442724   min|root-xi| = 4.829269258357035255 E-62
  T4 algdep(xi,3) = 1586496812352264*x^3 + 535249815546966*x^2 - 475150092970730*x + 61688281299541   min|root-xi| = 1.4869669246127780899 E-61
  T4 algdep(xi,4) = 734877879210*x^4 - 310138393130*x^3 - 725272521551*x^2 - 265836827548*x + 100608881455   min|root-xi| = 2.563235035372738181 E-63
  T4 algdep(xi,5) = 6117487172*x^5 - 8407357377*x^4 + 611298777*x^3 + 9015033249*x^2 - 3795341797*x + 408303933   min|root-xi| = 2.7931515453564253963 E-61
  T4 algdep(xi,6) = 232988378*x^6 + 271535984*x^5 + 116445611*x^4 - 83805283*x^3 + 131836365*x^2 - 145732232*x + 26939871   min|root-xi| = 2.0358731913633897253 E-61
  T4 algdep(xi/G,4) = 4*x - 1   min|root-r| = 6.106813180074363972 E-74
  T4 algdep(xi/zeta(2),4) = 428939543199*x^4 - 637481776423*x^3 + 425192462484*x^2 - 309586040030*x + 36416215906   min|root-r| = 2.8761498500813502392 E-61
  T4 algdep(xi/Pi^2,4) = 627737311515*x^4 + 698564490716*x^3 - 867930866007*x^2 + 267313739770*x - 5743811874   min|root-r| = 1.8302228546271063697 E-61
  T4 algdep(xi/L(g,2),4) = 419861621740*x^4 - 356019824259*x^3 + 539919260614*x^2 + 879536236017*x - 199766629356   min|root-r| = 4.371943594149458964 E-62

=== xm1_2_0_1_1_0_0_2__14_8_28_4_8
  xi = 0.14955765955456705068872391372006233240852158066456136005783189180400510900000
  HIT  T2  xi = (0 + 8*[G] + -3*[zeta(2)])/16   [[0, 16, -8, 3]~]  agree 71 digits
  T3 ratios:  xi/G       = 0.1632786870001483512044981111397230513211870936077577947952
              xi/(Pi*G)  = 0.05197322027525600318655397468976439290581252213730208898888
              xi*G       = 0.1369896704976532451170571941038525887474797630031530083189
              xi/zeta(2) = 0.09092015453307912221547298529957997841414568869693980811140
              xi/Pi^2    = 0.01515335908884652036924549754992999640235761478282330135190
              xi/L(g,2)  = 0.1333375497351781698605552474715948396860157403082934680655
  T3 lindep([1,xi,G,z2]) = [0, 16, -8, 3]~    residual 3.000435534333965401 E-72
  T3 lindep([xi,G,z2])   = [-16, 8, -3]~    residual 3.000435534333965401 E-72
  T4 algdep(xi,1) = 2244645867337040679288458952544*x - 335703982447759006471886998571   min|root-xi| = 2.280634811465546150 E-62
  T4 algdep(xi,2) = 133291494298540577740*x^2 + 138649321482914527177*x - 23717464656331999302   min|root-xi| = 1.968146364414180787 E-62
  T4 algdep(xi,3) = 1286534109221627*x^3 + 822321596259209*x^2 + 239117240957564*x - 58458840377738   min|root-xi| = 6.171405515383492986 E-62
  T4 algdep(xi,4) = 684737368394*x^4 + 490502168361*x^3 + 610777964880*x^2 + 489297945767*x - 88823247702   min|root-xi| = 2.807921168887548074 E-62
  T4 algdep(xi,5) = 8625594930*x^5 - 1593496378*x^4 + 1108181525*x^3 + 6833345968*x^2 + 5352864503*x - 956962002   min|root-xi| = 1.0806493225696234785 E-62
  T4 algdep(xi,6) = 280698234*x^6 - 61809212*x^5 + 24293065*x^4 + 229150402*x^3 - 196086053*x^2 - 365150663*x + 58219801   min|root-xi| = 2.124243179477910646 E-62
  T4 algdep(xi/G,4) = 995831564040*x^4 + 544207194337*x^3 + 249250656526*x^2 + 589096547899*x - 105908637939   min|root-r| = 1.0910005089059418872 E-61
  T4 algdep(xi/zeta(2),4) = 772886564009*x^4 - 53327041594*x^3 + 493479818137*x^2 - 1390967885613*x + 122374941908   min|root-r| = 5.832635480321118318 E-63
  T4 algdep(xi/Pi^2,4) = 362554921925*x^4 + 1253601421102*x^3 + 825204336979*x^2 - 182383144775*x + 2569849201   min|root-r| = 8.308465905590824856 E-62
  T4 algdep(xi/L(g,2),4) = 931371586543*x^4 + 763835888667*x^3 - 551080004312*x^2 + 815593742941*x - 101056816161   min|root-r| = 4.003468571327882303 E-64

=== xm1_2_0_1_1_0_0_m2__6_4_m32_m8_32
  xi = 0.15886747797947540614985393002606739057003152581171334701758527620287129200000
  HIT  T2  xi = (0 + -4*[G] + 3*[zeta(2)])/8   [[0, 8, 4, -3]~]  agree 71 digits
  T3 ratios:  xi/G       = 0.1734426259997032975910037777205538973576258127844844104097
              xi/(Pi*G)  = 0.05520850254138332939577581399298557622283460146585227076992
              xi*G       = 0.1455171438629064481741737524302857979997916810868653099926
              xi/zeta(2) = 0.09657984546692087778452701470042002158585431130306019188860
              xi/Pi^2    = 0.01609664091115347963075450245007000359764238521717669864810
              xi/L(g,2)  = 0.1416376821453392301318793266107904749588216289332701938200
  T3 lindep([1,xi,G,z2]) = [0, 8, 4, -3]~    residual 3.895416456416539350 E-72
  T3 lindep([xi,G,z2])   = [-8, -4, 3]~    residual 3.895416456416539350 E-72
  T4 algdep(xi,1) = 1042887233572247333961607424059*x - 165680864614615027838131524614   min|root-xi| = 1.7527274398252181278 E-61
  T4 algdep(xi,2) = 114186519700787518820*x^2 - 108050268670104743295*x + 14283734317316946547   min|root-xi| = 1.0470091755646088463 E-62
  T4 algdep(xi,3) = 675339774189136*x^3 + 113129437278372*x^2 + 384889198593529*x - 66709503085030   min|root-xi| = 4.308906923901738287 E-62
  T4 algdep(xi,4) = 1183041022475*x^4 + 1039944911647*x^3 + 498055564068*x^2 - 193147573331*x + 13191106242   min|root-xi| = 1.2167379509754149790 E-60
  T4 algdep(xi,5) = 296188781*x^5 + 6322052014*x^4 + 2316225700*x^3 + 7269374400*x^2 - 2527944199*x + 204792934   min|root-xi| = 1.6657918459371980699 E-60
  T4 algdep(xi,6) = 51165796*x^6 + 97441485*x^5 - 65725464*x^4 + 138720957*x^3 + 159730874*x^2 - 247581866*x + 34776242   min|root-xi| = 1.9361295819266668089 E-62
  T4 algdep(xi/G,4) = 996300440899*x^4 + 1113128941188*x^3 + 260433514638*x^2 + 480556207228*x - 97892798738   min|root-r| = 6.914131567761836210 E-62
  T4 algdep(xi/zeta(2),4) = 467369725525*x^4 - 1043388146431*x^3 - 528867975080*x^2 + 362890353370*x - 29215502363   min|root-r| = 1.1951534713027108009 E-61
  T4 algdep(xi/Pi^2,4) = 732868213882*x^4 + 127438345646*x^3 - 519549034647*x^2 - 106262780572*x + 1844509233   min|root-r| = 5.442324550395815461 E-62
  T4 algdep(xi/L(g,2),4) = 47171997352*x^4 + 677239066423*x^3 + 108230018201*x^2 - 185714709571*x + 22189663816   min|root-r| = 4.728702269771512718 E-62

=== xm1_2_0_1_1_0_0_1__17_10_32_8_16
  xi = 0.115620737022370989635832527780327138135207227558655667307384473017703747000000
  HIT  T2  xi = (0 + -6*[zeta(2)] + 15*[L(2,chi_-3)])/16   [[0, 16, 6, -15]~]  agree 71 digits
  T3 ratios:  xi/G       = 0.1262282532852439683630284603890814803402159365019736615747
              xi/(Pi*G)  = 0.04017970093640470849015759475989850963837335087924910805457
              xi*G       = 0.10590461708590402794514510338116058859595403511553525255566
              xi/zeta(2) = 0.07028897957223655611859152124638597262194047203400765836547
              xi/Pi^2    = 0.01171482992870609268643192020773099543699007867233460972758
              xi/L(g,2)  = 0.10308121843477705464757997578711573901388531535610322968578
  T3 lindep([1,xi,G,z2]) = [1640941907628884, -637735011107733, -473222555337529, -689237921076167]~    residual 4.844342652032815208 E-47
  T3 lindep([xi,G,z2])   = [230174412015374872925, 260364124917050703643, -161159964332750591561]~    residual 3.357575378285657833 E-42
  T4 algdep(xi,1) = 4084870797334498414386929016851*x - 472295772228974944467633154169   min|root-xi| = 1.7390049245491464140 E-62
  T4 algdep(xi,2) = 8748265800940515856*x^2 + 130466752878484437715*x - 15201610296443347343   min|root-xi| = 4.472969956483935861 E-62
  T4 algdep(xi,3) = 197251998223253*x^3 + 318864631637185*x^2 + 86342080965207*x - 14550446575218   min|root-xi| = 5.418326262966686900 E-62
  T4 algdep(xi,4) = 309928019766*x^4 - 1078102344640*x^3 + 655462308195*x^2 + 932933312359*x - 115017791567   min|root-xi| = 2.555841564440697076 E-62
  T4 algdep(xi,5) = 5338982221*x^5 + 3902376532*x^4 + 691409654*x^3 - 2195886237*x^2 + 1126326852*x - 102748161   min|root-xi| = 7.833251770861768812 E-61
  T4 algdep(xi,6) = 79569254*x^6 - 104242157*x^5 - 94093114*x^4 - 36425741*x^3 + 94376411*x^2 + 82847858*x - 10765489   min|root-xi| = 2.2044618362852605907 E-61
  T4 algdep(xi/G,4) = 770337499721*x^4 + 705328789515*x^3 - 41210169558*x^2 - 1147810206208*x + 143928525854   min|root-r| = 9.137439997981563933 E-63
  T4 algdep(xi/zeta(2),4) = 585023681770*x^4 - 159433456044*x^3 + 565221623927*x^2 - 109804627317*x + 4966640737   min|root-r| = 8.266381521125533078 E-61
  T4 algdep(xi/Pi^2,4) = 764834078799*x^4 + 130509462492*x^3 - 753353817430*x^2 - 711741053376*x + 8441089366   min|root-r| = 2.443244184588616312 E-62
  T4 algdep(xi/L(g,2),4) = 735811199847*x^4 + 801537714685*x^3 + 859227631833*x^2 - 1010947757488*x + 94118786084   min|root-r| = 1.967118790244325132 E-62

=== xm1_2_0_1_1_0_0_m1__13_8_m13_m1_m1
  xi = 0.118245111875874247792908505552471663667812099097217576850602033729919248000000
  HIT  T2  xi = (0 + -2*[zeta(2)] + 3*[L(2,chi_-3)])/-8   [[0, -8, 2, -3]~]  agree 71 digits
  T3 ratios:  xi/G       = 0.1290933989524899586790562899031817804926138421417397114793
              xi/(Pi*G)  = 0.04109170512764576064784618272684057967992912556998268198286
              xi*G       = 0.10830845415793689191059846346574290416016315613512900207722
              xi/zeta(2) = 0.07188440817110537755256339150144561095122381118639693665380
              xi/Pi^2    = 0.01198073469518422959209389858357426849187063519773282277564
              xi/L(g,2)  = 0.10542096962903179147026644919575920553835913745305932779798
  T3 lindep([1,xi,G,z2]) = [-1262548938832340, -188743926163731, 118600486800510, 715063931035999]~    residual 4.074543410806944224 E-47
  T3 lindep([xi,G,z2])   = [251566227543283708601, -100232599164289442887, 37729862114360709826]~    residual 7.427263909931417403 E-42
  T4 algdep(xi,1) = 1129716347907642728958001694922*x - 133583435946343288676940126643   min|root-xi| = 7.871983251746370531 E-62
  T4 algdep(xi,2) = 103833215547364798422*x^2 + 188066252698709962517*x - 23689701399999863788   min|root-xi| = 6.625341588011689158 E-62
  T4 algdep(xi,3) = 1920729207786364*x^3 - 649813706449984*x^2 - 153249791207057*x + 24031146762588   min|root-xi| = 1.7911282455403484317 E-62
  T4 algdep(xi,4) = 1106802979297*x^4 + 223997449357*x^3 + 145293821096*x^2 + 956895014220*x - 115766348861   min|root-xi| = 1.0307337522231035562 E-62
  T4 algdep(xi,5) = 2489708732*x^5 - 7012285193*x^4 + 3966544280*x^3 - 5971369884*x^2 - 7589448043*x + 975661717   min|root-xi| = 8.715582568511216562 E-63
  T4 algdep(xi,6) = 170773888*x^6 + 364244596*x^5 - 38505057*x^4 - 322213633*x^3 - 51336005*x^2 - 36126633*x + 5520927   min|root-xi| = 1.8403342451558797666 E-62
  T4 algdep(xi/G,4) = 125241152878*x^4 - 190428411800*x^3 - 520643279197*x^2 + 242866947499*x - 22301048042   min|root-r| = 6.255237431537989352 E-61
  T4 algdep(xi/zeta(2),4) = 566034612335*x^4 + 1583730165069*x^3 + 571230593141*x^2 + 374946835748*x - 30507985871   min|root-r| = 1.6789416962225529809 E-61
  T4 algdep(xi/Pi^2,4) = 714597474346*x^4 - 333154290629*x^3 + 1075104714074*x^2 + 81362349356*x - 1128540907   min|root-r| = 6.848254792277194359 E-61
  T4 algdep(xi/L(g,2),4) = 129727186093*x^4 - 318224627502*x^3 + 59191167423*x^2 - 355259923315*x + 37150830335   min|root-r| = 1.5757420031011710826 E-62

################ SUMMARY ################
battery size          : 145 constants
T2 independent basis  : 22 constants, 231 pairs per xi
input file            : /home/ubuntu/code/math-modular-sources/lattice/four_term_deep/out/mx2_xi.txt
lines processed       : 18
total verified hits   : 9
=> rows with hits: ["x1_2_0_1_1_1_1_8__16_4_48_0_m128", "x1_2_0_1_1_1_1_2__14_2_28_4_8", "x1_2_0_1_1_1_1_m2__6_0_m32_m8_32", "xm1_2_0_1_1_0_0_8__16_8_68_8_32", "xm1_2_0_1_1_0_0_8__16_8_48_0_m128", "xm1_2_0_1_1_0_0_2__14_8_28_4_8", "xm1_2_0_1_1_0_0_m2__6_4_m32_m8_32", "xm1_2_0_1_1_0_0_1__17_10_32_8_16", "xm1_2_0_1_1_0_0_m1__13_8_m13_m1_m1"]
