07_catalan.gp  -- Catalan-focused identification battery
realprecision = 250,  lindep at 60 digits,  verification threshold 55 digits
battery: 145 constants
T2 pair candidates: 24; dropped as dependent/duplicate: 2
   drop  Pi^2  [dependent, rel = [0, 0, 0, -6, 1]~]
   drop  L(2,chi_-4)  [duplicate value, deduped]
T2 independent basis (22): ["G", "Pi*G", "zeta(2)", "L(2,chi_-3)", "L(2,chi_-7)", "L(2,chi_-8)", "L(2,chi_-11)", "L(2,chi_-15)", "L(2,chi_-19)", "L(2,chi_-20)", "L(2,chi_-23)", "L(2,chi_-24)", "L(2,chi_5)", "L(2,chi_8)", "L(2,chi_12)", "L(2,chi_13)", "L(2,chi_17)", "L(2,chi_21)", "L(2,chi_24)", "L(g,2)", "log(2)^2", "Pi*log(2)"]

---- battery listing ----
  [1] G = 0.91596559417721901505460351493238411077
  [2] Pi*G = 2.87759078160816115177758016652154780012
  [3] G*sqrt(2) = 1.29537096595255359059471979889446991066
  [4] G*sqrt(3) = 1.58649894709995872422086678425008830247
  [5] G/sqrt(2) = 0.64768548297627679529735989944723495533
  [6] G/Pi = 0.291560904030818780138384456468394918865
  [7] G/Pi^2 = 0.092806718177693040738490995099859992805
  [8] zeta(2) = 1.64493406684822643647241516664602518922
  [9] Pi^2 = 9.8696044010893586188344909998761511353
  [10] Pi^2*sqrt(2) = 13.9577283992777590683151218723388105798
  [11] Pi^2/sqrt(2) = 6.9788641996388795341575609361694052899
  [12] Pi^2*sqrt(3) = 17.0946562732921691147429728514233472857
  [13] Pi^2/sqrt(3) = 5.6982187577640563715809909504744490952
  [14] Pi^2*sqrt(4) = 19.7392088021787172376689819997523022706
  [15] Pi^2/sqrt(4) = 4.9348022005446793094172454999380755677
  [16] Pi^2*sqrt(6) = 24.1754947457960955669990824831087666096
  [17] Pi^2/sqrt(6) = 4.0292491242993492611665137471847944349
  [18] Pi^2*sqrt(8) = 27.9154567985555181366302437446776211597
  [19] Pi^2/sqrt(8) = 3.48943209981943976707878046808470264496
  [20] Pi^2*sqrt(12) = 34.1893125465843382294859457028466945714
  [21] Pi^2/sqrt(12) = 2.84910937888202818579049547523722454762
  [22] Pi^2*sqrt(24) = 48.3509894915921911339981649662175332193
  [23] Pi^2/sqrt(24) = 2.01462456214967463058325687359239721747
  [24] L(2,chi_-3) = 0.78130241289648629686718742962409235637
  [25] L(2,chi_-7) = 1.15192547054449104710169239732054996480
  [26] L(2,chi_-8) = 1.06473417104350337039282745146166888948
  [27] L(2,chi_-11) = 0.90953910532388370153208593905860526926
  [28] L(2,chi_-15) = 1.29661859663323773324023659437853368278
  [29] L(2,chi_-19) = 0.76885127439924648968808391556033877945
  [30] L(2,chi_-20) = 1.12804332474094707284833170786973842180
  [31] L(2,chi_-23) = 1.40321690459504126782677598373661595317
  [32] L(2,chi_-24) = 1.05780661321150442946644246836679615009
  [33] L(2,chi_5) = 0.70621140325974096993100317576256402766
  [34] L(2,chi_8) = 0.87235802495485994176969511702117566124
  [35] L(2,chi_12) = 0.94970312629400939526349849174574151587
  [36] L(2,chi_13) = 0.84225715353071571897038449041624170196
  [37] L(2,chi_17) = 1.12646149283743545826589288741282638893
  [38] L(2,chi_21) = 0.82046638090269904153249925052015089448
  [39] L(2,chi_24) = 1.00731228107483731529162843679619860874
  [40] L(3,chi_-3) = 0.88402381175007985674305791687101180775
  [41] L(3,chi_-4) = 0.96894614625936938048363484584691860007
  [42] L(3,chi_-7) = 1.09334306942953357197657981500770023478
  [43] L(3,chi_-8) = 1.02772258593685856787925661800225576721
  [44] L(3,chi_5) = 0.85482476664854301023569008353813769714
  [45] L(3,chi_8) = 0.95838045456309456205166940286157781883
  [46] zeta(3) = 1.20205690315959428539973816151144999077
  [47] zeta(3)/Pi = 0.382626596031170342250153140240866137026
  [48] zeta(3)/Pi^2 = 0.121793828233573083121006121884619106588
  [49] Ti2(2) = 1.57601540344632342236057894681214494428
  [50] Ti2(1/2) = 0.487222358294522357110234497693337970609
  [51] Ti2(3) = 2.05507011608058912550681760343712967816
  [52] Ti2(1/3) = 0.329373968468987794789907311528086855579
  [53] Ti2(4) = 2.42588784128590899958072145819554939662
  [54] Ti2(1/4) = 0.248301750982306869080032559957935449285
  [55] Ti2(5) = 2.72722281709899020861710525161501598129
  [56] Ti2(1/5) = 0.199123656043058867622426425602927391161
  [57] Ti2(2-sqrt(3)) = 0.265864958279306982691875086397120687643
  [58] Ti2(sqrt(2)-1) = 0.406766154249813513245292191859602891886
  [59] G+(Pi/2)*log(2)  [=Ti2(2)] = 2.00475863932902008030494796405119108445
  [60] L(g,2) = 1.12164697680138607508269280307221429323
  [61] L(g,2)*sqrt(2) = 1.58624836678730050132787419157959761403
  [62] L(g,2)/sqrt(2) = 0.79312418339365025066393709578979880701
  [63] L(g,2)*Pi = 3.52375790224043573655581700589139609607
  [64] L(g,2)/Pi = 0.357031321524042097296192887783961471159
  [65] Gamma(1/4)^4/Pi = 55.0014865441629826199207662384844575831
  [66] Gamma(1/3)^6/Pi^2 = 37.4521496881216369396068147506936824248
  [67] G(1/8)G(3/8)/(G(5/8)G(7/8)) = 11.4250022887693471134781724090867670771
  [68] G(1/8)^2G(3/8)^2/Pi^3 = 10.2861159727113239711796091304317967191
  [69] G(1/6)G(1/3)/(G(2/3)G(5/6)) = 9.7557823965414795351382302980246256270
  [70] G(1/12)G(5/12)/(G(7/12)G(11/12)) = 15.1619544114749678216886359918297377237
  [71] Gamma(1/6)^6/Pi^2 = 3013.75123345357208629628287624933759070
  [72] log(2)^2 = 0.480453013918201424667102526326664971730
  [73] log(3)^2 = 1.20694896081258197784377912384936591362
  [74] log(5)^2 = 2.59029039398023494518017100499265489539
  [75] log(6)^2 = 3.21040199556840137536912708384903865663
  [76] log(8)^2 = 4.3240771252638128220039227369399847456
  [77] log(9)^2 = 4.8277958432503279113751164953974636545
  [78] log(10)^2 = 5.3018981104783980105616663885940176916
  [79] log(12)^2 = 6.1747610581606236222286800965020413431
  [80] log(16)^2 = 7.6872482226912227946736404212266395477
  [81] log(18)^2 = 8.3542488988437652817587098890701441688
  [82] log(24)^2 = 10.1000261485892487184224381618083739730
  [83] log(27)^2 = 10.8625406473132378005940121146442932226
  [84] log(32)^2 = 12.0113253479550356166775631581666242932
  [85] Pi*log(2) = 2.17758609030360213050068889823761394734
  [86] Pi*log(3) = 3.45139229522320266143382058381808564516
  [87] Pi*log(5) = 5.0561983221118626819893576520241771803
  [88] Pi*log(6) = 5.6289783855268047919345094820556995925
  [89] Pi*log(8) = 6.5327582709108063915020666947128418420
  [90] Pi*log(9) = 6.9027845904464053228676411676361712903
  [91] Pi*log(10) = 7.2337844124154648124900465502617911276
  [92] Pi*log(12) = 7.8065644758304069224351983802933135398
  [93] Pi*log(16) = 8.7103443612144085220027555929504557894
  [94] Pi*log(18) = 9.0803706807500074533683300658737852377
  [95] Pi*log(24) = 9.9841505661340090529358872785309274872
  [96] Pi*log(27) = 10.3541768856696079843014617514542569355
  [97] Pi*log(32) = 10.8879304515180106525034444911880697367
  [98] log(2)*log(3) = 0.76150001041880898642912271683650388564
  [99] log(2)*log(5) = 1.11557735128998082035719642863734891224
  [100] log(2)*log(6) = 1.24195302433701041109622524316316885737
  [101] log(2)*log(7) = 1.34880213344067334196116454339927648980
  [102] log(2)*log(8) = 1.44135904175460427400130757897999491519
  [103] log(2)*log(10) = 1.59603036520818224502429895496401388397
  [104] log(2)*log(12) = 1.72240603825521183576332776948983382910
  [105] log(3)*log(5) = 1.76814826844845172875795182576258517193
  [106] log(3)*log(6) = 1.96844897123139096427290184068586979926
  [107] log(3)*log(7) = 2.13780080239616021784685469059662924041
  [108] log(3)*log(8) = 2.28450003125642695928736815050951165693
  [109] log(3)*log(10) = 2.52964827886726071518707454259908905757
  [110] log(3)*log(12) = 2.72994898165019995070202455752237368490
  [111] log(5)*log(6) = 2.88372561973843254911514825439993408416
  [112] log(5)*log(7) = 3.13182156807991254291890879552861403466
  [113] log(5)*log(8) = 3.34673205386994246107158928591204673671
  [114] log(5)*log(10) = 3.70586774527021576553736743363000380763
  [115] log(5)*log(12) = 3.99930297102841336947234468303728299640
  [116] log(6)*log(7) = 3.48660293583683355980801923399590573021
  [117] log(6)*log(8) = 3.72585907301103123328867572948950657212
  [118] log(6)*log(10) = 4.1256786440754429602113734975631029415
  [119] log(6)*log(12) = 4.4523550199054117864653523270122075140
  [120] log(7)*log(8) = 4.0464064003220200258834936301978294694
  [121] log(7)*log(10) = 4.4806237015205858848800733389278905245
  [122] log(7)*log(12) = 4.8354050692775069017691837773951822200
  [123] log(8)*log(10) = 4.7880910956245467350728968648920416519
  [124] log(8)*log(12) = 5.1672181147656355072899833084695014873
  [125] log(10)*log(12) = 5.7217090092836252052356724525271168255
  [126] Pi*log((sqrt(2)+1)/(sqrt(2)-1)) = 5.5378335720973614353437035594799479608
  [127] log((sqrt(2)+1)/(sqrt(2)-1))^2 = 3.10727759958278392600229884035767561843
  [128] Pi*log((sqrt(3)+1)/(sqrt(3)-1)) = 4.1373452540660683281343270826936246345
  [129] log((sqrt(3)+1)/(sqrt(3)-1))^2 = 1.73437810227263615040825812545843864708
  [130] Pi*log((sqrt(5)+1)/(sqrt(5)-1)) = 3.02354306885557391688170632698920869036
  [131] log((sqrt(5)+1)/(sqrt(5)-1))^2 = 0.92625928230877756998771628492613104007
  [132] Pi*log((sqrt(8)+1)/(sqrt(8)-1)) = 2.32163051142258458696572738787925964358
  [133] log((sqrt(8)+1)/(sqrt(8)-1))^2 = 0.54611796101709743853565349587918781768
  [134] Pi*log((sqrt(12)+1)/(sqrt(12)-1)) = 1.86686222806724074061133564790871084936
  [135] log((sqrt(12)+1)/(sqrt(12)-1))^2 = 0.353122013502335095898642034188567311399
  [136] Pi*atan(1/1) = 2.46740110027233965470862274996903778383
  [137] Pi*atan(1/2) = 1.45659192229140539059421843298781413969
  [138] Pi*atan(1/3) = 1.01080917798093426411440431698122364414
  [139] Pi*atan(1/4) = 0.76962316836560519275591579249894039750
  [140] Pi*atan(1/5) = 0.62013644067562973992342431362659598751
  [141] atan(1/1)^2 = 0.61685027506808491367715568749225944596
  [142] atan(1/2)^2 = 0.214969105332164388710632716684036154272
  [143] atan(1/3)^2 = 0.103523419254546607090679187682388530387
  [144] atan(1/4)^2 = 0.0600145453874255907594997899595198501877
  [145] atan(1/5)^2 = 0.0389650070484478564858971079645396617455

=== m1_2_0_1_3_2_4_27__23_8_m216_m42_m324
  xi = 0.116802942221093280985527512853272815431027137489927719271936005958997536000000
  T1/T2/T4: NO HIT (unidentified)
  T3 ratios:  xi/G       = 0.1275189187930289265823656651795176752865335245772956859226
              xi/(Pi*G)  = 0.04059053252728908293387601460511649238379928633196006234737
              xi*G       = 0.10698747637319108882321952839307994979580757789690226431421
              xi/zeta(2) = 0.07100767415249256232314196840246470643460178765255580039512
              xi/Pi^2    = 0.01183461235874876038719032806707745107243363127542596673252
              xi/L(g,2)  = 0.10413520888201527559920325655994962054009203536534524321743
  T3 lindep([1,xi,G,z2]) = [1233319501794242, 591364592797806, 569449827043465, -1108852392385087]~    residual 5.656135957310384853 E-47
  T3 lindep([xi,G,z2])   = [-191625646514372459872, 96250795923092791915, -39989431482725432380]~    residual 7.194898798362965971 E-42
  T4 algdep(xi,1) = 2996662861660700123385410500731*x - 350019039086650804283223080651   min|root-xi| = 1.8908941524325649710 E-62
  T4 algdep(xi,2) = 201752565707297368089*x^2 + 73152863707871814325*x - 11296965301832166888   min|root-xi| = 5.067766460368117925 E-62
  T4 algdep(xi,3) = 769699726957073*x^3 - 438286216466698*x^2 + 206247984054097*x - 19337407095359   min|root-xi| = 4.449681133111346640 E-61
  T4 algdep(xi,4) = 96516499468*x^4 + 147071354279*x^3 + 1016234265563*x^2 - 521473930893*x + 46792951428   min|root-xi| = 9.526446611983323632 E-62
  T4 algdep(xi,5) = 7054415940*x^5 - 2527340025*x^4 - 3568513457*x^3 - 3569465417*x^2 - 5515431013*x + 698920121   min|root-xi| = 3.348134270404247679 E-62
  T4 algdep(xi,6) = 325027356*x^6 + 60740373*x^5 - 41745881*x^4 - 78836482*x^3 - 122614364*x^2 + 239262010*x - 26142435   min|root-xi| = 3.014319136264057239 E-62
  T4 algdep(xi/G,4) = 864464461506*x^4 - 555233658417*x^3 - 798895024451*x^2 + 284271501335*x - 22336357212   min|root-r| = 5.509225479169170484 E-61
  T4 algdep(xi/zeta(2),4) = 1006161759035*x^4 - 762466546552*x^3 + 125352319090*x^2 - 542764423327*x + 38155806010   min|root-r| = 8.219309445440488774 E-62
  T4 algdep(xi/Pi^2,4) = 196243422495*x^4 + 353697918364*x^3 - 63141112611*x^2 - 1388246512967*x + 16437612645   min|root-r| = 6.359343302026979919 E-62
  T4 algdep(xi/L(g,2),4) = 1323971063007*x^4 - 200357741365*x^3 + 294808155542*x^2 - 853050997326*x + 85706264827   min|root-r| = 2.117846631241693963 E-62

=== m1_2_0_1_3_2_4_m9__27_0_m648_m126_324
  xi = 0.21283815490968985563009143773965724178657484878138673190537422063071506700000
  T1/T2/T4: NO HIT (unidentified)
  T3 ratios:  xi/G       = 0.2323647921523462769186557090343776294032008412148217218992
              xi/(Pi*G)  = 0.07396401054313351922991522605360337552735069540989673223540
              xi*G       = 0.1949524270254370531471253095835685043574350429227275115278
              xi/zeta(2) = 0.1293900826782061226307446939313578562468685915562324463365
              xi/Pi^2    = 0.02156501377970102043845744898855964270781143192603874105608
              xi/L(g,2)  = 0.1897550292665549142433256031665487737026036833326670904669
  T3 lindep([1,xi,G,z2]) = [-312071011012150, -247316769603208, 18835362827491, 211228473305705]~    residual 1.7850614698132779272 E-47
  T3 lindep([xi,G,z2])   = [-182629502848603932716, 278570685907389144375, -131488940364381720622]~    residual 4.855988013000050431 E-42
  T4 algdep(xi,1) = 1053383238142337914480776825221*x - 224200144819009636791160013763   min|root-xi| = 6.591447254047434218 E-62
  T4 algdep(xi,2) = 28428836451997639783*x^2 + 33778242565980554238*x - 8477127394687259629   min|root-xi| = 5.700650557693760957 E-62
  T4 algdep(xi,3) = 808415011028836*x^3 - 438358684115868*x^2 - 1277138117549081*x + 283887001609066   min|root-xi| = 6.196269176866213449 E-62
  T4 algdep(xi,4) = 105555411978*x^4 + 1507094299623*x^3 - 385298638113*x^2 + 80161100916*x - 14354670107   min|root-xi| = 2.3155809654580026310 E-61
  T4 algdep(xi,5) = 3899932321*x^5 + 10406402831*x^4 + 3567055090*x^3 - 10573231289*x^2 - 1764364231*x + 797041883   min|root-xi| = 3.259160852236922356 E-62
  T4 algdep(xi,6) = 235903248*x^6 + 12622501*x^5 - 47627059*x^4 - 73048470*x^3 + 12807157*x^2 - 385074126*x + 82152897   min|root-xi| = 3.006863628952489069 E-62
  T4 algdep(xi/G,4) = 340208638668*x^4 - 95437438517*x^3 - 613463772852*x^2 + 913760164794*x - 178997129951   min|root-r| = 5.605562637445928609 E-62
  T4 algdep(xi/zeta(2),4) = 767472748275*x^4 + 58029400715*x^3 + 1010824294559*x^2 - 488575599937*x + 45953007971   min|root-r| = 7.356131754508873012 E-62
  T4 algdep(xi/Pi^2,4) = 162362963558*x^4 + 991535066012*x^3 + 873077640971*x^2 - 84259965831*x + 1401063698   min|root-r| = 1.3032392784348933943 E-60
  T4 algdep(xi/L(g,2),4) = 442864330823*x^4 - 364835158256*x^3 - 1371859269528*x^2 - 225808908642*x + 94163436333   min|root-r| = 2.829936673608275046 E-62

=== m1_2_0_1_3_2_4_m1__107_8_m216_m42_12
  xi = 0.116802942221093280985527512853272815431027137489927719271936005958997536000000
  T1/T2/T4: NO HIT (unidentified)
  T3 ratios:  xi/G       = 0.1275189187930289265823656651795176752865335245772956859226
              xi/(Pi*G)  = 0.04059053252728908293387601460511649238379928633196006234737
              xi*G       = 0.10698747637319108882321952839307994979580757789690226431421
              xi/zeta(2) = 0.07100767415249256232314196840246470643460178765255580039512
              xi/Pi^2    = 0.01183461235874876038719032806707745107243363127542596673252
              xi/L(g,2)  = 0.10413520888201527559920325655994962054009203536534524321743
  T3 lindep([1,xi,G,z2]) = [1233319501794242, 591364592797806, 569449827043465, -1108852392385087]~    residual 5.656135957310384853 E-47
  T3 lindep([xi,G,z2])   = [-191625646514372459872, 96250795923092791915, -39989431482725432380]~    residual 7.194898798362965971 E-42
  T4 algdep(xi,1) = 2996662861660700123385410500731*x - 350019039086650804283223080651   min|root-xi| = 1.8908941524325649710 E-62
  T4 algdep(xi,2) = 201752565707297368089*x^2 + 73152863707871814325*x - 11296965301832166888   min|root-xi| = 5.067766460368117925 E-62
  T4 algdep(xi,3) = 769699726957073*x^3 - 438286216466698*x^2 + 206247984054097*x - 19337407095359   min|root-xi| = 4.449681133111346640 E-61
  T4 algdep(xi,4) = 96516499468*x^4 + 147071354279*x^3 + 1016234265563*x^2 - 521473930893*x + 46792951428   min|root-xi| = 9.526446611983323632 E-62
  T4 algdep(xi,5) = 7054415940*x^5 - 2527340025*x^4 - 3568513457*x^3 - 3569465417*x^2 - 5515431013*x + 698920121   min|root-xi| = 3.348134270404247679 E-62
  T4 algdep(xi,6) = 325027356*x^6 + 60740373*x^5 - 41745881*x^4 - 78836482*x^3 - 122614364*x^2 + 239262010*x - 26142435   min|root-xi| = 3.014319136264057239 E-62
  T4 algdep(xi/G,4) = 864464461506*x^4 - 555233658417*x^3 - 798895024451*x^2 + 284271501335*x - 22336357212   min|root-r| = 5.509225479169170484 E-61
  T4 algdep(xi/zeta(2),4) = 1006161759035*x^4 - 762466546552*x^3 + 125352319090*x^2 - 542764423327*x + 38155806010   min|root-r| = 8.219309445440488774 E-62
  T4 algdep(xi/Pi^2,4) = 196243422495*x^4 + 353697918364*x^3 - 63141112611*x^2 - 1388246512967*x + 16437612645   min|root-r| = 6.359343302026979919 E-62
  T4 algdep(xi/L(g,2),4) = 1323971063007*x^4 - 200357741365*x^3 + 294808155542*x^2 - 853050997326*x + 85706264827   min|root-r| = 2.117846631241693963 E-62

=== m1_2_0_1_4_3_5_m8__0_m2_m128_m28_32
  xi = 0.50701371958301667631656361717723967219565886680221812881085991733829932300000
  T1/T2/T4: NO HIT (unidentified)
  T3 ratios:  xi/G       = 0.5535292185711953427340547359179081914309049480871565504975
              xi/(Pi*G)  = 0.1761938225627997792263835834730964980096959805149036450423
              xi*G       = 0.4644071229138597742378800829601090333752393318097189914062
              xi/zeta(2) = 0.3082273811463334744892956031798629500145537310420369115562
              xi/Pi^2    = 0.05137123019105557908154926719664382500242562184033948525937
              xi/L(g,2)  = 0.4520261098807342090889246111152270414788334176612703494445
  T3 lindep([1,xi,G,z2]) = [-93243450635693, 496376365946322, 1055038808710196, -683799702945720]~    residual 5.466947864694505319 E-47
  T3 lindep([xi,G,z2])   = [-46761430042554364589, -72597152035357945504, 54838173697365610307]~    residual 4.256271037664498164 E-42
  T4 algdep(xi,1) = 23573484992276061781632563063*x - 11952080309468307227974474583   min|root-xi| = 8.190874890007100457 E-60
  T4 algdep(xi,2) = 159004092540787006154*x^2 + 33601486678679640143*x - 57910469768347636334   min|root-xi| = 2.082291184876810394 E-62
  T4 algdep(xi,3) = 800209225192327*x^3 + 1330965104612959*x^2 - 463946728119466*x - 211209216770216   min|root-xi| = 6.469491361676963330 E-63
  T4 algdep(xi,4) = 1149250103516*x^4 + 31814315261*x^3 + 407474962926*x^2 - 1369184564410*x + 509358170319   min|root-xi| = 1.956487315319916928 E-62
  T4 algdep(xi,5) = 5289572537*x^5 + 5699245160*x^4 + 3461566010*x^3 + 3548741360*x^2 - 237274300*x - 1796946044   min|root-xi| = 3.144466368970664991 E-62
  T4 algdep(xi,6) = 68965959*x^6 - 83587654*x^5 - 281476659*x^4 + 237710775*x^3 - 90545273*x^2 - 99661844*x + 63053216   min|root-xi| = 6.763589167652725211 E-62
  T4 algdep(xi/G,4) = 130003250182*x^4 - 993038944454*x^3 + 302756984229*x^2 - 463415457740*x + 319964270562   min|root-r| = 4.985504402818936342 E-62
  T4 algdep(xi/zeta(2),4) = 464494263179*x^4 - 56785967938*x^3 + 470486198567*x^2 + 1608164983183*x - 542908175826   min|root-r| = 2.149252739656022173 E-62
  T4 algdep(xi/Pi^2,4) = 566463495371*x^4 + 202747490063*x^3 + 595879636460*x^2 - 1249681554573*x + 62593719197   min|root-r| = 1.998044617567726023 E-62
  T4 algdep(xi/L(g,2),4) = 61141889277*x^4 - 332932560896*x^3 - 10804342690*x^2 + 200509275540*x - 60230340743   min|root-r| = 1.8368247460848430953 E-60

=== m1_2_0_1_4_3_5_m8__24_0_m512_m112_128
  xi = 0.22796741862472187514714733981790962432422142027408510803209433429348661500000
  T1/T2/T4: NO HIT (unidentified)
  T3 ratios:  xi/G       = 0.2488820760014433891208216797565742616843527411737020794451
              xi/(Pi*G)  = 0.07922162528520498490852136502713805690462714574818207010834
              xi*G       = 0.2088103120536401968471643382313339330604456206619850965421
              xi/zeta(2) = 0.1385875721216708224626303463863680394647074419505269789728
              xi/Pi^2    = 0.02309792868694513707710505773106133991078457365842116316213
              xi/L(g,2)  = 0.2032434654928766036717833098979725535757706742886513981746
  T3 lindep([1,xi,G,z2]) = [686449056065145, 1379000500130398, -517841484388852, -320068304277391]~    residual 9.404350910584063221 E-47
  T3 lindep([xi,G,z2])   = [172928592365509289041, -185317464788598769295, 79226480601886203532]~    residual 5.277839621356481053 E-44
  T4 algdep(xi,1) = 1572442781030901708966224707420*x - 358465721726693443532037816569   min|root-xi| = 8.441008274809296652 E-62
  T4 algdep(xi,2) = 149749141819349567424*x^2 + 83048206102811495342*x - 26714619874932322665   min|root-xi| = 1.1988603331036033901 E-62
  T4 algdep(xi,3) = 580883503421306*x^3 - 1140545205797265*x^2 - 387555630598366*x + 140741330037252   min|root-xi| = 3.553520476058667162 E-62
  T4 algdep(xi,4) = 934243068648*x^4 + 428591667329*x^3 - 821713650512*x^2 + 477921744666*x - 73847669464   min|root-xi| = 2.8095325839429989451 E-61
  T4 algdep(xi,5) = 12067760020*x^5 - 1948221744*x^4 + 6663524530*x^3 - 4313964303*x^2 - 1750988878*x + 542248573   min|root-xi| = 1.0184157344756582134 E-61
  T4 algdep(xi,6) = 172629962*x^6 - 97495115*x^5 - 208905687*x^4 + 20748645*x^3 - 402593446*x^2 + 153474742*x - 13710611   min|root-xi| = 1.0050972336892618553 E-61
  T4 algdep(xi/G,4) = 870270409078*x^4 - 747767742326*x^3 + 518268356819*x^2 - 315160924459*x + 54523913709   min|root-r| = 2.0480717119881889306 E-61
  T4 algdep(xi/zeta(2),4) = 313152162257*x^4 - 761301489148*x^3 - 128150028922*x^2 - 437833773275*x + 65050536685   min|root-r| = 2.3994542790347741861 E-63
  T4 algdep(xi/Pi^2,4) = 436395096872*x^4 + 663384685170*x^3 + 272938129281*x^2 - 155753260361*x + 3443662149   min|root-r| = 9.397879083490194427 E-62
  T4 algdep(xi/L(g,2),4) = 858702326257*x^4 + 504143044843*x^3 + 756381751503*x^2 - 661112891047*x + 97424523559   min|root-r| = 1.4901841294112309896 E-62

=== m1_2_0_1_4_3_5_6__38_6_384_84_72
  xi = 0.48423755360437642454709123916821281324910860106802418445522707278646892600000
  T1/T2/T4: NO HIT (unidentified)
  T3 ratios:  xi/G       = 0.5286634745700799808518105021339291323238507601190915256911
              xi/(Pi*G)  = 0.1682788104199294727245464692322604414397193727953268175653
              xi*G       = 0.4435449385101555950120909699934231653065439677922041351933
              xi/zeta(2) = 0.2943811325715924260645567838593390993951224904210199872067
              xi/Pi^2    = 0.04906352209526540434409279730988984989918708173683666453445
              xi/L(g,2)  = 0.4317201076806557912198329640660305166429618432353717614204
  T3 lindep([1,xi,G,z2]) = [-286794900330033, -1013668209135110, 675281501576565, 96731227996609]~    residual 9.649381205816925203 E-47
  T3 lindep([xi,G,z2])   = [23228418422250280171, -105939471609029991807, 52153359990088877782]~    residual 6.317822083327253234 E-42
  T4 algdep(xi,1) = 469773414711245096901436902023*x - 227481929088147504037259911455   min|root-xi| = 4.726626536196441942 E-61
  T4 algdep(xi,2) = 92595963130377374814*x^2 + 65448449511037467114*x - 53405054859481982065   min|root-xi| = 3.767140684943848123 E-62
  T4 algdep(xi,3) = 383434601638360*x^3 + 453680610586460*x^2 + 184053982501057*x - 239045427910724   min|root-xi| = 4.320260942922360749 E-62
  T4 algdep(xi,4) = 185377520087*x^4 - 87667172521*x^3 + 820455062356*x^2 + 984054959693*x - 669140000226   min|root-xi| = 2.107630845029981218 E-62
  T4 algdep(xi,5) = 11352311368*x^5 - 2753605891*x^4 + 1415855941*x^3 + 2424235761*x^2 - 4070458832*x + 1090999789   min|root-xi| = 2.2346921377526273729 E-61
  T4 algdep(xi,6) = 128085786*x^6 + 384549462*x^5 + 23205852*x^4 + 245556142*x^3 + 181495120*x^2 - 39569251*x - 64445330   min|root-xi| = 1.7773769617562705941 E-62
  T4 algdep(xi/G,4) = 152816455674*x^4 - 995191978431*x^3 - 192523822517*x^2 - 506004874301*x + 456420190176   min|root-r| = 4.551899705807762089 E-63
  T4 algdep(xi/zeta(2),4) = 226573716169*x^4 - 244043018011*x^3 + 627398547277*x^2 - 415750906019*x + 72542954756   min|root-r| = 2.989477267127395835 E-62
  T4 algdep(xi/Pi^2,4) = 258455654003*x^4 - 540766819979*x^3 + 1279147580387*x^2 - 79523333810*x + 884864176   min|root-r| = 2.2563912725306375116 E-61
  T4 algdep(xi/L(g,2),4) = 699687561694*x^4 - 477469488922*x^3 - 933171915964*x^2 + 197475772764*x + 102785999803   min|root-r| = 6.774202516570683064 E-62

=== m1_2_0_1_4_3_5_m2__30_2_m128_m28_8
  xi = 0.31692535921035498097889501574223569339284710696878134781480777272059951900000
  T1/T2/T4: NO HIT (unidentified)
  T3 ratios:  xi/G       = 0.3460013795551331126599066294487899697658644065216458791987
              xi/(Pi*G)  = 0.11013565974562897770703193839430329326970116262789189185607
              xi*G       = 0.2902927249589413711082778006714935946428051071141395493362
              xi/zeta(2) = 0.1926675151287974488317272277142814775999407832487333886459
              xi/Pi^2    = 0.03211125252146624147195453795238024626665679720812223144098
              xi/L(g,2)  = 0.2825535714580489212209421734892363927778764535973634202430
  T3 lindep([1,xi,G,z2]) = [-641548632535899, 1463404002892065, -805953596345557, 556851837691255]~    residual 2.7166287802138425115 E-48
  T3 lindep([xi,G,z2])   = [213394397687789415700, 177667483358124387856, -140046584689057297169]~    residual 4.367512134696978511 E-43
  T4 algdep(xi,1) = 3963610085609039662024731340070*x - 1256168550151430752698472629903   min|root-xi| = 2.3148715686438653748 E-63
  T4 algdep(xi,2) = 78479632880994086927*x^2 - 192707067902494071205*x + 53191130285206259457   min|root-xi| = 2.928749247975944587 E-62
  T4 algdep(xi,3) = 388849830831093*x^3 + 1293644912784845*x^2 + 643427473930909*x - 346232424628100   min|root-xi| = 9.565768435724715148 E-63
  T4 algdep(xi,4) = 601570758206*x^4 - 18833055761*x^3 + 23875526983*x^2 + 970086096318*x - 315312444793   min|root-xi| = 2.487259225350433727 E-62
  T4 algdep(xi,5) = 5881268185*x^5 + 1080438545*x^4 - 8267676539*x^3 - 10012321523*x^2 - 8111370285*x + 3809830034   min|root-xi| = 2.082611936129031877 E-62
  T4 algdep(xi,6) = 341594215*x^6 + 410178552*x^5 - 145172832*x^4 - 187744990*x^3 - 133486460*x^2 + 58421869*x + 675600   min|root-xi| = 1.0293904329939936639 E-62
  T4 algdep(xi/G,4) = 398945201438*x^4 - 512438892614*x^3 + 765611859563*x^2 - 374013033787*x + 53260925648   min|root-r| = 3.409058232950608666 E-61
  T4 algdep(xi/zeta(2),4) = 383209337043*x^4 - 426341882641*x^3 - 22103494909*x^2 - 366118127169*x + 73880707624   min|root-r| = 7.412739848110060601 E-63
  T4 algdep(xi/Pi^2,4) = 11850558842*x^4 + 1530180897599*x^3 + 74516135862*x^2 - 573978492067*x + 18303653934   min|root-r| = 8.695745194909596598 E-62
  T4 algdep(xi/L(g,2),4) = 438075470561*x^4 + 740763453702*x^3 + 643556835760*x^2 + 956834332695*x - 341238744455   min|root-r| = 1.4514059467266558657 E-62

=== m1_2_0_1_4_3_5_m2__6_0_m144_m40_16
  xi = 0.45455964083618968810012798367057491043187686936015668067947327294780235200000
  T1/T2/T4: NO HIT (unidentified)
  T3 ratios:  xi/G       = 0.4962627894822897521845417058404854562465121552962862718473
              xi/(Pi*G)  = 0.1579653520373581213749855104342309094046998361207065667046
              xi*G       = 0.4163609915075037561898723270531603926509646747043880545652
              xi/zeta(2) = 0.2763391250733520505625260370930194159674079951968863850684
              xi/Pi^2    = 0.04605652084555867509375433951550323599456799919948106417807
              xi/L(g,2)  = 0.4052608799717561598588075235214434254076812975461554498474
  T3 lindep([1,xi,G,z2]) = [36466344780808, -1625457568189557, -518134991017022, 715527091475464]~    residual 3.204578568795981859 E-47
  T3 lindep([xi,G,z2])   = [-120125825196194854669, -121691932365040544430, 100958438662438117237]~    residual 5.595512223563856995 E-42
  T4 algdep(xi,1) = 3325932063501715417955872516207*x - 1511834484230906994590185421002   min|root-xi| = 3.393273728328384239 E-62
  T4 algdep(xi,2) = 16355648741021350031*x^2 - 173957000374929888476*x + 75694354406554845563   min|root-xi| = 1.7302708969149174541 E-62
  T4 algdep(xi,3) = 1053046537597496*x^3 + 346180366506809*x^2 + 413195442358377*x - 358256746723360   min|root-xi| = 3.056595655228422120 E-62
  T4 algdep(xi,4) = 254646030261*x^4 + 98134093181*x^3 + 84906429198*x^2 + 409094139772*x - 223590267131   min|root-xi| = 6.143261817636109631 E-62
  T4 algdep(xi,5) = 8725980288*x^5 - 8216431707*x^4 - 614570136*x^3 + 6395373149*x^2 + 628996474*x - 1368188518   min|root-xi| = 1.1753977903446572049 E-61
  T4 algdep(xi,6) = 346479443*x^6 + 336062454*x^5 - 95836477*x^4 - 268015935*x^3 + 46220003*x^2 + 71273719*x - 22262221   min|root-xi| = 7.745374263752855044 E-61
  T4 algdep(xi/G,4) = 633553138411*x^4 - 914539778436*x^3 + 109479694786*x^2 - 153378954585*x + 122500759848   min|root-r| = 1.2854518908269638603 E-61
  T4 algdep(xi/zeta(2),4) = 1101201183478*x^4 + 567145826752*x^3 + 162764498613*x^2 - 159308596199*x + 13204458269   min|root-r| = 6.176160925837338999 E-62
  T4 algdep(xi/Pi^2,4) = 261630851826*x^4 + 1100736368374*x^3 - 257593050533*x^2 - 658983808233*x + 30788194774   min|root-r| = 3.044237455568982900 E-62
  T4 algdep(xi/L(g,2),4) = 791087883254*x^4 + 685246989898*x^3 - 606311915953*x^2 - 338675463264*x + 169882844993   min|root-r| = 1.6726648427494691303 E-61

=== mm1_2_0_1_1_0_0_8__16_8_68_8_32
  xi = 0.46904388522324210393602005555166986637234108908102744308758179385135374100000
  HIT  T2  xi = (0 + 2*[zeta(2)] + 15*[L(2,chi_-3)])/32   [[0, 32, -2, -15]~]  agree 73 digits
  T3 ratios:  xi/G       = 0.5120758773090908492421834153415766717418585101073097710605
              xi/(Pi*G)  = 0.1629988142237214643548518489569492136573828402438303670390
              xi*G       = 0.4296280610236982716942138137360981432943389430111253840265
              xi/zeta(2) = 0.2851444897861182780592957606231929863109702360170038291827
              xi/Pi^2    = 0.04752408163101971300988262677053216438516170600283397153045
              xi/L(g,2)  = 0.4181742517247450606470360866700716223667258166668031640236
  T3 lindep([1,xi,G,z2]) = [-533311651764245, -323135744140001, 1040261418452233, -162904506024062]~    residual 2.1067455048780328273 E-47
  T3 lindep([xi,G,z2])   = [-105958123073413951685, 86127013410470615690, -17745617823968265486]~    residual 1.0346009019710988405 E-41
  T4 algdep(xi,1) = 1301745433513230412085408411446*x - 610575735706659180751290981625   min|root-xi| = 1.4006546349631942990 E-61
  T4 algdep(xi,2) = 139599333957691979561*x^2 + 82762920307599763213*x - 69531597573385389759   min|root-xi| = 3.333490395132033850 E-62
  T4 algdep(xi,3) = 764502157824943*x^3 - 1505874895175814*x^2 + 316765699421504*x + 103829234189821   min|root-xi| = 1.8828879765085468646 E-62
  T4 algdep(xi,4) = 61161380197*x^4 + 1599722068333*x^3 - 788623559969*x^2 - 527415212053*x + 252843109289   min|root-xi| = 2.8724814801451000335 E-61
  T4 algdep(xi,5) = 4400557601*x^5 + 3174899133*x^4 - 4962133888*x^3 + 504532419*x^2 - 4666634932*x + 2336333923   min|root-xi| = 4.849300822872292879 E-62
  T4 algdep(xi,6) = 138110153*x^6 + 71369593*x^5 + 142757291*x^4 - 253531249*x^3 + 193014389*x^2 - 70485313*x + 6758707   min|root-xi| = 3.741692094410248872 E-61
  T4 algdep(xi/G,4) = 802806074772*x^4 - 511717476738*x^3 - 447007313350*x^2 + 806248897837*x - 282134619230   min|root-r| = 1.2050800665912220119 E-61
  T4 algdep(xi/zeta(2),4) = 551467246331*x^4 + 209653438333*x^3 + 556434337904*x^2 + 89635892119*x - 79307767232   min|root-r| = 1.3674306826466397807 E-62
  T4 algdep(xi/Pi^2,4) = 348743741481*x^4 + 120897454852*x^3 - 210379197093*x^2 - 669233119688*x + 32265083428   min|root-r| = 2.212261520202580495 E-62
  T4 algdep(xi/L(g,2),4) = 575295269755*x^4 + 552438251453*x^3 - 1084846911921*x^2 - 526605678245*x + 351929998700   min|root-r| = 2.442755887965861503 E-62

=== mm1_2_0_1_1_0_0_8__16_8_48_0_m128
  xi = 0.22899139854430475376365087873309602769353734357041803356662452990544075500000
  HIT  T1  xi = (0 + -1*[G])/-4   [[0, -4, 1]~]  agree 72 digits
  T3 ratios:  xi/G       = 0.2500000000000000000000000000000000000000000000000000000000
              xi/(Pi*G)  = 0.07957747154594766788444188168625718101722982287022822437383
              xi*G       = 0.2097482424291064692041440703189954877473756035465856633152
              xi/zeta(2) = 0.1392100772665395611077364926497899892070728443484699040557
              xi/Pi^2    = 0.02320167954442326018462274877496499820117880739141165067595
              xi/L(g,2)  = 0.2041563908078477849264949107769900771654265547749285649755
  T3 lindep([1,xi,G,z2]) = [0, -4, 1, 0]~    residual 2.2374523052064348707 E-73
  T3 lindep([xi,G,z2])   = [-4, 1, 0]~    residual 2.2374523052064348707 E-73
  T4 algdep(xi,1) = 910534500401614597141997387347*x - 208504568669805545091162491688   min|root-xi| = 8.359797895475780631 E-62
  T4 algdep(xi,2) = 49167248507143787105*x^2 + 126286562569782367250*x - 31496722570069442724   min|root-xi| = 4.829269258357035255 E-62
  T4 algdep(xi,3) = 1586496812352264*x^3 + 535249815546966*x^2 - 475150092970730*x + 61688281299541   min|root-xi| = 1.4869669246127780899 E-61
  T4 algdep(xi,4) = 734877879210*x^4 - 310138393130*x^3 - 725272521551*x^2 - 265836827548*x + 100608881455   min|root-xi| = 2.563235035372738181 E-63
  T4 algdep(xi,5) = 6117487172*x^5 - 8407357377*x^4 + 611298777*x^3 + 9015033249*x^2 - 3795341797*x + 408303933   min|root-xi| = 2.7931515453564253963 E-61
  T4 algdep(xi,6) = 232988378*x^6 + 271535984*x^5 + 116445611*x^4 - 83805283*x^3 + 131836365*x^2 - 145732232*x + 26939871   min|root-xi| = 2.0358731913633897253 E-61
  T4 algdep(xi/G,4) = 4*x - 1   min|root-r| = 6.106813180074363972 E-74
  T4 algdep(xi/zeta(2),4) = 428939543199*x^4 - 637481776423*x^3 + 425192462484*x^2 - 309586040030*x + 36416215906   min|root-r| = 2.8761498500813502392 E-61
  T4 algdep(xi/Pi^2,4) = 627737311515*x^4 + 698564490716*x^3 - 867930866007*x^2 + 267313739770*x - 5743811874   min|root-r| = 1.8302228546271063697 E-61
  T4 algdep(xi/L(g,2),4) = 419861621740*x^4 - 356019824259*x^3 + 539919260614*x^2 + 879536236017*x - 199766629356   min|root-r| = 4.371943594149458964 E-62

=== mm1_2_0_1_1_0_0_2__14_8_28_4_8
  xi = 0.14955765955456705068872391372006233240852158066456136005783189180400510900000
  HIT  T2  xi = (0 + 8*[G] + -3*[zeta(2)])/16   [[0, 16, -8, 3]~]  agree 71 digits
  T3 ratios:  xi/G       = 0.1632786870001483512044981111397230513211870936077577947952
              xi/(Pi*G)  = 0.05197322027525600318655397468976439290581252213730208898888
              xi*G       = 0.1369896704976532451170571941038525887474797630031530083189
              xi/zeta(2) = 0.09092015453307912221547298529957997841414568869693980811140
              xi/Pi^2    = 0.01515335908884652036924549754992999640235761478282330135190
              xi/L(g,2)  = 0.1333375497351781698605552474715948396860157403082934680655
  T3 lindep([1,xi,G,z2]) = [0, 16, -8, 3]~    residual 3.000435534333965401 E-72
  T3 lindep([xi,G,z2])   = [-16, 8, -3]~    residual 3.000435534333965401 E-72
  T4 algdep(xi,1) = 2244645867337040679288458952544*x - 335703982447759006471886998571   min|root-xi| = 2.280634811465546150 E-62
  T4 algdep(xi,2) = 133291494298540577740*x^2 + 138649321482914527177*x - 23717464656331999302   min|root-xi| = 1.968146364414180787 E-62
  T4 algdep(xi,3) = 1286534109221627*x^3 + 822321596259209*x^2 + 239117240957564*x - 58458840377738   min|root-xi| = 6.171405515383492986 E-62
  T4 algdep(xi,4) = 684737368394*x^4 + 490502168361*x^3 + 610777964880*x^2 + 489297945767*x - 88823247702   min|root-xi| = 2.807921168887548074 E-62
  T4 algdep(xi,5) = 8625594930*x^5 - 1593496378*x^4 + 1108181525*x^3 + 6833345968*x^2 + 5352864503*x - 956962002   min|root-xi| = 1.0806493225696234785 E-62
  T4 algdep(xi,6) = 280698234*x^6 - 61809212*x^5 + 24293065*x^4 + 229150402*x^3 - 196086053*x^2 - 365150663*x + 58219801   min|root-xi| = 2.124243179477910646 E-62
  T4 algdep(xi/G,4) = 995831564040*x^4 + 544207194337*x^3 + 249250656526*x^2 + 589096547899*x - 105908637939   min|root-r| = 1.0910005089059418872 E-61
  T4 algdep(xi/zeta(2),4) = 772886564009*x^4 - 53327041594*x^3 + 493479818137*x^2 - 1390967885613*x + 122374941908   min|root-r| = 5.832635480321118318 E-63
  T4 algdep(xi/Pi^2,4) = 362554921925*x^4 + 1253601421102*x^3 + 825204336979*x^2 - 182383144775*x + 2569849201   min|root-r| = 8.308465905590824856 E-62
  T4 algdep(xi/L(g,2),4) = 931371586543*x^4 + 763835888667*x^3 - 551080004312*x^2 + 815593742941*x - 101056816161   min|root-r| = 4.003468571327882303 E-64

=== mm1_2_0_1_1_0_0_m2__6_4_m32_m8_32
  xi = 0.15886747797947540614985393002606739057003152581171334701758527620287129200000
  HIT  T2  xi = (0 + -4*[G] + 3*[zeta(2)])/8   [[0, 8, 4, -3]~]  agree 71 digits
  T3 ratios:  xi/G       = 0.1734426259997032975910037777205538973576258127844844104097
              xi/(Pi*G)  = 0.05520850254138332939577581399298557622283460146585227076992
              xi*G       = 0.1455171438629064481741737524302857979997916810868653099926
              xi/zeta(2) = 0.09657984546692087778452701470042002158585431130306019188860
              xi/Pi^2    = 0.01609664091115347963075450245007000359764238521717669864810
              xi/L(g,2)  = 0.1416376821453392301318793266107904749588216289332701938200
  T3 lindep([1,xi,G,z2]) = [0, 8, 4, -3]~    residual 3.895416456416539350 E-72
  T3 lindep([xi,G,z2])   = [-8, -4, 3]~    residual 3.895416456416539350 E-72
  T4 algdep(xi,1) = 1042887233572247333961607424059*x - 165680864614615027838131524614   min|root-xi| = 1.7527274398252181278 E-61
  T4 algdep(xi,2) = 114186519700787518820*x^2 - 108050268670104743295*x + 14283734317316946547   min|root-xi| = 1.0470091755646088463 E-62
  T4 algdep(xi,3) = 675339774189136*x^3 + 113129437278372*x^2 + 384889198593529*x - 66709503085030   min|root-xi| = 4.308906923901738287 E-62
  T4 algdep(xi,4) = 1183041022475*x^4 + 1039944911647*x^3 + 498055564068*x^2 - 193147573331*x + 13191106242   min|root-xi| = 1.2167379509754149790 E-60
  T4 algdep(xi,5) = 296188781*x^5 + 6322052014*x^4 + 2316225700*x^3 + 7269374400*x^2 - 2527944199*x + 204792934   min|root-xi| = 1.6657918459371980699 E-60
  T4 algdep(xi,6) = 51165796*x^6 + 97441485*x^5 - 65725464*x^4 + 138720957*x^3 + 159730874*x^2 - 247581866*x + 34776242   min|root-xi| = 1.9361295819266668089 E-62
  T4 algdep(xi/G,4) = 996300440899*x^4 + 1113128941188*x^3 + 260433514638*x^2 + 480556207228*x - 97892798738   min|root-r| = 6.914131567761836210 E-62
  T4 algdep(xi/zeta(2),4) = 467369725525*x^4 - 1043388146431*x^3 - 528867975080*x^2 + 362890353370*x - 29215502363   min|root-r| = 1.1951534713027108009 E-61
  T4 algdep(xi/Pi^2,4) = 732868213882*x^4 + 127438345646*x^3 - 519549034647*x^2 - 106262780572*x + 1844509233   min|root-r| = 5.442324550395815461 E-62
  T4 algdep(xi/L(g,2),4) = 47171997352*x^4 + 677239066423*x^3 + 108230018201*x^2 - 185714709571*x + 22189663816   min|root-r| = 4.728702269771512718 E-62

=== mm1_2_0_1_1_0_0_1__17_10_32_8_16
  xi = 0.115620737022370989635832527780327138135207227558655667307384473017703747000000
  HIT  T2  xi = (0 + -6*[zeta(2)] + 15*[L(2,chi_-3)])/16   [[0, 16, 6, -15]~]  agree 71 digits
  T3 ratios:  xi/G       = 0.1262282532852439683630284603890814803402159365019736615747
              xi/(Pi*G)  = 0.04017970093640470849015759475989850963837335087924910805457
              xi*G       = 0.10590461708590402794514510338116058859595403511553525255566
              xi/zeta(2) = 0.07028897957223655611859152124638597262194047203400765836547
              xi/Pi^2    = 0.01171482992870609268643192020773099543699007867233460972758
              xi/L(g,2)  = 0.10308121843477705464757997578711573901388531535610322968578
  T3 lindep([1,xi,G,z2]) = [1640941907628884, -637735011107733, -473222555337529, -689237921076167]~    residual 4.844342652032815208 E-47
  T3 lindep([xi,G,z2])   = [230174412015374872925, 260364124917050703643, -161159964332750591561]~    residual 3.357575378285657833 E-42
  T4 algdep(xi,1) = 4084870797334498414386929016851*x - 472295772228974944467633154169   min|root-xi| = 1.7390049245491464140 E-62
  T4 algdep(xi,2) = 8748265800940515856*x^2 + 130466752878484437715*x - 15201610296443347343   min|root-xi| = 4.472969956483935861 E-62
  T4 algdep(xi,3) = 197251998223253*x^3 + 318864631637185*x^2 + 86342080965207*x - 14550446575218   min|root-xi| = 5.418326262966686900 E-62
  T4 algdep(xi,4) = 309928019766*x^4 - 1078102344640*x^3 + 655462308195*x^2 + 932933312359*x - 115017791567   min|root-xi| = 2.555841564440697076 E-62
  T4 algdep(xi,5) = 5338982221*x^5 + 3902376532*x^4 + 691409654*x^3 - 2195886237*x^2 + 1126326852*x - 102748161   min|root-xi| = 7.833251770861768812 E-61
  T4 algdep(xi,6) = 79569254*x^6 - 104242157*x^5 - 94093114*x^4 - 36425741*x^3 + 94376411*x^2 + 82847858*x - 10765489   min|root-xi| = 2.2044618362852605907 E-61
  T4 algdep(xi/G,4) = 770337499721*x^4 + 705328789515*x^3 - 41210169558*x^2 - 1147810206208*x + 143928525854   min|root-r| = 9.137439997981563933 E-63
  T4 algdep(xi/zeta(2),4) = 585023681770*x^4 - 159433456044*x^3 + 565221623927*x^2 - 109804627317*x + 4966640737   min|root-r| = 8.266381521125533078 E-61
  T4 algdep(xi/Pi^2,4) = 764834078799*x^4 + 130509462492*x^3 - 753353817430*x^2 - 711741053376*x + 8441089366   min|root-r| = 2.443244184588616312 E-62
  T4 algdep(xi/L(g,2),4) = 735811199847*x^4 + 801537714685*x^3 + 859227631833*x^2 - 1010947757488*x + 94118786084   min|root-r| = 1.967118790244325132 E-62

=== mm1_2_0_1_1_0_0_m1__13_8_m13_m1_m1
  xi = 0.118245111875874247792908505552471663667812099097217576850602033729919248000000
  HIT  T2  xi = (0 + -2*[zeta(2)] + 3*[L(2,chi_-3)])/-8   [[0, -8, 2, -3]~]  agree 71 digits
  T3 ratios:  xi/G       = 0.1290933989524899586790562899031817804926138421417397114793
              xi/(Pi*G)  = 0.04109170512764576064784618272684057967992912556998268198286
              xi*G       = 0.10830845415793689191059846346574290416016315613512900207722
              xi/zeta(2) = 0.07188440817110537755256339150144561095122381118639693665380
              xi/Pi^2    = 0.01198073469518422959209389858357426849187063519773282277564
              xi/L(g,2)  = 0.10542096962903179147026644919575920553835913745305932779798
  T3 lindep([1,xi,G,z2]) = [-1262548938832340, -188743926163731, 118600486800510, 715063931035999]~    residual 4.074543410806944224 E-47
  T3 lindep([xi,G,z2])   = [251566227543283708601, -100232599164289442887, 37729862114360709826]~    residual 7.427263909931417403 E-42
  T4 algdep(xi,1) = 1129716347907642728958001694922*x - 133583435946343288676940126643   min|root-xi| = 7.871983251746370531 E-62
  T4 algdep(xi,2) = 103833215547364798422*x^2 + 188066252698709962517*x - 23689701399999863788   min|root-xi| = 6.625341588011689158 E-62
  T4 algdep(xi,3) = 1920729207786364*x^3 - 649813706449984*x^2 - 153249791207057*x + 24031146762588   min|root-xi| = 1.7911282455403484317 E-62
  T4 algdep(xi,4) = 1106802979297*x^4 + 223997449357*x^3 + 145293821096*x^2 + 956895014220*x - 115766348861   min|root-xi| = 1.0307337522231035562 E-62
  T4 algdep(xi,5) = 2489708732*x^5 - 7012285193*x^4 + 3966544280*x^3 - 5971369884*x^2 - 7589448043*x + 975661717   min|root-xi| = 8.715582568511216562 E-63
  T4 algdep(xi,6) = 170773888*x^6 + 364244596*x^5 - 38505057*x^4 - 322213633*x^3 - 51336005*x^2 - 36126633*x + 5520927   min|root-xi| = 1.8403342451558797666 E-62
  T4 algdep(xi/G,4) = 125241152878*x^4 - 190428411800*x^3 - 520643279197*x^2 + 242866947499*x - 22301048042   min|root-r| = 6.255237431537989352 E-61
  T4 algdep(xi/zeta(2),4) = 566034612335*x^4 + 1583730165069*x^3 + 571230593141*x^2 + 374946835748*x - 30507985871   min|root-r| = 1.6789416962225529809 E-61
  T4 algdep(xi/Pi^2,4) = 714597474346*x^4 - 333154290629*x^3 + 1075104714074*x^2 + 81362349356*x - 1128540907   min|root-r| = 6.848254792277194359 E-61
  T4 algdep(xi/L(g,2),4) = 129727186093*x^4 - 318224627502*x^3 + 59191167423*x^2 - 355259923315*x + 37150830335   min|root-r| = 1.5757420031011710826 E-62

=== mm1_2_0_1_3_m1_1_27__23_6_m216_m42_m324
  xi = 0.118159321044987035761472880645948588344579303979877450178248220596216789000000
  T1/T2/T4: NO HIT (unidentified)
  T3 ratios:  xi/G       = 0.1289997373221486192318039465344095296369000055809410824593
              xi/(Pi*G)  = 0.04106189170475202061336622937654498200099187627757375813013
              xi*G       = 0.10822987270854832942867003685225571899301918826859621215267
              xi/zeta(2) = 0.07183225359991846583024758417837087591435237819093501782451
              xi/Pi^2    = 0.01197204226665307763837459736306181265239206303182250297075
              xi/L(g,2)  = 0.10534448314740112479058849279131961088238084941006476778857
  T3 lindep([1,xi,G,z2]) = [-1749187862447812, 856155357598560, -90076623345876, 1052037433831743]~    residual 6.720085751373044109 E-47
  T3 lindep([xi,G,z2])   = [-70047217859890276329, 148974248856673805739, -77923217258968637114]~    residual 5.890460097774492523 E-42
  T4 algdep(xi,1) = 1703060246751782112588340489583*x - 201232442454898662187949114985   min|root-xi| = 3.016832561472287712 E-62
  T4 algdep(xi,2) = 200656476386125994329*x^2 - 99952321466647717715*x + 9008807934184119308   min|root-xi| = 7.151026626844788570 E-62
  T4 algdep(xi,3) = 560425476202747*x^3 + 95984134138742*x^2 + 1001144214204648*x - 120559146869262   min|root-xi| = 2.326502344362550751 E-62
  T4 algdep(xi,4) = 707198293888*x^4 - 333164648065*x^3 - 690185957471*x^2 + 480700791709*x - 46751393141   min|root-xi| = 1.2591692327018837627 E-61
  T4 algdep(xi,5) = 8233406093*x^5 - 3988545652*x^4 + 5606542967*x^3 - 4147940257*x^2 - 9391570989*x + 1158952386   min|root-xi| = 2.553843512507757592 E-63
  T4 algdep(xi,6) = 187016974*x^6 + 34020830*x^5 + 121185581*x^4 + 2566791*x^3 - 317327931*x^2 + 184110700*x - 17353131   min|root-xi| = 1.2051426201663547713 E-61
  T4 algdep(xi/G,4) = 163265322513*x^4 + 938400396252*x^3 - 825045639741*x^2 - 695411944597*x + 101377833723   min|root-r| = 3.732634427255525406 E-62
  T4 algdep(xi/zeta(2),4) = 564704287806*x^4 - 1182331848705*x^3 - 7258344915*x^2 + 248481736270*x - 17388360087   min|root-r| = 1.2993041124996172858 E-61
  T4 algdep(xi/Pi^2,4) = 415229707205*x^4 + 507174665171*x^3 + 513943361880*x^2 + 980630796190*x - 11814695554   min|root-r| = 1.7472307952322789193 E-62
  T4 algdep(xi/L(g,2),4) = 813904968353*x^4 - 679528655083*x^3 - 27335645580*x^2 + 446563872303*x - 46045512239   min|root-r| = 8.932074814022356526 E-62

=== mm1_2_0_1_3_m1_1_m9__27_18_m648_m126_324
  xi = 0.035625416926193935979967834560483549677755498281019172277377076366777994800000
  T1/T2/T4: NO HIT (unidentified)
  T3 ratios:  xi/G       = 0.03889383744614888713392816914637747344728035928751009994013
              xi/(Pi*G)  = 0.01238029297073450790553601535445872730750009323773656826167
              xi*G       = 0.03263165618261238402765889970253184311199061644932416344476
              xi/zeta(2) = 0.02165765646428246517628248355516456393335454761784423408913
              xi/Pi^2    = 0.003609609410713744196047080592527427322225757936307372348188
              xi/L(g,2)  = 0.03176170191069150651177104716755303202675017896012304529027
  T3 lindep([1,xi,G,z2]) = [-155575898749297, -1533074794272357, -760260153570166, 551125111358093]~    residual 2.5532320265997181452 E-48
  T3 lindep([xi,G,z2])   = [-213798967581578457212, -1951631856977769453, 5717131878722951370]~    residual 1.6716101189727085318 E-41
  T4 algdep(xi,1) = 1919902207664392479590599740051*x - 68397316605564152885999864498   min|root-xi| = 9.047626720367808038 E-62
  T4 algdep(xi,2) = 88717065515811513268*x^2 + 142515290500629580115*x - 5189763709863277298   min|root-xi| = 6.749543488723581443 E-62
  T4 algdep(xi,3) = 1149393647544264*x^3 - 1354296766866289*x^2 - 403306035299765*x + 16034809418034   min|root-xi| = 1.0944236521937298772 E-62
  T4 algdep(xi,4) = 435263820790*x^4 - 1019079777155*x^3 - 44303414828*x^2 + 652490866501*x - 23143654291   min|root-xi| = 5.036990070871584207 E-62
  T4 algdep(xi,5) = 7611363473*x^5 - 13532940385*x^4 - 1620868992*x^3 + 3040245585*x^2 + 1329517960*x - 51128572   min|root-xi| = 4.410569311143503353 E-62
  T4 algdep(xi,6) = 52677710*x^6 - 67503760*x^5 - 272194086*x^4 + 315497734*x^3 + 72981335*x^2 + 274183860*x - 9874363   min|root-xi| = 4.190224139259423710 E-62
  T4 algdep(xi/G,4) = 663015761408*x^4 - 686594116886*x^3 - 228896220100*x^2 - 691360184561*x + 27274788116   min|root-r| = 3.779358705230464886 E-62
  T4 algdep(xi/zeta(2),4) = 518214562621*x^4 - 125990605229*x^3 + 180871183779*x^2 + 1005560962424*x - 21861766369   min|root-r| = 1.2873056323428426073 E-62
  T4 algdep(xi/Pi^2,4) = 331917198239*x^4 + 1252080623487*x^3 + 120747866616*x^2 + 282686430762*x - 1022019801   min|root-r| = 1.9305362273335706508 E-61
  T4 algdep(xi/L(g,2),4) = 419201920940*x^4 - 437049488332*x^3 + 50952689137*x^2 + 143667845585*x - 4600959595   min|root-r| = 3.368070479993989355 E-61

=== mm1_2_0_1_3_m1_1_m1__107_62_m216_m42_12
  xi = 0.015808745709976905151605162417514961991975689519009446948809314083907109700000
  T1/T2/T4: NO HIT (unidentified)
  T3 ratios:  xi/G       = 0.01725910428347187862796906272049843168323622381929454805718
              xi/(Pi*G)  = 0.005493743520106107736674325373110902360133873255131780565675
              xi*G       = 0.01448026715743555799744247853337844790878826603424696829276
              xi/zeta(2) = 0.00961056496341353652785390808824319768885507448603485868250
              xi/Pi^2    = 0.001601760827235589421308984681373866281475845747672476447083
              xi/L(g,2)  = 0.01409422575635953828968981654331340799357951837426324642314
  T3 lindep([1,xi,G,z2]) = [-769127726407255, -978597762864632, -639364754258713, 833002534410831]~    residual 4.708432251745544684 E-47
  T3 lindep([xi,G,z2])   = [71103289511847064742, -162486248356636456539, 89795549970943985014]~    residual 6.955720057796380052 E-42
  T4 algdep(xi,1) = 3256309287202758235684398469992*x - 51478165474424558189228253893   min|root-xi| = 4.051926613508816729 E-62
  T4 algdep(xi,2) = 137539439472090266527*x^2 + 126128884288529932712*x - 2028312825599840784   min|root-xi| = 9.669353975556620949 E-62
  T4 algdep(xi,3) = 1149440318326370*x^3 + 444231035316358*x^2 - 917614938359057*x + 14390779296845   min|root-xi| = 2.712923825604227874 E-62
  T4 algdep(xi,4) = 1238769920484*x^4 + 673144813536*x^3 - 633858487874*x^2 - 527372701072*x + 8492775707   min|root-xi| = 3.290274138941559587 E-62
  T4 algdep(xi,5) = 2771320539*x^5 - 3926406393*x^4 - 3264437164*x^3 + 6118328785*x^2 + 7223264514*x - 115706683   min|root-xi| = 4.684004360944387791 E-63
  T4 algdep(xi,6) = 12026393*x^6 - 145664268*x^5 - 238547945*x^4 + 75128177*x^3 - 164774799*x^2 + 170011094*x - 2646764   min|root-xi| = 5.721452099337557651 E-62
  T4 algdep(xi/G,4) = 570207676766*x^4 - 1068959598057*x^3 + 274303492281*x^2 + 53324386487*x - 996594744   min|root-r| = 6.326795894874223160 E-61
  T4 algdep(xi/zeta(2),4) = 73577969037*x^4 + 117094850147*x^3 - 896303581914*x^2 + 765460373848*x - 7273825967   min|root-r| = 7.564370498940710166 E-62
  T4 algdep(xi/Pi^2,4) = 300910229694*x^4 + 335124507148*x^3 - 681919129417*x^2 - 63705209288*x + 103788687   min|root-r| = 9.269859427614608431 E-61
  T4 algdep(xi/L(g,2),4) = 210692734078*x^4 + 699967121197*x^3 + 821531340273*x^2 + 1255611094413*x - 17862029194   min|root-r| = 5.591496152141253716 E-62

=== mm1_2_0_1_4_m1_1_m8__0_2_m128_m28_32
  xi = 0.103753583006777231023776320856117408174532551679256650578340766209678425000000
  T1/T2/T4: NO HIT (unidentified)
  T3 ratios:  xi/G       = 0.11327235833565951085998830001503411364137166276950998769020
              xi/(Pi*G)  = 0.03605571148959333144183613845835259704784834893720873519118
              xi*G       = 0.09503471230681812022921561538156816633526513672155131928071
              xi/zeta(2) = 0.06307461502428126811610500294216869110265803804200585245125
              xi/Pi^2    = 0.01051243583738021135268416715702811518377633967366764207521
              xi/L(g,2)  = 0.09250110342440591112481493731907159819898993004789127661091
  T3 lindep([1,xi,G,z2]) = [-272032269038106, 1108038645862997, 1341344144614418, -651427810143898]~    residual 1.0007255377311550559 E-46
  T3 lindep([xi,G,z2])   = [-59702805733825662252, -201627947122058259856, 116040299879352439101]~    residual 2.3743847859741370706 E-43
  T4 algdep(xi,1) = 2399132769196986724729044335006*x - 248918620913158882527633267957   min|root-xi| = 1.969930515147455175 E-62
  T4 algdep(xi,2) = 202638273900076635872*x^2 + 104074173299008072443*x - 12979430082263411152   min|root-xi| = 6.422645363554226916 E-62
  T4 algdep(xi,3) = 812455397187739*x^3 - 1215862001694842*x^2 - 850683435311514*x + 100442551946201   min|root-xi| = 4.314649678577217821 E-62
  T4 algdep(xi,4) = 454314386114*x^4 + 214973880604*x^3 - 48446884440*x^2 + 497412908115*x - 51379598140   min|root-xi| = 1.3471003888827393922 E-61
  T4 algdep(xi,5) = 742573876*x^5 + 6842117112*x^4 + 8071685656*x^3 - 5718936199*x^2 - 4100297658*x + 477166850   min|root-xi| = 5.628684024018246798 E-62
  T4 algdep(xi,6) = 35903335*x^6 - 110344755*x^5 + 298464977*x^4 - 280075239*x^3 - 115809519*x^2 - 104498898*x + 12368310   min|root-xi| = 3.573186115881897100 E-62
  T4 algdep(xi/G,4) = 788750146269*x^4 + 436016314907*x^3 + 410759445406*x^2 + 208514464385*x - 29652761078   min|root-r| = 4.390880658347781478 E-62
  T4 algdep(xi/zeta(2),4) = 234528379801*x^4 + 896523194729*x^3 - 311355728698*x^2 - 1090777149577*x + 69810366179   min|root-r| = 4.437744694440491772 E-62
  T4 algdep(xi/Pi^2,4) = 978058700435*x^4 - 931810132148*x^3 - 227056050310*x^2 - 303672771117*x + 3218503362   min|root-r| = 9.234031083078741867 E-62
  T4 algdep(xi/L(g,2),4) = 796717655100*x^4 - 610110473517*x^3 - 30713491889*x^2 + 599889891148*x - 54803117174   min|root-r| = 7.112830235175993512 E-62

=== mm1_2_0_1_4_m1_1_m8__24_16_m512_m112_128
  xi = 0.039919270246719017837125273482491911195560431989206582693497661691199781200000
  T1/T2/T4: NO HIT (unidentified)
  T3 ratios:  xi/G       = 0.04358162631924745084513562495116540987330578810936729456918
              xi/(Pi*G)  = 0.01387246251338415205222825703583896205196682668420240455645
              xi*G       = 0.03656467809065696547910113016967252207288538703721064939925
              xi/zeta(2) = 0.02426800626921556706279455354854353335100625674372141448007
              xi/Pi^2    = 0.004044667711535927843799092258090588891834376123953569080011
              xi/L(g,2)  = 0.03558987013949546946697449180593155041655507253894402261294
  T3 lindep([1,xi,G,z2]) = [92525171143999, 604911832878352, -1797848095896359, 930185726078199]~    residual 1.5304415978125820842 E-47
  T3 lindep([xi,G,z2])   = [60533780666858373839, -5924847755728635098, 1830159886747228108]~    residual 1.9321815446627111428 E-42
  T4 algdep(xi,1) = 2946883554510573182647351849344*x - 117637440998119504982084186479   min|root-xi| = 4.759168101395592908 E-62
  T4 algdep(xi,2) = 47928753002896362400*x^2 + 31637033485236613125*x - 1339304064559623816   min|root-xi| = 1.8312146862246467838 E-61
  T4 algdep(xi,3) = 1788834157516449*x^3 - 228155953938331*x^2 + 1085013601820040*x - 43063167302939   min|root-xi| = 7.448343712310535018 E-62
  T4 algdep(xi,4) = 117075801313*x^4 - 425952557521*x^3 + 490556611465*x^2 - 14717811340*x - 167402349   min|root-xi| = 2.0338968172664654598 E-60
  T4 algdep(xi,5) = 2707222643*x^5 + 2898147963*x^4 - 12967134970*x^3 - 3875886084*x^2 + 2527883336*x - 93917599   min|root-xi| = 2.8052598883625063886 E-61
  T4 algdep(xi,6) = 55501076*x^6 + 223832793*x^5 + 59233320*x^4 - 115646130*x^3 + 196441427*x^2 - 98419574*x + 3622982   min|root-xi| = 1.7331525698134821126 E-61
  T4 algdep(xi/G,4) = 210387585691*x^4 + 322260674714*x^3 - 1455530020511*x^2 - 246613946694*x + 13484974885   min|root-r| = 8.135124794235737308 E-62
  T4 algdep(xi/zeta(2),4) = 279044470557*x^4 + 1253759957607*x^3 + 397539454828*x^2 + 230824670291*x - 5853795799   min|root-r| = 1.8039797749517196282 E-61
  T4 algdep(xi/Pi^2,4) = 1573791781*x^4 + 28790936683*x^3 - 238805116391*x^2 + 29708484716*x - 116256161   min|root-r| = 1.4438535266937381026 E-60
  T4 algdep(xi/L(g,2),4) = 107047430396*x^4 - 1031346347561*x^3 - 985125850804*x^2 - 245781143683*x + 10041438514   min|root-r| = 1.0268755950191200730 E-61

=== mm1_2_0_1_4_m1_1_6__38_22_384_84_72
  xi = 0.078304662778116989765251134617816601120457539334557730400973905095268802500000
  T1/T2/T4: NO HIT (unidentified)
  T3 ratios:  xi/G       = 0.08548865074834543979747165271742753366711902454634355509268
              xi/(Pi*G)  = 0.02721188268971166816044914566259064375393833555807920247959
              xi*G       = 0.07172437696840469394354094238362544665109180478336114924331
              xi/zeta(2) = 0.04760352670435753498784582229227980545615485258239207574493
              xi/Pi^2    = 0.00793392111739292249797430371537996757602580876373201262416
              xi/L(g,2)  = 0.06981221756725928242167899520220061218587173589498772956633
  T3 lindep([1,xi,G,z2]) = [352869841150443, 228815829213378, 1583792063844855, -1107330842626516]~    residual 3.192831513479496413 E-47
  T3 lindep([xi,G,z2])   = [187562875211188484209, 4864873845066896876, -11637612194316811433]~    residual 7.186244388419363678 E-42
  T4 algdep(xi,1) = 4405898126211601126871289536809*x - 345002367007736953898607030488   min|root-xi| = 5.301973675299141808 E-63
  T4 algdep(xi,2) = 224008953953251560983*x^2 - 67941523646821262790*x + 3946600267889063566   min|root-xi| = 2.3285680058258394355 E-61
  T4 algdep(xi,3) = 32351818307358*x^3 - 1154090112753207*x^2 + 617698355526448*x - 41307752387940   min|root-xi| = 5.869881040827839358 E-62
  T4 algdep(xi,4) = 513995294169*x^4 - 420389083657*x^3 + 746956746475*x^2 - 158108839714*x + 7983123013   min|root-xi| = 4.829045430205180224 E-61
  T4 algdep(xi,5) = 3970344095*x^5 - 3888247733*x^4 + 10749350779*x^3 + 5746265456*x^2 - 5066265292*x + 356451641   min|root-xi| = 1.5553050923312767445 E-61
  T4 algdep(xi,6) = 230471511*x^6 - 84190695*x^5 + 354436552*x^4 - 275750984*x^3 + 93115930*x^2 + 115015272*x - 9457917   min|root-xi| = 5.374795545494823465 E-62
  T4 algdep(xi/G,4) = 301238010182*x^4 - 1344988624764*x^3 + 42879694114*x^2 - 360645194446*x + 31341922105   min|root-r| = 4.992055481052722550 E-62
  T4 algdep(xi/zeta(2),4) = 464942096809*x^4 + 1230505822558*x^3 - 788051212012*x^2 + 289363667595*x - 12124058907   min|root-r| = 5.192870863775237490 E-62
  T4 algdep(xi/Pi^2,4) = 431995192477*x^4 - 957497803345*x^3 - 864821296202*x^2 + 634628800078*x - 4980180363   min|root-r| = 1.0544915406743844914 E-62
  T4 algdep(xi/L(g,2),4) = 470438089489*x^4 + 996063913531*x^3 - 991316114003*x^2 - 204202811747*x + 18737191533   min|root-r| = 1.0272612532885545910 E-61

=== mm1_2_0_1_4_m1_1_m2__30_18_m128_m28_8
  xi = 0.048878849642670144753247828774211251454940626928968094741752179073397368500000
  T1/T2/T4: NO HIT (unidentified)
  T3 ratios:  xi/G       = 0.05336319393806092249724489446513157152670564160519537967821
              xi/(Pi*G)  = 0.01698603218882772055042919987921202813327418272148418323616
              xi*G       = 0.04477134455564730847565069293179999609282277713423797099243
              xi/zeta(2) = 0.02971477740522718617236110748598294421118314105533312149091
              xi/Pi^2    = 0.004952462900871197695393517914330490701863856842555520248485
              xi/L(g,2)  = 0.04357774830549495822629111881098499502487552072501532336265
  T3 lindep([1,xi,G,z2]) = [-355781639869343, 980238994384130, 1361578166278273, -571019889231532]~    residual 4.744746661696192986 E-47
  T3 lindep([xi,G,z2])   = [-228978808722445789187, -23772439122904782534, 20041506680156300794]~    residual 5.127648673150224350 E-42
  T4 algdep(xi,1) = 3011532113876766420038139471722*x - 147200225388255050007550692961   min|root-xi| = 6.404101049862511857 E-63
  T4 algdep(xi,2) = 40607328694292882539*x^2 + 92664909413096450160*x - 4626370846506373508   min|root-xi| = 3.354354376390527548 E-62
  T4 algdep(xi,3) = 254180658270197*x^3 - 2079858185591535*x^2 + 263702570694141*x - 7950084716410   min|root-xi| = 5.211751383272204350 E-61
  T4 algdep(xi,4) = 159408268806*x^4 + 177641117544*x^3 + 448232635644*x^2 - 598534307679*x + 28163122474   min|root-xi| = 4.281542843962699205 E-62
  T4 algdep(xi,5) = 5267887180*x^5 - 1673421474*x^4 + 7016242625*x^3 + 1896267550*x^2 - 6883303965*x + 331106263   min|root-xi| = 5.589381225388010592 E-62
  T4 algdep(xi,6) = 179815539*x^6 + 29083602*x^5 - 106149599*x^4 - 16708981*x^3 - 61529508*x^2 + 378924186*x - 18371829   min|root-xi| = 1.1984277742598261831 E-62
  T4 algdep(xi/G,4) = 637049988696*x^4 + 626520835855*x^3 - 405879907652*x^2 + 313134165692*x - 15654414324   min|root-r| = 1.8197163544202775298 E-61
  T4 algdep(xi/zeta(2),4) = 258363522883*x^4 + 1594303655995*x^3 + 653200083587*x^2 - 86960823369*x + 1965235252   min|root-r| = 2.0650201974335709153 E-60
  T4 algdep(xi/Pi^2,4) = 341408694302*x^4 - 744226755819*x^3 + 270595988796*x^2 + 100189205440*x - 502730006   min|root-r| = 8.054387513851255709 E-62
  T4 algdep(xi/L(g,2),4) = 834295133635*x^4 - 78316479738*x^3 - 396381794915*x^2 + 823263404050*x - 35119756014   min|root-r| = 7.150685750583128156 E-62

=== mm1_2_0_1_4_m1_1_m2__6_4_m144_m40_16
  xi = 0.092298983314476940984295821496996072709428368869755584382716273330853521100000
  T1/T2/T4: NO HIT (unidentified)
  T3 ratios:  xi/G       = 0.10076686711948607978308231738907257157617647853046887898289
              xi/(Pi*G)  = 0.03207509000390077261098716986391472742015203631444262990242
              xi*G       = 0.08454269309359809496151635444431992644201201834082478936667
              xi/zeta(2) = 0.05611105343044312761304182316330337731246568579207330563576
              xi/Pi^2    = 0.00935184223840718793550697052721722955207761429867888427263
              xi/L(g,2)  = 0.08228879961651306840090140529497041218849274715517479659654
  T3 lindep([1,xi,G,z2]) = [1210999540158672, 530348224561273, 604409206958546, -1102517247965547]~    residual 7.225038433154295696 E-47
  T3 lindep([xi,G,z2])   = [26926029600251791316, 145450056708314518823, -82503302416717521406]~    residual 5.177093319312958742 E-42
  T4 algdep(xi,1) = 3946066046564754669595129412381*x - 364217884189704278893809347846   min|root-xi| = 3.302919067196006172 E-62
  T4 algdep(xi,2) = 129274486290346556103*x^2 - 44707868190216380775*x + 3025188203927167396   min|root-xi| = 5.353922067479548073 E-61
  T4 algdep(xi,3) = 1370740934480167*x^3 + 426583395585765*x^2 + 848028872012104*x - 82984130045198   min|root-xi| = 8.044190899203108953 E-63
  T4 algdep(xi,4) = 664408883857*x^4 - 142758115137*x^3 + 1247713344262*x^2 - 518586908601*x + 37299678579   min|root-xi| = 1.2878660949625296889 E-61
  T4 algdep(xi,5) = 2001752892*x^5 - 7436820293*x^4 - 4713933434*x^3 - 2129602523*x^2 - 2354772711*x + 239718335   min|root-xi| = 3.889974236502841162 E-62
  T4 algdep(xi,6) = 142858897*x^6 - 315669528*x^5 - 69760425*x^4 - 83662496*x^3 - 71525219*x^2 - 32056085*x + 3640948   min|root-xi| = 1.2723685426493777957 E-61
  T4 algdep(xi/G,4) = 165086025717*x^4 - 221571383*x^3 + 1173659829660*x^2 - 429287348970*x + 31323850369   min|root-r| = 7.905888796517140113 E-62
  T4 algdep(xi/zeta(2),4) = 974737997483*x^4 + 335840583000*x^3 - 1134244323642*x^2 + 116330120473*x - 3025286588   min|root-r| = 2.724345194621832691 E-60
  T4 algdep(xi/Pi^2,4) = 438563292273*x^4 + 789744679220*x^3 - 923073546391*x^2 - 108998587627*x + 1099417522   min|root-r| = 1.4785353912289887189 E-61
  T4 algdep(xi/L(g,2),4) = 607701958922*x^4 - 1121470581146*x^3 - 1202014376797*x^2 + 571294849627*x - 38274756613   min|root-r| = 9.171739410402275290 E-63

################ SUMMARY ################
battery size          : 145 constants
T2 independent basis  : 22 constants, 231 pairs per xi
input file            : /home/ubuntu/code/math-modular-sources/lattice/four_term_deep/out/mix_xi.txt
lines processed       : 22
total verified hits   : 6
=> rows with hits: ["mm1_2_0_1_1_0_0_8__16_8_68_8_32", "mm1_2_0_1_1_0_0_8__16_8_48_0_m128", "mm1_2_0_1_1_0_0_2__14_8_28_4_8", "mm1_2_0_1_1_0_0_m2__6_4_m32_m8_32", "mm1_2_0_1_1_0_0_1__17_10_32_8_16", "mm1_2_0_1_1_0_0_m1__13_8_m13_m1_m1"]
