nu=+1  A(nu/32)=1.148755946759723961801792420359568135066
        B(nu/32)=0.03980361600794159819426675050421705801002
        predicted xi_new = 0.486306845661250567491077719122943158134996811207047666787101
        measured  xi_new = 0.486306845661250567491077719122943158134996811207047666787101
        agreement: 71 digits
nu=+2  A(nu/32)=1.372880500618350164697637575007806058095
        B(nu/32)=0.10838413473563392587500717702902779012
        predicted xi_new = 0.520371517005968577132255042879692605456246267377776490804584
        measured  xi_new = 0.520371517005968577132255042879692605456246267377776490804584
        agreement: 70 digits
nu=-1  A(nu/32)=0.8916515899871229955800037693345905586593
        B(nu/32)=-0.02555503440890283891020371888291383200511
        predicted xi_new = 0.433916123619711430683647037867754208338259942801335546203939
        measured  xi_new = 0.433916123619711430683647037867754208338259942801335546203939
        agreement: 70 digits
nu=-2  A(nu/32)=0.8081851582589640840765661379710875296776
        B(nu/32)=-0.0429822660261044490098933436681887082645
        predicted xi_new = 0.413117165371045359422023505820450678572125479778567839849964
        measured  xi_new = 0.413117165371045359422023505820450678572125479778567839849964
        agreement: 70 digits
