======================================================================
nu = +1 :  P=(9, 9, 3) Q=(11, 0, 0) R=(-21, 21, 0)
  v_n[0..7] = [1, 3, 13, 63, 333, 1863, 10849, 65019]
  companion w_n[0..7] = ['0', '1', '21/4', '1021/36', '7507/48', '3212047/3600', '2096219/400', '617917621/19600']
  sharp k of companion (n<=150) = 2 ; score = -3.0986
  xi = 0.4863068456612505674910777191229431581349968112070476667871014530573948
  stability |xi_n - xi_{n-1}| = 10^-241.4
  pslq[1, xi, G, log(8/(8-nu))] = None
======================================================================
nu = +2 :  P=(6, 6, 2) Q=(-4, 0, 0) R=(-24, 24, 0)
  v_n[0..7] = [1, 2, 8, 32, 148, 712, 3584, 18496]
  companion w_n[0..7] = ['0', '1', '7/2', '149/9', '679/9', '83302/225', '418624/225', '15157712/1575']
  sharp k of companion (n<=150) = 2 ; score = -2.6931
  xi = 0.5203715170059685771322550428796926054562462673777764908045843387208894
  stability |xi_n - xi_{n-1}| = 10^-inf
  pslq[1, xi, G, log(8/(8-nu))] = None
======================================================================
nu = -1 :  P=(15, 15, 5) Q=(59, 0, 0) R=(45, -45, 0)
  v_n[0..7] = [1, 5, 29, 185, 1261, 9025, 67025, 512125]
  companion w_n[0..7] = ['0', '1', '35/4', '2381/36', '70735/144', '13263919/3600', '20227889/720', '5491184267/25200']
  sharp k of companion (n<=150) = 2 ; score = -3.6094
  xi = 0.433916123619711430683647037867754208338259942801335546203939452940266
  stability |xi_n - xi_{n-1}| = 10^-178.7
  pslq[1, xi, G, log(8/(8-nu))] = None
======================================================================
nu = -2 :  P=(18, 18, 6) Q=(92, 0, 0) R=(120, -120, 0)
  v_n[0..7] = [1, 6, 40, 288, 2196, 17496, 144256, 1222080]
  companion w_n[0..7] = ['0', '1', '21/2', '829/9', '2339/3', '1484014/225', '1409056/25', '17078672/35']
  sharp k of companion (n<=150) = 2 ; score = -3.7918
  xi = 0.4131171653710453594220235058204506785721254797785678398499641881505225
  stability |xi_n - xi_{n-1}| = 10^-155.5
  pslq[1, xi, G, log(8/(8-nu))] = None

wrote out/catsrc_limits.txt
