========================================================================
row (a,c,d,f,C)=(16,4,48,0,-128) r=8
  P=16n^2+12n+4  Q=48n^2+-16n+0  R=-128n^2+256n+-128
  u: [1, 4, 24, 160, 1136, 8384, 63616, 493056]   integral to n=200: True
  lambda: ['9.65685424949238', '8.0', '-1.65685424949238']
  rho_i : ['0.5', '0.0', '0.5']
  sharp k = 2
  n=2418  xi = 0.8593982272525466034362619724763196497376070564773951120343109864420004099501394565725395947026628462888759484214276069534877655977
  Gamma(1/4)^4/(64 Pi) = 0.8593982272525466034362619724763196497376070564773951120343109864420004099501394565725395947026628462888759484214276069534877655977
  |xi - target| = 8.637483e-197   agreeing digits = 195
========================================================================
row (a,c,d,f,C)=(14,2,28,4,8) r=2
  P=14n^2+8n+2  Q=28n^2+-16n+4  R=8n^2+-16n+8
  u: [1, 2, 8, 48, 356, 2952, 26144, 241856]   integral to n=200: True
  lambda: ['11.65685424949238', '2.0', '0.3431457505076198']
  rho_i : ['0.5', '0.0', '0.5']
  sharp k = 2
  n=615  xi = 0.8593982272525466034362619724763196497376070564773951120343109864420004099501394565725395947026628462888759484214276069534877655977
  Gamma(1/4)^4/(64 Pi) = 0.8593982272525466034362619724763196497376070564773951120343109864420004099501394565725395947026628462888759484214276069534877655977
  |xi - target| = 5.6694424e-242   agreeing digits = 241
========================================================================
row (a,c,d,f,C)=(6,0,-32,-8,32) r=-2
  P=6n^2+2n+0  Q=-32n^2+24n+-8  R=32n^2+-64n+32
  u: [1, 0, 4, 16, 116, 800, 6000, 46400]   integral to n=200: True
  lambda: ['9.65685424949238', '-2.0', '-1.65685424949238']
  rho_i : ['0.5', '0.0', '0.5']
  sharp k = 2
  n=641  xi = 0.8593982272525466034362619724763196497376070564773951120343109864420004099501394565725395947026628462888759484214276069534877655977
  Gamma(1/4)^4/(64 Pi) = 0.8593982272525466034362619724763196497376070564773951120343109864420004099501394565725395947026628462888759484214276069534877655977
  |xi - target| = 5.6694424e-242   agreeing digits = 241
