[0;31m  ***   Warning: new stack size = 6000000000 (5722.046 Mbytes).[0m

########## placement 3 (c=3)   a_0..a_296
  A = [1, 2, 4, 12, 36, 120, 404, 1408, 4964, 17784]
  >>> terms=7 deg=2 unknowns=21 kerdim=1
      P_0(n) = nn^2 + 2*nn + 1   = Mat([nn + 1, 2])
      P_1(n) = -5*nn^2 - 5*nn - 2   = Mat([5*nn^2 + 5*nn + 2, 1])
      P_2(n) = -4*nn^2 + 16*nn - 4   = Mat([nn^2 - 4*nn + 1, 1])
      P_3(n) = 40*nn^2 - 120*nn + 76   = Mat([10*nn^2 - 30*nn + 19, 1])
      P_4(n) = -16*nn^2 + 32*nn + 32   = Mat([nn^2 - 2*nn - 2, 1])
      P_5(n) = -80*nn^2 + 560*nn - 992   = Mat([5*nn^2 - 35*nn + 62, 1])
      P_6(n) = 64*nn^2 - 512*nn + 1024   = Mat([nn - 4, 2])
      holds for ALL n=6..295? 1
      char poly lam^6 - 5*lam^5 - 4*lam^4 + 40*lam^3 - 16*lam^2 - 80*lam + 64 = [lam - 4, 1; lam - 2, 2; lam - 1, 1; lam + 2, 2]  roots [-2.000000000000000000000000000000000000000 + 0.E-57*I, -2.000000000000000000000000000000000000000 + 0.E-57*I, 1.000000000000000000000000000000000000000 + 0.E-57*I, 2.000000000000000000000000000000000000000 + 0.E-57*I, 2.000000000000000000000000000000000000000 + 0.E-57*I, 4.000000000000000000000000000000000000000 + 0.E-57*I]~

########## placement 6 (c=6)   a_0..a_296
  A = [1, 0, 0, 4, -12, 48, -156, 552, -1884, 6640]
  >>> terms=6 deg=2 unknowns=18 kerdim=1
      P_0(n) = nn^2 + 2*nn + 1   = Mat([nn + 1, 2])
      P_1(n) = 9*nn^2 + nn   = [nn, 1; 9*nn + 1, 1]
      P_2(n) = 20*nn^2 - 40*nn + 20   = Mat([nn - 1, 2])
      P_3(n) = -20*nn^2 + 20*nn + 4   = Mat([5*nn^2 - 5*nn - 1, 1])
      P_4(n) = -96*nn^2 + 352*nn - 336   = Mat([6*nn^2 - 22*nn + 21, 1])
      P_5(n) = -64*nn^2 + 320*nn - 400   = Mat([2*nn - 5, 2])
      holds for ALL n=5..295? 1
      char poly lam^5 + 9*lam^4 + 20*lam^3 - 20*lam^2 - 96*lam - 64 = [lam - 2, 1; lam + 1, 1; lam + 2, 1; lam + 4, 2]  roots [-4.000000000000000000000000000000000000000 + 0.E-57*I, -4.000000000000000000000000000000000000000 + 0.E-57*I, -2.000000000000000000000000000000000000000 + 0.E-57*I, -1.000000000000000000000000000000000000000 + 0.E-57*I, 2.000000000000000000000000000000000000000 + 0.E-57*I]~
