[0;31m  ***   Warning: new stack size = 2000000000 (1907.349 Mbytes).[0m
have a_0..a_198
system size: [12, 30]  rank = 12
nullspace dim of the 12-col matrix = 18
selected rows (n values): [3, 4, 5, 6, 7, 8, 9, 10, 11, 12, 13, 14]
SOL = [-3534/329, -222/47, -3072/329, 15112/329, -1976/47, 16272/329, -32160/329, 70880/329, -53152/329, 28800/329, -103232/329, 92608/329]

(a,b,c) = [-3534/329, -222/47, -3072/329]
(d,e,f) = [15112/329, -1976/47, 16272/329]
(g,h,j) = [-32160/329, 70880/329, -53152/329]
(k,l,m) = [28800/329, -103232/329, 92608/329]

recurrence holds for ALL n=3..197? 0  FIRST FAILURE n=16
(a,d,g,k) = [-3534/329, 15112/329, -32160/329, 28800/329]   predicted (10,40,80,64) or (-10,40,-80,64)
char poly lam^4 - a lam^3 + d lam^2 - g lam + k factors: [lam + 4, 1; 329*lam^3 + 2218*lam^2 + 6240*lam + 7200, 1]
roots (numeric): [-4.0000000000000000000000000000000000000 + 0.E-38*I, -2.7309157821492460611834507849696337125 + 0.E-38*I, -2.0053627776183860879493080421656390708 - 1.9980319724722488685079855895877859955*I, -2.0053627776183860879493080421656390708 + 1.9980319724722488685079855895877859955*I]~

Rc = 28800/329*t^4 + 32160/329*t^3 + 15112/329*t^2 + 3534/329*t + 1
Sc = 98368/329*t^4 + 89920/329*t^3 + 31504/329*t^2 + 5088/329*t + 1
Vc = 128*t^3 + 40032/329*t^2 + 17552/329*t + 3072/329
Tc = Sc - t Rc' = -16832/329*t^4 - 6560/329*t^3 + 1280/329*t^2 + 222/47*t + 1   check: 0
Rc factors: [4*t + 1, 1; 7200*t^3 + 6240*t^2 + 2218*t + 329, 1]
  t_1 = -0.3661775315579283014744760269146846921157 + 0.E-57*I   rho = 0.5283480284715432484852202438256301042493 + 0.E-56*I
  t_2 = -0.2500000000000000000000000000000000000000 + 0.E-57*I   rho = 1.100961538461538461538461538461538461538 + 0.E-56*I
  t_3 = -0.2502445675543691825960953198759909872755 - 0.2493297733913902830059042753277893573300*I   rho = -0.02243256124431863278961866892136206067166 + 0.06543634162390096784626307513714692659933*I
  t_4 = -0.2502445675543691825960953198759909872755 + 0.2493297733913902830059042753277893573300*I   rho = -0.02243256124431863278961866892136206067166 - 0.06543634162390096784626307513714692659933*I

T5(n) = 28800/329*nn^2 - 103232/329*nn + 92608/329   factors: Mat([450*nn^2 - 1613*nn + 1447, 1])
  s roots = [1.792222222222222222222222222222222222222 - 0.05911904708632457083537840349898399150333*I, 1.792222222222222222222222222222222222222 + 0.05911904708632457083537840349898399150333*I]~   delta_infinity = |s2-s1| = 0.1182380941726491416707568069979679830067
  exponents at infinity 3-s: [1.207777777777777777777777777777777777778 + 0.05911904708632457083537840349898399150333*I, 1.207777777777777777777777777777777777778 - 0.05911904708632457083537840349898399150333*I]
  T5(n0)=0 for integer n0>=1? [[1, 18176/329], [2, 192/47], [3, 128], [4, 140480/329], [5, 296448/329], [6, 510016/329], [7, 781184/329], [8, 23616/7], [9, 213760/47], [10, 277184/47], [11, 2441856/329], [12, 3001024/329]]
