[0;31m  ***   Warning: new stack size = 8000000000 (7629.395 Mbytes).[0m
dims: M1=2 M3=6 Eis3=4

===== placement 3  pole at cusp c=3   eta-exponents r = [1, 0, -3, -1, 0, 3]  sum=0
  t = x - x^2 - x^3 + 3*x^4 - 2*x^5 - 3*x^6 + 8*x^7 + O(x^8)
  #F solutions: 1
  F = 1 + 2*x + 2*x^2 + 2*x^3 + 2*x^4 + 4*x^5 + 2*x^6 + O(x^7)
  A = [1, 2, 4, 12, 36, 120, 404, 1408, 4964, 17784, 64320, 234864]
  a_n integral to n=296? 1
  wrote /home/ubuntu/code/math-modular-sources/lattice/four_term_deep/out/lvl12_p3_A.txt
   Phi_1 (a_0=0)  b_n/a_n = 3.88072753455079975527834274671315019919466824159952783435885129877311906720739860739821491873007799523217576969909106703   k=2
      lindep([1,zeta(2),G,ratio]) = [1615147075, -6289231199, -8839895191, 4336110505]~
   Phi_2 (a_0=0)  b_n/a_n = 0.109805997791614101489768119695583929200759958048809470373790858487087261015968290293291052004003327268111370329603082535   k=2
      lindep([1,zeta(2),G,ratio]) = [4332458703, -3758144437, 1458299568, 4678149551]~
   Phi_3 (a_0=-1/4)  b_n/a_n = 0.800201257176699758626259125597677381182081370024406387441650958654990228399510612411352353044198144177974593644619124899   k=2
      lindep([1,zeta(2),G,ratio]) = [-7038125522, 1992411137, 3414757060, 790976748]~
   Phi_4 (a_0=-1/4)  b_n/a_n = 0.0691194496885991201940746070883328526403258583769404151147361900460980193314213351519617294911361253612399631372960938133   k=2
      lindep([1,zeta(2),G,ratio]) = [1779657151, -2452500180, 2243770375, 2883811723]~

===== placement 6  pole at cusp c=6   eta-exponents r = [-1, 3, 3, -2, -9, 6]  sum=0
  t = x + x^2 - x^3 - 3*x^4 - 2*x^5 + 3*x^6 + 8*x^7 + O(x^8)
  #F solutions: 1
  F = 1 + 4*x^3 + 4*x^6 + O(x^7)
  A = [1, 0, 0, 4, -12, 48, -156, 552, -1884, 6640, -23376, 83568]
  a_n integral to n=296? 1
  wrote /home/ubuntu/code/math-modular-sources/lattice/four_term_deep/out/lvl12_p6_A.txt
   Phi_1 (a_0=0)  b_n/a_n = -0.362271267625330750556405749061066977139143462472309000647274995051561207702032224110308346427047558293390123270802574276   k=2
      lindep([1,zeta(2),G,ratio]) = [1863939404, -912544492, 650118813, 2645394300]~
   Phi_2 (a_0=0)  b_n/a_n = -0.0189831342998636929571793035834240911825867792372505408528140961703245114810935447612854046620671197208773199626393873825   k=2
      lindep([1,zeta(2),G,ratio]) = [2750679428, -1470153959, -384209653, -1029847098]~
   Phi_3 (a_0=-1/4)  b_n/a_n = -0.386707211574061592596270728809997031123734903104468517590599465269528038361096145988299111191524706267129143295775619328   k=2
      lindep([1,zeta(2),G,ratio]) = [250942411, 68225721, 1146889385, 3655686779]~
   Phi_4 (a_0=-1/4)  b_n/a_n = -0.0211663078300112733801784695553247668528571472807355314271420809650819338270515073586038673406923303758506424825010368029   k=2
      lindep([1,zeta(2),G,ratio]) = [-2529947693, -10106367, 2750262112, -1295763580]~
