[0;31m  ***   Warning: new stack size = 8000000000 (7629.395 Mbytes).[0m
a_n from 6-term rec matches file (n<=198)? 1
a_n from 5-term cubic rec matches file? 1
w_n (6-term) first 8: [0, 1, -4, 104/9, -82/3, 496/9, -920/9, 97184/441]
w_n (5-term cubic) first 8: [0, 1, -4, 104/9, -82/3, 496/9, -920/9, 97184/441]
W6 == W5 up to n=1100? 1
  xi6(1100) = 0.679442502761532499455298305916444856664282472334996092997440915969317355781462466592540405781946691328149574580693860939
  xi6(1095) = 0.679442502761532499455298305916444856664282472334996092997440915969317355781462466592540405781946691328149574580693860939
  xi6(1090) = 0.679442502761532499455298305916444856664282472334996092997440915969317355781462466592540405781946691328149574580693860939
  xi6(1085) = 0.679442502761532499455298305916444856664282472334996092997440915969317355781462466592540405781946691328149574580693860939
  xi6(1080) = 0.679442502761532499455298305916444856664282472334996092997440915969317355781462466592540405781946691328149574580693860939
  xi6(1075) = 0.679442502761532499455298305916444856664282472334996092997440915969317355781462466592540405781946691328149574580693860939
diagnostic |xi6(1100)-xi6(1099)| = 0.E-134
xi5 = 0.679442502761532499455298305916444856664282472334996092997440915969317355781462466592540405781946691328149574580693860939   |xi5-xi5prev| = 0.E-134
-G/2 = -0.457982797088609507527301757466192055387074687140836067133249059810881509888127384739678256463057553124287211309598099790
xi6 - (-G/2) = 1.13742529985014200698260006338263691205135715947583216013068997578019886566958985133221866224500424445243678589029196073
xi6 / G = 0.741777319018027934342999983069439382206046236218148889403933473439058241587581526128371106189599834854924147627969662456
  W6: d_n^0 w_n integral n<=60? 0 first fail n=3
  W6: d_n^1 w_n integral n<=60? 0 first fail n=3
  W6: d_n^2 w_n integral n<=60? 1
  W6: d_n^3 w_n integral n<=60? 1
  W6: d_n^4 w_n integral n<=60? 1
  W6: d_n^5 w_n integral n<=60? 1
  W6: d_n^6 w_n integral n<=60? 1
  W5: d_n^0 w_n integral n<=60? 0 first fail n=3
  W5: d_n^1 w_n integral n<=60? 0 first fail n=3
  W5: d_n^2 w_n integral n<=60? 1
  W5: d_n^3 w_n integral n<=60? 1
  W5: d_n^4 w_n integral n<=60? 1
  W5: d_n^5 w_n integral n<=60? 1
  W5: d_n^6 w_n integral n<=60? 1
modular b_n/a_n (n=198) = -0.457982797088609507527301757657915949264332634098543021912411152018025119441016151697752097277923247771418750508081044119
D-form (Rc,Sc,Vc) reproduces the six-term recurrence? 1
Rc factor: [2*t + 1, 1; 4*t + 1, 2; 8*t^2 + 4*t + 1, 1]
Sc factor: [4*t + 1, 1; 192*t^4 + 192*t^3 + 72*t^2 + 12*t + 1, 1]
Vc factor: [t, 2; 2*t + 1, 1; 8*t^2 + 4*t + 1, 1]
Tc factor: [2*t + 1, 1; 4*t + 1, 1; 8*t - 1, 1; 8*t^2 + 4*t + 1, 1]
at t=-1/4: val_u(t^2 Rc)=2 val_u(t Sc)=1 val_u(Vc)=0
   A=1/4 B=-1/4 C=1/4   indicial: 1/4*rr^2 - 1/2*rr + 1/4  roots [1.00000000000000000000000000000000000000000000000000000000000000000000000000000000000000000000000000000000000000000000000 + 0.E-134*I, 1.00000000000000000000000000000000000000000000000000000000000000000000000000000000000000000000000000000000000000000000000 + 0.E-134*I]~
  factor 2*t + 1: rho = -Tc/(t Rc') mod fac -> 0
  factor 8*t^2 + 4*t + 1: rho = -Tc/(t Rc') mod fac -> 0
t=inf indicial (y~t^-mu): 256*mu^2 - 512*mu + 256  roots [1.00000000000000000000000000000000000000000000000000000000000000000000000000000000000000000000000000000000000000000000000 + 0.E-134*I, 1.00000000000000000000000000000000000000000000000000000000000000000000000000000000000000000000000000000000000000000000000 + 0.E-134*I]~
P_5(n) = 256*nn^2 - 1536*nn + 2304 = Mat([nn - 3, 2])
P_4(n) cubic row = 64*nn^3 - 192*nn^2 + 256 = [nn - 2, 2; nn + 1, 1]
primitivity: mu^s | P_s for mu=2? [1, 1, 1, 1, 1]
  a_n/2^n integral all n<=198? 0
  a_n/3^n integral all n<=198? 0
  a_n/4^n integral all n<=198? 0
  a_n integral to n=198? 1
