[0;31m  ***   Warning: new stack size = 3000000000 (2861.023 Mbytes).[0m

===== terms=6 deg=2  kerdim=1
  P_0(n) [coef of a_{n+1-0}] = nn^2 + 2*nn + 1   factored: Mat([nn + 1, 2])
  P_1(n) [coef of a_{n+1-1}] = 14*nn^2 + 2*nn   factored: [nn, 1; 7*nn + 1, 1]
  P_2(n) [coef of a_{n+1-2}] = 80*nn^2 - 120*nn + 56   factored: Mat([10*nn^2 - 15*nn + 7, 1])
  P_3(n) [coef of a_{n+1-3}] = 240*nn^2 - 720*nn + 576   factored: Mat([5*nn^2 - 15*nn + 12, 1])
  P_4(n) [coef of a_{n+1-4}] = 384*nn^2 - 1728*nn + 1984   factored: Mat([6*nn^2 - 27*nn + 31, 1])
  P_5(n) [coef of a_{n+1-5}] = 256*nn^2 - 1536*nn + 2304   factored: Mat([nn - 3, 2])
  holds for ALL n=5..197? 1
  leading-coeff vector (in n^2): [1, 14, 80, 240, 384, 256]
  char poly (in lam, from leading coeffs): lam^5 + 14*lam^4 + 80*lam^3 + 240*lam^2 + 384*lam + 256  -> factor [lam + 2, 1; lam + 4, 2; lam^2 + 4*lam + 8, 1]
  roots lam (=1/x_sing): [-4.000000000000000000000000000000000000000 + 0.E-57*I, -4.000000000000000000000000000000000000000 + 0.E-57*I, -2.000000000000000000000000000000000000000 + 0.E-57*I, -2.000000000000000000000000000000000000000 - 2.000000000000000000000000000000000000000*I, -2.000000000000000000000000000000000000000 + 2.000000000000000000000000000000000000000*I]~
  reciprocals x = 1/lam: [-0.2500000000000000000000000000000000000000 + 0.E-59*I, -0.2500000000000000000000000000000000000000 + 0.E-59*I, -0.5000000000000000000000000000000000000000 + 0.E-58*I, -0.2500000000000000000000000000000000000000 + 0.2500000000000000000000000000000000000000*I, -0.2500000000000000000000000000000000000000 - 0.2500000000000000000000000000000000000000*I]

===== terms=5 deg=3  kerdim=1
  P_0(n) [coef of a_{n+1-0}] = nn^3 + 2*nn^2 + nn   factored: [nn, 1; nn + 1, 2]
  P_1(n) [coef of a_{n+1-1}] = 10*nn^3 + 6*nn^2   factored: [nn, 2; 5*nn + 3, 1]
  P_2(n) [coef of a_{n+1-2}] = 40*nn^3 - 24*nn^2 - 16*nn + 16   factored: Mat([5*nn^3 - 3*nn^2 - 2*nn + 2, 1])
  P_3(n) [coef of a_{n+1-3}] = 80*nn^3 - 144*nn^2 - 32*nn + 128   factored: Mat([5*nn^3 - 9*nn^2 - 2*nn + 8, 1])
  P_4(n) [coef of a_{n+1-4}] = 64*nn^3 - 192*nn^2 + 256   factored: [nn - 2, 2; nn + 1, 1]
  holds for ALL n=4..197? 1
  leading-coeff vector (in n^3): [1, 10, 40, 80, 64]
  char poly (in lam, from leading coeffs): lam^4 + 10*lam^3 + 40*lam^2 + 80*lam + 64  -> factor [lam + 2, 1; lam + 4, 1; lam^2 + 4*lam + 8, 1]
  roots lam (=1/x_sing): [-4.000000000000000000000000000000000000000 + 0.E-57*I, -2.000000000000000000000000000000000000000 + 0.E-57*I, -2.000000000000000000000000000000000000000 - 2.000000000000000000000000000000000000000*I, -2.000000000000000000000000000000000000000 + 2.000000000000000000000000000000000000000*I]~
  reciprocals x = 1/lam: [-0.2500000000000000000000000000000000000000 + 0.E-59*I, -0.5000000000000000000000000000000000000000 + 0.E-58*I, -0.2500000000000000000000000000000000000000 + 0.2500000000000000000000000000000000000000*I, -0.2500000000000000000000000000000000000000 - 0.2500000000000000000000000000000000000000*I]
