[0;31m  ***   Warning: new stack size = 8000000000 (7629.395 Mbytes).[0m

##### level 16 (six-term)
  D-form check: 1
  Rc = 256*t^5 + 384*t^4 + 240*t^3 + 80*t^2 + 14*t + 1  = [2*t + 1, 1; 4*t + 1, 2; 8*t^2 + 4*t + 1, 1]
  Sc = 768*t^5 + 960*t^4 + 480*t^3 + 120*t^2 + 16*t + 1
  Vc = 256*t^5 + 256*t^4 + 96*t^3 + 16*t^2  = [t, 2; 2*t + 1, 1; 8*t^2 + 4*t + 1, 1]
  Tc = -512*t^5 - 576*t^4 - 240*t^3 - 40*t^2 + 2*t + 1
  exponents at t=0: roots of 1*rr*(rr-1)+1*rr+0 -> [0.E-154 + 0.E-154*I, 0.E-154 + 0.E-154*I]~
  factor 2*t + 1 (simple):  rho = -Tc/(t Rc') = 0   [exponents {0, rho}]
  root -0.250000000000000000000000000000000000000000000000000000000000000000000000000000000000000000000000000000000000000000000000000000000000000000000000000000 + 0.E-154*I (mult 2): indicial 0.250000000000000000000000000000000000000000000000000000000000000000000000000000000000000000000000000000000000000000000000000000000000000000000000000000 + 0.E-152*I*rr(rr-1)+-0.250000000000000000000000000000000000000000000000000000000000000000000000000000000000000000000000000000000000000000000000000000000000000000000000000000 + 0.E-152*I*rr+0.250000000000000000000000000000000000000000000000000000000000000000000000000000000000000000000000000000000000000000000000000000000000000000000000000000 + 0.E-153*I  -> exponents [1.00000000000000000000000000000000000000000000000000000000000000000000000000000000000000000000000000000000000000000000000000000000000000000000000000000 + 0.E-154*I, 1.00000000000000000000000000000000000000000000000000000000000000000000000000000000000000000000000000000000000000000000000000000000000000000000000000000 + 0.E-154*I]~
  factor 8*t^2 + 4*t + 1 (simple):  rho = -Tc/(t Rc') = 0   [exponents {0, rho}]
  P_5(n) = 256*nn^2 - 1536*nn + 2304 = Mat([nn - 3, 2])
  exponents at infinity (y ~ t^-mu): roots of P_5(4-mu) = 256*mu^2 - 512*mu + 256 -> [1.00000000000000000000000000000000000000000000000000000000000000000000000000000000000000000000000000000000000000000000000000000000000000000000000000000 + 0.E-154*I, 1.00000000000000000000000000000000000000000000000000000000000000000000000000000000000000000000000000000000000000000000000000000000000000000000000000000 + 0.E-154*I]~
  delta_infinity = |mu_2-mu_1| = 0.E-153
  |t| sorted: [0.250000000000000000000000000000000000000000000000000000000000000000000000000000000000000000000000000000000000000000000000000000000000000000000000000000, 0.250000000000000000000000000000000000000000000000000000000000000000000000000000000000000000000000000000000000000000000000000000000000000000000000000000, 0.353553390593273762200422181052424519642417968844237018294169934497683119615526759712596883581910393183753461557728074256231209013962684303161030374275, 0.353553390593273762200422181052424519642417968844237018294169934497683119615526759712596883581910393183753461557728074256231209013962684303161030374275, 0.500000000000000000000000000000000000000000000000000000000000000000000000000000000000000000000000000000000000000000000000000000000000000000000000000000]
  lambda_1 = 4.00000000000000000000000000000000000000000000000000000000000000000000000000000000000000000000000000000000000000000000000000000000000000000000000000000   lambda_2 (next DISTINCT modulus) = 2.82842712474619009760337744841939615713934375075389614635335947598146495692421407770077506865528314547002769246182459404984967211170147442528824299420
  recurrence reproduces the modular a_n (n<=198)? 1
  w_n first 8: [0, 1, -4, 104/9, -82/3, 496/9, -920/9, 97184/441]
  xi_canonical(n=900) = 0.679442502761532499455298305916444856664282472334996092997440915969317355781462466592540405781946691328149574580693860939197013478989743982351766464031
  |xi(n)-xi(n-1)| = 5.5486521121351703418301630655173740640 E-134
  k_den(w) = 2
  a_n integral to n=198? 1
  content gcd(a_0..a_198) = 1

##### Gamma_0(12) placement 3, c=3 (seven-term)
  D-form check: 1
  Rc = 64*t^6 - 80*t^5 - 16*t^4 + 40*t^3 - 4*t^2 - 5*t + 1  = [t - 1, 1; 2*t - 1, 2; 2*t + 1, 2; 4*t - 1, 1]
  Sc = 192*t^6 - 160*t^5 - 80*t^4 + 80*t^3 + 4*t^2 - 10*t + 1
  Vc = 64*t^6 - 32*t^5 - 16*t^4 - 4*t^3 + 8*t^2 - 2*t  = [t, 1; 32*t^5 - 16*t^4 - 8*t^3 - 2*t^2 + 4*t - 1, 1]
  Tc = -192*t^6 + 240*t^5 - 16*t^4 - 40*t^3 + 12*t^2 - 5*t + 1
  exponents at t=0: roots of 1*rr*(rr-1)+1*rr+0 -> [0.E-154 + 0.E-154*I, 0.E-154 + 0.E-154*I]~
  factor t - 1 (simple):  rho = -Tc/(t Rc') = 0   [exponents {0, rho}]
  root 0.500000000000000000000000000000000000000000000000000000000000000000000000000000000000000000000000000000000000000000000000000000000000000000000000000000 + 0.E-154*I (mult 2): indicial -2.00000000000000000000000000000000000000000000000000000000000000000000000000000000000000000000000000000000000000000000000000000000000000000000000000000 + 0.E-153*I*rr(rr-1)+0.E-153 + 0.E-153*I*rr+-0.500000000000000000000000000000000000000000000000000000000000000000000000000000000000000000000000000000000000000000000000000000000000000000000000000000 + 0.E-153*I  -> exponents [0.500000000000000000000000000000000000000000000000000000000000000000000000000000000000000000000000000000000000000000000000000000000000000000000000000000 + 0.E-154*I, 0.500000000000000000000000000000000000000000000000000000000000000000000000000000000000000000000000000000000000000000000000000000000000000000000000000000 + 0.E-154*I]~
  root -0.500000000000000000000000000000000000000000000000000000000000000000000000000000000000000000000000000000000000000000000000000000000000000000000000000000 + 0.E-154*I (mult 2): indicial 18.0000000000000000000000000000000000000000000000000000000000000000000000000000000000000000000000000000000000000000000000000000000000000000000000000000 + 0.E-152*I*rr(rr-1)+0.E-153 + 0.E-152*I*rr+4.50000000000000000000000000000000000000000000000000000000000000000000000000000000000000000000000000000000000000000000000000000000000000000000000000000 + 0.E-153*I  -> exponents [0.500000000000000000000000000000000000000000000000000000000000000000000000000000000000000000000000000000000000000000000000000000000000000000000000000000 + 0.E-154*I, 0.500000000000000000000000000000000000000000000000000000000000000000000000000000000000000000000000000000000000000000000000000000000000000000000000000000 + 0.E-154*I]~
  factor 4*t - 1 (simple):  rho = -Tc/(t Rc') = 0   [exponents {0, rho}]
  P_6(n) = 64*nn^2 - 512*nn + 1024 = Mat([nn - 4, 2])
  exponents at infinity (y ~ t^-mu): roots of P_6(5-mu) = 64*mu^2 - 128*mu + 64 -> [1.00000000000000000000000000000000000000000000000000000000000000000000000000000000000000000000000000000000000000000000000000000000000000000000000000000 + 0.E-154*I, 1.00000000000000000000000000000000000000000000000000000000000000000000000000000000000000000000000000000000000000000000000000000000000000000000000000000 + 0.E-154*I]~
  delta_infinity = |mu_2-mu_1| = 0.E-153
  |t| sorted: [0.250000000000000000000000000000000000000000000000000000000000000000000000000000000000000000000000000000000000000000000000000000000000000000000000000000, 0.500000000000000000000000000000000000000000000000000000000000000000000000000000000000000000000000000000000000000000000000000000000000000000000000000000, 0.500000000000000000000000000000000000000000000000000000000000000000000000000000000000000000000000000000000000000000000000000000000000000000000000000000, 0.500000000000000000000000000000000000000000000000000000000000000000000000000000000000000000000000000000000000000000000000000000000000000000000000000000, 0.500000000000000000000000000000000000000000000000000000000000000000000000000000000000000000000000000000000000000000000000000000000000000000000000000000, 1.00000000000000000000000000000000000000000000000000000000000000000000000000000000000000000000000000000000000000000000000000000000000000000000000000000]
  lambda_1 = 4.00000000000000000000000000000000000000000000000000000000000000000000000000000000000000000000000000000000000000000000000000000000000000000000000000000   lambda_2 (next DISTINCT modulus) = 2.00000000000000000000000000000000000000000000000000000000000000000000000000000000000000000000000000000000000000000000000000000000000000000000000000000
  recurrence reproduces the modular a_n (n<=296)? 0
  w_n first 8: [0, 1, 3, 28/3, 359/12, 14861/150, 50627/150, 4309223/3675]
  xi_canonical(n=500) = -1.24796418144238258757155970055667509727532083502445115415742628450632473994182225369222240436685580315249530757047612202250572956689134619248746621063
  |xi(n)-xi(n-1)| = 4.818088112355333556 E-152
  k_den(w) = 2
  a_n integral to n=296? 1
  content gcd(a_0..a_296) = 1

##### Gamma_0(12) placement 6, c=6 (six-term)
  D-form check: 1
  Rc = -64*t^5 - 96*t^4 - 20*t^3 + 20*t^2 + 9*t + 1  = [t + 1, 1; 2*t - 1, 1; 2*t + 1, 1; 4*t + 1, 2]
  Sc = -256*t^5 - 320*t^4 - 80*t^3 + 20*t^2 + 10*t + 1
  Vc = -144*t^5 - 144*t^4 - 36*t^3  = [t, 3; 2*t + 1, 2]
  Tc = 64*t^5 + 64*t^4 - 20*t^3 - 20*t^2 + t + 1
  exponents at t=0: roots of 1*rr*(rr-1)+1*rr+0 -> [0.E-154 + 0.E-154*I, 0.E-154 + 0.E-154*I]~
  factor t + 1 (simple):  rho = -Tc/(t Rc') = 0   [exponents {0, rho}]
  factor 2*t - 1 (simple):  rho = -Tc/(t Rc') = 0   [exponents {0, rho}]
  factor 2*t + 1 (simple):  rho = -Tc/(t Rc') = 0   [exponents {0, rho}]
  root -0.250000000000000000000000000000000000000000000000000000000000000000000000000000000000000000000000000000000000000000000000000000000000000000000000000000 + 0.E-154*I (mult 2): indicial 0.562500000000000000000000000000000000000000000000000000000000000000000000000000000000000000000000000000000000000000000000000000000000000000000000000000 + 0.E-153*I*rr(rr-1)+0.E-153 + 0.E-153*I*rr+0.140625000000000000000000000000000000000000000000000000000000000000000000000000000000000000000000000000000000000000000000000000000000000000000000000000 + 0.E-154*I  -> exponents [0.500000000000000000000000000000000000000000000000000000000000000000000000000000000000000000000000000000000000000000000000000000000000000000000000000000 + 0.E-154*I, 0.500000000000000000000000000000000000000000000000000000000000000000000000000000000000000000000000000000000000000000000000000000000000000000000000000000 + 0.E-154*I]~
  P_5(n) = -64*nn^2 + 320*nn - 400 = Mat([2*nn - 5, 2])
  exponents at infinity (y ~ t^-mu): roots of P_5(4-mu) = -64*mu^2 + 192*mu - 144 -> [1.50000000000000000000000000000000000000000000000000000000000000000000000000000000000000000000000000000000000000000000000000000000000000000000000000000 + 0.E-154*I, 1.50000000000000000000000000000000000000000000000000000000000000000000000000000000000000000000000000000000000000000000000000000000000000000000000000000 + 0.E-154*I]~
  delta_infinity = |mu_2-mu_1| = 0.E-153
  |t| sorted: [0.250000000000000000000000000000000000000000000000000000000000000000000000000000000000000000000000000000000000000000000000000000000000000000000000000000, 0.250000000000000000000000000000000000000000000000000000000000000000000000000000000000000000000000000000000000000000000000000000000000000000000000000000, 0.500000000000000000000000000000000000000000000000000000000000000000000000000000000000000000000000000000000000000000000000000000000000000000000000000000, 0.500000000000000000000000000000000000000000000000000000000000000000000000000000000000000000000000000000000000000000000000000000000000000000000000000000, 1.00000000000000000000000000000000000000000000000000000000000000000000000000000000000000000000000000000000000000000000000000000000000000000000000000000]
  lambda_1 = 4.00000000000000000000000000000000000000000000000000000000000000000000000000000000000000000000000000000000000000000000000000000000000000000000000000000   lambda_2 (next DISTINCT modulus) = 2.00000000000000000000000000000000000000000000000000000000000000000000000000000000000000000000000000000000000000000000000000000000000000000000000000000
  recurrence reproduces the modular a_n (n<=296)? 1
  w_n first 8: [0, 1, -5/2, 25/3, -24, 1926/25, -3658/15, 39692/49]
  xi_canonical(n=500) = 1.16702008672347393336325982822904002646917645090113539155364331060940737443144082737196061672248370118070962296710278769269508557713257442988510807367
  |xi(n)-xi(n-1)| = 4.79225988466988441787155107706007881168150538101426405465199437312821308588822921837952444216494726734277922949949493694033848058679247775565287868791 E-5
  k_den(w) = 2
  a_n integral to n=296? 1
  content gcd(a_0..a_296) = 1

controls: -G/27 = -0.0339246516361932968538742042567549670657092360845063753432036340600652970287501766473835745528190780092064600970072666510754036593824392244233923976845   G/9 = 0.101773954908579890561622612770264901197127708253519126029610902180195891086250529942150723658457234027619380291021799953226210978147317673270177193053
          -(4/9)zeta(2) = -0.731081807488100638432184518509344528541755511647465972326914768608892209068089277259390622497670535690668586205483195857612766527557781239082267976147   (2/9)zeta(2) = 0.365540903744050319216092259254672264270877755823732986163457384304446104534044638629695311248835267845334293102741597928806383263778890619541133988074
x3 vs -G/27 : -1.21403952980618929071768549629992013020961159893994477881422265044625944291307207704483882981403672514328884747346885537143032590750890696806407381295    x3 vs -(4/9)z2: -0.516882373954281949139375182047330568733565323376985181830511515897432530873732976432831781869185267461826721364992926164892963039333564953405198234486
x6 vs G/9   : 1.06524613181489404280163721545877512527204874264761626552403240842921148334519029742980989306402646715309024267608098773946887459898525675661493088062    x6 vs (2/9)z2 : 0.801479182979423614147167568974367762198298695077402405390185926304961269897396188742265305473648433335375329864361189763888702313353683810343974085598
