[0;31m  ***   Warning: new stack size = 8000000000 (7629.395 Mbytes).[0m

##### placement 3 (c=3)
  a_n check vs file to n=296: 1
  w_n first 8: [0, 1, 3, 28/3, 359/12, 14861/150, 50627/150, 4309223/3675]
   xi(50) = 0.83424060429992424661403297528041128994592088046772261644535371696238912486490150043603283341465610159949841134124849938055182078576053326680397231230027921656842534545506964956907225630819499467335754
   xi(100) = 0.83424060429992405825957300954784333918855167450393845116295113897858959780651666034797786733186539693560289910582805227211829997078532206418958820405690546074644976045736094954153914366166820113631815
   xi(200) = 0.83424060429992405825957300954769202891451025835304064027954883360376969281582858517166307404641443062477579349615219941144421450693322257076766789537445066447941643021102334596117548410580470995397493
   xi(300) = 0.83424060429992405825957300954769202891451025835304064027954873078162754652505810085017245363490195633819555701909278347007142317644984079477331535244294879151348128818789188687495909389519719322206743
   xi(400) = 0.83424060429992405825957300954769202891451025835304064027954873078162754652505810085017245356173817070750555767254106079822277817140536550229761197115179611312979882380783972850828105886587447038971678
   xi(600) = 0.83424060429992405825957300954769202891451025835304064027954873078162754652505810085017245356173817070750555767254106079816943432518166921627010729392133274658936223425489066569729663374109604954527878
   xi(800) = 0.83424060429992405825957300954769202891451025835304064027954873078162754652505810085017245356173817070750555767254106079816943432518166921627010729392133274658936223425489066569729660423141762613073992
   xi(800) = 0.83424060429992405825957300954769202891451025835304064027954873078162754652505810085017245356173817070750555767254106079816943432518166921627010729392133274658936223425489066569729660423141762613073992
   |xi(NMX)-xi(NMX-1)| = 0.E-211

##### placement 6 (c=6)
  a_n check vs file to n=296: 1
  w_n first 8: [0, 1, -5/2, 25/3, -24, 1926/25, -3658/15, 39692/49]
   xi(50) = 1.2484601597550558473166039981427728624698925829246749095259127113141908440492773232854063318590383415206131917414678273833657387778334413522053791981323453123818340801960377994563692575334976672474307
   xi(100) = 1.2167028028544730461099341172450082223796130708216653612000466143405300659182394837321238228955837143163586579633076548606213563430480789936116983320968556527022653596627704376991470582181854233861790
   xi(200) = 1.1921524270064812900999744392678279342340665635282877743539533961734156644809812903808952954795559301808397832757352548960303417172163211573885126690244613134084392853584813554976840569939769105537394
   xi(300) = 1.1801785537235001106225029176438457812821653985515641642863307842837925648916193733513402712937808087799453726608047090670267792670684613589173371955663570619985095823276302063349438073158845636476927
   xi(400) = 1.1725307941215350391425662763932994427087316822032018843124014194739687946173596154934107243125190936700367040961964846663063288191472965498182261049132831890257864758842739042632493273132843043061490
   xi(600) = 1.1627646195572053590038962275412255291599442491999361937718437525201539165227084861723152033985405763884159081139400513988286770017786349643451559035406106079428165713651132095843440919145930129228611
   xi(800) = 1.1564605300419061080555758102722073627608014354034041651835911220683461567220715072416701061816646179661740622171656578455966351294112992090718331521443735426692407009340574646564358062405599232855903
   xi(800) = 1.1564605300419061080555758102722073627608014354034041651835911220683461567220715072416701061816646179661740622171656578455966351294112992090718331521443735426692407009340574646564358062405599232855903
   |xi(NMX)-xi(NMX-1)| = 2.6388351215906601741659943400172539879726252367794557852159320764864179215526657077712465639249152298997477351588701404355165397965549765900497654973492107513295007883130644763667564302860226639994033 E-5

-G/27 = -0.033924651636193296853874204256754967065709236084506375343203634060065297028750176647383574552819078009206460097007266651075403659382439224423392397684487348407234519584197017056260693610302373624663297   -(4/9)z2 = -0.73108180748810063843218451850934452854175551164746597232691476860889220906808927725939062249767053569066858620548319585761276652755778123908226797614705167859188147083011671337566711416539557990969403
G/9 = 0.10177395490857989056162261277026490119712770825351912602961090218019589108625052994215072365845723402761938029102179995322621097814731767327017719305346204522170355875259105116878208083090712087398989   (2/9)z2 = 0.36554090374405031921609225925467226427087775582373298616345738430444610453404463862969531124883526784533429310274159792880638326377889061954113398807352583929594073541505835668783355708269778995484701
