  ***   Warning: new maximum stack size = 8000000000 (7629.395 Mbytes).
  ***   Warning: new stack size = 4000000000 (3814.697 Mbytes).
rows built to n=448
A_n integral? 1
n=50  log|A_n|/n = 2.2546200186580806072399658434208650273410713928010321076909404155589600084533058   log|B_n - xi A_n|/n = 1.9752732177496405219862536238225897002302618920413973201929334037053133416642549   |B/A - xi|^(1/n) = 0.75627757997893867443606854566770459115505309437693919225884534033050438521809478
n=100  log|A_n|/n = 2.2681446303032847465373469583032012362604133096530265339465381286041644173335093   log|B_n - xi A_n|/n = 1.8931863052647038537485014998977985969880065400197178315510487626637127541060130   |B/A - xi|^(1/n) = 0.68731792214200070719171774138282463294459812638329245993299770796423703205614770
n=150  log|A_n|/n = 2.2755556955653011882915859203266416246324863381140088851745526907674812881354662   log|B_n - xi A_n|/n = 1.86274612945152728802995769615532663404301412351918683954904671631248129110860   |B/A - xi|^(1/n) = 0.66178829774611098725421997485673527898303443565615509455919537401513081819784
n=200  log|A_n|/n = 2.2801498803340806972440777151029390057617184652694460499322412113359116195575403   log|B_n - xi A_n|/n = 1.84666754791000763749555241544117829963805481562134454315870733927005727523065   |B/A - xi|^(1/n) = 0.64824774548071534337407522893950326217632042559652627608749116082247377293820
n=250  log|A_n|/n = 2.2832953633285323175235689241654485000150019095438045145999346389813344138123454   log|B_n - xi A_n|/n = 1.836669693982989622147549766442590558020051353601183460902   |B/A - xi|^(1/n) = 0.6397833539776769047838624410608946330692598557159698274288
n=300  log|A_n|/n = 2.2855971993953829430807078726437882322255409958440834780412050180142732070045944   log|B_n - xi A_n|/n = 1.82982907930730582348190631837637863158   |B/A - xi|^(1/n) = 0.63396082283613228917508718515312083553
n=350  log|A_n|/n = 2.2873624653291745861868320906861559531301973041055393509530525397335939478314364   log|B_n - xi A_n|/n = 1.82484338090108388957483934419462060547   |B/A - xi|^(1/n) = 0.62969539002054700548928862451999750785
n=400  log|A_n|/n = 2.2887639381628614288120067559985551588974902076262743906624436413256499556658478   log|B_n - xi A_n|/n = 1.8210424590710692998   |B/A - xi|^(1/n) = 0.6264279726504516823
n=448  log|A_n|/n = 2.2898649158087220871107858449647424033840477618370712018345095250032356399616369   log|B_n - xi A_n|/n = 1.8181531841633085023   |B/A - xi|^(1/n) = 0.6239333512258851670
mod-p kernel dimensions (order r, degree D):
  r=6  D=3:0  D=4:0  D=5:0  D=6:0  D=7:0  D=8:0  D=9:0  D=10:0  D=11:0  D=12:0  D=13:0  D=14:0
  r=7  D=3:0  D=4:0  D=5:0  D=6:0  D=7:0  D=8:0  D=9:0  D=10:0  D=11:0  D=12:0  D=13:0  D=14:0
  r=8  D=3:0  D=4:0  D=5:0  D=6:0  D=7:0  D=8:0  D=9:0  D=10:0  D=11:0  D=12:0  D=13:0  D=14:0
  r=9  D=3:0  D=4:0  D=5:0  D=6:0  D=7:0  D=8:0  D=9:0  D=10:0  D=11:0  D=12:0  D=13:0  D=14:0
  r=10  D=3:0  D=4:0  D=5:0  D=6:0  D=7:0  D=8:0  D=9:0  D=10:0  D=11:0  D=12:0  D=13:0  D=14:0
  r=11  D=3:0  D=4:0  D=5:0  D=6:0  D=7:0  D=8:0  D=9:0  D=10:0  D=11:0  D=12:0  D=13:0  D=14:0
  r=12  D=3:0  D=4:0  D=5:0  D=6:0  D=7:0  D=8:0  D=9:0  D=10:0  D=11:0  D=12:0  D=13:0  D=14:0
  r=13  D=3:0  D=4:0  D=5:0  D=6:0  D=7:0  D=8:0  D=9:0  D=10:0  D=11:0  D=12:0  D=13:0  D=14:0
  r=14  D=3:0  D=4:0  D=5:0  D=6:0  D=7:0  D=8:0  D=9:0  D=10:0  D=11:0  D=12:0  D=13:0  D=14:0
  r=15  D=3:0  D=4:0  D=5:0  D=6:0  D=7:0  D=8:0  D=9:0  D=10:0  D=11:0  D=12:0  D=13:0  D=14:0
  r=16  D=3:0  D=4:0  D=5:0  D=6:0  D=7:0  D=8:0  D=9:0  D=10:0  D=11:0  D=12:0  D=13:0  D=14:0
  r=17  D=3:0  D=4:0  D=5:0  D=6:0  D=7:0  D=8:0  D=9:0  D=10:0  D=11:0  D=12:0  D=13:0  D=14:0
  r=18  D=3:0  D=4:0  D=5:0  D=6:0  D=7:0  D=8:0  D=9:0  D=10:0  D=11:0  D=12:0  D=13:0  D=14:0
  r=19  D=3:0  D=4:0  D=5:0  D=6:0  D=7:0  D=8:0  D=9:0  D=10:0  D=11:0  D=12:0  D=13:0  D=14:0
  r=20  D=3:0  D=4:0  D=5:0  D=6:0  D=7:0  D=8:0  D=9:0  D=10:0  D=11:0  D=12:0  D=13:0  D=14:0
DONE
