1 0 0 7 2 -8 YES 1 12
1 0 0 9 3 27 YES 1 12
1 0 0 10 3 9 YES 1 12
1 0 0 11 3 -1 YES 1 12
1 0 0 12 4 32 YES 1 12
1 0 0 17 6 72 YES 1 12
2 1 1 20 2 16 NO 0 0
2 1 1 24 2 4 NO 0 0
2 1 1 56 6 324 NO 0 0
2 1 1 72 6 -108 YES 3 6
2 1 1 88 10 500 YES 1 6
2 1 1 136 10 4 NO 0 0
2 1 3 0 -4 -64 NO 0 0
2 1 3 0 4 -64 NO 0 0
3 1 1 117 21 441 YES 1 8
3 1 1 180 24 -72 NO 0 0
3 1 2 26 2 -3 NO 0 0
3 1 2 40 4 48 NO 0 0
3 2 4 0 -3 -81 NO 0 0
3 2 4 0 3 -81 NO 0 0
4 1 3 28 2 -8 NO 0 0
4 1 3 48 4 32 NO 0 0
4 1 3 68 6 72 NO 0 0
4 1 3 72 6 108 YES 3 3
4 1 3 80 6 36 NO 0 0
4 1 3 88 6 -4 NO 0 0
4 3 5 0 -4 -256 NO 0 0
4 3 5 0 4 -256 NO 0 0
