
===== N=4 W=[] ev=[]  dimV1=1 dimV3=2
      cusp-denominator orbits: [[1, 1], [2, 2], [4, 3]]
   pole-orbit 1:  t = x + 8*x^2 + 44*x^3 + 192*x^4 + 718*x^5 + 2400*x^6 + 7352*x^7 + O(x^8)   #F-sol=0
   pole-orbit 2:  t = x - 8*x^2 + 44*x^3 - 192*x^4 + 718*x^5 - 2400*x^6 + 7352*x^7 + O(x^8)   #F-sol=0

===== N=4 W=[4] ev=[-I]  dimV1=1 dimV3=1
      cusp-denominator orbits: [[1, 1], [2, 2], [4, 1]]
   pole-orbit 2:  t = x - 24*x^2 + 300*x^3 - 2624*x^4 + 18126*x^5 - 105504*x^6 + 538296*x^7 + O(x^8)   #F-sol=0

===== N=8 W=[] ev=[]  dimV1=2 dimV3=4
      cusp-denominator orbits: [[1, 1], [2, 2], [4, 3], [8, 4]]
   pole-orbit 1:  t = x + 4*x^2 + 12*x^3 + 32*x^4 + 78*x^5 + 176*x^6 + 376*x^7 + O(x^8)   #F-sol=1
      F = 1 - 4*x + 4*x^2 + 4*x^4 - 8*x^5 + O(x^7)
      A = [1, -4, 20, -112, 676, -4304, 28496, -194240, 1353508] [integral]
   pole-orbit 2:  t = x - 4*x^2 + 12*x^3 - 32*x^4 + 78*x^5 - 176*x^6 + 376*x^7 + O(x^8)   #F-sol=1
      F = 1 + 4*x + 4*x^2 + 4*x^4 + 8*x^5 + O(x^7)
      A = [1, 4, 20, 112, 676, 4304, 28496, 194240, 1353508] [integral]
   pole-orbit 3:  t = x - 4*x^3 + 14*x^5 - 40*x^7 + O(x^8)   #F-sol=1
      F = 1 + 4*x^2 + 4*x^4 + O(x^7)
      A = [1, 0, 4, 0, 36, 0, 400, 0, 4900] [integral]

===== N=12 W=[] ev=[]  dimV1=2 dimV3=6
      cusp-denominator orbits: [[1, 1], [2, 2], [3, 3], [4, 4], [6, 5], [12, 6]]
   pole-orbit 1:  t = x + 3*x^2 + 7*x^3 + 15*x^4 + 30*x^5 + 57*x^6 + 104*x^7 + O(x^8)   #F-sol=1
      F = 1 - 2*x - 2*x^2 + 6*x^3 - 2*x^4 - 4*x^5 + 6*x^6 + O(x^7)
      A = [1, -2, 4, -4, -28, 296, -2028, 12240, -70044] [integral]
   pole-orbit 2:  t = x - 3*x^2 + 7*x^3 - 15*x^4 + 30*x^5 - 57*x^6 + 104*x^7 + O(x^8)   #F-sol=1
      F = 1 + 4*x + 4*x^2 + 4*x^4 + 8*x^5 + O(x^7)
      A = [1, 4, 16, 68, 308, 1472, 7332, 37656, 197796] [integral]
   pole-orbit 3:  t = x - x^2 - x^3 + 3*x^4 - 2*x^5 - 3*x^6 + 8*x^7 + O(x^8)   #F-sol=1
      F = 1 + 2*x + 2*x^2 + 2*x^3 + 2*x^4 + 4*x^5 + 2*x^6 + O(x^7)
      A = [1, 2, 4, 12, 36, 120, 404, 1408, 4964] [integral]
   pole-orbit 4:  t = x - 2*x^3 + 3*x^5 - 4*x^7 + O(x^8)   #F-sol=1
      F = 1 + x + x^2 + 3*x^3 + x^4 + 2*x^5 + 3*x^6 + O(x^7)
      A = [1, 1, 1, 5, 5, 29, 33, 189, 237] [integral]
   pole-orbit 5:  t = x + x^2 - x^3 - 3*x^4 - 2*x^5 + 3*x^6 + 8*x^7 + O(x^8)   #F-sol=1
      F = 1 + 4*x^3 + 4*x^6 + O(x^7)
      A = [1, 0, 0, 4, -12, 48, -156, 552, -1884] [integral]

===== N=12 W=[4] ev=[I]  dimV1=1 dimV3=3
      cusp-denominator orbits: [[1, 1], [2, 2], [3, 3], [4, 1], [6, 5], [12, 3]]
   pole-orbit 1:  t = x + 4*x^2 + 10*x^3 + 20*x^4 + 39*x^5 + 76*x^6 + 140*x^7 + O(x^8)   #F-sol=0
   pole-orbit 2:  t = x - 5*x^2 + 19*x^3 - 61*x^4 + 174*x^5 - 455*x^6 + 1112*x^7 + O(x^8)   #F-sol=0
   pole-orbit 5:  t = x + 3*x^2 + 3*x^3 - 5*x^4 - 18*x^5 - 15*x^6 + 24*x^7 + O(x^8)   #F-sol=0

===== N=12 W=[4] ev=[-I]  dimV1=1 dimV3=3
      cusp-denominator orbits: [[1, 1], [2, 2], [3, 3], [4, 1], [6, 5], [12, 3]]
   pole-orbit 1:  t = x + 4*x^2 + 10*x^3 + 20*x^4 + 39*x^5 + 76*x^6 + 140*x^7 + O(x^8)   #F-sol=0
   pole-orbit 2:  t = x - 5*x^2 + 19*x^3 - 61*x^4 + 174*x^5 - 455*x^6 + 1112*x^7 + O(x^8)   #F-sol=0
   pole-orbit 5:  t = x + 3*x^2 + 3*x^3 - 5*x^4 - 18*x^5 - 15*x^6 + 24*x^7 + O(x^8)   #F-sol=0

===== N=16 W=[] ev=[]  dimV1=3 dimV3=7
      cusp-denominator orbits: [[1, 1], [2, 2], [4, 3], [8, 4], [16, 5]]
   pole-orbit 1:  t = x + 2*x^2 + 4*x^3 + 8*x^4 + 14*x^5 + 24*x^6 + 40*x^7 + O(x^8)   #F-sol=2
      F = 1 - 4*x^2 + 4*x^4 + O(x^7)
      A = [1, 0, -4, 16, -44, 96, -176, 320, -860] [integral]
      F = 1 - 4*x + 4*x^2 + 4*x^4 - 8*x^5 + O(x^7)
      A = [1, -4, 12, -32, 84, -240, 784, -2816, 10404] [integral]
   pole-orbit 2:  t = x - 2*x^2 + 4*x^3 - 8*x^4 + 14*x^5 - 24*x^6 + 40*x^7 + O(x^8)   #F-sol=2
      F = 1 - 4*x^2 + 4*x^4 + O(x^7)
      A = [1, 0, -4, -16, -44, -96, -176, -320, -860] [integral]
      F = 1 + 4*x + 4*x^2 + 4*x^4 + 8*x^5 + O(x^7)
      A = [1, 4, 12, 32, 84, 240, 784, 2816, 10404] [integral]
   pole-orbit 4:  t = x - 2*x^5 + O(x^8)   #F-sol=2
      F has a_0=0 -- skip
      F = 1 + 4*x^4 + O(x^7)
      A = [1, 0, 0, 0, 4, 0, 0, 0, 36] [integral]

===== N=16 W=[16] ev=[I]  dimV1=1 dimV3=4
      cusp-denominator orbits: [[1, 1], [2, 2], [4, 3], [8, 2], [16, 1]]
   pole-orbit 2:  t = x - 4*x^2 + 8*x^3 - 16*x^4 + 30*x^5 - 48*x^6 + 80*x^7 + O(x^8)   #F-sol=0
   pole-orbit 3:  t = x - 2*x^2 - 4*x^3 + 8*x^4 + 14*x^5 - 24*x^6 - 40*x^7 + O(x^8)   #F-sol=0

===== N=16 W=[16] ev=[-I]  dimV1=2 dimV3=3
      cusp-denominator orbits: [[1, 1], [2, 2], [4, 3], [8, 2], [16, 1]]
   pole-orbit 2:  t = x - 4*x^2 + 8*x^3 - 16*x^4 + 30*x^5 - 48*x^6 + 80*x^7 + O(x^8)   #F-sol=1
      F = 1 + 2*x + 4*x^4 + 4*x^5 + O(x^7)
      A = [1, 2, 8, 48, 356, 2952, 26144, 241856, 2308516] [integral]
   pole-orbit 3:  t = x - 2*x^2 - 4*x^3 + 8*x^4 + 14*x^5 - 24*x^6 - 40*x^7 + O(x^8)   #F-sol=1
      F = 1 + 4*x^2 + 4*x^4 + O(x^7)
      A = [1, 0, 4, 16, 116, 800, 6000, 46400, 369700] [integral]

===== N=20 W=[4] ev=[I]  dimV1=2 dimV3=4
      cusp-denominator orbits: [[1, 1], [2, 2], [4, 1], [5, 4], [10, 5], [20, 4]]
   pole-orbit 1:  t = x + 2*x^2 + 3*x^3 + 6*x^4 + 11*x^5 + 16*x^6 + 24*x^7 + O(x^8)   #F-sol=1
      F = 1 - x - x^2 - x^4 + 3*x^5 + O(x^7)
      A = [1, -1, 1, -1, 1, 3, -43, 303, -1743] [integral]
   pole-orbit 2:  t = x - 3*x^2 + 8*x^3 - 19*x^4 + 41*x^5 - 84*x^6 + 164*x^7 + O(x^8)   #F-sol=1
      F = 1 + 4*x + 4*x^2 + 4*x^4 + 8*x^5 + O(x^7)
      A = [1, 4, 16, 64, 256, 1028, 4172, 17248, 73152] [integral]
   pole-orbit 5:  t = x + x^2 + x^4 + x^5 - 4*x^6 - 4*x^7 + O(x^8)   #F-sol=1
      F = 1 + 4*x^5 + O(x^7)
      A = [1, 0, 0, 0, 0, 4, -20, 80, -320] [integral]

===== N=36 W=[4] ev=[I]  dimV1=3 dimV3=9
      cusp-denominator orbits: [[1, 1], [2, 2], [3, 3], [4, 1], [6, 5], [9, 6], [12, 3], [18, 8], [36, 6]]
   pole-orbit 1:  t = x + x^2 + x^3 + 2*x^4 + 3*x^5 + 4*x^6 + 5*x^7 + O(x^8)   #F-sol=2
      F = 1 + x - 2*x^2 + x^4 - 4*x^5 + O(x^7)
      A = [1, 1, -3, 5, -7, 9, -11, 13, -15] [integral]
      F = 1 - 2*x + x^2 - 2*x^4 + 2*x^5 + O(x^7)
      A = [1, -2, 3, -4, 5, -6, 7, -8, 9] [integral]
   pole-orbit 2:  t = x - 2*x^2 + 4*x^3 - 7*x^4 + 12*x^5 - 20*x^6 + 32*x^7 + O(x^8)   #F-sol=2
      F = 1 + 7/2*x + 3*x^2 + 7/2*x^4 + 6*x^5 + O(x^7)
      A = [1, 7/2, 10, 26, 64, 152, 352, 800, 1792] [NOT integral]
      F = 1 - 4*x - 12*x^2 - 4*x^4 - 24*x^5 + O(x^7)
      A = [1, -4, -20, -64, -176, -448, -1088, -2560, -5888] [integral]
   pole-orbit 5:  t = x + x^2 - 1/2*x^3 - 5/2*x^4 - 21/8*x^5 + 11/8*x^6 + 107/16*x^7 + O(x^8)   #F-sol=0
   pole-orbit 8:  t = x + x^4 + O(x^8)   #F-sol=2
      F = 1 - x - x^4 + O(x^7)
      A = [1, -1, 0, 0, 0, 0, 0, 0, 0] [integral]
      F = 1 + 8*x + 8*x^4 + O(x^7)
      A = [1, 8, 0, 0, 0, 0, 0, 0, 0] [integral]

===== N=36 W=[4] ev=[-I]  dimV1=1 dimV3=7
      cusp-denominator orbits: [[1, 1], [2, 2], [3, 3], [4, 1], [6, 5], [9, 6], [12, 3], [18, 8], [36, 6]]
   pole-orbit 1:  t = x + x^2 + x^3 + 2*x^4 + 3*x^5 + 4*x^6 + 5*x^7 + O(x^8)   #F-sol=0
   pole-orbit 2:  t = x - 2*x^2 + 4*x^3 - 7*x^4 + 12*x^5 - 20*x^6 + 32*x^7 + O(x^8)   #F-sol=0
   pole-orbit 5:  t = x + x^2 - 1/2*x^3 - 5/2*x^4 - 21/8*x^5 + 11/8*x^6 + 107/16*x^7 + O(x^8)   #F-sol=0
   pole-orbit 8:  t = x + x^4 + O(x^8)   #F-sol=0

===== N=36 W=[4, 9] ev=[I, 1]  dimV1=2 dimV3=4
      cusp-denominator orbits: [[1, 1], [2, 2], [3, 3], [4, 1], [6, 5], [9, 1], [12, 3], [18, 2], [36, 1]]
   pole-orbit 2:  t = x - 3*x^2 + 6*x^3 - 11*x^4 + 18*x^5 - 30*x^6 + 48*x^7 + O(x^8)   #F-sol=1
      F = 1 + 2*x + 2*x^4 + O(x^7)
      A = [1, 2, 6, 24, 114, 600, 3372, 19824, 120426] [integral]
   pole-orbit 3:  t = x - 2*x^2 + x^3 + 2*x^4 - 6*x^5 + 4*x^6 + 5*x^7 + O(x^8)   #F-sol=1
      F = 1 + x + x^2 + x^4 + 2*x^5 + O(x^7)
      A = [1, 1, 3, 11, 47, 219, 1081, 5557, 29439] [integral]
   pole-orbit 5:  t = x + x^2 - 2*x^3 - 7*x^4 - 6*x^5 + 10*x^6 + 32*x^7 + O(x^8)   #F-sol=1
      F = 1 - 2*x + 4*x^2 - 2*x^4 + 8*x^5 + O(x^7)
      A = [1, -2, 6, -16, 50, -144, 460, -1376, 4458] [integral]

===== N=36 W=[4, 9] ev=[I, -1]  dimV1=1 dimV3=5
      cusp-denominator orbits: [[1, 1], [2, 2], [3, 3], [4, 1], [6, 5], [9, 1], [12, 3], [18, 2], [36, 1]]
   pole-orbit 2:  t = x - 3*x^2 + 6*x^3 - 11*x^4 + 18*x^5 - 30*x^6 + 48*x^7 + O(x^8)   #F-sol=0
   pole-orbit 3:  t = x - 2*x^2 + x^3 + 2*x^4 - 6*x^5 + 4*x^6 + 5*x^7 + O(x^8)   #F-sol=0
   pole-orbit 5:  t = x + x^2 - 2*x^3 - 7*x^4 - 6*x^5 + 10*x^6 + 32*x^7 + O(x^8)   #F-sol=0

===== N=36 W=[4, 9] ev=[-I, -1]  dimV1=1 dimV3=3
      cusp-denominator orbits: [[1, 1], [2, 2], [3, 3], [4, 1], [6, 5], [9, 1], [12, 3], [18, 2], [36, 1]]
   pole-orbit 2:  t = x - 3*x^2 + 6*x^3 - 11*x^4 + 18*x^5 - 30*x^6 + 48*x^7 + O(x^8)   #F-sol=0
   pole-orbit 3:  t = x - 2*x^2 + x^3 + 2*x^4 - 6*x^5 + 4*x^6 + 5*x^7 + O(x^8)   #F-sol=0
   pole-orbit 5:  t = x + x^2 - 2*x^3 - 7*x^4 - 6*x^5 + 10*x^6 + 32*x^7 + O(x^8)   #F-sol=0
