
===== N=4 W=[] ev=[]

===== N=4 W=[4] ev=[-I]

===== N=8 W=[] ev=[]
   pole-orb 1 F=1 - 4*x + 4*x^2 + 4*x^4 + O(x^5) intA=1 degq2=3  q2 = 32*x^3 + 12*x^2 + x
        roots: [[-1/4, 0], [-1/8, 0], [0, 0]]
        |t| sorted: [0.125000000000000000000000000000000000000000000000000000000000, 0.250000000000000000000000000000000000000000000000000000000000]
        lambda_1 = 8.00000000000000000000000000000000000000000000000000000000000   lambda_2 = 4.00000000000000000000000000000000000000000000000000000000000
   pole-orb 2 F=1 + 4*x + 4*x^2 + 4*x^4 + O(x^5) intA=1 degq2=3  q2 = 32*x^3 - 12*x^2 + x
        roots: [[0, 0], [1/8, 0], [1/4, 0]]
        |t| sorted: [0.125000000000000000000000000000000000000000000000000000000000, 0.250000000000000000000000000000000000000000000000000000000000]
        lambda_1 = 8.00000000000000000000000000000000000000000000000000000000000   lambda_2 = 4.00000000000000000000000000000000000000000000000000000000000
   pole-orb 3 F=1 + 4*x^2 + 4*x^4 + O(x^5) intA=1 degq2=3  q2 = 16*x^3 - x
        roots: [[-1/4, 0], [0, 0], [1/4, 0]]
        |t| sorted: [0.250000000000000000000000000000000000000000000000000000000000, 0.250000000000000000000000000000000000000000000000000000000000]
        lambda_1 = 4.00000000000000000000000000000000000000000000000000000000000   lambda_2 = 4.00000000000000000000000000000000000000000000000000000000000

===== N=12 W=[] ev=[]
   pole-orb 1 F=1 - 2*x - 2*x^2 + 6*x^3 - 2*x^4 + O(x^5) intA=1 degq2=7  q2 = 1728*x^7 + 3312*x^6 + 2544*x^5 + 1000*x^4 + 212*x^3 + 23*x^2 + x
        roots: [[-1/2, 0], [-1/2, 0], [-1/3, 0], [-1/4, 0], [-1/6, 0], [-1/6, 0], [0, 0]]
        |t| sorted: [0.166666666666666666666666666666666666666666666666666666666667, 0.166666666666666666666666666666666666666666666666666666666667, 0.250000000000000000000000000000000000000000000000000000000000, 0.333333333333333333333333333333333333333333333333333333333333, 0.500000000000000000000000000000000000000000000000000000000000, 0.500000000000000000000000000000000000000000000000000000000000]
        lambda_1 = 6.00000000000000000000000000000000000000000000000000000000000   lambda_2 = 6.00000000000000000000000000000000000000000000000000000000000
   pole-orb 2 F=1 + 4*x + 4*x^2 + 4*x^4 + O(x^5) intA=1 degq2=6  q2 = 576*x^6 - 864*x^5 + 500*x^4 - 140*x^3 + 19*x^2 - x
        roots: [[0, 0], [1/6, 0], [1/4, 0], [1/4, 0], [1/3, 0], [1/2, 0]]
        |t| sorted: [0.166666666666666666666666666666666666666666666666666666666667, 0.250000000000000000000000000000000000000000000000000000000000, 0.250000000000000000000000000000000000000000000000000000000000, 0.333333333333333333333333333333333333333333333333333333333333, 0.500000000000000000000000000000000000000000000000000000000000]
        lambda_1 = 6.00000000000000000000000000000000000000000000000000000000000   lambda_2 = 4.00000000000000000000000000000000000000000000000000000000000
   pole-orb 3 F=1 + 2*x + 2*x^2 + 2*x^3 + 2*x^4 + O(x^5) intA=1 degq2=7  q2 = 64*x^7 - 80*x^6 - 16*x^5 + 40*x^4 - 4*x^3 - 5*x^2 + x
        roots: [[-1/2, 0], [-1/2, 0], [0, 0], [1/4, 0], [1/2, 0], [1/2, 0], [1, 0]]
        |t| sorted: [0.250000000000000000000000000000000000000000000000000000000000, 0.500000000000000000000000000000000000000000000000000000000000, 0.500000000000000000000000000000000000000000000000000000000000, 0.500000000000000000000000000000000000000000000000000000000000, 0.500000000000000000000000000000000000000000000000000000000000, 1.00000000000000000000000000000000000000000000000000000000000]
        lambda_1 = 4.00000000000000000000000000000000000000000000000000000000000   lambda_2 = 2.00000000000000000000000000000000000000000000000000000000000
   pole-orb 4 F=1 + x + x^2 + 3*x^3 + x^4 + O(x^5) intA=1 degq2=7  q2 = 27*x^7 - 18*x^6 - 39*x^5 + 20*x^4 + 13*x^3 - 2*x^2 - x
        roots: [[-1, 0], [-1/3, 0], [-1/3, 0], [0, 0], [1/3, 0], [1, 0], [1, 0]]
        |t| sorted: [0.333333333333333333333333333333333333333333333333333333333333, 0.333333333333333333333333333333333333333333333333333333333333, 0.333333333333333333333333333333333333333333333333333333333333, 1.00000000000000000000000000000000000000000000000000000000000, 1.00000000000000000000000000000000000000000000000000000000000, 1.00000000000000000000000000000000000000000000000000000000000]
        lambda_1 = 3.00000000000000000000000000000000000000000000000000000000000   lambda_2 = 3.00000000000000000000000000000000000000000000000000000000000
   pole-orb 5 F=1 + 4*x^3 + O(x^5) intA=1 degq2=6  q2 = 64*x^6 + 96*x^5 + 20*x^4 - 20*x^3 - 9*x^2 - x
        roots: [[-1, 0], [-1/2, 0], [-1/4, 0], [-1/4, 0], [0, 0], [1/2, 0]]
        |t| sorted: [0.250000000000000000000000000000000000000000000000000000000000, 0.250000000000000000000000000000000000000000000000000000000000, 0.500000000000000000000000000000000000000000000000000000000000, 0.500000000000000000000000000000000000000000000000000000000000, 1.00000000000000000000000000000000000000000000000000000000000]
        lambda_1 = 4.00000000000000000000000000000000000000000000000000000000000   lambda_2 = 4.00000000000000000000000000000000000000000000000000000000000

===== N=16 W=[] ev=[]
   pole-orb 1 F=1 - 4*x^2 + 4*x^4 + O(x^5) intA=1 degq2=6  q2 = 256*x^6 + 384*x^5 + 240*x^4 + 80*x^3 + 14*x^2 + x
        roots: [[-1/2, 0], [-1/4, 0], [-1/4, 0], [0, 0], [-1/4, -1/4], [-1/4, 1/4]]
        |t| sorted: [0.250000000000000000000000000000000000000000000000000000000000, 0.250000000000000000000000000000000000000000000000000000000000, 0.353553390593273762200422181052424519642417968844237018294170, 0.353553390593273762200422181052424519642417968844237018294170, 0.500000000000000000000000000000000000000000000000000000000000]
        lambda_1 = 4.00000000000000000000000000000000000000000000000000000000000   lambda_2 = 4.00000000000000000000000000000000000000000000000000000000000
   pole-orb 1 F=1 - 4*x + 4*x^2 + 4*x^4 + O(x^5) intA=1 degq2=5  q2 = 64*x^5 + 80*x^4 + 40*x^3 + 10*x^2 + x
        roots: [[-1/2, 0], [-1/4, 0], [0, 0], [-1/4, -1/4], [-1/4, 1/4]]
        |t| sorted: [0.250000000000000000000000000000000000000000000000000000000000, 0.353553390593273762200422181052424519642417968844237018294170, 0.353553390593273762200422181052424519642417968844237018294170, 0.500000000000000000000000000000000000000000000000000000000000]
        lambda_1 = 4.00000000000000000000000000000000000000000000000000000000000   lambda_2 = 2.82842712474619009760337744841939615713934375075389614635336
   pole-orb 2 F=1 - 4*x^2 + 4*x^4 + O(x^5) intA=1 degq2=6  q2 = 256*x^6 - 384*x^5 + 240*x^4 - 80*x^3 + 14*x^2 - x
        roots: [[0, 0], [1/4, 0], [1/4, 0], [1/2, 0], [1/4, -1/4], [1/4, 1/4]]
        |t| sorted: [0.250000000000000000000000000000000000000000000000000000000000, 0.250000000000000000000000000000000000000000000000000000000000, 0.353553390593273762200422181052424519642417968844237018294170, 0.353553390593273762200422181052424519642417968844237018294170, 0.500000000000000000000000000000000000000000000000000000000000]
        lambda_1 = 4.00000000000000000000000000000000000000000000000000000000000   lambda_2 = 4.00000000000000000000000000000000000000000000000000000000000
   pole-orb 2 F=1 + 4*x + 4*x^2 + 4*x^4 + O(x^5) intA=1 degq2=5  q2 = 64*x^5 - 80*x^4 + 40*x^3 - 10*x^2 + x
        roots: [[0, 0], [1/4, 0], [1/2, 0], [1/4, -1/4], [1/4, 1/4]]
        |t| sorted: [0.250000000000000000000000000000000000000000000000000000000000, 0.353553390593273762200422181052424519642417968844237018294170, 0.353553390593273762200422181052424519642417968844237018294170, 0.500000000000000000000000000000000000000000000000000000000000]
        lambda_1 = 4.00000000000000000000000000000000000000000000000000000000000   lambda_2 = 2.82842712474619009760337744841939615713934375075389614635336
   pole-orb 4 F=1 + 4*x^4 + O(x^5) intA=1 degq2=5  q2 = 16*x^5 - x
        roots: [[-1/2, 0], [0, 0], [1/2, 0], [0, -1/2], [0, 1/2]]
        |t| sorted: [0.500000000000000000000000000000000000000000000000000000000000, 0.500000000000000000000000000000000000000000000000000000000000, 0.500000000000000000000000000000000000000000000000000000000000, 0.500000000000000000000000000000000000000000000000000000000000]
        lambda_1 = 2.00000000000000000000000000000000000000000000000000000000000   lambda_2 = 2.00000000000000000000000000000000000000000000000000000000000

===== N=16 W=[16] ev=[I]

===== N=16 W=[16] ev=[-I]
   pole-orb 2 F=1 + 2*x + 4*x^4 + O(x^5) intA=1 degq2=4  q2 = 8*x^4 - 28*x^3 + 14*x^2 - x
        roots: [[0, 0], [3998607/46611179, 0], [1/2, 0], [135834930/46611179, 0]]
        |t| sorted: [0.0857864376269049511983112757903019214303281246230519268233203, 0.500000000000000000000000000000000000000000000000000000000000, 2.91421356237309504880168872420969807856967187537694807317668]
        lambda_1 = 11.6568542494923801952067548968387923142786875015077922927067   lambda_2 = 2.00000000000000000000000000000000000000000000000000000000000
   pole-orb 3 F=1 + 4*x^2 + 4*x^4 + O(x^5) intA=1 degq2=4  q2 = 32*x^4 + 32*x^3 + 6*x^2 - x
        roots: [[-46611179/77227930, 0], [-1/2, 0], [0, 0], [3998607/38613965, 0]]
        |t| sorted: [0.103553390593273762200422181052424519642417968844237018294170, 0.500000000000000000000000000000000000000000000000000000000000, 0.603553390593273762200422181052424519642417968844237018294170]
        lambda_1 = 9.65685424949238019520675489683879231427868750150779229270672   lambda_2 = 2.00000000000000000000000000000000000000000000000000000000000

===== N=20 W=[4] ev=[I]
   pole-orb 1 F=1 - x - x^2 - x^4 + O(x^5) intA=1 degq2=7  q2 = 125*x^7 + 350*x^6 + 375*x^5 + 212*x^4 + 75*x^3 + 14*x^2 + x
        roots: [[-1, 0], [-1, 0], [-1/5, 0], [-1/5, 0], [0, 0], [-1/5, -2/5], [-1/5, 2/5]]
        |t| sorted: [0.200000000000000000000000000000000000000000000000000000000000, 0.200000000000000000000000000000000000000000000000000000000000, 0.447213595499957939281834733746255247088123671922305144854179, 0.447213595499957939281834733746255247088123671922305144854179, 1.00000000000000000000000000000000000000000000000000000000000, 1.00000000000000000000000000000000000000000000000000000000000]
        lambda_1 = 5.00000000000000000000000000000000000000000000000000000000000   lambda_2 = 5.00000000000000000000000000000000000000000000000000000000000
   pole-orb 2 F=1 + 4*x + 4*x^2 + 4*x^4 + O(x^5) intA=1 degq2=6  q2 = 1600*x^6 - 1760*x^5 + 788*x^4 - 180*x^3 + 21*x^2 - x
        roots: [[0, 0], [1/5, 0], [1/4, 0], [1/4, 0], [1/5, -1/10], [1/5, 1/10]]
        |t| sorted: [0.200000000000000000000000000000000000000000000000000000000000, 0.223606797749978969640917366873127623544061835961152572427090, 0.223606797749978969640917366873127623544061835961152572427090, 0.250000000000000000000000000000000000000000000000000000000000, 0.250000000000000000000000000000000000000000000000000000000000]
        lambda_1 = 5.00000000000000000000000000000000000000000000000000000000000   lambda_2 = 4.47213595499957939281834733746255247088123671922305144854179
   pole-orb 5 F=1 + O(x^5) intA=1 degq2=6  q2 = 64*x^6 - 32*x^5 - 12*x^4 - 12*x^3 - 7*x^2 - x
        roots: [[-1/4, 0], [-1/4, 0], [0, 0], [1, 0], [0, -1/2], [0, 1/2]]
        |t| sorted: [0.250000000000000000000000000000000000000000000000000000000000, 0.250000000000000000000000000000000000000000000000000000000000, 0.500000000000000000000000000000000000000000000000000000000000, 0.500000000000000000000000000000000000000000000000000000000000, 1.00000000000000000000000000000000000000000000000000000000000]
        lambda_1 = 4.00000000000000000000000000000000000000000000000000000000000   lambda_2 = 4.00000000000000000000000000000000000000000000000000000000000

===== N=36 W=[4] ev=[I]
   pole-orb 1 F=1 + x - 2*x^2 + x^4 + O(x^5): no ODE of degree <= 10
   pole-orb 1 F=1 - 2*x + x^2 - 2*x^4 + O(x^5): no ODE of degree <= 10
   pole-orb 2 F=1 + 7/2*x + 3*x^2 + 7/2*x^4 + O(x^5): no ODE of degree <= 10
   pole-orb 2 F=1 - 4*x - 12*x^2 - 4*x^4 + O(x^5): no ODE of degree <= 10
   pole-orb 8 F=1 - x - x^4 + O(x^5): no ODE of degree <= 10
   pole-orb 8 F=1 + 8*x + 8*x^4 + O(x^5): no ODE of degree <= 10

===== N=36 W=[4] ev=[-I]

===== N=36 W=[4, 9] ev=[I, 1]
   pole-orb 2 F=1 + 2*x + 2*x^4 + O(x^5) intA=1 degq2=6  q2 = 64*x^6 - 224*x^5 + 244*x^4 - 100*x^3 + 17*x^2 - x
        roots: [[0, 0], [6811741/50843527, 0], [1/4, 0], [1/4, 0], [1, 0], [94875313/50843527, 0]]
        |t| sorted: [0.133974596215561353236276829247063816528597373094809685972097, 0.250000000000000000000000000000000000000000000000000000000000, 0.250000000000000000000000000000000000000000000000000000000000, 1.00000000000000000000000000000000000000000000000000000000000, 1.86602540378443864676372317075293618347140262690519031402790]
        lambda_1 = 7.46410161513775458705489268301174473388561050762076125611161   lambda_2 = 4.00000000000000000000000000000000000000000000000000000000000
   pole-orb 3 F=1 + x + x^2 + x^4 + O(x^5) intA=1 degq2=7  q2 = 27*x^7 + 90*x^6 + 57*x^5 - 36*x^4 - 19*x^3 + 10*x^2 - x
        roots: [[-204427888/94875313, 0], [-1, 0], [-1, 0], [0, 0], [14677262/94875313, 0], [1/3, 0], [1/3, 0]]
        |t| sorted: [0.154700538379251529018297561003914911295203502540253752037205, 0.333333333333333333333333333333333333333333333333333333333333, 0.333333333333333333333333333333333333333333333333333333333333, 1.00000000000000000000000000000000000000000000000000000000000, 1.00000000000000000000000000000000000000000000000000000000000, 2.15470053837925152901829756100391491129520350254025375203720]
        lambda_1 = 6.46410161513775458705489268301174473388561050762076125611161   lambda_2 = 3.00000000000000000000000000000000000000000000000000000000000
   pole-orb 5 F=1 - 2*x + 4*x^2 - 2*x^4 + O(x^5) intA=1 degq2=6  q2 = 576*x^6 + 480*x^5 + 84*x^4 - 28*x^3 - 11*x^2 - x
        roots: [[-1/3, 0], [-14677262/50843527, 0], [-1/4, 0], [-1/4, 0], [0, 0], [14677262/50843527, 0]]
        |t| sorted: [0.250000000000000000000000000000000000000000000000000000000000, 0.250000000000000000000000000000000000000000000000000000000000, 0.288675134594812882254574390250978727823800875635063438009301, 0.288675134594812882254574390250978727823800875635063438009301, 0.333333333333333333333333333333333333333333333333333333333333]
        lambda_1 = 4.00000000000000000000000000000000000000000000000000000000000   lambda_2 = 4.00000000000000000000000000000000000000000000000000000000000

===== N=36 W=[4, 9] ev=[I, -1]

===== N=36 W=[4, 9] ev=[-I, -1]
