
### N=8  pole-orb 1  F=1 - 4*x + 4*x^2 + 4*x^4 + O(x^5)
   A = [1, -4, 20, -112, 676, -4304, 28496, -194240, 1353508]
   |a_n|^(1/n) at n=[59, 118, 236]: [7.40888060352892315272688518061406259869552809599203121651687, 7.65367061142003886243172028681824042453840499593196575258238, 7.80196998893243323917788471745182384354878015683474618395165]
   Eisenstein classes in the eigenspace: dim 4
     Phi_1 a_0=0  b_n/a_n(n=236) = -0.457982797088609507527301757466192055387074687140836067133249  k=2  lindep(1,z2,G,r)=[0, 0, 1, 2]~
     Phi_2 a_0=0  b_n/a_n(n=236) = 0.249987898345498507770243272254209107364127104549994519201385  k=2  lindep(1,z2,G,r)=[516002, 264886, -1256865, 798131]~
     Phi_3 a_0=-1/4  b_n/a_n(n=236) = -0.460628607932356730356080499262742595204015299611529817311337  k=2  lindep(1,z2,G,r)=[145271, -584460, -32321, -1836039]~
     Phi_4 a_0=-1/4  b_n/a_n(n=236) = 0.156221667135728183321075188229516850753090913341019596839498  k=2  lindep(1,z2,G,r)=[186006, -447919, 458608, 836773]~

### N=8  pole-orb 2  F=1 + 4*x + 4*x^2 + 4*x^4 + O(x^5)
   A = [1, 4, 20, 112, 676, 4304, 28496, 194240, 1353508]
   |a_n|^(1/n) at n=[59, 118, 236]: [7.40888060352892315272688518061406259869552809599203121651687, 7.65367061142003886243172028681824042453840499593196575258238, 7.80196998893243323917788471745182384354878015683474618395165]
   Eisenstein classes in the eigenspace: dim 4
     Phi_1 a_0=0  b_n/a_n(n=236) = 2.45788598385259756968924793549986491430009152354079222074433  k=2  lindep(1,z2,G,r)=[-446387, 423324, -1541054, 472601]~
     Phi_2 a_0=0  b_n/a_n(n=236) = 0.249987898345498507770243272254209107364127104549994519201385  k=2  lindep(1,z2,G,r)=[516002, 264886, -1256865, 798131]~
     Phi_3 a_0=-1/4  b_n/a_n(n=236) = 0.773071942203813096998230875721776296710197126293569010990332  k=2  lindep(1,z2,G,r)=[-25086, -291392, 1154279, -715164]~
     Phi_4 a_0=-1/4  b_n/a_n(n=236) = 0.156221667135728183321075188229516850753090913341019596839498  k=2  lindep(1,z2,G,r)=[186006, -447919, 458608, 836773]~

### N=8  pole-orb 3  F=1 + 4*x^2 + 4*x^4 + O(x^5)
   A = [1, 0, 4, 0, 36, 0, 400, 0, 4900]
   |a_n|^(1/n) at n=[59, 118, 236]: [0, 3.82669669582540690318541063259470991505573885608993932394418, 3.90094982408152276070423810565697122173224253963056276438503]
   Eisenstein classes in the eigenspace: dim 4
     Phi_1 a_0=0  b_n/a_n(n=236) = 1.13688785102606909223092955824784601067451559756795187511702  k=2  lindep(1,z2,G,r)=[-1028184, -397855, 391011, 1165002]~
     Phi_2 a_0=0  b_n/a_n(n=236) = 0.284221962756517273057732389561961502668628899391987968779256  k=2  lindep(1,z2,G,r)=[449319, -334618, 219011, -350082]~
     Phi_3 a_0=-1/4  b_n/a_n(n=236) = 0.163530610004073713792629918182151599812667344866907864120172  k=2  lindep(1,z2,G,r)=[411715, -270455, -188477, 1258505]~
     Phi_4 a_0=-1/4  b_n/a_n(n=236) = 0.163530610004073713792629918182151599812667344866907864120172  k=2  lindep(1,z2,G,r)=[411715, -270455, -188477, 1258505]~

### N=12  pole-orb 1  F=1 - 2*x - 2*x^2 + 6*x^3 - 2*x^4 + O(x^5)
   A = [1, -2, 4, -4, -28, 296, -2028, 12240, -70044]
   |a_n|^(1/n) at n=[59, 118, 236]: [5.46512067589593525262575056970100814061122014692292275239482, 5.68225425856346280355932211887559543840382614665500041138186, 5.81615188803674729192395775579863793427327221081865609792562]
   Eisenstein classes in the eigenspace: dim 4
     Phi_1 a_0=0  b_n/a_n(n=236) = -0.352255100512256813618881868713400436892066962007156583485604  k=2  lindep(1,z2,G,r)=[-611151, -477647, 1787524, 682635]~
     Phi_2 a_0=0  b_n/a_n(n=236) = -0.0156444119288390473113380101342019111002462927555188276877800  k=2  lindep(1,z2,G,r)=[-1093865, 595062, 131618, 353501]~
     Phi_3 a_0=-1/4  b_n/a_n(n=236) = -0.382478307158730404176393914292713760883990488437934642597048  k=2  lindep(1,z2,G,r)=[-417275, -83386, -29013, -1519078]~
     Phi_4 a_0=-1/4  b_n/a_n(n=236) = -0.0169374034146800849603016550380414966131509385580701848236233  k=2  lindep(1,z2,G,r)=[355449, 110945, -580433, 371341]~

### N=12  pole-orb 2  F=1 + 4*x + 4*x^2 + 4*x^4 + O(x^5)
   A = [1, 4, 16, 68, 308, 1472, 7332, 37656, 197796]
   |a_n|^(1/n) at n=[59, 118, 236]: [5.59496283597924577619096881564212714785312149329032814141808, 5.76000932821184938145303615993728260531233847875322130900684, 5.86153916344805847549596061326611494574464894766802532194802]
   Eisenstein classes in the eigenspace: dim 4
     Phi_1 a_0=0  b_n/a_n(n=236) = 3.50626984516778507764594966327547475157063522000301061676477  k=2  lindep(1,z2,G,r)=[2052731, -38711, -129970, -533332]~
     Phi_2 a_0=0  b_n/a_n(n=236) = 0.0959371944811320763922720795682626163257957383958728860524986  k=2  lindep(1,z2,G,r)=[1228755, -712298, -46360, -152262]~
     Phi_3 a_0=-1/4  b_n/a_n(n=236) = 0.796428866531031468543300757621693027810784842825195548718081  k=2  lindep(1,z2,G,r)=[-194345, -193123, 1392465, -958567]~
     Phi_4 a_0=-1/4  b_n/a_n(n=236) = 0.0653470590429308301111162391123484992690288630565521912496294  k=2  lindep(1,z2,G,r)=[881994, -837025, 591845, -723104]~

### N=12  pole-orb 3  F=1 + 2*x + 2*x^2 + 2*x^3 + 2*x^4 + O(x^5)
   A = [1, 2, 4, 12, 36, 120, 404, 1408, 4964]
   |a_n|^(1/n) at n=[59, 118, 236]: [3.70407279066252196979007957195856311331056310712840968553270, 3.82674209376705731634120998177725636041345520651301905393726, 3.90096144680660994866401378924781426599378706123973777119771]
   Eisenstein classes in the eigenspace: dim 4
     Phi_1 a_0=0  b_n/a_n(n=236) = 3.74720710758471431856815785962713187509991451484547991755820  k=2  lindep(1,z2,G,r)=[-1055700, 1299708, -380846, -195717]~
     Phi_2 a_0=0  b_n/a_n(n=236) = 0.104860796792870196426427938692398065345398708909770658640433  k=2  lindep(1,z2,G,r)=[637345, 15958, -848974, 1087500]~
     Phi_3 a_0=-1/4  b_n/a_n(n=236) = 0.798949967976992228144439675583330848226032345587211168219721  k=2  lindep(1,z2,G,r)=[420901, -70964, 757617, -1249291]~
     Phi_4 a_0=-1/4  b_n/a_n(n=236) = 0.0678681604888915897122551570739863196842768339397451958928066  k=2  lindep(1,z2,G,r)=[1143815, -718490, 31458, 136135]~

### N=12  pole-orb 4  F=1 + x + x^2 + 3*x^3 + x^4 + O(x^5)
   A = [1, 1, 1, 5, 5, 29, 33, 189, 237]
   |a_n|^(1/n) at n=[59, 118, 236]: [2.77297550100077495283476049924529056587882047235600101706590, 2.85882636419210793970341562872184271866031978215705179883465, 2.92049143606162089649170442734304799534805073737335520438684]
   Eisenstein classes in the eigenspace: dim 4
     Phi_1 a_0=0  b_n/a_n(n=236) = 4.53074172898810999792797810035338030802971319688865278816184  k=2  lindep(1,z2,G,r)=[712581, 390346, 1925241, -688216]~
     Phi_2 a_0=0  b_n/a_n(n=236) = 0.129857365597066666124985700856060650978467587506303527079135  k=2  lindep(1,z2,G,r)=[-620549, 232960, 315866, -400264]~
     Phi_3 a_0=-1/4  b_n/a_n(n=236) = 0.970601553129734760550367794546945939191605356603546258735439  k=2  lindep(1,z2,G,r)=[81662, 442348, -901551, 16994]~
     Phi_4 a_0=-1/4  b_n/a_n(n=236) = 0.0824803785123603244274674246487318135015749587546915435364742  k=2  lindep(1,z2,G,r)=[1728184, -1003436, -90826, 67841]~

### N=12  pole-orb 5  F=1 + 4*x^3 + O(x^5)
   A = [1, 0, 0, 4, -12, 48, -156, 552, -1884]
   |a_n|^(1/n) at n=[59, 118, 236]: [3.61020504745546571748856564593162930044831173661031221857927, 3.77076348285150585091949504634480012149007667615700780427927, 3.86844490739890675083635968403245993473192915113334065941702]
   Eisenstein classes in the eigenspace: dim 4
     Phi_1 a_0=0  b_n/a_n(n=236) = -0.358933900817720047848804766233930976312332911066791536936670  k=2  lindep(1,z2,G,r)=[-1712539, 654805, 456801, -604607]~
     Phi_2 a_0=0  b_n/a_n(n=236) = -0.0178706786973267920546456426410454242403165954354113862826124  k=2  lindep(1,z2,G,r)=[207372, -346672, 426530, 1555969]~
     Phi_3 a_0=-1/4  b_n/a_n(n=236) = -0.385305698030555774904991705593945550928853577554912880958600  k=2  lindep(1,z2,G,r)=[-379058, 375622, 252286, 1219553]~
     Phi_4 a_0=-1/4  b_n/a_n(n=236) = -0.0197647942865054556888994463392732866579758217311798947951429  k=2  lindep(1,z2,G,r)=[-818845, 638638, -289012, -1672299]~

### N=16  pole-orb 1  F=1 - 4*x^2 + 4*x^4 + O(x^5)
   A = [1, 0, -4, 16, -44, 96, -176, 320, -860]
   |a_n|^(1/n) at n=[59, 118, 236]: [3.49892877273156217607598758839336875176409854165412360514437, 3.69712164170086689139665569895517085288637774428400568684404, 3.82298783572083337152858159754138913315666673915931378199303]
   Eisenstein classes in the eigenspace: dim 6
     Phi_1 a_0=0  b_n/a_n(n=236) = -0.457982797088609507527301757466192055379244036013569989419199  k=2  lindep(1,z2,G,r)=[0, 0, 1, 2]~
     Phi_2 a_0=0  b_n/a_n(n=236) = 0.447831633028904256154536227983878556144620043999455803469140  k=2  lindep(1,z2,G,r)=[-582240, 498349, -392753, 272953]~
     Phi_3 a_0=0  b_n/a_n(n=236) = 0.0416669917195939849090888485771663792369521727541150533966627  k=2  lindep(1,z2,G,r)=[-460774, -278803, 1000214, 77398]~
     Phi_4 a_0=-1/4  b_n/a_n(n=236) = -0.429598054811182951709613614256591930724273197842881557202949  k=2  lindep(1,z2,G,r)=[483424, -222916, -354713, -484553]~
     Phi_5 a_0=-1/4  b_n/a_n(n=236) = 0.187252220256901961967542073235667297682129187542837509356012  k=2  lindep(1,z2,G,r)=[375996, 549626, -1469851, 353739]~
     Phi_6 a_0=-1/4  b_n/a_n(n=236) = 0.0330396514898807335482531513626026543040878266759928488050405  k=2  lindep(1,z2,G,r)=[-691488, 798781, -662069, -484922]~

### N=16  pole-orb 1  F=1 - 4*x + 4*x^2 + 4*x^4 + O(x^5)
   A = [1, -4, 12, -32, 84, -240, 784, -2816, 10404]
   |a_n|^(1/n) at n=[59, 118, 236]: [3.74820807882234917509506501811116116838534244512076747954847, 3.84937957999207859171284178588695661040747770932467683896668, 3.91245912970990722574107297261710796538152961725189284404431]
   Eisenstein classes in the eigenspace: dim 6
     Phi_1 a_0=0  b_n/a_n(n=236) = -0.457982797088609507527301757466192057235442802815032628715159  k=2  lindep(1,z2,G,r)=[0, 0, 1, 2]~
     Phi_2 a_0=0  b_n/a_n(n=236) = 0.546424169733696044209152935624789134199129295226632356224679  k=2  lindep(1,z2,G,r)=[23811, -370876, 995730, -596238]~
     Phi_3 a_0=0  b_n/a_n(n=236) = 0.0539910588076929584159159370322801400160308466714221966514964  k=2  lindep(1,z2,G,r)=[801688, -930775, 804367, -137004]~
     Phi_4 a_0=-1/4  b_n/a_n(n=236) = -0.425869189439401542177431711561372576097381980949013461339981  k=2  lindep(1,z2,G,r)=[-64247, 496319, -109220, 1531276]~
     Phi_5 a_0=-1/4  b_n/a_n(n=236) = 0.190981085628683371499723975930886878192887390560561917868430  k=2  lindep(1,z2,G,r)=[-12091, -204499, 396031, -74732]~
     Phi_6 a_0=-1/4  b_n/a_n(n=236) = 0.0367685168616621430804350540578220167075101398634446026961927  k=2  lindep(1,z2,G,r)=[-899735, 610215, -159635, 1147496]~

### N=16  pole-orb 2  F=1 - 4*x^2 + 4*x^4 + O(x^5)
   A = [1, 0, -4, -16, -44, -96, -176, -320, -860]
   |a_n|^(1/n) at n=[59, 118, 236]: [3.49892877273156217607598758839336875176409854165412360514437, 3.69712164170086689139665569895517085288637774428400568684404, 3.82298783572083337152858159754138913315666673915931378199303]
   Eisenstein classes in the eigenspace: dim 6
     Phi_1 a_0=0  b_n/a_n(n=236) = 4.04063586131984355676359158133722050453620438800921641717232  k=2  lindep(1,z2,G,r)=[-548326, -664451, 1551563, 54478]~
     Phi_2 a_0=0  b_n/a_n(n=236) = 0.447831633028904256154536227983878556144620043999455803469140  k=2  lindep(1,z2,G,r)=[-582240, 498349, -392753, 272953]~
     Phi_3 a_0=0  b_n/a_n(n=236) = 0.0416669917195939849090888485771663792369521727541150533966627  k=2  lindep(1,z2,G,r)=[-460774, -278803, 1000214, 77398]~
     Phi_4 a_0=-1/4  b_n/a_n(n=236) = 0.804102495324986875644697760727926526088531572928556575914974  k=2  lindep(1,z2,G,r)=[748597, -165189, -860032, 386627]~
     Phi_5 a_0=-1/4  b_n/a_n(n=236) = 0.187252220256901961967542073235667297682129187542837509356012  k=2  lindep(1,z2,G,r)=[375996, 549626, -1469851, 353739]~
     Phi_6 a_0=-1/4  b_n/a_n(n=236) = 0.0330396514898807335482531513626026543040878266759928488050405  k=2  lindep(1,z2,G,r)=[-691488, 798781, -662069, -484922]~

### N=16  pole-orb 2  F=1 + 4*x + 4*x^2 + 4*x^4 + O(x^5)
   A = [1, 4, 12, 32, 84, 240, 784, 2816, 10404]
   |a_n|^(1/n) at n=[59, 118, 236]: [3.74820807882234917509506501811116116838534244512076747954847, 3.84937957999207859171284178588695661040747770932467683896668, 3.91245912970990722574107297261710796538152961725189284404431]
   Eisenstein classes in the eigenspace: dim 6
     Phi_1 a_0=0  b_n/a_n(n=236) = 4.82937615495817786120052524246450513082847716462809147851259  k=2  lindep(1,z2,G,r)=[-19687, -1483846, 671669, 382097]~
     Phi_2 a_0=0  b_n/a_n(n=236) = 0.546424169733696044209152935624789134199129295226632356224679  k=2  lindep(1,z2,G,r)=[23811, -370876, 995730, -596238]~
     Phi_3 a_0=0  b_n/a_n(n=236) = 0.0539910588076929584159159370322801400160308466714221966514964  k=2  lindep(1,z2,G,r)=[801688, -930775, 804367, -137004]~
     Phi_4 a_0=-1/4  b_n/a_n(n=236) = 0.807831360696768285176879663423146332483156762070137297076841  k=2  lindep(1,z2,G,r)=[40065, 299189, 901282, -1680740]~
     Phi_5 a_0=-1/4  b_n/a_n(n=236) = 0.190981085628683371499723975930886878192887390560561917868430  k=2  lindep(1,z2,G,r)=[-12091, -204499, 396031, -74732]~
     Phi_6 a_0=-1/4  b_n/a_n(n=236) = 0.0367685168616621430804350540578220167075101398634446026961927  k=2  lindep(1,z2,G,r)=[-899735, 610215, -159635, 1147496]~

### N=16  pole-orb 4  F=1 + 4*x^4 + O(x^5)
   A = [1, 0, 0, 0, 4, 0, 0, 0, 36]
   |a_n|^(1/n) at n=[59, 118, 236]: [0, 0, 1.95619444223354415070229193562637038415813424423821553445673]
   Eisenstein classes in the eigenspace: dim 6
     Phi_1 a_0=0  b_n/a_n(n=236) = 1.00120579720723988085599635513335632947734722566772373187564  k=2  lindep(1,z2,G,r)=[-810593, -57232, 191957, 728032]~
     Phi_2 a_0=0  b_n/a_n(n=236) = 0.250301449301809970213999088783339082369336806416930932968911  k=2  lindep(1,z2,G,r)=[922840, -89410, -559531, -1051753]~
     Phi_3 a_0=0  b_n/a_n(n=236) = 0.0625753623254524925534997721958347705923342016042327332422277  k=2  lindep(1,z2,G,r)=[761395, -718381, 467464, -126033]~
     Phi_4 a_0=-1/4  b_n/a_n(n=236) = 0.0390761917393734130379739438720515986306660067394432981818326  k=2  lindep(1,z2,G,r)=[648811, -423951, 95463, -994989]~
     Phi_5 a_0=-1/4  b_n/a_n(n=236) = 0.0390761917393734130379739438720515986306660067394432981818326  k=2  lindep(1,z2,G,r)=[648811, -423951, 95463, -994989]~
     Phi_6 a_0=-1/4  b_n/a_n(n=236) = 0.0390761917393734130379739438720515986306660067394432981818326  k=2  lindep(1,z2,G,r)=[648811, -423951, 95463, -994989]~

### N=16+16  pole-orb 2  F=1 + 2*x + 4*x^4 + O(x^5)
   A = [1, 2, 8, 48, 356, 2952, 26144, 241856, 2308516]
   |a_n|^(1/n) at n=[59, 118, 236]: [10.1812067916421549264501277160363487112589630907144698368698, 10.7985702270353961555542921149807678880406498529464991289584, 11.1702051627790756677788436915735065572086162386867433432448]
   Eisenstein classes in the eigenspace: dim 3
     Phi_1 a_0=-1/2  b_n/a_n(n=236) = 1.29367262749855295782980275376623369390864802656741482779744  k=2  lindep(1,z2,G,r)=[-1412287, -116021, 804513, 669588]~
     Phi_2 a_0=-1/4  b_n/a_n(n=236) = 0.419882348954671796008922229690348336088913309663082978940210  k=2  lindep(1,z2,G,r)=[-99049, -278643, 217641, 852731]~
     Phi_3 a_0=-1/4  b_n/a_n(n=236) = 0.914224971017292760242554439215249693856724935741004004246329  k=2  lindep(1,z2,G,r)=[-43488, -486917, 957202, -35363]~

### N=16+16  pole-orb 3  F=1 + 4*x^2 + 4*x^4 + O(x^5)
   A = [1, 0, 4, 16, 116, 800, 6000, 46400, 369700]
   |a_n|^(1/n) at n=[59, 118, 236]: [8.39337054424586342945261427050293150085391044544612604727148, 8.92425111953261224614970339015399595105280760724880117631330, 9.24258575126951089572600081016016012901864875894999620860360]
   Eisenstein classes in the eigenspace: dim 3
     Phi_1 a_0=-1/2  b_n/a_n(n=236) = 1.29409258614665547434153557175068360087932071727190389237119  k=2  lindep(1,z2,G,r)=[-588599, 1023042, 152955, -953826]~
     Phi_2 a_0=-1/4  b_n/a_n(n=236) = 0.420163151479157232127370306871114554032708286030556312675551  k=2  lindep(1,z2,G,r)=[-425623, 143035, 255584, -104165]~
     Phi_3 a_0=-1/4  b_n/a_n(n=236) = 0.914334583064583887502757197782201701625825743199309488618705  k=2  lindep(1,z2,G,r)=[268503, 322234, -344592, -528168]~

### N=20+4  pole-orb 1  F=1 - x - x^2 - x^4 + O(x^5)
   A = [1, -1, 1, -1, 1, 3, -43, 303, -1743]
   |a_n|^(1/n) at n=[59, 118, 236]: [4.49130781060917363655010384600431372174141600481059839374804, 4.71386104523724493160681316607526630696961396955483094830015, 4.84102817606990992443861817944829021907379726046213516499061]
   Eisenstein classes in the eigenspace: dim 2
     Phi_1 a_0=-1/4  b_n/a_n(n=236) = -1.36841008054737224823395745892146078408323521405265626778342  k=2  lindep(1,z2,G,r)=[-292831, -530777, -27300, -870302]~
     Phi_2 a_0=-1/4  b_n/a_n(n=236) = 0.0264558640971684050386739100162878183284874222277074377054522  k=2  lindep(1,z2,G,r)=[-1281518, 940984, -285832, -171091]~

### N=20+4  pole-orb 2  F=1 + 4*x + 4*x^2 + 4*x^4 + O(x^5)
   A = [1, 4, 16, 64, 256, 1028, 4172, 17248, 73152]
   |a_n|^(1/n) at n=[59, 118, 236]: [4.70302127427785715233258984305249544202255662826166678463162, 4.82083227393559238873551226387154060008746648496301026623922, 4.89520025156312957598328257452279310222376565180723626014073]
   Eisenstein classes in the eigenspace: dim 2
     Phi_1 a_0=-1/4  b_n/a_n(n=236) = 22.6771669195289652541319028856870128356078822451532513551607  k=2  lindep(1,z2,G,r)=[1476232, -2588641, 1679574, 54834]~
     Phi_2 a_0=-1/4  b_n/a_n(n=236) = 0.137956602200272187935190917899268153286188267086343907959545  k=2  lindep(1,z2,G,r)=[923834, -630240, 240370, -777791]~

### N=20+4  pole-orb 5  F=1 + O(x^5)
   A = [1, 0, 0, 0, 0, 4, -20, 80, -320]
   |a_n|^(1/n) at n=[59, 118, 236]: [3.58109053652152694766670856503269507080922277245483292569232, 3.76427403808560610983090547952186272149016049751840825740080, 3.86914199775990002931595474863711391804004675735149281694090]
   Eisenstein classes in the eigenspace: dim 2
     Phi_1 a_0=-1/4  b_n/a_n(n=236) = -1.41840271180630458070373228904602228664993311219418714441179  k=2  lindep(1,z2,G,r)=[-390143, 145569, -139434, -196283]~
     Phi_2 a_0=-1/4  b_n/a_n(n=236) = 0.0242218004312543265078295806137120082209675084905516094235331  k=2  lindep(1,z2,G,r)=[-646986, -551697, 1678479, 704414]~

### N=36+4,9  pole-orb 2  F=1 + 2*x + 2*x^4 + O(x^5)
   A = [1, 2, 6, 24, 114, 600, 3372, 19824, 120426]
   |a_n|^(1/n) at n=[59, 118, 236]: [6.58319672459245390190875742596226794101544368787845198754074, 6.94823570628755583860704821391600714727891960224662111329952, 7.16987016074063895464704367824857328502437629438501537685030]
   Eisenstein classes in the eigenspace: dim 2
     Phi_1 a_0=-7  b_n/a_n(n=236) = 9.99546793838911390616232433421858968927284767401498991343497  k=2  lindep(1,z2,G,r)=[-540129, 300171, -1308846, 124579]~
     Phi_2 a_0=0  b_n/a_n(n=236) = 2.99508556502335987215839156199918955315060823887067747302836  k=2  lindep(1,z2,G,r)=[200263, -1601631, 347350, 706542]~

### N=36+4,9  pole-orb 3  F=1 + x + x^2 + x^4 + O(x^5)
   A = [1, 1, 3, 11, 47, 219, 1081, 5557, 29439]
   |a_n|^(1/n) at n=[59, 118, 236]: [5.67994344676929903972409079934159552366408449936551344468922, 6.00623593590857340034393899465953922995733864045636092317883, 6.20358469849665896064516344093529752683538017805122396809251]
   Eisenstein classes in the eigenspace: dim 2
     Phi_1 a_0=-7  b_n/a_n(n=236) = 9.99939483806634480040291167417846172414579154879447490049671  k=2  lindep(1,z2,G,r)=[-76660, 1447733, 24754, -232758]~
     Phi_2 a_0=0  b_n/a_n(n=236) = 2.99439302922252466046496400349645487284395316828541637543543  k=2  lindep(1,z2,G,r)=[-50604, 784560, -160664, -364943]~

### N=36+4,9  pole-orb 5  F=1 - 2*x + 4*x^2 - 2*x^4 + O(x^5)
   A = [1, -2, 6, -16, 50, -144, 460, -1376, 4458]
   |a_n|^(1/n) at n=[59, 118, 236]: [3.61718434622047603960684867212943469584926326576284493576846, 3.79228163256433471153423554201765158968382298935775557574460, 3.88580240903061949550013311528388613336633046979611107086857]
   Eisenstein classes in the eigenspace: dim 2
     Phi_1 a_0=-7  b_n/a_n(n=236) = -1.17674057957433129177496386036698654697060149056923748231694  k=2  lindep(1,z2,G,r)=[-254226, 434183, -1527228, -797892]~
     Phi_2 a_0=0  b_n/a_n(n=236) = -3.52880526235716261484227993199494548070339341602437494102809  k=2  lindep(1,z2,G,r)=[495134, -285908, 351366, 98241]~
