
### N=8 pole-orb 1 lam1~7.8135793262629178750269011065963467105465735288736103728773643497780802852928914  dim Eis-eigsp=4  dim fold-regular=2
    A = [1, -4, 20, -112, 676, -4304, 28496, -194240]
    FR combo [1, 0, 0, 0]  xi = -0.45798279708860950752730175746619205538707468714083606713324905981088150988810616
        lindep(1,z2,G;xi) = [0, 0, -1, -2]~   k=2   |b_n-xi a_n|^(1/n) = [3.8218312744601603264573505603432977464275180160005511842376927049138822518605, 3.871845832981856201138632576050655140618106014816831453226, 0]
    FR combo [0, 0, -1, 1]  xi = 0.61685027506808491367715568749225944595710621295254941415083433601375280140109889
        lindep(1,z2,G;xi) = [0, 3, 0, -8]~   k=2   |b_n-xi a_n|^(1/n) = [3.8662699416412721206379737770863931670696325899259636697128057007770416908557, 3.903048481429348386318227254617293815623964876188060873688, 0]

### N=8 pole-orb 2 lam1~7.8135793262629178750269011065963467105465735288736103728773643497780802852928914  dim Eis-eigsp=4  dim fold-regular=2
    A = [1, 4, 20, 112, 676, 4304, 28496, 194240]
    FR combo [-1/8, 1, 0, 0]  xi = -0.057247849636076188440912719683274006923384335892604508391656132476360188736013270
        lindep(1,z2,G;xi) = [0, 0, -1, -16]~   k=0   |b_n-xi a_n|^(1/n) = [3.7597638272252069467370686083762505755667418262826201208807746815989946020604, 3.829701732747550819953277576342147370116927099308071892970, 0]
    FR combo [0, 0, -1, 1]  xi = -0.61685027506808491367715568749225944595710621295254941415083433601375280140109889
        lindep(1,z2,G;xi) = [0, 3, 0, 8]~   k=2   |b_n-xi a_n|^(1/n) = [3.8662699416412721206379737770863931670696325899259636697128057007770416908557, 3.903048481429348386318227254617293815623964876188060873688, 0]

### N=8 pole-orb 3 lam1~3.9067592650105607731966015606329567513419866526416702778594582908264846600646909  dim Eis-eigsp=4  dim fold-regular=2
    A = [1, 0, 4, 0, 36, 0, 400, 0]
    FR combo [-1/4, 1, 0, 0]  xi = 0
        lindep(1,z2,G;xi) = [0, 0, 0, 1]~   k=0   |b_n-xi a_n|^(1/n) = [3.8064663813887414988811239973784882362313824124884542830023321108375841763433543, 0, 0]
    FR combo [0, 0, -1, 1]  xi = 0
        lindep(1,z2,G;xi) = [0, 0, 0, 1]~   k=2   |b_n-xi a_n|^(1/n) = [3.8219479288803840111790446680759654405202969327183291699030891730155785500655916, 0, 0]

### N=12 pole-orb 1 lam1~5.8267298744809538318129674976142418587580098456691947777563713694787977970933572  dim Eis-eigsp=4  dim fold-regular=2
    A = [1, -2, 4, -4, -28, 296, -2028, 12240]
    FR combo [-1/3, 1, 0, 0]  xi = 0.10177395490857989056162261277026490119712769537116474853944696100526423441002914
        lindep(1,z2,G;xi) = [0, 0, -1, 9]~   k=0   |b_n-xi a_n|^(1/n) = [3.8474018890671857981788051878310860077673449001913220239351834740693830575983, 3.8905195359279265040355081003120812137599504518412810357830913385670175801303, 0]
    FR combo [0, 0, -1, 1]  xi = 0.36554090374405031921609225925467226427087772932228836421713506128472545083273241
        lindep(1,z2,G;xi) = [0, -2, 0, 9]~   k=2   |b_n-xi a_n|^(1/n) = [3.8730236254381558155214373158772599503724381761280938338893577887166904416516, 3.9063264483807139313856708185916333816153645271441486980594259718276194629882, 2.427603746267969689]

### N=12 pole-orb 2 lam1~5.8695465052983796531460604288792524602923293954029379229474475242117524208442696  dim Eis-eigsp=4  dim fold-regular=2
    A = [1, 4, 16, 68, 308, 1472, 7332, 37656]
    FR combo [-1/27, 1, 0, 0]  xi = -0.033924651636193296853874204256754967065709236106761278598118266511810703814514526
        lindep(1,z2,G;xi) = [0, 0, -1, -27]~   k=0   |b_n-xi a_n|^(1/n) = [3.7230936083362105952732317901534560056873217748464440380160064678637343425957, 3.8022092260157221150472319119604640884535199155760263521270470315101437088959, 2.420698099304577887]
    FR combo [0, 0, -1, 1]  xi = -0.73108180748810063843218451850934452854175551195274248173729754442061061557915950
        lindep(1,z2,G;xi) = [0, -4, 0, -9]~   k=2   |b_n-xi a_n|^(1/n) = [3.8047250023137234081450244248800864151467061311496094126624100673684142003637, 3.8560828372969202979745667524089554175159225635504515101721360622324851003065, 0]

### N=12 pole-orb 3 lam1~3.9067693169002732319215772433503122295985587277370172962793759154520295922736003  dim Eis-eigsp=4  dim fold-regular=2
    A = [1, 2, 4, 12, 36, 120, 404, 1408]
    FR combo [-1/27, 1, 0, 0]  xi = -0.033924651636193296853874204256754967065709236084506375343203634060065297028750469
        lindep(1,z2,G;xi) = [0, 0, -1, -27]~   k=0   |b_n-xi a_n|^(1/n) = [1.844622563636120362862834946506954815507858667329895836519, 1.89378237594142073111712589081726730517, 0]
    FR combo [0, 0, -1, 1]  xi = -0.73108180748810063843218451850934452854175551164746597232691476860889220906809425
        lindep(1,z2,G;xi) = [0, -4, 0, -9]~   k=2   |b_n-xi a_n|^(1/n) = [1.872899692100660279069974947719465794203903222449222987482, 1.92247849552595872423850152804193945165, 0]

### N=12 pole-orb 4 lam1~2.9252533911767918591874072114305150777622512548362619156905477588538555848710570  dim Eis-eigsp=4  dim fold-regular=2
    A = [1, 1, 1, 5, 5, 29, 33, 189]
    FR combo [-2188171/68789403, 1, 0, 0]  xi = -0.013940208640086464118343258458209634955391655451408714083958474121323742137321704
        lindep(1,z2,G;xi) = [9496198, -11296100, 9776375, -9348395]~   k=0   |b_n-xi a_n|^(1/n) = [2.1453349888010681062557811852335306361096760924748910171027526619679778975450589, 2.8050483698526239526560556232054997755443157959843145234498344049637505030820410, 0]
    FR combo [1044392/5343059, 0, -1, 1]  xi = 0.0082386364750586864676034892891177873148265463238396054136395420756360241504964469
        lindep(1,z2,G;xi) = [3745153, -3180873, 1445303, 19824341]~   k=0   |b_n-xi a_n|^(1/n) = [2.1796648013125938675664210539046281651588905694789732379580605376781012927855278, 2.8570146785685625114405618094607249717831823459160566716036262917398932240544545, 1.1991644182200753610]

### N=12 pole-orb 5 lam1~3.8761107352679051535782930875906006966082026900286692821541921333867581214501706  dim Eis-eigsp=4  dim fold-regular=2
    A = [1, 0, 0, 4, -12, 48, -156, 552]
    FR combo [-1/3, 1, 0, 0]  xi = 0.10177395490857989056162261277026490119712770825351912602961090218019589108619865
        lindep(1,z2,G;xi) = [0, 0, -1, 9]~   k=0   |b_n-xi a_n|^(1/n) = [1.92369551993313849169060579757953874325511175681526990208076370937780082682240, 1.924042170552372425629983396779577305726381532803238854846, 0]
    FR combo [0, 0, -1, 1]  xi = 0.36554090374405031921609225925467226427087775582373298616345738430444610453376367
        lindep(1,z2,G;xi) = [0, -2, 0, 9]~   k=2   |b_n-xi a_n|^(1/n) = [1.93019689299119698047331312733278337707486612926683750172027914275849713883206, 1.941865627160107698960938516177738768942131995365758630182, 1.6164360537298710770]

### N=16 pole-orb 1 lam1~3.8330463389321600317136608914312718813273895045127481246692642866921853601410893  dim Eis-eigsp=6  dim fold-regular=4
    A = [1, 0, -4, 16, -44, 96, -176, 320]
    FR combo [1, 0, 0, 0, 0, 0]  xi = -0.45798279708860950752730175746619205630433108919954048464447744458914487752871741
        lindep(1,z2,G;xi) = [0, 0, -1, -2]~   k=2   |b_n-xi a_n|^(1/n) = [2.7099956597375664115211366356932694196770503780537679640717956247335214598361090, 2.7478903185903101800609111827997817539667673367319446182009292433360173913418, 0]
    FR combo [0, -1/8, 1, 0, 0, 0]  xi = -0.014311962409019047110228179920818501745212537337739720289352647626801221007051476
        lindep(1,z2,G;xi) = [0, 0, -1, -64]~   k=0   |b_n-xi a_n|^(1/n) = [2.6689902102491897522376287863981195093006222674830315279674731551028892797185407, 2.6884403091582065492336913442958987111722326439936328054881890824005283794500, 1.5767312560852773669]
    FR combo [0, 0, 0, -1, 1, 0]  xi = 0.61685027506808491367715568749225945013479344332438846759419067370035616219739203
        lindep(1,z2,G;xi) = [0, 3, 0, -8]~   k=2   |b_n-xi a_n|^(1/n) = [2.7428059578837041794620727376545217109035779850441967334006465644573554101795056, 2.7693012783828648308363313164716977198123596162076228902201356234418488890711, 1.5996572003499262957]
    FR combo [0, 0, 0, -1, 0, 1]  xi = 0.46263770630106368525786676561919458864552399762066545408617683450572981162402038
        lindep(1,z2,G;xi) = [0, -9, 0, 32]~   k=2   |b_n-xi a_n|^(1/n) = [2.7403283570347527275806208165253550620104809199778286938074177407989103491813933, 2.7693013245668448599334483559537184209781921955921908072787614661324512971312, 1.5961366964204283216]

### N=16 pole-orb 1 lam1~3.9174654419601396292427416196557218575339196934714279338052015856466064772456408  dim Eis-eigsp=6  dim fold-regular=4
    A = [1, -4, 12, -32, 84, -240, 784, -2816]
    FR combo [1, 0, 0, 0, 0, 0]  xi = -0.45798279708860950752730175746619205538708884802195085497148545261836944785021550
        lindep(1,z2,G;xi) = [0, 0, -1, -2]~   k=2   |b_n-xi a_n|^(1/n) = [2.7096570930899954171830460074168765800579451450698030405216683669999975087734867, 2.6728934342594212460808274608369485079649274848137517870995720415682443309269, 0]
    FR combo [0, -1/8, 1, 0, 0, 0]  xi = -0.014311962409019047110228179920818501731360572151342326693069065637626215682968012
        lindep(1,z2,G;xi) = [0, 0, -1, -64]~   k=0   |b_n-xi a_n|^(1/n) = [2.6638779510994709072362055032628444228195104362132716602120530511982158335489621, 2.7191890306947697109654401110804908335841367862978552487374946105303581873847, 1.6118020577731736672]
    FR combo [0, 0, 0, -1, 1, 0]  xi = 0.61685027506808491367715568749225944595896281870078488498300337868434315997927547
        lindep(1,z2,G;xi) = [0, 3, 0, -8]~   k=2   |b_n-xi a_n|^(1/n) = [2.7372332573967786152298315672808339749420684569482155924228878525396013835444590, 2.7383142134967529413356540774248687554548204278415372249739717991465492346669, 0]
    FR combo [0, 0, 0, -1, 0, 1]  xi = 0.46263770630106368525786676561919458446788066982506512721871956922235134699598274
        lindep(1,z2,G;xi) = [0, -9, 0, 32]~   k=2   |b_n-xi a_n|^(1/n) = [2.7400657785138304788868348881248142092826592272508053200669864396050819971039227, 2.6902407248086719543491298848631006491426860496899838242955777616308993187062, 0]

### N=16 pole-orb 2 lam1~3.8330463389321600317136608914312718813273895045127481246692642866921853601410893  dim Eis-eigsp=6  dim fold-regular=4
    A = [1, 0, -4, -16, -44, -96, -176, -320]
    FR combo [-1/8, 1, 0, 0, 0, 0]  xi = -0.057247849636076188440912719683274007038041386149942560580559680573643109691089676
        lindep(1,z2,G;xi) = [0, 0, -1, -16]~   k=0   |b_n-xi a_n|^(1/n) = [2.6659846868456579518320136406545896216568687769829108681570447259671428997713573, 2.7179802007769777960248758380419315450489072353269180018817441241045220216427, 0]
    FR combo [-1/64, 0, 1, 0, 0, 0]  xi = -0.021467943613528570665342269881227752624967710606482540361922607698506609718437685
        lindep(1,z2,G;xi) = [0, 0, -3, -128]~   k=0   |b_n-xi a_n|^(1/n) = [2.6711527168202447321589025664661558700079322107357508072214802773567255108418117, 2.6982436409926270800881642910040855933780403370371654361433480444051245080115, 0]
    FR combo [0, 0, 0, -1, 1, 0]  xi = -0.61685027506808491367715568749225945013479344332438846759419067370035616219739203
        lindep(1,z2,G;xi) = [0, 3, 0, 8]~   k=2   |b_n-xi a_n|^(1/n) = [2.7428059578837041794620727376545217109035779850441967334006465644573554101795056, 2.7693012783828648308363313164716977198123596162076228902201356234418488890711, 1.5996572003499262957]
    FR combo [0, 0, 0, -1, 0, 1]  xi = -0.77106284383510614209644460936532431162406288902811148110220451289498251277076368
        lindep(1,z2,G;xi) = [0, -15, 0, -32]~   k=2   |b_n-xi a_n|^(1/n) = [2.7450301560491364290754817210767293985518602994414649918358641286423735906154458, 2.7693012321987392304660752153124283769208426886079467644242122799518514832487, 0]

### N=16 pole-orb 2 lam1~3.9174654419601396292427416196557218575339196934714279338052015856466064772456408  dim Eis-eigsp=6  dim fold-regular=4
    A = [1, 4, 12, 32, 84, 240, 784, 2816]
    FR combo [-1/8, 1, 0, 0, 0, 0]  xi = -0.057247849636076188440912719683274006923386106002743856871435681577296180981276938
        lindep(1,z2,G;xi) = [0, 0, -1, -16]~   k=0   |b_n-xi a_n|^(1/n) = [2.6656516186008223309972605664156620590647445477186903876731408127925622201502634, 2.6437996392923080340907728774296859994458176805315104118159178528771952696000, 0]
    FR combo [-1/64, 0, 1, 0, 0, 0]  xi = -0.021467943613528570665342269881227752596783835401685308801998525834788238305627629
        lindep(1,z2,G;xi) = [0, 0, -3, -128]~   k=0   |b_n-xi a_n|^(1/n) = [2.6608128491522880036027411552124051941599851385332046998820148038379129673153747, 2.7191975893023001527251902450807238586367506393307870169902479763634270248296, 0]
    FR combo [0, 0, 0, -1, 1, 0]  xi = -0.61685027506808491367715568749225944595896281870078488498300337868434315997927547
        lindep(1,z2,G;xi) = [0, 3, 0, 8]~   k=2   |b_n-xi a_n|^(1/n) = [2.7372332573967786152298315672808339749420684569482155924228878525396013835444590, 2.7383142134967529413356540774248687554548204278415372249739717991465492346669, 0]
    FR combo [0, 0, 0, -1, 0, 1]  xi = -0.77106284383510614209644460936532430745004496757650464274728718814633497296256820
        lindep(1,z2,G;xi) = [0, -15, 0, -32]~   k=2   |b_n-xi a_n|^(1/n) = [2.7339752241197063977500023401667397691548746932960812369610828669102971216615758, 2.7480701406022896234319268573837936326990755691125674059345712459575974098467, 1.6343220164153024207]

### N=16 pole-orb 4 lam1~0  dim Eis-eigsp=6  dim fold-regular=4
    A = [1, 0, 0, 0, 4, 0, 0, 0]
[0;31m[0;31m  ***   at top-level: [0;35mfor(h=1,#RH,[0;35manalyse(RH[h][1],RH[h][2],RH[h][3]
[0;31m[0;31m  ***                             ^----------------------------------
[0;31m  ***   in function analyse: ...[0;35ms[i][m])));my(xi=bb[nl+1][0;35m/av[nl+1]*1.0);my(dec
[0;31m[0;31m  ***                                                    ^---------------------
  *** _/_: impossible inverse in dvmdii: 0.[0m
... skipping file 'lattice/catalan_al_hosts/09_foldreg.gp'
