
### N=12 pole-orb 1 lam1~5.8267298744809538318129674976142418587580098456691947777563713694787977970933572  dim Eis-eigsp=4  dim fold-regular=2
    A = [1, -2, 4, -4, -28, 296, -2028, 12240]
    FR combo [-1/3, 1, 0, 0]  xi = 0.10177395490857989056162261277026490119712769537116474853944696100526423441002914
        lindep(1,z2,G;xi) = [0, 0, -1, 9]~   k=0   |b_n-xi a_n|^(1/n) = [3.7867049016134655453722262129675543875806201190992940337040777935354459753475409, 3.8793586877482889634157333797251145951574434522712061242234757373093837768885, 0]
    FR combo [0, 0, -1, 1]  xi = 0.36554090374405031921609225925467226427087772932228836421713506128472545083273241
        lindep(1,z2,G;xi) = [0, -2, 0, 9]~   k=2   |b_n-xi a_n|^(1/n) = [3.8285801960772650026375450091185968453629827296007943179629451950415129220110813, 3.8975566379315069314796849929271455941406518825659574219273848783757424112692, 2.427603746267969689]

### N=12 pole-orb 2 lam1~5.8695465052983796531460604288792524602923293954029379229474475242117524208442696  dim Eis-eigsp=4  dim fold-regular=2
    A = [1, 4, 16, 68, 308, 1472, 7332, 37656]
    FR combo [-1/27, 1, 0, 0]  xi = -0.033924651636193296853874204256754967065709236106761278598118266511810703814514526
        lindep(1,z2,G;xi) = [0, 0, -1, -27]~   k=0   |b_n-xi a_n|^(1/n) = [3.6116123362902163954194192602575967205046064396749100107215865107123859166389440, 3.7817493335067328194088498971860413962101465446594073291598212895966835925076, 2.420698099304577887]
    FR combo [0, 0, -1, 1]  xi = -0.73108180748810063843218451850934452854175551195274248173729754442061061557915950
        lindep(1,z2,G;xi) = [0, -4, 0, -9]~   k=2   |b_n-xi a_n|^(1/n) = [3.7360683721706545155293965037690576340311164582820417624842756724608426760179127, 3.8425652816121429959361096895872080586240239426051614239048520864161502940538, 0]

### N=12 pole-orb 3 lam1~3.9067693169002732319215772433503122295985587277370172962793759154520295922736003  dim Eis-eigsp=4  dim fold-regular=2
    A = [1, 2, 4, 12, 36, 120, 404, 1408]
    FR combo [-1/27, 1, 0, 0]  xi = -0.033924651636193296853874204256754967065709236084506375343203634060065297028750469
        lindep(1,z2,G;xi) = [0, 0, -1, -27]~   k=0   |b_n-xi a_n|^(1/n) = [1.79102102680077051360912462088117422714785598370631058482254280594416356369598, 1.878033818099829795470349833470307295404155879606918690011, 0]
    FR combo [0, 0, -1, 1]  xi = -0.73108180748810063843218451850934452854175551164746597232691476860889220906809425
        lindep(1,z2,G;xi) = [0, -4, 0, -9]~   k=2   |b_n-xi a_n|^(1/n) = [1.85464604279481996673281408857551749452893910032948150962678348255444963988532, 1.898131638426451563230206180653083629539285117940824686898, 0]

### N=12 pole-orb 4 lam1~2.9252533911767918591874072114305150777622512548362619156905477588538555848710570  dim Eis-eigsp=4  dim fold-regular=2
    A = [1, 1, 1, 5, 5, 29, 33, 189]
    FR combo [-2188171/68789403, 1, 0, 0]  xi = -0.013940208640086464118343258458209634955391655451408714083958474121323742137321704
        lindep(1,z2,G;xi) = [9496198, -11296100, 9776375, -9348395]~   k=0   |b_n-xi a_n|^(1/n) = [2.6463698011642767378093316399075592339419089817890054076321337065504017811237499, 2.7716951365115269384931225708215497591970881555426529025468578590284039229560934, 0]
    FR combo [1044392/5343059, 0, -1, 1]  xi = 0.0082386364750586864676034892891177873148265463238396054136395420756360241504964469
        lindep(1,z2,G;xi) = [3745153, -3180873, 1445303, 19824341]~   k=0   |b_n-xi a_n|^(1/n) = [2.7563797570633708197049834613958332586372883210502486895035658161104158517653188, 2.8372008682195730137468815180922805760172897115334767515633900595998387969296588, 1.1991644182200753610]

### N=12 pole-orb 5 lam1~3.8761107352679051535782930875906006966082026900286692821541921333867581214501706  dim Eis-eigsp=4  dim fold-regular=2
    A = [1, 0, 0, 4, -12, 48, -156, 552]
    FR combo [-1/3, 1, 0, 0]  xi = 0.10177395490857989056162261277026490119712770825351912602961090218019589108619865
        lindep(1,z2,G;xi) = [0, 0, -1, 9]~   k=0   |b_n-xi a_n|^(1/n) = [1.84897875433974576291522135038059745953693303344272764954674330694545269629174, 1.916272489318704961759404753835458734684098929084779631600, 0]
    FR combo [0, 0, -1, 1]  xi = 0.36554090374405031921609225925467226427087775582373298616345738430444610453376367
        lindep(1,z2,G;xi) = [0, -2, 0, 9]~   k=2   |b_n-xi a_n|^(1/n) = [1.89121385573539781615960133157119754758014009640567821455615437510508570520239, 1.936407201531287583526013420495355904186568417906086892731, 1.6164360537298710770]

### N=16+16 pole-orb 2 lam1~11.199151924139787740418214209157283822489968233838318621149336092602743958086767  dim Eis-eigsp=3  dim fold-regular=1
    A = [1, 2, 8, 48, 356, 2952, 26144, 241856]
    FR combo [-18789699/15536894, 11021252/7768447, 1]  xi = -0.054595456351355355650696686160610211858248073588167958129594909055949668027591214
        lindep(1,z2,G;xi) = [3075855, -2830478, 2894986, 19628243]~   k=0   |b_n-xi a_n|^(1/n) = [8.9574592542730277207176239573748706251440787680604652147200550062120152496321785, 10.035717206069310546103651944083497168456429580731202723295114235105574110302197, 4.634875048252560718]

### N=16+16 pole-orb 3 lam1~9.2673299074767735701735661618322055248649630525473703576051690128920443222697722  dim Eis-eigsp=3  dim fold-regular=1
    A = [1, 0, 4, 16, 116, 800, 6000, 46400]
    FR combo [-93294811/77169514, 54710054/38584757, 1]  xi = -0.054413564125835945561056643337655011819186510833328082539591025412423454781163789
        lindep(1,z2,G;xi) = [-12336820, 2342584, 9107297, -2599592]~   k=0   |b_n-xi a_n|^(1/n) = [7.3770235755546315166996286666864615470712957028224800140767481475649251109358196, 8.2804022509184380211909886694725429970404094819045375608220136067233997618051287, 0]

### N=20+4 pole-orb 1 lam1~4.8507256596672035580901770370511853384263057483013660589340042043017646756132261  dim Eis-eigsp=2  dim fold-regular=0
    A = [1, -1, 1, -1, 1, 3, -43, 303]

### N=20+4 pole-orb 2 lam1~4.9011356471188331856923023921521920887414719244218184713784565770271833783446708  dim Eis-eigsp=2  dim fold-regular=0
    A = [1, 4, 16, 64, 256, 1028, 4172, 17248]

### N=20+4 pole-orb 5 lam1~3.8771393808776426606682878824084735995698355701726796185345599551931447958911135  dim Eis-eigsp=2  dim fold-regular=0
    A = [1, 0, 0, 0, 0, 4, -20, 80]

### N=36+4,9 pole-orb 2 lam1~7.1872119230817130162870019569393743760890120311775464313020456873221888716563011  dim Eis-eigsp=2  dim fold-regular=0
    A = [1, 2, 6, 24, 114, 600, 3372, 19824]

### N=36+4,9 pole-orb 3 lam1~6.2189964486870173522893977224283208321437873049488502194237957993996617719104016  dim Eis-eigsp=2  dim fold-regular=0
    A = [1, 1, 3, 11, 47, 219, 1081, 5557]

### N=36+4,9 pole-orb 5 lam1~3.8928166638061090510121081452282059232722342400306896353693374764022667278842997  dim Eis-eigsp=2  dim fold-regular=0
    A = [1, -2, 6, -16, 50, -144, 460, -1376]

### N=36+4 pole-orb 1 lam1~2.8535335850656947368060889461364209969007571337650272537345693808435279690182702  dim Eis-eigsp=4  dim fold-regular=2
    A = [1, 1, -3, 5, -7, 9, -11, 13]
    FR combo [-1050761/5939590, 4888829/5939590, 1, 0]  xi = 0.29624577408986230127371171785264185402544218789693474829353413233349715664793952
        lindep(1,z2,G;xi) = [4736373, 2408875, -15601845, 18876015]~   k=0   |b_n-xi a_n|^(1/n) = [2.4489192363561433996335669770694223501620415101459967848420879220607936385481175, 2.6655750645756382577580890181324233246140107054292707645109874950045933053946398, 1.1872875393050175449]
    FR combo [-199514167/96007724, -199514167/96007724, 0, 1]  xi = -0.47485851919392858091446187107160508310271610231501930459150223556013644976131683
        lindep(1,z2,G;xi) = [-23321795, 7350306, 5752472, -12555234]~   k=0   |b_n-xi a_n|^(1/n) = [2.5638681420605544190004571309757386276261104061883173295015594439583539146342551, 2.7247224139624579013505542284142174063507731758337164563092969490655276114988478, 1.1885311513483867526]

### N=36+4 pole-orb 1 lam1~2.9169974698956507727323016214048346105372858925251273615075845962860123321733104  dim Eis-eigsp=4  dim fold-regular=2
    A = [1, -2, 3, -4, 5, -6, 7, -8]
    FR combo [-13288978/71763525, 58474547/71763525, 1, 0]  xi = 0.30733913360782836275815689014572559180582427720668220632327996034998863597785875
        lindep(1,z2,G;xi) = [-232987, 2148116, -9424139, 17347823]~   k=0   |b_n-xi a_n|^(1/n) = [2.5727960762298345574516920580140610945823783669100094544481742582325648286699336, 2.7425161254645309085424212705648803475085998866511977678953681431182026835108181, 1.2151866581938297150]
    FR combo [-31884807/17780954, -31884807/17780954, 0, 1]  xi = -0.85847709146419262617844012568394744885641751095954448115971704187207242511990150
        lindep(1,z2,G;xi) = [4556839, -14570335, 19363441, -1950146]~   k=0   |b_n-xi a_n|^(1/n) = [2.6858565242606896355069848005611809975423037458703854714091128273844267041148224, 2.8004876575948735226949691512000363778312607472118011986958258906453971384063445, 1.2211127837944302975]

### N=36+4 pole-orb 2 lam1~3.3818935179389995336421694900529442059116019827777119996981668238736796590380994  dim Eis-eigsp=4  dim fold-regular=2
    A = [1, -4, -20, -64, -176, -448, -1088, -2560]
    FR combo [-370/44349, 43979/44349, 1, 0]  xi = -0.0051569715770294817490417087558303171346283364144522482131517023163250329663075307
        lindep(1,z2,G;xi) = [-18752917, 7640681, 6706172, -8120601]~   k=0   |b_n-xi a_n|^(1/n) = [3.1408320004398070294736755217226888708869190860097024890075183711089002997786926, 3.2423656435914495329743344474967538939031199129122445679717043850470520145945444, 1.3848136177464399116]
    FR combo [-25160728/57127767, -25160728/57127767, 0, 1]  xi = 1.7737549786596674606977730928671041822091591857225541125732135531287650611768082
        lindep(1,z2,G;xi) = [11089777, -6922874, 5283321, -2560357]~   k=0   |b_n-xi a_n|^(1/n) = [3.2400388499771282541336749622996689659561401760458885513015320735838606106427150, 3.3103644402365100622755009273782054886612737275462684863002216522849336682432644, 1.4189650532845882558]

### N=36+4 pole-orb 8 lam1~1.9414841117718530541814075107492200642562006225654909839388196557442232687746069  dim Eis-eigsp=4  dim fold-regular=2
    A = [1, -1, 0, 0, 0, 0, 0, 0]
    FR combo [-220540/54103397, 53882857/54103397, 1, 0]  xi = 0.00019487787553001414096886575704838083040389822518970467121121009823941240577301888
        lindep(1,z2,G;xi) = [19720625, -5286398, -12035971, -1608753]~   k=0   |b_n-xi a_n|^(1/n) = [1.7920992091585322565540245514501512802723716976151580815438635696385391975572174, 1.8765699147934757569730637865452317260407755939445294639513484954911650334768653, 0.7827710535902959350]
    FR combo [-13595817/17135275, -13595817/17135275, 0, 1]  xi = -0.98648174413930563599704744097826344371172479696257088094668504699156108856289598
        lindep(1,z2,G;xi) = [180857, -5175813, 103905, -8350728]~   k=0   |b_n-xi a_n|^(1/n) = [1.8299579024377159864082281833083925771231891429298540560395854030159655427231473, 1.8815168593943134062596335703229078540190531819686975696298206329828522223659882, 0]

### N=36+4 pole-orb 8 lam1~1.9575071924961176703095434377971262721194644732451198171179929165821028987284359  dim Eis-eigsp=4  dim fold-regular=2
    A = [1, 8, 0, 0, 0, 0, 0, 0]
    FR combo [455303/84062865, 84518168/84062865, 1, 0]  xi = -0.020795103166376871592143682337244104746200204966178468879365411495546929669848256
        lindep(1,z2,G;xi) = [-6401782, -534298, 8343331, 17385687]~   k=0   |b_n-xi a_n|^(1/n) = [1.8371759216116336142288846127289324077067220504938781739177802607916237670449372, 1.8786931040361494138762774747182450200924018417766991407831302462708307653011372, 0.8026239651919338077]
    FR combo [18823126/24866517, 18823126/24866517, 0, 1]  xi = 1.0671327370471738982998824681795101404573596046607951698037128385422136823225651
        lindep(1,z2,G;xi) = [-1861712, -6555425, 28896938, -12954009]~   k=0   |b_n-xi a_n|^(1/n) = [1.8721999986987876811875234757639397226539111330287235189931922570499987743178026, 1.8734001043123357551681477740940294749391214101687596669709113615819839292836625, 0.8164838229403954094]
