d=1 betas=[5, 9] c(b1)=1.0000000000000000000000000000000000000000000000000 + 4.495422844169660793 E-56*I   c(b2)=-1.0000000000000000000000000000000000000000000000000 + 4.495422844169660793 E-56*I
d=4 betas=[4, 10] c(b1)=8.0000000000000000000000000000000000000000000000000 - 3.833186972679642378 E-56*I   c(b2)=-8.0000000000000000000000000000000000000000000000000 - 3.502069036934633170 E-56*I
d=8 betas=[2, 12] c(b1)=16.000000000000000000000000000000000000000000000000 - 1.1865059364196163280 E-56*I   c(b2)=-16.000000000000000000000000000000000000000000000000 - 1.3244717429800368312 E-56*I
d=9 betas=[1, 13] c(b1)=9.0000000000000000000000000000000000000000000000000 + 6.622358714900184156 E-57*I   c(b2)=-9.0000000000000000000000000000000000000000000000000 + 0.E-56*I
d=16 betas=[6, 8] c(b1)=32.000000000000000000000000000000000000000000000000 + 3.612441682182969573 E-56*I   c(b2)=-32.000000000000000000000000000000000000000000000000 + 5.220076152295502997 E-57*I
d=21 betas=[7] c(b1)=-2.2074529049667280521 E-57 + 1.7659623239733824417 E-56*I   c(b2)=-2.2074529049667280521 E-57 + 1.7659623239733824417 E-56*I
d=25 betas=[3, 11] c(b1)=125.00000000000000000000000000000000000000000000000 - 3.536760931995205135 E-56*I   c(b2)=-125.00000000000000000000000000000000000000000000000 - 8.863239657079959554 E-57*I
d=28 betas=[0] c(b1)=1.2934294365039422180 E-56 + 4.414905809933456104 E-57*I   c(b2)=1.2934294365039422180 E-56 + 4.414905809933456104 E-57*I
d=29 betas=[5, 9] c(b1)=145.00000000000000000000000000000000000000000000000 + 5.297886971920147325 E-56*I   c(b2)=-145.00000000000000000000000000000000000000000000000 + 4.001008390252194594 E-57*I
d=32 betas=[4, 10] c(b1)=192.00000000000000000000000000000000000000000000000 + 1.2913599494055359104 E-55*I   c(b2)=-192.00000000000000000000000000000000000000000000000 + 1.1202823492706144864 E-55*I
d=36 betas=[2, 12] c(b1)=216.00000000000000000000000000000000000000000000000 - 7.008662973269361565 E-56*I   c(b2)=-216.00000000000000000000000000000000000000000000000 - 1.4127698591787059533 E-55*I
d=37 betas=[1, 13] c(b1)=148.00000000000000000000000000000000000000000000000 - 2.2516019630660626132 E-55*I   c(b2)=-148.00000000000000000000000000000000000000000000000 - 1.4969290011805624603 E-55*I
d=44 betas=[6, 8] c(b1)=176.00000000000000000000000000000000000000000000000 - 3.531924647946764883 E-55*I   c(b2)=-176.00000000000000000000000000000000000000000000000 - 3.531924647946764883 E-56*I
d=49 betas=[7] c(b1)=0.E-55 - 223.33118588604035829085856098360795005474023722032*I   c(b2)=0.E-55 - 223.33118588604035829085856098360795005474023722032*I
d=53 betas=[3, 11] c(b1)=795.00000000000000000000000000000000000000000000000 - 9.933538072350276234 E-57*I   c(b2)=-795.00000000000000000000000000000000000000000000000 - 1.0595773943840294650 E-55*I
d=56 betas=[0] c(b1)=1.3106751623239947809 E-56 + 1.4127698591787059533 E-55*I   c(b2)=1.3106751623239947809 E-56 + 1.4127698591787059533 E-55*I
d=57 betas=[5, 9] c(b1)=798.00000000000000000000000000000000000000000000000 - 2.1191547887680589299 E-55*I   c(b2)=-798.00000000000000000000000000000000000000000000000 + 1.4127698591787059533 E-55*I
d=60 betas=[4, 10] c(b1)=1200.0000000000000000000000000000000000000000000000 + 8.829811619866912208 E-55*I   c(b2)=-1200.0000000000000000000000000000000000000000000000 - 2.8255397183574119067 E-55*I
d=64 betas=[2, 12] c(b1)=1152.0000000000000000000000000000000000000000000000 + 9.439846729833975594 E-55*I   c(b2)=-1152.0000000000000000000000000000000000000000000000 - 7.513391580310495846 E-55*I
d=65 betas=[1, 13] c(b1)=650.00000000000000000000000000000000000000000000000 - 1.9778778028501883347 E-54*I   c(b2)=-650.00000000000000000000000000000000000000000000000 - 1.6953238310144471439 E-54*I
d=72 betas=[6, 8] c(b1)=1008.0000000000000000000000000000000000000000000000 - 5.651079436714823813 E-55*I   c(b2)=-1008.0000000000000000000000000000000000000000000000 - 1.1301469044396845524 E-54*I
d=77 betas=[7] c(b1)=0.E-54 + 3.055114820473951624 E-54*I   c(b2)=0.E-54 + 3.055114820473951624 E-54*I
d=81 betas=[3, 11] c(b1)=3159.0000000000000000000000000000000000000000000000 - 4.944694507125470837 E-55*I   c(b2)=-3159.0000000000000000000000000000000000000000000000 + 1.2941192655367443205 E-55*I
d=84 betas=[0] c(b1)=-2.7537974989459932449 E-55 + 1.5875725360907587310 E-54*I   c(b2)=-2.7537974989459932449 E-55 + 1.5875725360907587310 E-54*I
d=85 betas=[5, 9] c(b1)=2975.0000000000000000000000000000000000000000000000 - 2.669914288557257579 E-54*I   c(b2)=-2975.0000000000000000000000000000000000000000000000 + 7.571563464035877218 E-55*I
d=88 betas=[4, 10] c(b1)=4224.0000000000000000000000000000000000000000000000 + 4.803417521207600241 E-54*I   c(b2)=-4224.0000000000000000000000000000000000000000000000 + 2.4855919709925357866 E-54*I
d=92 betas=[2, 12] c(b1)=4048.0000000000000000000000000000000000000000000000 + 2.2604317746859295254 E-54*I   c(b2)=-4048.0000000000000000000000000000000000000000000000 + 2.4817289284088440125 E-54*I
d=93 betas=[1, 13] c(b1)=2325.0000000000000000000000000000000000000000000000 - 6.531853145796548306 E-54*I   c(b2)=-2325.0000000000000000000000000000000000000000000000 - 1.9955374260899221590 E-54*I
d=100 betas=[6, 8] c(b1)=3000.0000000000000000000000000000000000000000000000 + 1.1479238734231829895 E-54*I   c(b2)=-3000.0000000000000000000000000000000000000000000000 - 3.050666486626805121 E-54*I
d=105 betas=[7] c(b1)=2.5241444176962958918 E-54 - 2.983372601062532962 E-54*I   c(b2)=2.5241444176962958918 E-54 - 2.983372601062532962 E-54*I
d=109 betas=[3, 11] c(b1)=9919.0000000000000000000000000000000000000000000000 + 2.671018015009740943 E-54*I   c(b2)=-9919.0000000000000000000000000000000000000000000000 + 2.4017087606038001206 E-54*I
d=112 betas=[0] c(b1)=-5.827675669112162057 E-55 - 1.4138735856311893173 E-53*I   c(b2)=-5.827675669112162057 E-55 - 1.4138735856311893173 E-53*I
d=113 betas=[5, 9] c(b1)=9266.0000000000000000000000000000000000000000000000 + 1.0171942986086682864 E-53*I   c(b2)=-9266.0000000000000000000000000000000000000000000000 + 9.043934551648684829 E-54*I
d=116 betas=[4, 10] c(b1)=12992.000000000000000000000000000000000000000000000 + 6.675751482039066891 E-54*I   c(b2)=-12992.000000000000000000000000000000000000000000000 + 4.874056014166535539 E-54*I
d=120 betas=[2, 12] c(b1)=12000.000000000000000000000000000000000000000000000 + 5.348658388734382070 E-54*I   c(b2)=-12000.000000000000000000000000000000000000000000000 + 2.3663895141243324718 E-54*I
