[0;31m  ***   Warning: new stack size = 6000000000 (5722.046 Mbytes).[0m
beta(1..10) = [1, -8, 9, 32, -125, 216, 0, -1152, 3159, -3000]
n=0 t=-3  dim=7  equations=20  rank=8
   kernel dim = 0
n=1 t=-3  dim=13  equations=20  rank=14
   kernel dim = 0
n=2 t=-3  dim=19  equations=20  rank=20
   kernel dim = 0
n=0 t=-2  dim=7  equations=20  rank=8
   kernel dim = 0
n=1 t=-2  dim=13  equations=20  rank=14
   kernel dim = 0
n=2 t=-2  dim=19  equations=20  rank=20
   kernel dim = 0
n=0 t=-1  dim=7  equations=20  rank=8
   kernel dim = 0
n=1 t=-1  dim=13  equations=20  rank=14
   kernel dim = 0
n=2 t=-1  dim=19  equations=20  rank=20
   kernel dim = 0
n=0 t=0  dim=7  equations=20  rank=8
   kernel dim = 0
n=1 t=0  dim=13  equations=20  rank=14
   kernel dim = 0
n=2 t=0  dim=19  equations=20  rank=20
   kernel dim = 0
n=0 t=1  dim=7  equations=20  rank=8
   kernel dim = 0
n=1 t=1  dim=13  equations=20  rank=14
   kernel dim = 0
n=2 t=1  dim=19  equations=20  rank=20
   kernel dim = 0
n=0 t=2  dim=7  equations=20  rank=8
   kernel dim = 0
n=1 t=2  dim=13  equations=20  rank=14
   kernel dim = 0
n=2 t=2  dim=19  equations=20  rank=20
   kernel dim = 0
n=0 t=3  dim=7  equations=20  rank=8
   kernel dim = 0
n=1 t=3  dim=13  equations=20  rank=14
   kernel dim = 0
n=2 t=3  dim=19  equations=20  rank=20
   kernel dim = 0
