[0;31m  ***   Warning: new stack size = 12000000000 (11444.092 Mbytes).[0m
n=1  dim=13  negative slots: [[-72, 4], [-65, 3], [-64, 6], [-60, 2], [-57, 1], [-53, 5], [-44, 4], [-37, 3], [-36, 6], [-32, 2], [-29, 1], [-25, 5], [-16, 4], [-9, 3], [-8, 6], [-4, 2], [-1, 1]]
rank of the principal-part map = 13 (dim = 13)
number of positive slots computed: 822
D0=-72 (beta=4): NOT realizable at n=1
D0=-65 (beta=3): NOT realizable at n=1
D0=-64 (beta=6):  denominator of the first 24 coefficients = 1
     c(D) at D=[3, 12, 19, 20, 24, 27, 31, 40] : [18, -24466, 778342, -534744, -4915408, 8440308, 62099824, -1339959496]
D0=-60 (beta=2): NOT realizable at n=1
D0=-57 (beta=1): NOT realizable at n=1
D0=-53 (beta=5):  denominator of the first 24 coefficients = 1
     c(D) at D=[3, 12, 19, 20, 24, 27, 31, 40] : [-15, 4224, 101652, 272448, -1510848, 3407148, -15394304, 92900544]
D0=-44 (beta=4):  denominator of the first 24 coefficients = 1
     c(D) at D=[3, 12, 19, 20, 24, 27, 31, 40] : [4, 3352, -61716, -110955, -194088, 1125672, 1630688, 31988160]
D0=-37 (beta=3):  denominator of the first 24 coefficients = 1
     c(D) at D=[3, 12, 19, 20, 24, 27, 31, 40] : [4, -1664, -24831, 43456, 68544, 368373, 486912, -7933632]
D0=-36 (beta=6):  denominator of the first 24 coefficients = 1
     c(D) at D=[3, 12, 19, 20, 24, 27, 31, 40] : [6, -1885, 27090, -16794, -105410, 138508, 732816, -8031510]
D0=-32 (beta=2):  denominator of the first 24 coefficients = 1
     c(D) at D=[3, 12, 19, 20, 24, 27, 31, 40] : [-6, -546, 6942, -16992, 69192, 125892, -434384, -1512576]
D0=-29 (beta=1):  denominator of the first 24 coefficients = 1
     c(D) at D=[3, 12, 19, 20, 24, 27, 31, 40] : [5, 896, 9978, 5952, 33600, 40701, 194048, 1727936]
D0=-25 (beta=5):  denominator of the first 24 coefficients = 1
     c(D) at D=[3, 12, 19, 20, 24, 27, 31, 40] : [-5, 260, 2405, 5772, -20720, 34410, -106555, 296920]
D0=-16 (beta=4):  denominator of the first 24 coefficients = 1
     c(D) at D=[3, 12, 19, 20, 24, 27, 31, 40] : [2, 142, -938, -1460, -1564, 6324, 5872, 48068]
D0=-9 (beta=3):  denominator of the first 24 coefficients = 1
     c(D) at D=[3, 12, 19, 20, 24, 27, 31, 40] : [1, -52, -225, 324, 272, 1054, 828, -4824]
D0=-8 (beta=6):  denominator of the first 24 coefficients = 1
     c(D) at D=[3, 12, 19, 20, 24, 27, 31, 40] : [2, -52, 214, -114, -411, 372, 1072, -4142]
D0=-4 (beta=2):  denominator of the first 24 coefficients = 1
     c(D) at D=[3, 12, 19, 20, 24, 27, 31, 40] : [-2, -13, 26, -78, 154, 156, -304, -338]
D0=-1 (beta=1):  denominator of the first 24 coefficients = 1
     c(D) at D=[3, 12, 19, 20, 24, 27, 31, 40] : [1, 12, 31, 20, 32, 30, 61, 152]
