=== A  N=6  wt F=1  slope prime p=2
   div(t): [[1, 0], [2, 0], [3, -1], [6, 1]]    deg t = 1
   div(F): [[1, 0], [2, 0], [3, 1], [6, 0]]
   W_2: div-preserved=0   t|W/t = 1484.011454354275519841167529219697716346 - 1275.324031895505251531237389919915059704*I   F|_wW/F = -0.007856919989052374640109932459244055482150 + 0.02119737997821610208178356169173824708180*I   [p|Q: 1]
   W_3: div-preserved=0   t|W/t = 34.70942475316913796473702055125260901404 + 116.8008249847476538723821817593853447179*I   F|_wW/F = -0.01998508150131274243218348144334672985235 - 0.3407409085379987584607298633385825511510*I   [p|Q: 0]
   W_6: div-preserved=0   t|W/t = -6.563518162618430088157211965465875879402 - 14.65595293833991792083856442183486198889*I   F|_wW/F = 0.007065793326072034027261187230579415693934 - 0.9401900682523792409877558386533840338857*I   [p|Q: 1]

=== C  N=6  wt F=1  slope prime p=3
   div(t): [[1, 0], [2, -1], [3, 0], [6, 1]]    deg t = 1
   div(F): [[1, 0], [2, 1], [3, 0], [6, 0]]
   W_2: div-preserved=0   t|W/t = -34.70942475316913796473702055125260901404 - 116.8008249847476538723821817593853447179*I   F|_wW/F = -0.3622368404272290844749075149642505045114 + 0.02397873888709186209379302358353930822379*I   [p|Q: 0]
   W_3: div-preserved=0   t|W/t = -1328.673200491778397341316303057181225003 + 1107.551262657736934636556606156916889371*I   F|_wW/F = -0.02260737182848563124543886628511357916670 - 0.008186835015577344668149615067453301166431*I   [p|Q: 1]
   W_6: div-preserved=0   t|W/t = -5.606818007809634710652339698723211053140 - 13.04171120741208205419348693531825298202*I   F|_wW/F = -0.007992912962363954031264341194513102741263 - 1.063554655057806394026094987794548887217*I   [p|Q: 1]

=== E  N=8  wt F=1  slope prime p=2
   div(t): [[1, 0], [2, -1], [4, 0], [8, 1]]    deg t = 1
   div(F): [[1, 0], [2, 1], [4, 0], [8, 0]]
   W_8: div-preserved=0   t|W/t = -5.803859318054187973033045816523029254229 - 14.68098481677390858375920662526573446978*I   F|_wW/F = -0.04262620486028228618029399555049597789824 - 1.429645739551604657910919644957153298291*I   [p|Q: 1]

=== F  N=12  wt F=1  slope prime p=2
   div(t): [[1, 0], [2, -2], [3, 1], [4, 0], [6, 0], [12, 1]]    deg t = 2
   div(F): [[1, 0], [2, 2], [3, 0], [4, 0], [6, 0], [12, 0]]
   W_3: div-preserved=0   t|W/t = -4.717644424109444785667158045069718635299 - 13.04144381844821394603930568322170389667*I   F|_wW/F = 0.1818405266053148126340748322332621943324 + 3.064299738297736057253821043269475274011*I   [p|Q: 0]
   W_4: div-preserved=1   t|W/t = 1.000000000000000000000000000000000000000 + 2.559436138034235959 E-57*I   F|_wW/F = -1.000000000000000000000000000000000000000 - 5.823352627304386260 E-58*I   [p|Q: 1]
   W_12: div-preserved=0   t|W/t = -4.717644424109444785667158045069718635299 - 13.04144381844821394603930568322170389667*I   F|_wW/F = -0.1818405266053148126340748322332621943324 - 3.064299738297736057253821043269475274011*I   [p|Q: 1]

=== B  N=36  wt F=1  slope prime p=3
   div(t): [[1, -1], [2, -4], [3, 0], [4, -1], [6, 0], [9, 1], [12, 0], [18, 4], [36, 1]]    deg t = 6
   div(F): [[1, 1], [2, 4], [3, 0], [4, 1], [6, 0], [9, 0], [12, 0], [18, 0], [36, 0]]
   W_4: div-preserved=1   t|W/t = 1.000000000000000000000000000000000000000 + 6.388704874043269170 E-56*I   F|_wW/F = -1.000000000000000000000000000000000000000 + 1.0888640880385186287 E-56*I   [p|Q: 0]
   W_9: div-preserved=0   t|W/t = -440.1455668750595571704738853155647866811 + 377.8591887181427075265509022004459507212*I   F|_wW/F = -0.03893491784630811338348483072119106843389 - 0.01442010164900557492342217397416491963909*I   [p|Q: 1]
   W_36: div-preserved=0   t|W/t = -440.1455668750595571704738853155647866811 + 377.8591887181427075265509022004459507212*I   F|_wW/F = 0.03893491784630811338348483072119106843389 + 0.01442010164900557492342217397416491963909*I   [p|Q: 1]

=== alpha Domb  N=12  wt F=2  slope prime p=2
   div(t): [[1, 1], [2, -2], [3, 1], [4, 1], [6, -2], [12, 1]]    deg t = 4
   div(F): [[1, 0], [2, 2], [3, 0], [4, 0], [6, 2], [12, 0]]
   W_3: div-preserved=1   t|W/t = 1.000000000000000000000000000000000000000 - 6.883089061183861939 E-57*I   F|_wW/F = -1.000000000000000000000000000000000000000 - 3.702901640660946337 E-57*I   [p|Q: 0]
   W_4: div-preserved=1   t|W/t = 1.000000000000000000000000000000000000000 + 4.339338755963739048 E-57*I   F|_wW/F = 1.000000000000000000000000000000000000000 - 3.684993547916510963 E-57*I   [p|Q: 1]
   W_12: div-preserved=1   t|W/t = 1.000000000000000000000000000000000000000 - 1.2718751526100614452 E-57*I   F|_wW/F = -1.000000000000000000000000000000000000000 + 1.0871028235870662007 E-58*I   [p|Q: 1]

=== gamma Apery  N=6  wt F=2  slope prime p=0
   div(t): [[1, 1], [2, -1], [3, -1], [6, 1]]    deg t = 2
   div(F): [[1, 0], [2, 1], [3, 1], [6, 0]]
   W_2: div-preserved=0   t|W/t = -12437.68855042174130452114217982362836081 + 8108.178891832353037188527120564248871521*I   F|_wW/F = 0.002337779432735758622259255186612250046342 - 0.007866870981518666439766154525300547943050*I
   W_3: div-preserved=0   t|W/t = -12437.68855042174130452114217982362836081 + 8108.178891832353037188527120564248871521*I   F|_wW/F = -0.002337779432735758622259255186612250046342 + 0.007866870981518666439766154525300547943050*I
   W_6: div-preserved=1   t|W/t = 1.000000000000000000000000000000000000000 - 5.197174232685669853 E-57*I   F|_wW/F = -1.000000000000000000000000000000000000000 - 1.8596677482123385663 E-57*I

=== delta  N=12  wt F=2  slope prime p=3
   div(t): [[1, -1], [2, -2], [3, 1], [4, -1], [6, 2], [12, 1]]    deg t = 4
   div(F): [[1, 1], [2, 2], [3, 0], [4, 1], [6, 0], [12, 0]]
   W_3: div-preserved=0   t|W/t = -147.8230879574101961739432084127425110549 + 123.0497894248776057575834306260862643426*I   F|_wW/F = 0.02452821369192188088559523097272115041444 - 0.06780572931595543114008539909548970309648*I   [p|Q: 1]
   W_4: div-preserved=1   t|W/t = 1.000000000000000000000000000000000000000 + 1.0603841690572455711 E-57*I   F|_wW/F = 1.000000000000000000000000000000000000000 - 1.2628998593371269265 E-57*I   [p|Q: 0]
   W_12: div-preserved=0   t|W/t = -147.8230879574101961739432084127425110549 + 123.0497894248776057575834306260862643426*I   F|_wW/F = 0.02452821369192188088559523097272115041444 - 0.06780572931595543114008539909548970309648*I   [p|Q: 1]

=== epsilon  N=8  wt F=2  slope prime p=2
   div(t): [[1, 1], [2, -1], [4, -1], [8, 1]]    deg t = 2
   div(F): [[1, 0], [2, 1], [4, 1], [8, 0]]
   W_8: div-preserved=1   t|W/t = 1.000000000000000000000000000000000000000 - 2.0692249132539368997 E-57*I   F|_wW/F = -1.000000000000000000000000000000000000000 - 1.5904756646390523162 E-57*I   [p|Q: 1]

=== zeta  N=9  wt F=2  slope prime p=3
   div(t): [[1, 1], [3, -1], [9, 1]]    deg t = 1
   div(F): [[1, 0], [3, 1], [9, 0]]
   W_9: div-preserved=1   t|W/t = 1.000000000000000000000000000000000000000 + 5.231300551089010752 E-58*I   F|_wW/F = -1.000000000000000000000000000000000000000 + 1.9229088121509950266 E-57*I   [p|Q: 1]

=== eta  N=20  wt F=2  slope prime p=5
   div(t): [[1, -1], [2, -4], [4, -1], [5, 1], [10, 4], [20, 1]]    deg t = 6
   div(F): [[1, 1], [2, 4], [4, 1], [5, 0], [10, 0], [20, 0]]
   W_4: div-preserved=1   t|W/t = 1.000000000000000000000000000000000000000 - 2.859532433484893078 E-56*I   F|_wW/F = -1.000000000000000000000000000000000000000 - 8.858073663768055752 E-57*I   [p|Q: 0]
   W_5: div-preserved=0   t|W/t = -96.94406895872831726421214626122249112855 + 75.99012982568205300917080144280442803436*I   F|_wW/F = -0.02940223283219915122824918401468939633007 + 0.08516974987702223460218427514774777085191*I   [p|Q: 1]
   W_20: div-preserved=0   t|W/t = -96.94406895872831726421214626122249112855 + 75.99012982568205300917080144280442803436*I   F|_wW/F = 0.02940223283219915122824918401468939633007 - 0.08516974987702223460218427514774777085191*I   [p|Q: 1]

--- B twin level 9  N=9 deg t (with cusp multiplicity) = 1
=== B twin level 9  N=9  wt F=1  slope prime p=3
   div(t): [[1, -1], [3, 0], [9, 1]]    deg t = 1
   div(F): [[1, 1], [3, 0], [9, 0]]
   W_9: div-preserved=0   t|W/t = -419.4962153449637175945390218609291719466 + 430.0244100324132233642947694912135695189*I   F|_wW/F = 0.03759627156644017498070650048728245697539 + 0.01584651543680638451926882409681551664352*I   [p|Q: 1]

--- eta twin level 5  N=5 deg t (with cusp multiplicity) = 1
=== eta twin level 5  N=5  wt F=2  slope prime p=5
   div(t): [[1, -1], [5, 1]]    deg t = 1
   div(F): [[1, 1], [5, 0]]
   W_5: div-preserved=0   t|W/t = -88.01850549057988148896162382924223655085 + 98.51277490277483749075383108476350593127*I   F|_wW/F = 0.03554023930086804732524372298581355464449 - 0.07941387799906883848820671450311320876346*I   [p|Q: 1]

--- delta twin level 6  N=6 deg t (with cusp multiplicity) = 2
=== delta twin level 6  N=6  wt F=2  slope prime p=3
   div(t): [[1, -1], [2, -1], [3, 1], [6, 1]]    deg t = 2
   div(F): [[1, 1], [2, 1], [3, 0], [6, 0]]
   W_2: div-preserved=1   t|W/t = 1.000000000000000000000000000000000000000 - 3.967982639241707299 E-57*I   F|_wW/F = -1.000000000000000000000000000000000000000 - 1.7072616866399488853 E-57*I   [p|Q: 0]
   W_3: div-preserved=0   t|W/t = -138.6498230448395061387163171972270048488 + 146.2450025007415912212760985507661916800*I   F|_wW/F = -0.02782227359057348083202472421448019842427 + 0.06471586143806703131099631255602585202579*I   [p|Q: 1]
   W_6: div-preserved=0   t|W/t = -138.6498230448395061387163171972270048488 + 146.2450025007415912212760985507661916800*I   F|_wW/F = 0.02782227359057348083202472421448019842427 - 0.06471586143806703131099631255602585202579*I   [p|Q: 1]

--- cusp row level 12  N=12 deg t (with cusp multiplicity) = 0
=== cusp row level 12  N=12  wt F=1  slope prime p=2
   div(t): [[1, 3], [2, 0], [3, 3], [4, 3], [6, 0], [12, 3]]    deg t = 0
   div(F): [[1, 0], [2, 1], [3, 0], [4, 0], [6, 1], [12, 0]]
   W_3: div-preserved=1   t|W/t = -66508.56304094822400000000000000000000000 + 48613.19410070323200000000000000000000000*I   F|_wW/F = 1.6591853133429124869 E-57 - 1.000000000000000000000000000000000000000*I   [p|Q: 0]
   W_4: div-preserved=1   t|W/t = 24327.44963570483200000000000000000000000 - 40926.68567676057600000000000000000000000*I   F|_wW/F = 1.000000000000000000000000000000000000000 - 1.9919013175746829304 E-57*I   [p|Q: 1]
   W_12: div-preserved=1   t|W/t = 21249.11173408358400000000000000000000000 + 994.1149507322880000000000000000000000000*I   F|_wW/F = 0.E-57 - 1.000000000000000000000000000000000000000*I   [p|Q: 1]

--- cusp row level 6 twin  N=6 deg t (with cusp multiplicity) = 2
=== cusp row level 6 twin  N=6  wt F=1  slope prime p=2
   div(t): [[1, -1], [2, 1], [3, -1], [6, 1]]    deg t = 2
   div(F): [[1, 1/2], [2, 0], [3, 1/2], [6, 0]]
   W_2: div-preserved=0   t|W/t = -171.7171858598124614698244640495169231680 + 192.3892266025499993413974020672578275119*I   F|_wW/F = 0.1356834649543528590942366375228688032106 + 0.2094329406249724312310105302231848509664*I   [p|Q: 1]
   W_3: div-preserved=1   t|W/t = 1.000000000000000000000000000000000000000 + 1.3640551912046853654 E-57*I   F|_wW/F = 2.5209505724296572853 E-58 - 1.000000000000000000000000000000000000000*I   [p|Q: 0]
   W_6: div-preserved=0   t|W/t = -171.7171858598124614698244640495169231680 + 192.3892266025499993413974020672578275119*I   F|_wW/F = -0.2094329406249724312310105302231848509664 + 0.1356834649543528590942366375228688032106*I   [p|Q: 1]

### deg t with cusp multiplicity, canonical presentations
A  1
C  1
E  1
F  2
B  6
al 4
ga 2
de 4
ep 2
ze 2
et 6
=== Atkin-Lehner eigenvalues, oldform basis (lambda normalised to 1)
F  (w=1, E level 3, chi=chi_-3),  P = 1 - 7 V2 - 8 V4
  F  W_4:  eig(Phi, wt 3) = -1    eig(Theta, wt -1) = -1
alpha Domb (w=2, E level 1, chi=1), P = 1-17V2-9V3+16V4+153V6-144V12
  alpha  W_3:  eig(Phi, wt 4) = -1    eig(Theta, wt -2) = -1
  alpha  W_4:  eig(Phi, wt 4) = 1    eig(Theta, wt -2) = 1
epsilon (w=2, E level 1, chi=1), P = 1-21V2+84V4-64V8
  epsilon  W_8:  eig(Phi, wt 4) = -1    eig(Theta, wt -2) = -1
gamma Apery (w=2, E level 1, chi=1), P = 1-28V2+63V3-36V6
  gamma  W_6:  eig(Phi, wt 4) = -1    eig(Theta, wt -2) = -1
delta twin level 6 (w=2, E level 1, chi=1), P' = 1-4V2-V3+4V6
  delta'  W_2:  eig(Phi, wt 4) = -1    eig(Theta, wt -2) = -1
  delta'  W_3:  eig(Phi, wt 4) = NOT-EIGENVECTOR    eig(Theta, wt -2) = NOT-EIGENVECTOR
  delta'  W_6:  eig(Phi, wt 4) = NOT-EIGENVECTOR    eig(Theta, wt -2) = NOT-EIGENVECTOR
delta canonical level 12, P = 1-14V2-V3+16V4+14V6-16V12
  delta  W_4:  eig(Phi, wt 4) = 1    eig(Theta, wt -2) = 1
C (w=1, E level 3, chi=chi_-3), P = 1-8V2
  C  W_2:  eig(Phi, wt 3) = NOT-EIGENVECTOR    eig(Theta, wt -1) = NOT-EIGENVECTOR
E (w=1, E level 4, chi=chi_-4), P = 1-8V2
  E  W_2:  eig(Phi, wt 3) = NOT-EIGENVECTOR    eig(Theta, wt -1) = NOT-EIGENVECTOR
A (w=1, E level 3, chi=chi_-3 as phi), P = 1-V2
  A  W_2:  eig(Phi, wt 3) = NOT-EIGENVECTOR    eig(Theta, wt -1) = NOT-EIGENVECTOR
eta canonical level 20 (w=2, E level 5, chi=chi5), P = 1-14V2-16V4
  eta  W_4:  eig(Phi, wt 4) = -1    eig(Theta, wt -2) = -1
B canonical level 36 (w=1, E level 3, chi=chi_-3), P = 1-6V2-8V4
  B  W_4:  eig(Phi, wt 3) = -1    eig(Theta, wt -1) = -1
