=== A (7,2,-8)   p=2   NN=3000
  min v_p = 1  attained 12 times; first: [1, 2, 4, 8, 16, 32, 64, 128, 256, 512, 1024, 2048]
  max v_p = 31 at n=2047;  log_p(NN)=11.550746785383243225064697232415987036
  max v_p(a_n)/log_p(n) = 3.2058646839721995886275937020116147637 at n=7
  max (v_p - s_p(n)) = 20 at n=2047
  max (v_p - #digits_p(n)) = 20
  v_p(a_n), n=1..40: [1, 1, 3, 1, 2, 4, 9, 1, 2, 2, 4, 4, 5, 6, 10, 1, 2, 2, 4, 2, 3, 6, 8, 4, 5, 5, 7, 6, 7, 8, 13, 1, 2, 2, 4, 2, 3, 5, 9, 2]
  v_p(a_{p^k}), k>=1: [1, 1, 1, 1, 1, 1, 1, 1, 1, 1, 1]
  v_p(a_{p^k-1}), k>=1: [1, 3, 9, 10, 13, 16, 19, 22, 25, 28, 31]

=== B (9,3,27)   p=3   NN=3000
  min v_p = 1  attained 8 times; first: [1, 3, 9, 27, 81, 243, 729, 2187]
  max v_p = 14 at n=2186;  log_p(NN)=7.2877098228681538128897025660642037518
  max v_p(a_n)/log_p(n) = 3.1699250014423123629074778878956330175 at n=2
  max (v_p - s_p(n)) = 0 at n=1
  max (v_p - #digits_p(n)) = 7
  v_p(a_n), n=1..40: [1, 2, 1, 2, 3, 2, 3, 4, 1, 2, 3, 2, 3, 4, 3, 4, 5, 2, 3, 4, 3, 4, 5, 4, 5, 6, 1, 2, 3, 2, 3, 4, 3, 4, 5, 2, 3, 4, 3, 4]
  v_p(a_{p^k}), k>=1: [1, 1, 1, 1, 1, 1, 1]
  v_p(a_{p^k-1}), k>=1: [2, 4, 6, 8, 10, 12, 14]

=== C (10,3,9)   p=3   NN=3000
  min v_p = 1  attained 15 times; first: [1, 2, 3, 6, 9, 18, 27, 54, 81, 162, 243, 486, 729, 1458]
  max v_p = 15 at n=1663;  log_p(NN)=7.2877098228681538128897025660642037518
  max v_p(a_n)/log_p(n) = 2.6830608638079482400423717007750571766 at n=205
  max (v_p - s_p(n)) = 6 at n=205
  max (v_p - #digits_p(n)) = 8
  v_p(a_n), n=1..40: [1, 1, 1, 2, 2, 1, 3, 4, 1, 2, 2, 2, 3, 3, 2, 5, 4, 1, 2, 2, 4, 5, 5, 4, 6, 6, 1, 2, 2, 2, 3, 3, 2, 4, 6, 2, 3, 3, 3, 4]
  v_p(a_{p^k}), k>=1: [1, 1, 1, 1, 1, 1, 1]
  v_p(a_{p^k-1}), k>=1: [1, 4, 6, 8, 10, 12, 14]

=== D (11,3,-1)   p=2   NN=3000
  min v_p = 0  attained 3000 times; first: [1, 2, 3, 4, 5, 6, 7, 8, 9, 10, 11, 12, 13, 14]
  max v_p = 0 at n=0;  log_p(NN)=11.550746785383243225064697232415987036
  max v_p(a_n)/log_p(n) = 0.E-38 at n=0
  max (v_p - s_p(n)) = -1 at n=1
  max (v_p - #digits_p(n)) = -1
  v_p(a_n), n=1..40: [0, 0, 0, 0, 0, 0, 0, 0, 0, 0, 0, 0, 0, 0, 0, 0, 0, 0, 0, 0, 0, 0, 0, 0, 0, 0, 0, 0, 0, 0, 0, 0, 0, 0, 0, 0, 0, 0, 0, 0]
  v_p(a_{p^k}), k>=1: [0, 0, 0, 0, 0, 0, 0, 0, 0, 0, 0]
  v_p(a_{p^k-1}), k>=1: [0, 0, 0, 0, 0, 0, 0, 0, 0, 0, 0]

=== E (12,4,32)   p=2   NN=3000
  min v_p = 2  attained 12 times; first: [1, 2, 4, 8, 16, 32, 64, 128, 256, 512, 1024, 2048]
  max v_p = 22 at n=2047;  log_p(NN)=11.550746785383243225064697232415987036
  max v_p(a_n)/log_p(n) = 2.5237190142858297483981084573710434172 at n=3
  max (v_p - s_p(n)) = 11 at n=2047
  max (v_p - #digits_p(n)) = 11
  v_p(a_n), n=1..40: [2, 2, 4, 2, 4, 4, 6, 2, 4, 4, 6, 4, 6, 6, 8, 2, 4, 4, 6, 4, 6, 6, 8, 4, 6, 6, 8, 6, 8, 8, 10, 2, 4, 4, 6, 4, 6, 6, 8, 4]
  v_p(a_{p^k}), k>=1: [2, 2, 2, 2, 2, 2, 2, 2, 2, 2, 2]
  v_p(a_{p^k-1}), k>=1: [2, 4, 6, 8, 10, 12, 14, 16, 18, 20, 22]

=== F (17,6,72)   p=2   NN=3000
  min v_p = 1  attained 12 times; first: [1, 2, 4, 8, 16, 32, 64, 128, 256, 512, 1024, 2048]
  max v_p = 23 at n=1718;  log_p(NN)=11.550746785383243225064697232415987036
  max v_p(a_n)/log_p(n) = 2.4934503097561552355992395460090337051 at n=7
  max (v_p - s_p(n)) = 16 at n=1718
  max (v_p - #digits_p(n)) = 12
  v_p(a_n), n=1..40: [1, 1, 3, 1, 2, 4, 7, 1, 2, 2, 4, 4, 5, 6, 9, 1, 2, 2, 4, 2, 3, 6, 8, 4, 5, 5, 7, 6, 7, 8, 11, 1, 2, 2, 4, 2, 3, 5, 8, 2]
  v_p(a_{p^k}), k>=1: [1, 1, 1, 1, 1, 1, 1, 1, 1, 1, 1]
  v_p(a_{p^k-1}), k>=1: [1, 3, 7, 9, 11, 13, 15, 17, 19, 21, 23]

=== F (17,6,72)   p=3   NN=3000
  min v_p = 1  attained 15 times; first: [1, 2, 3, 6, 9, 18, 27, 54, 81, 162, 243, 486, 729, 1458]
  max v_p = 15 at n=1645;  log_p(NN)=7.2877098228681538128897025660642037518
  max v_p(a_n)/log_p(n) = 3.0717278751869338281055486167197351386 at n=25
  max (v_p - s_p(n)) = 6 at n=997
  max (v_p - #digits_p(n)) = 8
  v_p(a_n), n=1..40: [1, 1, 1, 2, 2, 1, 3, 4, 1, 2, 2, 2, 3, 3, 2, 4, 4, 1, 2, 2, 4, 5, 5, 4, 9, 6, 1, 2, 2, 2, 3, 3, 2, 4, 6, 2, 3, 3, 3, 4]
  v_p(a_{p^k}), k>=1: [1, 1, 1, 1, 1, 1, 1]
  v_p(a_{p^k-1}), k>=1: [1, 4, 6, 8, 10, 12, 14]

=== alpha Domb (10,4,64)   p=2   NN=3000
  min v_p = 2  attained 12 times; first: [1, 2, 4, 8, 16, 32, 64, 128, 256, 512, 1024, 2048]
  max v_p = 33 at n=2047;  log_p(NN)=11.550746785383243225064697232415987036
  max v_p(a_n)/log_p(n) = 5.0474380285716594967962169147420868344 at n=3
  max (v_p - s_p(n)) = 22 at n=1507
  max (v_p - #digits_p(n)) = 22
  v_p(a_n), n=1..40: [2, 2, 8, 2, 4, 6, 9, 2, 4, 4, 8, 6, 8, 9, 12, 2, 4, 4, 9, 4, 6, 10, 13, 6, 8, 8, 12, 9, 11, 12, 15, 2, 4, 4, 11, 4, 6, 8, 11, 4]
  v_p(a_{p^k}), k>=1: [2, 2, 2, 2, 2, 2, 2, 2, 2, 2, 2]
  v_p(a_{p^k-1}), k>=1: [2, 8, 9, 12, 15, 18, 21, 24, 27, 30, 33]

=== gamma Apery (17,5,1)   p=2   NN=3000
  min v_p = 0  attained 3000 times; first: [1, 2, 3, 4, 5, 6, 7, 8, 9, 10, 11, 12, 13, 14]
  max v_p = 0 at n=0;  log_p(NN)=11.550746785383243225064697232415987036
  max v_p(a_n)/log_p(n) = 0.E-38 at n=0
  max (v_p - s_p(n)) = -1 at n=1
  max (v_p - #digits_p(n)) = -1
  v_p(a_n), n=1..40: [0, 0, 0, 0, 0, 0, 0, 0, 0, 0, 0, 0, 0, 0, 0, 0, 0, 0, 0, 0, 0, 0, 0, 0, 0, 0, 0, 0, 0, 0, 0, 0, 0, 0, 0, 0, 0, 0, 0, 0]
  v_p(a_{p^k}), k>=1: [0, 0, 0, 0, 0, 0, 0, 0, 0, 0, 0]
  v_p(a_{p^k-1}), k>=1: [0, 0, 0, 0, 0, 0, 0, 0, 0, 0, 0]

=== delta (7,3,81)   p=3   NN=3000
  min v_p = 1  attained 8 times; first: [1, 3, 9, 27, 81, 243, 729, 2187]
  max v_p = 21 at n=2186;  log_p(NN)=7.2877098228681538128897025660642037518
  max v_p(a_n)/log_p(n) = 3.7466069747921929308288662310829655609 at n=14
  max (v_p - s_p(n)) = 11 at n=1654
  max (v_p - #digits_p(n)) = 14
  v_p(a_n), n=1..40: [1, 2, 1, 2, 4, 2, 5, 6, 1, 2, 3, 2, 3, 9, 4, 6, 7, 2, 3, 4, 5, 6, 8, 6, 8, 9, 1, 2, 3, 2, 3, 5, 3, 7, 7, 2, 3, 4, 3, 4]
  v_p(a_{p^k}), k>=1: [1, 1, 1, 1, 1, 1, 1]
  v_p(a_{p^k-1}), k>=1: [2, 6, 9, 12, 15, 18, 21]

=== eps (12,4,16)   p=2   NN=3000
  min v_p = 2  attained 1 times; first: [1]
  max v_p = 32 at n=2047;  log_p(NN)=11.550746785383243225064697232415987036
  max v_p(a_n)/log_p(n) = 3.1546487678572871854976355717138042715 at n=3
  max (v_p - s_p(n)) = 21 at n=2047
  max (v_p - #digits_p(n)) = 21
  v_p(a_n), n=1..40: [2, 3, 5, 3, 5, 6, 8, 3, 5, 6, 8, 6, 8, 9, 11, 3, 5, 6, 8, 6, 8, 9, 11, 6, 8, 9, 11, 9, 11, 12, 14, 3, 5, 6, 8, 6, 8, 9, 11, 6]
  v_p(a_{p^k}), k>=1: [3, 3, 3, 3, 3, 3, 3, 3, 3, 3, 3]
  v_p(a_{p^k-1}), k>=1: [2, 5, 8, 11, 14, 17, 20, 23, 26, 29, 32]

=== zeta (9,3,-27)   p=3   NN=3000
  min v_p = 1  attained 8 times; first: [1, 3, 9, 27, 81, 243, 729, 2187]
  max v_p = 27 at n=2186;  log_p(NN)=7.2877098228681538128897025660642037518
  max v_p(a_n)/log_p(n) = 4.7548875021634685443612168318434495263 at n=2
  max (v_p - s_p(n)) = 13 at n=2186
  max (v_p - #digits_p(n)) = 20
  v_p(a_n), n=1..40: [1, 3, 1, 2, 4, 3, 4, 7, 1, 2, 4, 2, 3, 5, 5, 6, 9, 3, 4, 6, 4, 5, 7, 6, 7, 11, 1, 2, 4, 2, 3, 5, 4, 5, 8, 2, 3, 5, 3, 4]
  v_p(a_{p^k}), k>=1: [1, 1, 1, 1, 1, 1, 1]
  v_p(a_{p^k-1}), k>=1: [3, 7, 11, 15, 19, 23, 27]

=== eta (11,5,125)   p=5   NN=3000
  min v_p = 1  attained 10 times; first: [1, 2, 5, 10, 25, 50, 125, 250, 625, 1250]
  max v_p = 14 at n=2438;  log_p(NN)=4.9746358687061644471448860655629491492
  max v_p(a_n)/log_p(n) = 3.0797784366963110679490996832459227338 at n=23
  max (v_p - s_p(n)) = 1 at n=1646
  max (v_p - #digits_p(n)) = 9
  v_p(a_n), n=1..40: [1, 1, 2, 2, 1, 2, 2, 3, 3, 1, 2, 2, 4, 4, 2, 3, 3, 4, 4, 2, 5, 5, 6, 6, 1, 2, 2, 3, 3, 2, 3, 3, 4, 4, 2, 3, 3, 5, 5, 3]
  v_p(a_{p^k}), k>=1: [1, 1, 1, 1]
  v_p(a_{p^k-1}), k>=1: [2, 6, 9, 12]

=== s18 Cooper   p=3   NN=3000
  min v_p = 1  attained 8 times; first: [1, 3, 9, 27, 81, 243, 729, 2187]
  max v_p = 23 at n=1934;  log_p(NN)=7.2877098228681538128897025660642037518
  max v_p(a_n)/log_p(n) = 4.7548875021634685443612168318434495263 at n=2
  max (v_p - s_p(n)) = 11 at n=1934
  max (v_p - #digits_p(n)) = 16
  v_p(a_n), n=1..40: [1, 3, 1, 2, 3, 2, 5, 6, 1, 2, 4, 2, 3, 4, 4, 7, 7, 2, 3, 7, 5, 6, 7, 6, 8, 9, 1, 2, 4, 2, 3, 4, 3, 6, 7, 2, 3, 5, 3, 4]
  v_p(a_{p^k}), k>=1: [1, 1, 1, 1, 1, 1, 1]
  v_p(a_{p^k-1}), k>=1: [3, 6, 9, 12, 15, 18, 21]

=== cusp L12 wt3   p=2   NN=3000
  min v_p = 1  attained 6 times; first: [1, 4, 16, 64, 256, 1024]
  max v_p = 22 at n=1719;  log_p(NN)=11.550746785383243225064697232415987036
  max v_p(a_n)/log_p(n) = 3.8685280723454158687024613846782087647 at n=6
  max (v_p - s_p(n)) = 14 at n=695
  max (v_p - #digits_p(n)) = 11
  v_p(a_n), n=1..40: [1, 2, 3, 1, 2, 10, 6, 2, 3, 4, 5, 3, 4, 6, 7, 1, 2, 3, 4, 2, 3, 6, 8, 5, 6, 7, 8, 6, 7, 9, 10, 2, 3, 4, 5, 3, 4, 8, 8, 4]
  v_p(a_{p^k}), k>=1: [2, 1, 2, 1, 2, 1, 2, 1, 2, 1, 2]
  v_p(a_{p^k-1}), k>=1: [1, 3, 6, 7, 10, 11, 14, 15, 18, 19, 22]

