=== A (7,2,-8)  p=2   v_p(a_r), r=0..p-1: [0, 1]
  (L1) v_p(a_n) - sum_i v_p(a_{n_i}) in [0,20]
       first deviations [n,v,pred]: [[3, 3, 2], [6, 4, 2], [7, 9, 3], [11, 4, 3], [12, 4, 2], [13, 5, 3], [14, 6, 3], [15, 10, 4], [19, 4, 3], [22, 6, 3]]
  (L2) Lucas for a_n/p^{L(n)} mod p: FAILS at n=[3, 6, 7, 11, 12, 13, 14, 15]
  (L5) max v_p(a_n)/s_p(n) = 3.4285714285714285714285714285714285714;  v_p(a_n) <= 4*s_p(n) + 0 for n<=3000
  (L3/L4) m: [v_p(a_{m p^k})]_{k=0..}  |  min k-level of a_{mp^k}-a_{mp^{k-1}} minus 3k
    m=1: v=[1, 1, 1, 1, 1, 1, 1, 1, 1, 1, 1, 1]   super-3k slack=[0, -2, 0, -1, -1, -1, -1, -1, -1, -1, -1]
    m=2: v=[1, 1, 1, 1, 1, 1, 1, 1, 1, 1, 1]   super-3k slack=[1, 3, 2, 2, 2, 2, 2, 2, 2, 2]
    m=3: v=[3, 4, 4, 4, 4, 4, 4, 4, 4, 4]   super-3k slack=[0, -1, 0, 2, 2, 2, 2, 2, 2]
    m=4: v=[1, 1, 1, 1, 1, 1, 1, 1, 1, 1]   super-3k slack=[6, 5, 5, 5, 5, 5, 5, 5, 5]
    m=5: v=[2, 2, 2, 2, 2, 2, 2, 2, 2, 2]   super-3k slack=[3, -1, 4, 0, 0, 0, 0, 0, 0]
    m=6: v=[4, 4, 4, 4, 4, 4, 4, 4, 4]   super-3k slack=[2, 3, 5, 5, 5, 5, 5, 5]
    m=7: v=[9, 6, 6, 6, 6, 6, 6, 6, 6]   super-3k slack=[3, 2, 3, 4, 4, 4, 4, 4]
    m=8: v=[1, 1, 1, 1, 1, 1, 1, 1, 1]   super-3k slack=[8, 8, 8, 8, 8, 8, 8, 8]

=== B (9,3,27)  p=3   v_p(a_r), r=0..p-1: [0, 1, 2]
  (L1) v_p(a_n) - sum_i v_p(a_{n_i}) in [0,0]   EXACT DIGIT LAW
  (L2) Lucas for a_n/p^{L(n)} mod p: HOLDS
  (L5) max v_p(a_n)/s_p(n) = 1.0000000000000000000000000000000000000;  v_p(a_n) <= 1*s_p(n) + 0 for n<=3000
  (L3/L4) m: [v_p(a_{m p^k})]_{k=0..}  |  min k-level of a_{mp^k}-a_{mp^{k-1}} minus 3k
    m=1: v=[1, 1, 1, 1, 1, 1, 1, 1]   super-3k slack=[-1, -1, -1, -1, -1, -1, -1]
    m=2: v=[2, 2, 2, 2, 2, 2, 2]   super-3k slack=[2, 0, 0, 0, 0, 0]
    m=3: v=[1, 1, 1, 1, 1, 1, 1]   super-3k slack=[2, 2, 2, 2, 2, 2]
    m=4: v=[2, 2, 2, 2, 2, 2, 2]   super-3k slack=[0, 0, 0, 0, 0, 0]
    m=5: v=[3, 3, 3, 3, 3, 3]   super-3k slack=[4, 1, 1, 1, 1]
    m=6: v=[2, 2, 2, 2, 2, 2]   super-3k slack=[3, 3, 3, 3, 3]
    m=7: v=[3, 3, 3, 3, 3, 3]   super-3k slack=[1, 1, 1, 1, 1]
    m=8: v=[4, 4, 4, 4, 4, 4]   super-3k slack=[6, 2, 2, 2, 2]

=== C (10,3,9)  p=3   v_p(a_r), r=0..p-1: [0, 1, 1]
  (L1) v_p(a_n) - sum_i v_p(a_{n_i}) in [0,9]
       first deviations [n,v,pred]: [[7, 3, 2], [8, 4, 2], [16, 5, 3], [17, 4, 3], [21, 4, 2], [22, 5, 3], [23, 5, 3], [24, 4, 2], [25, 6, 3], [26, 6, 3]]
  (L2) Lucas for a_n/p^{L(n)} mod p: FAILS at n=[4, 5, 7, 8, 12, 15, 16, 17]
  (L5) max v_p(a_n)/s_p(n) = 1.8571428571428571428571428571428571429;  v_p(a_n) <= 2*s_p(n) + 0 for n<=3000
  (L3/L4) m: [v_p(a_{m p^k})]_{k=0..}  |  min k-level of a_{mp^k}-a_{mp^{k-1}} minus 3k
    m=1: v=[1, 1, 1, 1, 1, 1, 1, 1]   super-3k slack=[-1, -2, -1, -1, -1, -1, -1]
    m=2: v=[1, 1, 1, 1, 1, 1, 1]   super-3k slack=[1, -1, -1, -1, -1, -1]
    m=3: v=[1, 1, 1, 1, 1, 1, 1]   super-3k slack=[1, 2, 2, 2, 2, 2]
    m=4: v=[2, 2, 2, 2, 2, 2, 2]   super-3k slack=[0, -1, 0, 0, 0, 0]
    m=5: v=[2, 2, 2, 2, 2, 2]   super-3k slack=[1, 0, 0, 0, 0]
    m=6: v=[1, 1, 1, 1, 1, 1]   super-3k slack=[2, 2, 2, 2, 2]
    m=7: v=[3, 4, 4, 4, 4, 4]   super-3k slack=[0, -1, 1, 2, 2]
    m=8: v=[4, 4, 4, 4, 4, 4]   super-3k slack=[1, 2, 2, 2, 2]

=== E (12,4,32)  p=2   v_p(a_r), r=0..p-1: [0, 2]
  (L1) v_p(a_n) - sum_i v_p(a_{n_i}) in [0,0]   EXACT DIGIT LAW
  (L2) Lucas for a_n/p^{L(n)} mod p: HOLDS
  (L5) max v_p(a_n)/s_p(n) = 2.0000000000000000000000000000000000000;  v_p(a_n) <= 2*s_p(n) + 0 for n<=3000
  (L3/L4) m: [v_p(a_{m p^k})]_{k=0..}  |  min k-level of a_{mp^k}-a_{mp^{k-1}} minus 3k
    m=1: v=[2, 2, 2, 2, 2, 2, 2, 2, 2, 2, 2, 2]   super-3k slack=[1, -2, -2, -2, -2, -2, -2, -2, -2, -2, -2]
    m=2: v=[2, 2, 2, 2, 2, 2, 2, 2, 2, 2, 2]   super-3k slack=[1, 1, 1, 1, 1, 1, 1, 1, 1, 1]
    m=3: v=[4, 4, 4, 4, 4, 4, 4, 4, 4, 4]   super-3k slack=[2, 0, 0, 0, 0, 0, 0, 0, 0]
    m=4: v=[2, 2, 2, 2, 2, 2, 2, 2, 2, 2]   super-3k slack=[4, 4, 4, 4, 4, 4, 4, 4, 4]
    m=5: v=[4, 4, 4, 4, 4, 4, 4, 4, 4, 4]   super-3k slack=[4, 0, 0, 0, 0, 0, 0, 0, 0]
    m=6: v=[4, 4, 4, 4, 4, 4, 4, 4, 4]   super-3k slack=[3, 3, 3, 3, 3, 3, 3, 3]
    m=7: v=[6, 6, 6, 6, 6, 6, 6, 6, 6]   super-3k slack=[4, 2, 2, 2, 2, 2, 2, 2]
    m=8: v=[2, 2, 2, 2, 2, 2, 2, 2, 2]   super-3k slack=[7, 7, 7, 7, 7, 7, 7, 7]

=== F (17,6,72)  p=2   v_p(a_r), r=0..p-1: [0, 1]
  (L1) v_p(a_n) - sum_i v_p(a_{n_i}) in [0,16]
       first deviations [n,v,pred]: [[3, 3, 2], [6, 4, 2], [7, 7, 3], [11, 4, 3], [12, 4, 2], [13, 5, 3], [14, 6, 3], [15, 9, 4], [19, 4, 3], [22, 6, 3]]
  (L2) Lucas for a_n/p^{L(n)} mod p: FAILS at n=[3, 6, 7, 11, 12, 13, 14, 15]
  (L5) max v_p(a_n)/s_p(n) = 3.3333333333333333333333333333333333333;  v_p(a_n) <= 4*s_p(n) + 0 for n<=3000
  (L3/L4) m: [v_p(a_{m p^k})]_{k=0..}  |  min k-level of a_{mp^k}-a_{mp^{k-1}} minus 3k
    m=1: v=[1, 1, 1, 1, 1, 1, 1, 1, 1, 1, 1, 1]   super-3k slack=[-1, -2, 0, -1, -1, -1, -1, -1, -1, -1, -1]
    m=2: v=[1, 1, 1, 1, 1, 1, 1, 1, 1, 1, 1]   super-3k slack=[1, 3, 2, 2, 2, 2, 2, 2, 2, 2]
    m=3: v=[3, 4, 4, 4, 4, 4, 4, 4, 4, 4]   super-3k slack=[0, -1, 0, 2, 2, 2, 2, 2, 2]
    m=4: v=[1, 1, 1, 1, 1, 1, 1, 1, 1, 1]   super-3k slack=[6, 5, 5, 5, 5, 5, 5, 5, 5]
    m=5: v=[2, 2, 2, 2, 2, 2, 2, 2, 2, 2]   super-3k slack=[0, -1, 2, 0, 0, 0, 0, 0, 0]
    m=6: v=[4, 4, 4, 4, 4, 4, 4, 4, 4]   super-3k slack=[2, 3, 5, 5, 5, 5, 5, 5]
    m=7: v=[7, 6, 6, 6, 6, 6, 6, 6, 6]   super-3k slack=[3, 2, 3, 4, 4, 4, 4, 4]
    m=8: v=[1, 1, 1, 1, 1, 1, 1, 1, 1]   super-3k slack=[8, 8, 8, 8, 8, 8, 8, 8]

=== F (17,6,72)  p=3   v_p(a_r), r=0..p-1: [0, 1, 1]
  (L1) v_p(a_n) - sum_i v_p(a_{n_i}) in [0,10]
       first deviations [n,v,pred]: [[7, 3, 2], [8, 4, 2], [16, 4, 3], [17, 4, 3], [21, 4, 2], [22, 5, 3], [23, 5, 3], [24, 4, 2], [25, 9, 3], [26, 6, 3]]
  (L2) Lucas for a_n/p^{L(n)} mod p: FAILS at n=[4, 5, 7, 8, 12, 15, 16, 17]
  (L5) max v_p(a_n)/s_p(n) = 1.8571428571428571428571428571428571429;  v_p(a_n) <= 2*s_p(n) + 0 for n<=3000
  (L3/L4) m: [v_p(a_{m p^k})]_{k=0..}  |  min k-level of a_{mp^k}-a_{mp^{k-1}} minus 3k
    m=1: v=[1, 1, 1, 1, 1, 1, 1, 1]   super-3k slack=[-1, -2, -1, -1, -1, -1, -1]
    m=2: v=[1, 1, 1, 1, 1, 1, 1]   super-3k slack=[0, -1, -1, -1, -1, -1]
    m=3: v=[1, 1, 1, 1, 1, 1, 1]   super-3k slack=[1, 2, 2, 2, 2, 2]
    m=4: v=[2, 2, 2, 2, 2, 2, 2]   super-3k slack=[0, -1, 0, 0, 0, 0]
    m=5: v=[2, 2, 2, 2, 2, 2]   super-3k slack=[3, 0, 0, 0, 0]
    m=6: v=[1, 1, 1, 1, 1, 1]   super-3k slack=[2, 2, 2, 2, 2]
    m=7: v=[3, 4, 4, 4, 4, 4]   super-3k slack=[0, -1, 1, 2, 2]
    m=8: v=[4, 4, 4, 4, 4, 4]   super-3k slack=[1, 2, 2, 2, 2]

=== alpha Domb (10,4,64)  p=2   v_p(a_r), r=0..p-1: [0, 2]
  (L1) v_p(a_n) - sum_i v_p(a_{n_i}) in [0,15]
       first deviations [n,v,pred]: [[3, 8, 4], [6, 6, 4], [7, 9, 6], [11, 8, 6], [12, 6, 4], [13, 8, 6], [14, 9, 6], [15, 12, 8], [19, 9, 6], [22, 10, 6]]
  (L2) Lucas for a_n/p^{L(n)} mod p: FAILS at n=[3, 6, 7, 11, 12, 13, 14, 15]
  (L5) max v_p(a_n)/s_p(n) = 4.5000000000000000000000000000000000000;  v_p(a_n) <= 5*s_p(n) + 0 for n<=3000
  (L3/L4) m: [v_p(a_{m p^k})]_{k=0..}  |  min k-level of a_{mp^k}-a_{mp^{k-1}} minus 3k
    m=1: v=[2, 2, 2, 2, 2, 2, 2, 2, 2, 2, 2, 2]   super-3k slack=[0, 1, 1, 1, 1, 1, 1, 1, 1, 1, 1]
    m=2: v=[2, 2, 2, 2, 2, 2, 2, 2, 2, 2, 2]   super-3k slack=[4, 4, 4, 4, 4, 4, 4, 4, 4, 4]
    m=3: v=[8, 6, 6, 6, 6, 6, 6, 6, 6, 6]   super-3k slack=[3, 4, 5, 5, 5, 5, 5, 5, 5]
    m=4: v=[2, 2, 2, 2, 2, 2, 2, 2, 2, 2]   super-3k slack=[7, 7, 7, 7, 7, 7, 7, 7, 7]
    m=5: v=[4, 4, 4, 4, 4, 4, 4, 4, 4, 4]   super-3k slack=[2, 3, 3, 3, 3, 3, 3, 3, 3]
    m=6: v=[6, 6, 6, 6, 6, 6, 6, 6, 6]   super-3k slack=[7, 8, 8, 8, 8, 8, 8, 8]
    m=7: v=[9, 9, 9, 9, 9, 9, 9, 9, 9]   super-3k slack=[8, 9, 8, 8, 8, 8, 8, 8]
    m=8: v=[2, 2, 2, 2, 2, 2, 2, 2, 2]   super-3k slack=[10, 10, 10, 10, 10, 10, 10, 10]

=== delta (7,3,81)  p=3   v_p(a_r), r=0..p-1: [0, 1, 2]
  (L1) v_p(a_n) - sum_i v_p(a_{n_i}) in [0,11]
       first deviations [n,v,pred]: [[5, 4, 3], [7, 5, 3], [8, 6, 4], [14, 9, 4], [15, 4, 3], [16, 6, 4], [17, 7, 5], [21, 5, 3], [22, 6, 4], [23, 8, 5]]
  (L2) Lucas for a_n/p^{L(n)} mod p: FAILS at n=[4, 5, 7, 8, 12, 14, 15, 16]
  (L5) max v_p(a_n)/s_p(n) = 2.4000000000000000000000000000000000000;  v_p(a_n) <= 3*s_p(n) + 0 for n<=3000
  (L3/L4) m: [v_p(a_{m p^k})]_{k=0..}  |  min k-level of a_{mp^k}-a_{mp^{k-1}} minus 3k
  ***   at top-level: ...2],rs[i][3],rs[i][1],MM);super(rs[i][2],rs[i][
  ***                                             ^---------------------
  ***   in function super: ...*p^k+1]-A[m*p^(k-1)+1],p)-3*k)));print("    m=
  ***                                                  ^---------------------
  *** _-_: forbidden addition t_INT + t_INFINITY.
... skipping file 'lattice/theoremF_hyp/vlaw_run.gp'
=== delta (7,3,81)  p=3   v_p(a_r), r=0..p-1: [0, 1, 2]
  (L1) v_p(a_n) - sum_i v_p(a_{n_i}) in [0,11]
       first deviations [n,v,pred]: [[5, 4, 3], [7, 5, 3], [8, 6, 4], [14, 9, 4], [15, 4, 3], [16, 6, 4], [17, 7, 5], [21, 5, 3], [22, 6, 4], [23, 8, 5]]
  (L2) Lucas for a_n/p^{L(n)} mod p: FAILS at n=[4, 5, 7, 8, 12, 14, 15, 16]
  (L5) max v_p(a_n)/s_p(n) = 2.4000000000000000000000000000000000000;  v_p(a_n) <= 3*s_p(n) + 0 for n<=3000
  (L3/L4) m: [v_p(a_{m p^k})]_{k=0..}  |  min k-level of a_{mp^k}-a_{mp^{k-1}} minus 3k
    m=1: v=[1, 1, 1, 1, 1, 1, 1, 1]   super-3k slack=["inf", 0, 0, 0, 0, 0, 0]
    m=2: v=[2, 2, 2, 2, 2, 2, 2]   super-3k slack=[2, 1, 1, 1, 1, 1]
    m=3: v=[1, 1, 1, 1, 1, 1, 1]   super-3k slack=[3, 3, 3, 3, 3, 3]
    m=4: v=[2, 2, 2, 2, 2, 2, 2]   super-3k slack=[1, 1, 1, 1, 1, 1]
    m=5: v=[4, 4, 4, 4, 4, 4]   super-3k slack=[2, 3, 3, 3, 3]
    m=6: v=[2, 2, 2, 2, 2, 2]   super-3k slack=[4, 4, 4, 4, 4]
    m=7: v=[5, 5, 5, 5, 5, 5]   super-3k slack=[2, 4, 4, 4, 4]
    m=8: v=[6, 6, 6, 6, 6, 6]   super-3k slack=[5, 5, 5, 5, 5]

=== eps (12,4,16)  p=2   v_p(a_r), r=0..p-1: [0, 2]
  (L1) v_p(a_n) - sum_i v_p(a_{n_i}) in [0,10]
       first deviations [n,v,pred]: [[2, 3, 2], [3, 5, 4], [4, 3, 2], [5, 5, 4], [6, 6, 4], [7, 8, 6], [8, 3, 2], [9, 5, 4], [10, 6, 4], [11, 8, 6]]
  (L2) Lucas for a_n/p^{L(n)} mod p: FAILS at n=[2, 3, 4, 5, 6, 7, 8, 9]
  (L5) max v_p(a_n)/s_p(n) = 3.0000000000000000000000000000000000000;  v_p(a_n) <= 3*s_p(n) + 0 for n<=3000
  (L3/L4) m: [v_p(a_{m p^k})]_{k=0..}  |  min k-level of a_{mp^k}-a_{mp^{k-1}} minus 3k
    m=1: v=[2, 3, 3, 3, 3, 3, 3, 3, 3, 3, 3, 3]   super-3k slack=[-1, -2, -2, -2, -2, -2, -2, -2, -2, -2, -2]
    m=2: v=[3, 3, 3, 3, 3, 3, 3, 3, 3, 3, 3]   super-3k slack=[1, 1, 1, 1, 1, 1, 1, 1, 1, 1]
    m=3: v=[5, 6, 6, 6, 6, 6, 6, 6, 6, 6]   super-3k slack=[2, 1, 1, 1, 1, 1, 1, 1, 1]
    m=4: v=[3, 3, 3, 3, 3, 3, 3, 3, 3, 3]   super-3k slack=[4, 4, 4, 4, 4, 4, 4, 4, 4]
    m=5: v=[5, 6, 6, 6, 6, 6, 6, 6, 6, 6]   super-3k slack=[2, 1, 1, 1, 1, 1, 1, 1, 1]
    m=6: v=[6, 6, 6, 6, 6, 6, 6, 6, 6]   super-3k slack=[4, 4, 4, 4, 4, 4, 4, 4]
    m=7: v=[8, 9, 9, 9, 9, 9, 9, 9, 9]   super-3k slack=[5, 4, 4, 4, 4, 4, 4, 4]
    m=8: v=[3, 3, 3, 3, 3, 3, 3, 3, 3]   super-3k slack=[7, 7, 7, 7, 7, 7, 7, 7]

=== zeta (9,3,-27)  p=3   v_p(a_r), r=0..p-1: [0, 1, 3]
  (L1) v_p(a_n) - sum_i v_p(a_{n_i}) in [0,6]
       first deviations [n,v,pred]: [[8, 7, 6], [15, 5, 4], [16, 6, 5], [17, 9, 7], [26, 11, 9], [35, 8, 7], [42, 7, 5], [43, 8, 6], [44, 11, 8], [45, 5, 4]]
  (L2) Lucas for a_n/p^{L(n)} mod p: FAILS at n=[5, 6, 7, 8, 14, 15, 16, 17]
  (L5) max v_p(a_n)/s_p(n) = 1.9285714285714285714285714285714285714;  v_p(a_n) <= 2*s_p(n) + 0 for n<=3000
  (L3/L4) m: [v_p(a_{m p^k})]_{k=0..}  |  min k-level of a_{mp^k}-a_{mp^{k-1}} minus 3k
    m=1: v=[1, 1, 1, 1, 1, 1, 1, 1]   super-3k slack=[-1, -1, -1, -1, -1, -1, -1]
    m=2: v=[3, 3, 3, 3, 3, 3, 3]   super-3k slack=[0, 1, 1, 1, 1, 1]
    m=3: v=[1, 1, 1, 1, 1, 1, 1]   super-3k slack=[2, 2, 2, 2, 2, 2]
    m=4: v=[2, 2, 2, 2, 2, 2, 2]   super-3k slack=[0, 0, 0, 0, 0, 0]
    m=5: v=[4, 5, 5, 5, 5, 5]   super-3k slack=[1, 3, 3, 3, 3]
    m=6: v=[3, 3, 3, 3, 3, 3]   super-3k slack=[4, 4, 4, 4, 4]
    m=7: v=[4, 4, 4, 4, 4, 4]   super-3k slack=[2, 2, 2, 2, 2]
    m=8: v=[7, 6, 6, 6, 6, 6]   super-3k slack=[3, 4, 4, 4, 4]

=== eta (11,5,125)  p=5   v_p(a_r), r=0..p-1: [0, 1, 1, 2, 2]
  (L1) v_p(a_n) - sum_i v_p(a_{n_i}) in [0,6]
       first deviations [n,v,pred]: [[13, 4, 3], [14, 4, 3], [21, 5, 3], [22, 5, 3], [23, 6, 4], [24, 6, 4], [38, 5, 4], [39, 5, 4], [46, 5, 4], [47, 5, 4]]
  (L2) Lucas for a_n/p^{L(n)} mod p: FAILS at n=[6, 7, 11, 12, 13, 14, 16, 17]
  (L5) max v_p(a_n)/s_p(n) = 1.1000000000000000000000000000000000000;  v_p(a_n) <= 2*s_p(n) + 0 for n<=3000
  (L3/L4) m: [v_p(a_{m p^k})]_{k=0..}  |  min k-level of a_{mp^k}-a_{mp^{k-1}} minus 3k
    m=1: v=[1, 1, 1, 1, 1]   super-3k slack=[0, 1, 4, 6]
    m=2: v=[1, 1, 1, 1, 1]   super-3k slack=[1, 2, 4, 6]
    m=3: v=[2, 2, 2, 2, 2]   super-3k slack=[1, 3, 5, 7]
    m=4: v=[2, 2, 2, 2, 2]   super-3k slack=[4, 3, 5, 7]
    m=5: v=[1, 1, 1, 1]   super-3k slack=[4, 7, 9]
    m=6: v=[2, 2, 2, 2]   super-3k slack=[1, 2, 5]
    m=7: v=[2, 2, 2, 2]   super-3k slack=[2, 3, 5]
    m=8: v=[3, 3, 3, 3]   super-3k slack=[2, 4, 6]

=== s18 Cooper  p=3   v_p(a_r), r=0..p-1: [0, 1, 3]
  (L1) v_p(a_n) - sum_i v_p(a_{n_i}) in [-3,6]
       first deviations [n,v,pred]: [[5, 3, 4], [6, 2, 3], [7, 5, 4], [14, 4, 5], [16, 7, 5], [18, 2, 3], [19, 3, 4], [20, 7, 6], [21, 5, 4], [22, 6, 5]]
  ***   at top-level: ...p(MM)[1],2]];for(i=1,#rs,vlaw(rs[i][2],rs[i][3
  ***                                             ^---------------------
  ***   in function vlaw: ...+1]/p^va[d[i]+1],p));lhs=Mod(A[n+1]/p^sdigv(n,
  ***                                                 ^---------------------
  *** Mod: impossible inverse in Fl_inv: Mod(0, 3).
... skipping file '/tmp/vl2.gp'
=== s18 Cooper  p=3   v_p(a_r), r=0..p-1: [0, 1, 3]
  (L1) v_p(a_n) - sum_i v_p(a_{n_i}) in [-3,6]
       first deviations [n,v,pred]: [[5, 3, 4], [6, 2, 3], [7, 5, 4], [14, 4, 5], [16, 7, 5], [18, 2, 3], [19, 3, 4], [20, 7, 6], [21, 5, 4], [22, 6, 5]]
  (L2) Lucas for a_n/p^{L(n)} mod p: FAILS at n=[4, 5, 6, 7, 11, 12, 14, 16]
  (L5) max v_p(a_n)/s_p(n) = 2.1666666666666666666666666666666666667;  v_p(a_n) <= 3*s_p(n) + 0 for n<=3000
  (L3/L4) m: [v_p(a_{m p^k})]_{k=0..}  |  min k-level of a_{mp^k}-a_{mp^{k-1}} minus 3k
    m=1: v=[1, 1, 1, 1, 1, 1, 1, 1]   super-3k slack=[-1, -2, -2, -2, -2, -2, -2]
    m=2: v=[3, 2, 2, 2, 2, 2, 2]   super-3k slack=[-1, -2, -1, -1, -1, -1]
    m=3: v=[1, 1, 1, 1, 1, 1, 1]   super-3k slack=[1, 1, 1, 1, 1, 1]
    m=4: v=[2, 2, 2, 2, 2, 2, 2]   super-3k slack=[0, -1, -1, -1, -1, -1]
    m=5: v=[3, 4, 4, 4, 4, 4]   super-3k slack=[0, -1, 3, 1, 1]
    m=6: v=[2, 2, 2, 2, 2, 2]   super-3k slack=[1, 2, 2, 2, 2]
    m=7: v=[5, 5, 5, 5, 5, 5]   super-3k slack=[3, 2, 2, 2, 2]
    m=8: v=[6, 6, 6, 6, 6, 6]   super-3k slack=[3, 2, 3, 3, 3]

=== cusp L12 wt3  p=2   v_p(a_r), r=0..p-1: [0, 1]
  (L1) v_p(a_n) - sum_i v_p(a_{n_i}) in [0,14]
       first deviations [n,v,pred]: [[2, 2, 1], [3, 3, 2], [6, 10, 2], [7, 6, 3], [8, 2, 1], [9, 3, 2], [10, 4, 2], [11, 5, 3], [12, 3, 2], [13, 4, 3]]
  (L2) Lucas for a_n/p^{L(n)} mod p: FAILS at n=[2, 3, 6, 7, 8, 9, 10, 11]
  (L5) max v_p(a_n)/s_p(n) = 5.0000000000000000000000000000000000000;  v_p(a_n) <= 5*s_p(n) + 0 for n<=3000
  (L3/L4) m: [v_p(a_{m p^k})]_{k=0..}  |  min k-level of a_{mp^k}-a_{mp^{k-1}} minus 3k
    m=1: v=[1, 2, 1, 2, 1, 2, 1, 2, 1, 2, 1, 2]   super-3k slack=[-2, -5, -8, -11, -14, -17, -20, -23, -26, -29, -32]
    m=2: v=[2, 1, 2, 1, 2, 1, 2, 1, 2, 1, 2]   super-3k slack=[-2, -5, -8, -11, -14, -17, -20, -23, -26, -29]
    m=3: v=[3, 10, 3, 5, 3, 5, 3, 5, 3, 5]   super-3k slack=[0, -3, -6, -9, -12, -15, -18, -21, -24]
    m=4: v=[1, 2, 1, 2, 1, 2, 1, 2, 1, 2]   super-3k slack=[-2, -5, -8, -11, -14, -17, -20, -23, -26]
    m=5: v=[2, 4, 2, 4, 2, 4, 2, 4, 2, 4]   super-3k slack=[-1, -4, -7, -10, -13, -16, -19, -22, -25]
    m=6: v=[10, 3, 5, 3, 5, 3, 5, 3, 5]   super-3k slack=[0, -3, -6, -9, -12, -15, -18, -21]
    m=7: v=[6, 6, 6, 6, 6, 6, 6, 6, 6]   super-3k slack=[4, 1, -1, -4, -7, -10, -13, -16]
    m=8: v=[2, 1, 2, 1, 2, 1, 2, 1, 2]   super-3k slack=[-2, -5, -8, -11, -14, -17, -20, -23]

