[0;31m  ***   Warning: not enough memory, new PARI stack 12000002048[0m
[0;31m  ***   Warning: new maximum stack size = 12000002048 (11444.094 Mbytes).[0m
   realprecision = 77 significant digits (60 digits displayed)
[0;31m  *** subst: Warning: increasing stack size to 16000000.[0m
[0;31m  *** subst: Warning: increasing stack size to 32000000.[0m
[0;31m  *** _ZM_ker_worker: Warning: increasing stack size to 64000000.[0m
--- level-16: exact order-5 degree-38 fit, kernel dim = 1
    deg P_k, k=0..5 : [33, 34, 35, 36, 37, 38]
    LEADING coefficient P_5(t) factored over Q:
      [t, 4; 2*t + 1, 5; 4*t + 1, 5; 28*t^2 + 4*t - 1, 2; 2016*t^4 + 1480*t^3 + 396*t^2 + 38*t - 1, 5]
    Wronskian/Casoratian:  W'/W = -P_4/P_5;  P_4 factored:
      [t, 3; 2*t + 1, 4; 4*t + 1, 4; 28*t^2 + 4*t - 1, 1; 2016*t^4 + 1480*t^3 + 396*t^2 + 38*t - 1, 4; 1354752*t^8 + 1829632*t^7 + 1010304*t^6 + 283296*t^5 + 36624*t^4 + 48*t^3 - 400*t^2 - 10*t + 1, 1]
    2-adic: t-multiplicity at 0 = 4
      irreducible /Q_2 factor of degree 1 (mult 5):  v_2(its roots) = -2   |t|_2 = 2^2
      irreducible /Q_2 factor of degree 1 (mult 5):  v_2(its roots) = -2   |t|_2 = 2^2
      irreducible /Q_2 factor of degree 1 (mult 5):  v_2(its roots) = -1   |t|_2 = 2^1
      irreducible /Q_2 factor of degree 2 (mult 2):  v_2(its roots) = -1   |t|_2 = 2^1
      irreducible /Q_2 factor of degree 3 (mult 5):  v_2(its roots) = -1   |t|_2 = 2^1
    ==> max over singular t != 0 of v_2(t) = -1  (the 2-adically NEAREST singularity)
    ==> largest singularity-free disc {|t|_2 <= rho}:  rho = 2^1
    ==> PREDICTED SLOPE  sigma_2 = log_2 rho = 1
    |complex roots| sorted: [0.E-77, 0.E-77, 0.E-77, 0.E-77, 0.0212336309003705781907411434140625881541569758885738418177136, 0.0212336309003705781907411434140625881541569758885738418177136, 0.0212336309003705781907411434140625881541569758885738418177136, 0.0212336309003705781907411434140625881541569758885738418177136, 0.0212336309003705781907411434140625881541569758885738418177136, 0.130601937481870721257384103458528296938524553625278296168097, 0.130601937481870721257384103458528296938524553625278296168097, 0.250000000000000000000000000000000000000000000000000000000000, 0.250000000000000000000000000000000000000000000000000000000000, 0.250000000000000000000000000000000000000000000000000000000000, 0.250000000000000000000000000000000000000000000000000000000000, 0.250000000000000000000000000000000000000000000000000000000000, 0.270754719686024956653909018196328347877842825010550689825782, 0.270754719686024956653909018196328347877842825010550689825782, 0.270754719686024956653909018196328347877842825010550689825782, 0.270754719686024956653909018196328347877842825010550689825782, 0.270754719686024956653909018196328347877842825010550689825782, 0.270754719686024956653909018196328347877842825010550689825782, 0.270754719686024956653909018196328347877842825010550689825782, 0.270754719686024956653909018196328347877842825010550689825782, 0.270754719686024956653909018196328347877842825010550689825782, 0.270754719686024956653909018196328347877842825010550689825782, 0.273459080339013578400241246315671154081381696482421153310954, 0.273459080339013578400241246315671154081381696482421153310954, 0.318664097951010182257096177026790522227210036829739411652115, 0.318664097951010182257096177026790522227210036829739411652115, 0.318664097951010182257096177026790522227210036829739411652115, 0.318664097951010182257096177026790522227210036829739411652115, 0.318664097951010182257096177026790522227210036829739411652115, 0.500000000000000000000000000000000000000000000000000000000000, 0.500000000000000000000000000000000000000000000000000000000000, 0.500000000000000000000000000000000000000000000000000000000000, 0.500000000000000000000000000000000000000000000000000000000000, 0.500000000000000000000000000000000000000000000000000000000000]

--- level-12 h_12: archimedean singularity check
   a_n/a_{n+1} at n=418 : 0.0718803207073909808524407536490369430764304658855776761285348     7-4*sqrt(3) = 0.0717967697244908258902146339765105322287789847584774877767721
   log|a_n|/n at n=419 : 2.62422637711394806904373041386186873047815308987589100005910   log(7+4sqrt3) = 2.63391579384963341725009269461593688805396394293503295953694
   lambda^2-14 lambda+1 over Q_2: Mat([(1 + O(2^20))*x^2 + (2 + 2^4 + 2^5 + 2^6 + 2^7 + 2^8 + 2^9 + 2^10 + 2^11 + 2^12 + 2^13 + 2^14 + 2^15 + 2^16 + 2^17 + 2^18 + 2^19 + O(2^20))*x + (1 + O(2^20)), 1])
   v_2 of its roots: Newton polygon of x^2-14x+1 : v(1)=0, v(-14)=1, v(1)=0  => both roots are 2-adic UNITS
   so the singular point t = 7-4sqrt3 = 1/(7+4sqrt3) has |t|_2 = 1  (ON the unit circle)
DONE
