[0;31m  ***   Warning: not enough memory, new PARI stack 12000002048[0m
[0;31m  ***   Warning: new maximum stack size = 12000002048 (11444.094 Mbytes).[0m
   realprecision = 77 significant digits (60 digits displayed)
[0;31m  *** subst: Warning: increasing stack size to 16000000.[0m
A12D[1..9] = [1, -68, -476, -3104, -21284, -151376, -998696, -3825536, 53733196]
A12X[1..9] = [1, -72, -59, -672, -3479, -17448, 6973, 2150784, 47936065]
A16 [1..9] = [1, -52, 268, -1920, 9536, -60928, 274688, -1682432, 6536176]

=== level-12 Domb:  mod-p kernel-dimension scan, rows to n=299
   r=4  D=2:0  D=3:0  D=4:0  D=5:0  D=6:0  D=7:0  D=8:0  D=9:0  D=10:0  D=11:0  D=12:0
   r=5  D=2:0  D=3:0  D=4:0  D=5:0  D=6:0  D=7:0  D=8:0  D=9:0  D=10:0  D=11:0  D=12:0
   r=6  D=2:0  D=3:0  D=4:0  D=5:0  D=6:0  D=7:0  D=8:0  D=9:0  D=10:0  D=11:0  D=12:0
   r=7  D=2:0  D=3:0  D=4:0  D=5:0  D=6:0  D=7:0  D=8:0  D=9:0  D=10:0  D=11:0  D=12:0
   r=8  D=2:0  D=3:0  D=4:0  D=5:0  D=6:0  D=7:0  D=8:0  D=9:0  D=10:0  D=11:0  D=12:0
   r=9  D=2:0  D=3:0  D=4:0  D=5:0  D=6:0  D=7:0  D=8:0  D=9:0  D=10:0  D=11:0  D=12:0
   r=10  D=2:0  D=3:0  D=4:0  D=5:0  D=6:0  D=7:0  D=8:0  D=9:0  D=10:0  D=11:0  D=12:0
   r=11  D=2:0  D=3:0  D=4:0  D=5:0  D=6:0  D=7:0  D=8:0  D=9:0  D=10:0  D=11:0  D=12:0
   r=12  D=2:0  D=3:0  D=4:0  D=5:0  D=6:0  D=7:0  D=8:0  D=9:0  D=10:0  D=11:0  D=12:0
   r=13  D=2:0  D=3:0  D=4:0  D=5:0  D=6:0  D=7:0  D=8:0  D=9:0  D=10:0  D=11:0  D=12:0
   r=14  D=2:0  D=3:0  D=4:0  D=5:0  D=6:0  D=7:0  D=8:0  D=9:0  D=10:0  D=11:0  D=12:0
[0;31m  *** matker: Warning: increasing stack size to 32000000.[0m
   r=15  D=2:0  D=3:0  D=4:0  D=5:0  D=6:0  D=7:0  D=8:0  D=9:0  D=10:0  D=11:0  D=12:0
   r=16  D=2:0  D=3:0  D=4:0  D=5:0  D=6:0  D=7:0  D=8:0  D=9:0  D=10:0  D=11:0  D=12:0

=== level-12 h_12:  mod-p kernel-dimension scan, rows to n=299
   r=4  D=2:0  D=3:0  D=4:0  D=5:0  D=6:0  D=7:0  D=8:0  D=9:0  D=10:0  D=11:0  D=12:0
   r=5  D=2:0  D=3:0  D=4:0  D=5:0  D=6:0  D=7:0  D=8:0  D=9:0  D=10:0  D=11:0  D=12:0
   r=6  D=2:0  D=3:0  D=4:0  D=5:0  D=6:0  D=7:0  D=8:0  D=9:0  D=10:0  D=11:0  D=12:0
   r=7  D=2:0  D=3:0  D=4:0  D=5:0  D=6:0  D=7:0  D=8:0  D=9:0  D=10:0  D=11:0  D=12:0
   r=8  D=2:0  D=3:0  D=4:0  D=5:0  D=6:0  D=7:0  D=8:0  D=9:0  D=10:0  D=11:0  D=12:0
   r=9  D=2:0  D=3:0  D=4:0  D=5:0  D=6:0  D=7:0  D=8:0  D=9:0  D=10:0  D=11:0  D=12:0
   r=10  D=2:0  D=3:0  D=4:0  D=5:0  D=6:0  D=7:0  D=8:0  D=9:0  D=10:0  D=11:0  D=12:0
   r=11  D=2:0  D=3:0  D=4:0  D=5:0  D=6:0  D=7:0  D=8:0  D=9:0  D=10:0  D=11:0  D=12:0
   r=12  D=2:0  D=3:0  D=4:0  D=5:0  D=6:0  D=7:0  D=8:0  D=9:0  D=10:0  D=11:0  D=12:0
   r=13  D=2:0  D=3:0  D=4:0  D=5:0  D=6:0  D=7:0  D=8:0  D=9:0  D=10:0  D=11:0  D=12:0
   r=14  D=2:0  D=3:0  D=4:0  D=5:0  D=6:0  D=7:0  D=8:0  D=9:0  D=10:0  D=11:0  D=12:0
   r=15  D=2:0  D=3:0  D=4:0  D=5:0  D=6:0  D=7:0  D=8:0  D=9:0  D=10:0  D=11:0  D=12:0
   r=16  D=2:0  D=3:0  D=4:0  D=5:0  D=6:0  D=7:0  D=8:0  D=9:0  D=10:0  D=11:0  D=12:0

DONE-SCAN
