[0;31m  ***   Warning: not enough memory, new PARI stack 12000002048[0m
[0;31m  ***   Warning: new maximum stack size = 12000002048 (11444.094 Mbytes).[0m
   realprecision = 134 significant digits (120 digits displayed)
############ PART 1: hypothesis (a), symbolic ############
P(X,Z) = (1296*Z + 112)*X^2 + (-1863*Z - 113)*X + (567*Z + 1)      (X=2^-s, Z=3^-s)
  P/(1-X) = (-1296*Z - 112)*X + (567*Z + 1)     remainder = 0
  (a) at p=2 HOLDS ? 1
  (a) at p=3 [(1-Z)|P] ? 0
  Q(s=5) = -1/3     P(s=5) = -31/96     L(Phi,5) = 31/192*zeta(5)

############ PART 1b: kappa_2, xi* ############
  v_2(zeta_2(5)) = -3
    L_2(1-2,1) = 1/12 matches interpolation: 1
    L_2(1-4,1) = -7/120 matches interpolation: 1
    L_2(1-6,1) = 31/252 matches interpolation: 1
    L_2(1-8,1) = -127/240 matches interpolation: 1
    L_2(1-10,1) = 511/132 matches interpolation: 1
    L_2(1-12,1) = -1414477/32760 matches interpolation: 1
  xi*(level 12) = -Q(5)*kappa_2 = 1/6*zeta_2(5),   v_2 = -4
  xi*(level 16) = 7/32*zeta_2(5),                v_2 = -8

############ PART 2: build the rows ############
[0;31m  *** subst: Warning: increasing stack size to 16000000.[0m
[0;31m  *** subst: Warning: increasing stack size to 32000000.[0m
--- level-12 Domb  t=w/(1+w)^2
      t = -510*q^6 + 198*q^5 - 68*q^4 + 21*q^3 - 6*q^2 + q ...   integral&monic: 1
      A_0..A_8 = [1, -68, -476, -3104, -21284, -151376, -998696, -3825536, 53733196]
      #A_n notin Z: 0 (lcm denom 1)   #d_n^5 B_n notin Z: 0
      log|A_n|/n at n=419 : 2.76339777911295446917435004190742054105262498778086739427862416203157214634425966471116480232441711611788879018264725889
--- level-12 h_12  t=h/((h+3)(h+4))
      t = -12*q^6 - 17*q^5 + 12*q^4 + 2*q^3 - 4*q^2 + q ...   integral&monic: 1
      A_0..A_8 = [1, -72, -59, -672, -3479, -17448, 6973, 2150784, 47936065]
      #A_n notin Z: 0 (lcm denom 1)   #d_n^5 B_n notin Z: 0
      log|A_n|/n at n=419 : 2.62422637711394806904373041386186873047815308987589100005909807879070684542538995040545539161465944142338241055147321136
--- level-16       t=x/(8x^2+2x+1)
      t = 192*q^6 + 30*q^5 - 16*q^4 - 8*q^3 + q ...   integral&monic: 1
      A_0..A_8 = [1, -52, 268, -1920, 9536, -60928, 274688, -1682432, 6536176]
      #A_n notin Z: 0 (lcm denom 1)   #d_n^5 B_n notin Z: 0
      log|A_n|/n at n=419 : 2.01569629725407442729765388114732052370541890383998826849324694197122476241873419433970498833191250113506627398204966073

############ PART 3: v_2(a_n)  --  hypothesis (d), H1 ############
--- level-12 Domb
   v_2(a_n), n=1..40 : [2, 2, 5, 2, 4, 3, 7, 2, 4, 3, 6, 3, 5, 4, 9, 2, 4, 3, 6, 3, 5, 4, 8, 3, 5, 4, 7, 4, 6, 5, 11, 2, 4, 3, 6, 3, 5, 4, 8, 3]
   n=[50, 100, 150, 200, 250, 300, 350, 400, 419] : [4, 4, 5, 4, 7, 5, 7, 4, 8]
   min v_2 = 2    max v_2 = 17 at n=255    log_2(M) = 8.71424551766612263676602769066903749326567242668320245618780077442735385326517676487028121744766918229799853607463499222
   20<=n<=419:   limsup-est max v_2(a_n)/n = 0.354838709677419354838709677419354838709677419354838709677419354838709677419354838709677419354838709677419354838709677419 at n=31    liminf-est min v_2(a_n)/n = 0.00781250000000000000000000000000000000000000000000000000000000000000000000000000000000000000000000000000000000000000000000 at n=256
   tail 300<=n<=419:  max v_2/n = 0.0438871473354231974921630094043887147335423197492163009404388714733542319749216300940438871473354231974921630094043887147   mean v_2 = 6.83333333333333333333333333333333333333333333333333333333333333333333333333333333333333333333333333333333333333333333333
   max v_2(a_n)/log_2(n) over 2<=n<=419 = 3.15464876785728718549763557171380427149792820065940213935327471919342600690457402530586344274725872780677007969156857597
   fine tail v_2(a_n), n=399..419 : [4, 6, 5, 8, 5, 7, 6, 10, 5, 7, 6, 9, 6, 8, 7, 13, 4, 6, 5, 8]
--- level-12 h_12
   v_2(a_n), n=1..40 : [3, 0, 5, 0, 3, 0, 7, 0, 3, 0, 5, 0, 3, 0, 9, 0, 3, 0, 5, 0, 3, 0, 7, 0, 3, 0, 5, 0, 3, 0, 11, 0, 3, 0, 5, 0, 3, 0, 7, 0]
   n=[50, 100, 150, 200, 250, 300, 350, 400, 419] : [0, 0, 0, 0, 0, 0, 0, 0, 5]
   min v_2 = 0    max v_2 = 17 at n=255    log_2(M) = 8.71424551766612263676602769066903749326567242668320245618780077442735385326517676487028121744766918229799853607463499222
   20<=n<=419:   limsup-est max v_2(a_n)/n = 0.354838709677419354838709677419354838709677419354838709677419354838709677419354838709677419354838709677419354838709677419 at n=31    liminf-est min v_2(a_n)/n = 0 at n=20
   tail 300<=n<=419:  max v_2/n = 0.0407523510971786833855799373040752351097178683385579937304075235109717868338557993730407523510971786833855799373040752351   mean v_2 = 2.50000000000000000000000000000000000000000000000000000000000000000000000000000000000000000000000000000000000000000000000
   max v_2(a_n)/log_2(n) over 2<=n<=419 = 3.15464876785728718549763557171380427149792820065940213935327471919342600690457402530586344274725872780677007969156857597
   fine tail v_2(a_n), n=399..419 : [0, 3, 0, 5, 0, 3, 0, 7, 0, 3, 0, 5, 0, 3, 0, 11, 0, 3, 0, 5]
--- level-16     
   v_2(a_n), n=1..40 : [2, 2, 7, 6, 9, 8, 10, 4, 6, 6, 15, 8, 10, 10, 16, 4, 6, 6, 11, 9, 11, 11, 14, 10, 12, 12, 20, 14, 16, 16, 21, 4, 6, 6, 11, 11, 12, 14, 14, 8]
   n=[50, 100, 150, 200, 250, 300, 350, 400, 419] : [12, 19, 15, 14, 27, 16, 26, 14, 21]
   min v_2 = 2    max v_2 = 37 at n=383    log_2(M) = 8.71424551766612263676602769066903749326567242668320245618780077442735385326517676487028121744766918229799853607463499222
   20<=n<=419:   limsup-est max v_2(a_n)/n = 0.740740740740740740740740740740740740740740740740740740740740740740740740740740740740740740740740740740740740740740740741 at n=27    liminf-est min v_2(a_n)/n = 0.0156250000000000000000000000000000000000000000000000000000000000000000000000000000000000000000000000000000000000000000000 at n=256
   tail 300<=n<=419:  max v_2/n = 0.0966057441253263707571801566579634464751958224543080939947780678851174934725848563968668407310704960835509138381201044386   mean v_2 = 21.2166666666666666666666666666666666666666666666666666666666666666666666666666666666666666666666666666666666666666666667
   max v_2(a_n)/log_2(n) over 2<=n<=419 = 5.00410935521149795243889971093119100119799276125695390086082145613952295822884964230326604364078635848555104163926460092
   fine tail v_2(a_n), n=399..419 : [14, 16, 16, 21, 19, 21, 21, 24, 20, 22, 22, 29, 24, 26, 26, 31, 14, 16, 16, 21]

############ PART 4: v_2(b_n - xi* a_n) and slope increments ############
--- level-12 Domb, xi*=(1/6)zeta_2(5)    v_2(xi*) = -4
     n | v_2(b_n - xi* a_n) | v_2(a_n) | v_2(b_n/a_n - xi*) | v_2(b_n/a_n - b_{n-1}/a_{n-1})
   10  |  -1  |  3  |  -4  |  -3
   20  |  -1  |  3  |  -4  |  -1
   40  |  -1  |  3  |  -4  |  -2
   60  |  1  |  5  |  -4  |  3
   80  |  -1  |  3  |  -4  |  -1
   100  |  0  |  4  |  -4  |  3
   140  |  0  |  4  |  -4  |  1
   180  |  1  |  5  |  -4  |  2
   220  |  2  |  6  |  -4  |  0
   260  |  -1  |  3  |  -4  |  4
   300  |  1  |  5  |  -4  |  0
   340  |  1  |  5  |  -4  |  3
   380  |  3  |  7  |  -4  |  0
   419  |  4  |  8  |  -4  |  -1
--- level-12 h_12, xi*=(1/6)zeta_2(5)    v_2(xi*) = -4
     n | v_2(b_n - xi* a_n) | v_2(a_n) | v_2(b_n/a_n - xi*) | v_2(b_n/a_n - b_{n-1}/a_{n-1})
   10  |  -4  |  0  |  -4  |  -3
   20  |  -4  |  0  |  -4  |  -3
   40  |  -4  |  0  |  -4  |  -3
   60  |  -4  |  0  |  -4  |  -3
   80  |  -4  |  0  |  -4  |  -3
   100  |  -4  |  0  |  -4  |  -3
   140  |  -4  |  0  |  -4  |  -3
   180  |  -4  |  0  |  -4  |  -3
   220  |  -4  |  0  |  -4  |  -3
   260  |  -4  |  0  |  -4  |  -3
   300  |  -4  |  0  |  -4  |  -3
   340  |  -4  |  0  |  -4  |  -3
   380  |  -4  |  0  |  -4  |  -3
   419  |  1  |  5  |  -4  |  -3
--- level-16, xi*=(7/32)zeta_2(5)    v_2(xi*) = -8
     n | v_2(b_n - xi* a_n) | v_2(a_n) | v_2(b_n/a_n - xi*) | v_2(b_n/a_n - b_{n-1}/a_{n-1})
   10  |  3  |  6  |  -3  |  -1
   20  |  13  |  9  |  4  |  7
   40  |  33  |  8  |  25  |  24
   60  |  53  |  19  |  34  |  32
   80  |  73  |  8  |  65  |  58
   100  |  93  |  19  |  74  |  74
   140  |  133  |  12  |  121  |  115
   180  |  173  |  21  |  152  |  153
   220  |  213  |  25  |  188  |  187
   260  |  253  |  10  |  243  |  243
   300  |  293  |  16  |  277  |  274
   340  |  333  |  17  |  316  |  318
   380  |  373  |  30  |  343  |  341
   419  |  415  |  21  |  394  |  394

############ PART 5: hypothesis (c): t*j in Z_(2)[[t]] with unit constant term ############
[0;31m  ***   unexpected closing brace.[0m
... skipping file 'lattice/theoremF_hyp/zeta5_check1.gp'
--- level-12 Domb
   (t j)(t), first 8 coefficients: [1, 738, 196869, 22674942, 1132264938, 38871366564, 1081257030829, 26322486546246]
   constant term = 1   2-adic unit: 1
   # of first 60 coefficients not in Z: 0    min v_2 = 0
   => (c) as literally stated: HOLDS
[0;31m  *** subst: Warning: increasing stack size to 16000000.[0m
[0;31m  *** subst: Warning: increasing stack size to 32000000.[0m
--- level-12 h_12
   (t j)(t), first 8 coefficients: [1, 740, 196870, 22281204, 1042155777, 32303738880, 793611147520, 16846671039488]
   constant term = 1   2-adic unit: 1
   # of first 60 coefficients not in Z: 0    min v_2 = 0
   => (c) as literally stated: HOLDS
[0;31m  *** subst: Warning: increasing stack size to 16000000.[0m
[0;31m  *** subst: Warning: increasing stack size to 32000000.[0m
--- level-16     
   (t j)(t), first 8 coefficients: [1, 744, 196876, 21493744, 865874944, 20592906112, 354665532672, 4949855268352]
   constant term = 1   2-adic unit: 1
   # of first 60 coefficients not in Z: 0    min v_2 = 0
   => (c) as literally stated: HOLDS

DONE
