[0;31m  ***   Warning: new stack size = 12000000000 (11444.092 Mbytes).[0m
built in 177 ms;  digits(A_NN)=7421

=== characteristic roots ===
  char poly = (x^4 - 17152*x^3 - 6696206336*x^2 + 255108172480512*x - 47569271064100864)/x
  factor    = [x - 53248, 2; x, -1; x^2 + 89344*x - 16777216, 1]
[0;31m[0;31m  ***   at top-level: ...[0;35m);print(" roots = ",[0;35mpolroots(P));print(" 
[0;31m[0;31m  ***                                        ^---------------------
  *** polroots: incorrect type in roots (t_RFRAC).[0m
... skipping file 'b2_main.gp'

=== archimedean limit ===
  xi_N   = -0.000504554593441367088625425457970715161172154460579143450288368704004362680122570507266416835750126428306669989812772852439710743659153619740246844078379190734407631478040594448100439107355941249578918002435935403400420190151600308204798678894097295000426732287242724264127392980751269407610409569697639176767076246898138042267662867438152152654956298630808693482543631371003855312926842823337210059318903798759046674114829
  last increment = -5.03074200016638015164574053357672821828500050213248545763099831072912334957367156951121129119331 E-349  => ~348.298367954742864950941752630031707321348096475142975729299464594760893957593116349882275092691 digits

=== 2-adic limit ===
  Cauchy v_2(xi_N - xi_{N-1}) = 15000
  v_2(xi_2) = -4
  slope sigma_2 = 10.0000000000000000000000000000000000000000000000000000000000000000000000000000000000000000000000000000000000000000000000000000000000000000000000000000000000000000000000000000000000000000000000000000000000000000000000000000000000000000000000000000000000000000000000000000000000000000000000000000000000000000000000000000000000000000000000000000000000000000000000000000000000000000000000000000000000000000000000000000000000

=== tower Frobenius eigenvalues at good primes ===
  p=3
    a=1  s=0->1  ratio=3^-3 + 2*3^-2 + 2 + 3 + 2*3^2 + 2*3^3 + O(3^6)  v_p(ratio)=-3  ratio*p^3=1 + 2*3 + 2*3^3 + 3^4 + 2*3^5 + O(3^6)
    a=1  s=1->2  ratio=3^-4 + 2*3^-1 + 2 + 2*3 + 2*3^5 + O(3^6)  v_p(ratio)=-4  ratio*p^3=3^-1 + 2*3^2 + 2*3^3 + 2*3^4 + O(3^6)
    a=1  s=2->3  ratio=3^-3 + 3^-2 + 2*3^-1 + 2*3^2 + 3^3 + 3^5 + O(3^6)  v_p(ratio)=-3  ratio*p^3=1 + 3 + 2*3^2 + 2*3^5 + O(3^6)
    a=1  s=3->4  ratio=3^-4 + 2*3^-3 + 3^-1 + 1 + 3 + 3^3 + 2*3^5 + O(3^6)  v_p(ratio)=-4  ratio*p^3=3^-1 + 2 + 3^2 + 3^3 + 3^4 + O(3^6)
    a=1  s=4->5  ratio=3^-3 + 2*3^-2 + 3^-1 + 2 + 2*3 + 2*3^2 + 3^3 + 3^4 + O(3^6)  v_p(ratio)=-3  ratio*p^3=1 + 2*3 + 3^2 + 2*3^3 + 2*3^4 + 2*3^5 + O(3^6)
    a=1  s=5->6  ratio=3^-4 + 3^-3 + 3^-2 + 3^-1 + 1 + 2*3^2 + 2*3^3 + 2*3^4 + 3^5 + O(3^6)  v_p(ratio)=-4  ratio*p^3=3^-1 + 1 + 3 + 3^2 + 3^3 + 2*3^5 + O(3^6)
    a=2  s=0->1  ratio=2*3^-3 + 2*3^-2 + 3^-1 + 2 + 3 + 3^2 + 3^3 + 3^4 + O(3^6)  v_p(ratio)=-3  ratio*p^3=2 + 2*3 + 3^2 + 2*3^3 + 3^4 + 3^5 + O(3^6)
    a=2  s=1->2  ratio=2*3 + 3^4 + O(3^6)  v_p(ratio)=1  ratio*p^3=2*3^4 + O(3^6)
    a=2  s=2->3  ratio=2*3^-8 + 2*3^-7 + 3^-6 + 3^-5 + 2*3 + 2*3^3 + 3^4 + 3^5 + O(3^6)  v_p(ratio)=-8  ratio*p^3=2*3^-5 + 2*3^-4 + 3^-3 + 3^-2 + 2*3^4 + O(3^6)
    a=2  s=3->4  ratio=3^-2 + 3^-1 + 2 + 3 + 3^2 + 3^4 + 2*3^5 + O(3^6)  v_p(ratio)=-2  ratio*p^3=3 + 3^2 + 2*3^3 + 3^4 + 3^5 + O(3^6)
    a=2  s=4->5  ratio=3^-5 + 2*3^-4 + 2*3^-3 + 3^-1 + 1 + 3 + 3^2 + 2*3^4 + O(3^6)  v_p(ratio)=-5  ratio*p^3=3^-2 + 2*3^-1 + 2 + 3^2 + 3^3 + 3^4 + 3^5 + O(3^6)
    a=2  s=5->6  ratio=2*3^-2 + 3^-1 + 3 + 3^2 + 2*3^3 + O(3^6)  v_p(ratio)=-2  ratio*p^3=2*3 + 3^2 + 3^4 + 3^5 + O(3^6)
  p=5
    a=1  s=0->1  ratio=4*5^-4 + 3*5^-3 + 5^-2 + 3*5^-1 + 4 + 3*5 + 2*5^2 + 2*5^3 + 2*5^4 + 3*5^5 + O(5^6)  v_p(ratio)=-4  ratio*p^3=4*5^-1 + 3 + 5 + 3*5^2 + 4*5^3 + 3*5^4 + 2*5^5 + O(5^6)
    a=1  s=1->2  ratio=3*5^-3 + 2*5^-2 + 5^-1 + 2 + 3*5 + 3*5^2 + 5^3 + 4*5^5 + O(5^6)  v_p(ratio)=-3  ratio*p^3=3 + 2*5 + 5^2 + 2*5^3 + 3*5^4 + 3*5^5 + O(5^6)
    a=1  s=2->3  ratio=3*5^-3 + 4*5^-1 + 4 + 2*5 + 5^4 + 4*5^5 + O(5^6)  v_p(ratio)=-3  ratio*p^3=3 + 4*5^2 + 4*5^3 + 2*5^4 + O(5^6)
    a=1  s=3->4  ratio=3*5^-3 + 5^-2 + 5^-1 + 3 + 4*5 + 5^2 + 4*5^3 + 5^4 + 2*5^5 + O(5^6)  v_p(ratio)=-3  ratio*p^3=3 + 5 + 5^2 + 3*5^3 + 4*5^4 + 5^5 + O(5^6)
    a=2  s=0->1  ratio=3*5^-4 + 3*5^-3 + 3*5^-2 + 2*5^-1 + 1 + 3*5 + 3*5^2 + 4*5^3 + 5^4 + 5^5 + O(5^6)  v_p(ratio)=-4  ratio*p^3=3*5^-1 + 3 + 3*5 + 2*5^2 + 5^3 + 3*5^4 + 3*5^5 + O(5^6)
    a=2  s=1->2  ratio=3*5^-3 + 2*5^-2 + 3*5^-1 + 4*5^2 + 3*5^3 + 4*5^4 + 3*5^5 + O(5^6)  v_p(ratio)=-3  ratio*p^3=3 + 2*5 + 3*5^2 + 4*5^5 + O(5^6)
    a=2  s=2->3  ratio=3*5^-3 + 3*5^-1 + 2 + 5 + 2*5^2 + 2*5^3 + 5^4 + 2*5^5 + O(5^6)  v_p(ratio)=-3  ratio*p^3=3 + 3*5^2 + 2*5^3 + 5^4 + 2*5^5 + O(5^6)
    a=2  s=3->4  ratio=3*5^-3 + 5^-2 + 2*5^-1 + 4 + 3*5 + 4*5^2 + 2*5^3 + 4*5^4 + 2*5^5 + O(5^6)  v_p(ratio)=-3  ratio*p^3=3 + 5 + 2*5^2 + 4*5^3 + 3*5^4 + 4*5^5 + O(5^6)
  p=7
    a=1  s=0->1  ratio=5*7^-3 + 7^-2 + 2*7^-1 + 2 + 6*7^2 + 3*7^3 + 4*7^4 + 5*7^5 + O(7^6)  v_p(ratio)=-3  ratio*p^3=5 + 7 + 2*7^2 + 2*7^3 + 6*7^5 + O(7^6)
    a=1  s=1->2  ratio=2*7^-4 + 4*7^-2 + 4*7^-1 + 5 + 2*7^2 + 7^3 + 4*7^4 + 2*7^5 + O(7^6)  v_p(ratio)=-4  ratio*p^3=2*7^-1 + 4*7 + 4*7^2 + 5*7^3 + 2*7^5 + O(7^6)
    a=1  s=2->3  ratio=2*7^-4 + 2*7^-3 + 6*7^-2 + 3*7^-1 + 2 + 7 + 2*7^2 + 4*7^4 + 2*7^5 + O(7^6)  v_p(ratio)=-4  ratio*p^3=2*7^-1 + 2 + 6*7 + 3*7^2 + 2*7^3 + 7^4 + 2*7^5 + O(7^6)
    a=2  s=0->1  ratio=2*7^-3 + 3*7^-2 + 3*7^-1 + 6 + 2*7 + 3*7^2 + 2*7^3 + 3*7^4 + O(7^6)  v_p(ratio)=-3  ratio*p^3=2 + 3*7 + 3*7^2 + 6*7^3 + 2*7^4 + 3*7^5 + O(7^6)
    a=2  s=1->2  ratio=2*7^-4 + 3*7^-3 + 4*7^-2 + 5*7^-1 + 4 + 3*7 + 3*7^2 + 2*7^3 + 2*7^4 + 2*7^5 + O(7^6)  v_p(ratio)=-4  ratio*p^3=2*7^-1 + 3 + 4*7 + 5*7^2 + 4*7^3 + 3*7^4 + 3*7^5 + O(7^6)
    a=2  s=2->3  ratio=2*7^-4 + 2*7^-3 + 5*7^-2 + 6*7^-1 + 4 + 4*7 + 6*7^2 + 3*7^4 + 2*7^5 + O(7^6)  v_p(ratio)=-4  ratio*p^3=2*7^-1 + 2 + 5*7 + 6*7^2 + 4*7^3 + 4*7^4 + 6*7^5 + O(7^6)
