=== zeta(5) cross-row alignment, BZ n<=199, level-16 m<=399 ===
  archimedean:  B_m/A_m -> (217/1024) zeta(5);   P_n/Q_n -> zeta(5)
  2-adic slopes: level-16 sigma_2 ~ 1 (measured);  Brown-Zudilin sigma_2 = 0 (measured)

--- v_2( 217*A_m*P_n - 1024*Q_n*B_m ) on a grid of sampling ratios m = round(rho*n) ---
  rho=m/n=1/4  n=20,m=5:-13  n=40,m=10:-21  n=60,m=15:-11  n=90,m=23:-18  n=120,m=30:-16  n=199,m=50:-25
  rho=m/n=1/2  n=20,m=10:-16  n=40,m=20:-18  n=60,m=30:-11  n=90,m=45:-18  n=120,m=60:-13  n=199,m=100:-18
  rho=m/n=1  n=20,m=20:-13  n=40,m=40:-19  n=60,m=60:-8  n=90,m=90:-14  n=120,m=120:-12  n=199,m=199:-17
  rho=m/n=3/2  n=20,m=30:-6  n=40,m=60:-8  n=60,m=90:-9  n=90,m=135:-18  n=120,m=180:-11  n=199,m=299:-16
  rho=m/n=2  n=20,m=40:-14  n=40,m=80:-19  n=60,m=120:-7  n=90,m=180:-11  n=120,m=240:-12  n=199,m=398:-17
  rho=m/n=3  n=20,m=60:-3  n=40,m=120:-7  n=60,m=180:-6  n=90,m=270:-18  n=120,m=360:-12
  rho=m/n=4  n=20,m=80:-14  n=40,m=160:-19  n=60,m=240:-7  n=90,m=360:-12

--- control: the same test for the two ALIGNED zeta(3) rows would give ~min(sigma)*n.
--- scan of rational multipliers c in  v_2( c*A_m*P_n - Q_n*B_m ), m=n ---
  c=217/1024 n=20:-23 n=40:-29 n=60:-18 n=90:-24 n=120:-22
  c=1 n=20:-13 n=40:-19 n=60:-8 n=90:-14 n=120:-12
  c=1024/217 n=20:-3 n=40:-9 n=60:2 n=90:-4 n=120:-2
  c=7/32 n=20:-18 n=40:-24 n=60:-13 n=90:-19 n=120:-17
  c=32/7 n=20:-8 n=40:-14 n=60:-3 n=90:-9 n=120:-7
  c=217/512 n=20:-22 n=40:-28 n=60:-17 n=90:-23 n=120:-21
  c=1/2 n=20:-14 n=40:-20 n=60:-9 n=90:-15 n=120:-13
  c=2 n=20:-12 n=40:-18 n=60:-7 n=90:-13 n=120:-11
  c=7/8 n=20:-16 n=40:-22 n=60:-11 n=90:-17 n=120:-15
  c=1/1024 n=20:-23 n=40:-29 n=60:-18 n=90:-24 n=120:-22
  c=1024 n=20:-3 n=40:-9 n=60:2 n=90:-4 n=120:-2

--- for reference: v_2 of each factor separately (m=n) ---
  n=20  v2(A_n)=9  v2(B_n)=1  v2(Q_n)=0  v2(P_n)=-22
  n=40  v2(A_n)=8  v2(B_n)=0  v2(Q_n)=0  v2(P_n)=-27
  n=60  v2(A_n)=19  v2(B_n)=11  v2(Q_n)=0  v2(P_n)=-27
  n=90  v2(A_n)=18  v2(B_n)=10  v2(Q_n)=0  v2(P_n)=-32
  n=120  v2(A_n)=20  v2(B_n)=12  v2(Q_n)=0  v2(P_n)=-32

--- BZ 2-adic Cauchy test again, dense, n=100..140 : v_2(P_n/Q_n - P_{n-1}/Q_{n-1}) ---
 -22 -17 -20 -18 -25 -17 -20 -18 -23 -18 -21 -19 -28 -17 -20 -18 -23 -18 -21 -19 -26 -18 -21 -19 -24 -19 -22 -20 -37 -17 -20 -18 -23 -18 -21 -19 -26 -18 -21 -19 -24
--- BZ: v_2(Q_n) dense n=100..140 ---
 0 0 0 0 0 0 0 0 0 0 0 0 0 0 0 0 0 0 0 0 0 0 0 0 0 0 0 0 0 0 0 0 0 0 0 0 0 0 0 0 0
--- BZ: v_2(numerator of P_n) minus v_2(denominator) dense n=100..140 ---
 -32 -32 -32 -32 -32 -32 -32 -32 -32 -32 -32 -32 -32 -32 -32 -32 -32 -32 -32 -32 -32 -32 -32 -32 -32 -32 -32 -32 -37 -37 -37 -37 -37 -37 -37 -37 -37 -37 -37 -37 -37

DONE
