=== Brown-Zudilin zeta(5) row, N=900 ===
closed form (7) [sum binom(n+k1,n)binom(n,k1)^2 * (k2) * binom(n+k1+k2,n)] matches recurrence for n<=7: 1
Q_0..Q_5 = [1, 21, 2989, 714549, 217515501, 76157194521]
# n<=900 with Q_n not in Z          : 0
# n<=900 with d_n^5 P_n not in Z    : 900
# n<=900 with 12 d_n^5 P_n not in Z : 0
# n<=900 with d_2n^2 Phat_n not in Z: 899

--- exact 2-adic and 3-adic content of denom(P_n) vs 5*floor(log2 n) ---
  n=3 v2(denom P_n)=7  5*floor(log2 n)=5  v3(denom)=4
  n=4 v2(denom P_n)=12  5*floor(log2 n)=10  v3(denom)=3
  n=5 v2(denom P_n)=12  5*floor(log2 n)=10  v3(denom)=4
  n=6 v2(denom P_n)=12  5*floor(log2 n)=10  v3(denom)=6
  n=7 v2(denom P_n)=12  5*floor(log2 n)=10  v3(denom)=4
  n=8 v2(denom P_n)=17  5*floor(log2 n)=15  v3(denom)=6
  n=9 v2(denom P_n)=17  5*floor(log2 n)=15  v3(denom)=9
  n=10 v2(denom P_n)=17  5*floor(log2 n)=15  v3(denom)=8
  n=11 v2(denom P_n)=17  5*floor(log2 n)=15  v3(denom)=9
  n=12 v2(denom P_n)=17  5*floor(log2 n)=15  v3(denom)=8
  n=13 v2(denom P_n)=17  5*floor(log2 n)=15  v3(denom)=7
  n=14 v2(denom P_n)=17  5*floor(log2 n)=15  v3(denom)=8
  n=15 v2(denom P_n)=17  5*floor(log2 n)=15  v3(denom)=9
  n=16 v2(denom P_n)=22  5*floor(log2 n)=20  v3(denom)=6
  n=17 v2(denom P_n)=22  5*floor(log2 n)=20  v3(denom)=9
  n=18 v2(denom P_n)=22  5*floor(log2 n)=20  v3(denom)=11
  n=19 v2(denom P_n)=22  5*floor(log2 n)=20  v3(denom)=10
  n=20 v2(denom P_n)=22  5*floor(log2 n)=20  v3(denom)=11

--- KAPPA test: is v_2(Q_n) or v_2(P_n) linear in n?  (kappa_p rate) ---
  n=10  v2(Q_n)=0  v3(Q_n)=2  v5(Q_n)=0  v7(Q_n)=1  v2(P_n)=-17  v2(Ph_n)=-11
  n=50  v2(Q_n)=0  v3(Q_n)=3  v5(Q_n)=0  v7(Q_n)=2  v2(P_n)=-27  v2(Ph_n)=-17
  n=100  v2(Q_n)=0  v3(Q_n)=2  v5(Q_n)=0  v7(Q_n)=4  v2(P_n)=-32  v2(Ph_n)=-20
  n=200  v2(Q_n)=0  v3(Q_n)=3  v5(Q_n)=0  v7(Q_n)=2  v2(P_n)=-37  v2(Ph_n)=-23
  n=300  v2(Q_n)=0  v3(Q_n)=2  v5(Q_n)=0  v7(Q_n)=0  v2(P_n)=-42  v2(Ph_n)=-26
  n=400  v2(Q_n)=0  v3(Q_n)=5  v5(Q_n)=0  v7(Q_n)=4  v2(P_n)=-42  v2(Ph_n)=-26
  n=500  v2(Q_n)=0  v3(Q_n)=2  v5(Q_n)=0  v7(Q_n)=2  v2(P_n)=-42  v2(Ph_n)=-26
  n=899  v2(Q_n)=0  v3(Q_n)=1  v5(Q_n)=0  v7(Q_n)=4  v2(P_n)=-47  v2(Ph_n)=-29

--- archimedean (BZ predict: log|Q|/n -> 6.38364071, log|I'|/n -> -2.47237372, log|I|/n -> -5.29756135) ---
  n=10 log|Q|/n=5.5306635301123944393437902276064591252134234212837430682196292649638951933904078190326345875856680226511606947495163437155003539781003775216560776179727529779086079288278401423180386832244404241075519823543641557917193748642783410378210991780821474352712747698434281930802645847282436035912416413648367404086650078004485175472015107569743743548022070819095077747586464094498306440823787803128212820744735659191781013017560492298613929125759334392385281871130958439074290971059721076957792714745285960 log|Qz5-P|/n=-3.0881515335800507344194392648942900194236613472575047074742021930201325152964382439070215496258583979300860028815841450626719395686666364692551634146709469139115688669393655562811045696008157373186629781977858550413128575850384307744013696533784882059174732725581435819930942596485616316848231116726939943827273619146531381949091862604226851877142946868009677353166709218179601405749571076487905531427271260330195847009147053071662014620880600104944805348388507610374427001535296833 log|Qz3-Ph|/n=-3.2072362818829574467086575434569867167787116537677136511360287721243916408914364443097464050044525497726960241413215914658839744650690868689088911801808555745354066036797042376199599318139073429226069034626360509326977264945962722976798395704633808605451693159248614313791814203834727693136064272872107787703414311312875378474635717363147884246436067897767484554798354294241986998771672426445672726416405634505626796405219897672410585686134238601748790672193473059576936882764288530 log|I|/n=-5.7334784016771577883374678438540664883634989298058180953697524757214690942746528633905959088690317252720564861133782225652351040617402606312221462350511514531868720761734159696769146660870102158450837154364537066753526067516873076256316183774055010117002058758425727099164681356689324454926813458501433705697610246939923126714147288139939370485819726698444318086712162694148816858587620899498264071781171803126568002573285324508568553402552008439536237232820956342655802770691484930
  n=50 log|Q|/n=6.1336197530223092192322266658470787654655880405624096378333335113438236039507267636255111203928513490642908527980836484942801273172298323991191708199963619708985549542383215554539764455012240504160793339254114100050322688935758295182856823265654435952101668405955587946781065321787323619468054996828840725426891858604114824891766501891882195899429446526634646766056617101235210255262886303401858746228321880886639639215193409933895799745135548803169446136855615991119382330809304727339203478811840405 log|Qz5-P|/n=-2.674159563253735172229878038025032390000195203822806377358695875759658182504972394101022590279957399592866318142713607833411208616262160307595637320628855301291933889286443512080543093103076235247703479225518901451913222191241481998897268048415907028588464985429065424609917452489421128626640854357238204012010214469564817268197 log|Qz3-Ph|/n=-2.697976512914348985367710227340704224373137185182963851184546909120908763213981630775811726711759525129039319711730605390593961167628820860960681122038164771649958818013687643869277454607710861794095213542874059241940287040139337815443742927859054643191473015915323763665854196271450248025064974509310832304390465066006057587123 log|I|/n=-5.46254402327727775910063870051518400550784134319083671645311674860022066877367541451802185538635224355181754577719167117087532939318103387838748408235503319378662822066070233149662728318988878773129168996944959837286293968782706663899086574580761762137785972932615272502
  n=100 log|Q|/n=6.2413669870134766811039069295599493654808943486939812539450864773668551248364350435974844694744772862038753542212019990493559603594575040068040105790342690834427176146123116717775192099213761027795316733037183924798399629336223509039754555189874128178452919508693580431854828863697374690776087173567747854253883301809407411390174992818571120419374776052320207468756204259806240536285052778105768985289860303787945859619811958307525765244620546608627887558432970854648069087260700889789097154257409294 log|Qz5-P|/n=-2.59047870060976319453317377735887869501193026715517726991298911941344000058361243673100345574432563301700729755687678934034947695058838 log|Qz3-Ph|/n=-2.60238717544007010110208987201671461219840125783525600682591463750650781304912286865793976360169810628316779351079117046782327845233102 log|I|/n=-5.295194663634597064

--- SLOPE TEST: v_p( P_n/Q_n - P_{n-1}/Q_{n-1} ) ---
  p=2: -12 -17 -22 -27 -27 -32 -29 -24
  p=3: -6 -16 -11 -13 -16 -20 -15 -17
  p=5: -5 -10 -10 -13 -10 -12 -15 -10
  p=7: -5 -7 -8 -7 -5 -13 -11 -12
--- same for Phat/Q (the zeta(3) direction) ---
  p=2: -6 -7 -10 -13 -11 -16 -13 -6
  p=3: -1 -9 -2 -5 -5 -9 -5 -4
  p=5: -3 -6 -7 -7 -6 -7 -10 -2
  p=7: -3 -3 -5 -3 -2 -7 -5 -7

--- v_p( 2x2 minor  Q_n P_{n-1} - Q_{n-1} P_n ) ---
  p=2: -12 -17 -22 -27 -27 -32 -29 -24
  p=3: -3 -7 -8 -6 -13 -11 -10 -13
  p=5: -5 -10 -10 -13 -10 -12 -15 -10
  p=7: -2 -4 -1 -4 -5 -6 -6 -3

--- v_p( 3x3 Casoratian det[Q,Ph,P] at (n,n-1,n-2) ); predicted product-of-roots -1/4 => v_2 ~ 2n ---
  p=2: -10 -11 -17 -23 -18 -29 -20 -11
  p=3: -10 -4 -11 -2 -4 -9 -4 -3
  p=5: -6 -12 -13 -13 -12 -13 -19 -2
  p=7: 0 -8 0 -1 -2 -2 0 -1

--- fine v_2 increments of P_n/Q_n, n=N-30..N-1 ---
 -28 -26 -33 -25 -28 -26 -31 -26 -29 -27 -36 -25 -28 -26 -31 -26 -29 -27 -34 -26 -29 -27 -32 -27 -30 -28 -43 -23 -26 -24
--- fine v_2(Q_n), n=N-30..N-1 ---
 0 0 0 0 0 0 0 0 0 0 0 0 0 0 0 0 0 0 0 0 0 0 0 0 0 0 0 0 0 0

--- 2-adic tower n=a*2^e : v_2(P_n/Q_n - P_m/Q_m) between consecutive tower members ---
  a=1:  (1->2):-7  (2->4):-12  (4->8):-17  (8->16):-22  (16->32):-27  (32->64):-32  (64->128):-37  (128->256):-42  (256->512):-47
  a=3:  (3->6):-12  (6->12):-17  (12->24):-22  (24->48):-27  (48->96):-32  (96->192):-37  (192->384):-42  (384->768):-47
  a=5:  (5->10):-17  (10->20):-22  (20->40):-27  (40->80):-32  (80->160):-37  (160->320):-42  (320->640):-47
  a=7:  (7->14):-17  (14->28):-22  (28->56):-27  (56->112):-32  (112->224):-37  (224->448):-42  (448->896):-47

--- 2-adic Newton polygon of char poly 4L^3-2368L^2-188L+1 ---
  v2 of coeffs (const..lead): [0, 2, 6, 2]
  factorisation over Q_2 (2-adic, prec 20): Mat([(2^2 + O(2^20))*x^3 + (2^6 + 2^7 + 2^9 + 2^10 + 2^12 + 2^13 + 2^14 + 2^15 + 2^16 + 2^17 + 2^18 + 2^19 + O(2^20))*x^2 + (2^2 + 2^6 + 2^8 + 2^9 + 2^10 + 2^11 + 2^12 + 2^13 + 2^14 + 2^15 + 2^16 + 2^17 + 2^18 + 2^19 + O(2^20))*x + (1 + O(2^20)), 1])
  factorisation over Q_3: Mat([(1 + O(3^10))*x^3 + (2 + 2*3^3 + 3^4 + 2*3^6 + 2*3^7 + 2*3^8 + 2*3^9 + O(3^10))*x^2 + (1 + 2*3 + 3^3 + 2*3^4 + 2*3^5 + 2*3^6 + 2*3^7 + 2*3^8 + 2*3^9 + O(3^10))*x + (1 + 2*3 + 2*3^3 + 2*3^5 + 2*3^7 + 2*3^9 + O(3^10)), 1])

DONE
