=== level-16 zeta(5) source on several host coordinates, M=140 ===

#### plain Gamma_0(16) Hauptmodul  x
  t = 24*q^6 + 14*q^5 + 8*q^4 + 4*q^3 + 2*q^2 + q
  A_0..A_6 = [1, -56, 568, -3552, 20336, -121856, 731648]
  # A_n not in Z: 0 (lcm 1)   # d_n^5 B_n not in Z: 0
  B_n/A_n at n=139 = -1.88459840187975023558736043579521977610618538480899217003530620997116383382353310711190037637165333905179297715096603592115145228170112112448206264800202148432651311841669522120055742307226420270321946461609687447886016436790735868692721299812947852272633512517110575260077732181223541227408316000150375308168390924131285562752056270047994427400723425793550516183881664599722667498778490400489894471551155612427904695477933869236914085514973489240476767439170401910960355330982243982763010823076944200758875862476779831391964025489683043750295180209412620050363952336230957679930619250120718717454206
  lindep([B/A, zeta(5), 1]) = [477208545367, 2299838920164, -1485420346715]~   => B/A ~ -2299838920164/477208545367 * zeta(5) + 1485420346715/477208545367
  log|A_n|/n = 1.44904946556513375657076370275486012577117952061107750265205869132493854142227793541944023568041881169021700848608931105275380492239982279375088484810152326314967897395908572646934299182966273876049197731933865180592733170091023961639504189133204230696173393782095260852849952234928854051765528018871743235056955837812471533588315653936475548099639104811882242212501321209970982639148273607596997714234228161283470369695498783492372819998365844517978645143544728443745756274260219415977615235266089802455893922279916627259096517294411460773137161620124122991864277499386398859865210227813779658920208
  v_p(A_n):
    p=2: 7 13 13 13 14 13
    p=3: 0 0 0 2 0 1
    p=5: 0 0 0 0 0 0
  SLOPE v_p(B_n/A_n - B_{n-1}/A_{n-1}):
    p=2: -2 8 34 58 78 122
    p=3: -8 -7 -15 -16 -21 -21
    p=5: -5 -10 -10 -10 -10 -15

#### Fricke quotient  t = x/(8x^2+2x+1)  [the canonical row]
  t = 192*q^6 + 30*q^5 - 16*q^4 - 8*q^3 + q
  A_0..A_6 = [1, -52, 268, -1920, 9536, -60928, 274688]
  # A_n not in Z: 0 (lcm 1)   # d_n^5 B_n not in Z: 0
  B_n/A_n at n=139 = 0.219739573111436791029205381407395611224171974622037120247450916154118110086079891367156870763320958161432991617624612937823272244681719659045357045555875498194360667887048206977744411022486248633498438389405473127275262666940846713579226798464677730904083784828572668357144145141799579673957131630308013084257488922161985706184812901928772055866539901639400605052846510719633379310463671873935942090304479837863075302062783728996395193425596160441971673668991903260576273447885521617835745830915289704568797062913721666089205391511576014629946747322806104936084826875451845687325115382391243625808771
  lindep([B/A, zeta(5), 1]) = [-1024, 217, 0]~   => B/A ~ 217/1024 * zeta(5) + 0
  log|A_n|/n = 1.98748973047964714749482980028285181466726616926747937999871290821412290434435502755061662575356649464318216079796408353628737745489064222550057966733592628266468277924068042312663604509758081503494176871928194738851062640042280614192108880415038834015164191790874233658875432234095791381446904825767493680129345117060383357801948778408587393329664282528931660165137817689205423699285196681433090731118037785958412289494661736610306569606727241447090802609131664039144791777602053207618484211665024807560862723045077339619635647503842177159542835438721985795273272983622836940823346312076501312833218
  v_p(A_n):
    p=2: 6 12 12 18 19 20
    p=3: 0 0 0 1 0 1
    p=5: 0 0 0 1 0 1
  SLOPE v_p(B_n/A_n - B_{n-1}/A_{n-1}):
    p=2: -1 13 33 53 74 115
    p=3: -9 -10 -14 -14 -21 -21
    p=5: -4 -10 -10 -11 -11 -16

#### Fricke invariant  w = x/(1+8x^2)
  t = 24*q^6 - 114*q^5 - 40*q^4 - 4*q^3 + 2*q^2 + q
  A_0..A_6 = [1, -56, 592, -5344, 43696, -346112, 2651776]
  # A_n not in Z: 0 (lcm 1)   # d_n^5 B_n not in Z: 0
  B_n/A_n at n=139 = -1.36950373319148276799988556884639026692569143481504377640315325840604724833734845284707578571283140245038998545440919458324002298086025181409221128161944095695330168751015558567626282167118701063064090678727344508732587611365517177769999368408075041796898703133196952128488866969535745249472855423258264861116098139298935154432360511919191084261280762483881255007469813663518096006661187160357973602182964570985453736648771522121282227244023872918372098742228522057200739172983814897885046871516702966738948824298761874944159732087275601033466699879597863063424197632841143382572827555410869622371125
  lindep([B/A, zeta(5), 1]) = [-8444717876727, -18024520551068, 7125052974628]~   => B/A ~ -18024520551068/8444717876727 * zeta(5) + 7125052974628/8444717876727
  log|A_n|/n = 1.85089791733833773536826229785125489217527309272241248069135430649343827563343688327118781315276322433317072689941895626651195157497497844452660345286989576411661832854927604977716334855895597642455689604745387876865375489879697733154030267370778667087241336256454299922356277725959726220175563862328753570396787456860118081410777553434655740001739803609893988019282262169748300390220623816363948272377173715421634007612023745627785066988537438477721560324789256087721430146016358106987020234565041855283890387903647735050925170847263141822164305068874904071005632932211747017482888711417973652871531
  v_p(A_n):
    p=2: 9 13 14 13 14 13
    p=3: 0 0 0 0 0 0
    p=5: 0 0 0 0 0 0
  SLOPE v_p(B_n/A_n - B_{n-1}/A_{n-1}):
    p=2: 0 8 34 60 78 124
    p=3: -9 -10 -15 -15 -18 -20
    p=5: -5 -10 -10 -10 -10 -14

#### Catalan-notes  u = x(1+3x)/(1+4x)
  t = 12*q^6 + 14*q^5 + 4*q^4 + 4*q^3 + q^2 + q
  A_0..A_6 = [1, -54, 394, -940, 66, -2868, 45732]
  # A_n not in Z: 0 (lcm 1)   # d_n^5 B_n not in Z: 0
  B_n/A_n at n=139 = -0.187682840287800894080537519381826342888580882643265265897498960523801568546131959957950698159108126922168109265970039123913360910084548388786309324508252637160935846833498446908010759013506643646228733371024036171531687729837972349789055942753720196356991700925049553326436763073914715450822836191385648231249622036742077958947859111718099776768922573876597203004405941673290273474120629430096349208808010105849425037600502621887203727909172108624044730899920862584105363622160207940507122733557524340293006302251852282836255941824056375418157459987845696851202541215634347673632485466933524760053610
  lindep([B/A, zeta(5), 1]) = [14060799048908, 3639442813631, -1134868564496]~   => B/A ~ -3639442813631/14060799048908 * zeta(5) + 283717141124/3515199762227
  log|A_n|/n = 1.40570353849427429727577690366930840773081647917752836962905686834984944642902917767221984032322185603684855954644767243441909083682905595791252171298227653341299789526974023868980802607594495746024696708289989982610250231781304002224634074014771160323277818957396208340480353967752366403885170814312704629058959398773407143222537845784548851521812943806522140891392193326104055003822327134647887051979911622093324254227190018568888727799809241402836545266227405248742281906300796160901651694372371654104928688294849565602008413542840258523071658446523960574250049343662281367461212998646195878230536
  v_p(A_n):
    p=2: 2 3 3 4 3 4
    p=3: 0 2 0 0 2 0
    p=5: 0 0 0 3 0 0
  SLOPE v_p(B_n/A_n - B_{n-1}/A_{n-1}):
    p=2: -5 -4 -5 0 -4 0
    p=3: -12 -12 -16 -14 -22 -20
    p=5: -5 -10 -9 -12 -10 -15

#### Catalan-notes  s = x(1+2x)/(1+4x)^2
  t = -176*q^6 + 78*q^5 - 32*q^4 + 12*q^3 - 4*q^2 + q
  A_0..A_6 = [1, -44, -320, -1792, -5904, 20416, 625920]
  # A_n not in Z: 0 (lcm 1)   # d_n^5 B_n not in Z: 0
  B_n/A_n at n=139 = 0.229244207115932132559039796279309522884214277755159245812631426473852455492481655594620626328600848228701519946956952762004733588204481301698212137378666503379349777739528854511764309965682030984929443816285740257391661288052342396745960809078103414445399818232631888279352059637954964316864146295457466902645512669028584013758912479047130888465471693695606988467607923011831954364494152521297475390334895837621083758833774610145435734256581274578684317617410858804106934083135366249728539748376183085158886498810508239293599116685683992865922923645584627495199660806329994630147375252966748718496688
  lindep([B/A, zeta(5), 1]) = [10900510266830, -8118059048313, 5918961911810]~   => B/A ~ 8118059048313/10900510266830 * zeta(5) + -591896191181/1090051026683
  log|A_n|/n = 2.08116378138596312397202700122694783558499319849949620010274499599912058249701073358118858139282180253284121722215144477626885060099677683869828801196188878902388920410724117280435542045640371002926888116561206702545143866354257712592644250693195861711073777164070873975689837439783691826841248594919732987555229453810629834829489279858155468586513317906934988845719785513885421666789358394685718554518004030569527290126140313339158972127243273777751491869469230019343985829436337763290484471920181305274584288130423749475260751002901139346157978831918447399382358158973813310831020544858936794980620
  v_p(A_n):
    p=2: 9 12 21 15 14 15
    p=3: 0 0 0 1 1 2
    p=5: 1 0 0 0 0 0
  SLOPE v_p(B_n/A_n - B_{n-1}/A_{n-1}):
    p=2: -1 10 29 57 79 121
    p=3: -14 -10 -15 -16 -21 -22
    p=5: -6 -10 -9 -15 -10 -15

#### shifted  x/(1+4x)
  t = -24*q^6 + 14*q^5 - 8*q^4 + 4*q^3 - 2*q^2 + q
  A_0..A_6 = [1, -48, -56, 416, 5616, 31872, 109824]
  # A_n not in Z: 0 (lcm 1)   # d_n^5 B_n not in Z: 0
  B_n/A_n at n=139 = 0.219739573111436792325275714685107714955415410459637844794790658328730884597580286417644792128059282897263714328384226535030582883455922111887180653309030506066647682722130560960238526673033850551701941432243638127850889295864435912289786669188554919453813588567779128162236450469772755871914678991095071116086466315140344241291097003463847376413188044942578360125584857918431609455449445457428051693808098686954574848200164264079647988685967201314403115512103055546618751956130137135306339433832304095974029817241839274347802649279841829113450090526427487278586532288260722862233048966640458145162705
  lindep([B/A, zeta(5), 1]) = [440802109604, -4789619683171, 4869627918670]~   => B/A ~ 4789619683171/440802109604 * zeta(5) + -2434813959335/220401054802
  log|A_n|/n = 1.39186806371918019804345624389721220116367528376390201174550382249935342779223015949200268049643641216886997004453659745995036761686427154865482132417709828989299930652449635509364787365161086160704551747043893477306294408501068220435335454465411050730473145677111819192855113384145386640295487984621366629531712474905862859174708935925174472591480582970156363969198539501603787282315063716746946612636570023890845148362904075391433442239726477684564016234726513405237620917455412338625504100329224762710287169963487424084246617956570499967389958719047962928071916777680900033535403318006582642805412
  v_p(A_n):
    p=2: 7 17 13 13 14 13
    p=3: 0 1 0 0 1 0
    p=5: 0 0 0 0 0 0
  SLOPE v_p(B_n/A_n - B_{n-1}/A_{n-1}):
    p=2: -4 4 41 58 78 122
    p=3: -11 -11 -14 -12 -21 -20
    p=5: -5 -10 -10 -10 -10 -16

DONE
