=== level 18: degree-1 eta-quotient Hauptmoduls found: 9
  r=[-2, 1, 1, -1, -1, 2] cusp orders=[-1, 0, 0, 0, 0, 1]
  r=[-2, 4, 4, -8, -2, 4] cusp orders=[0, 1, 0, -1, 0, 1]
  r=[-1, 2, 3, -7, 0, 3] cusp orders=[0, 0, 0, -1, 1, 1]
  r=[0, 0, 1, -1, -3, 3] cusp orders=[0, 0, 0, 0, -1, 1]
  r=[1, -2, 0, 0, -1, 2] cusp orders=[0, -1, 0, 0, 0, 1]
  r=[1, 1, -6, 2, 1, 1] cusp orders=[0, 1, -1, 0, 0, 1]
  chosen Hauptmodul q-expansion: 32*q^7 + 20*q^6 + 12*q^5 + 7*q^4 + 4*q^3 + 2*q^2 + q

#### plain Gamma_0(18) Hauptmodul u
  A_0..A_7 = [1, -83, 1296, -11043, 67881, -336546, 1429611, -5460267]
  # A_n not in Z: 0  lcm denom 1
  log|A_n|/n at n=119: 1.3206268846744521629362522947363295395823162630372624698684513659015368222971854669801940800870094643561706912101029810449980962301750761322703022738440020129972580655627833925691253451954981276423303983897007996490139576920579741306716862935496712009120906114060189766807955052690348492865117607395695131471104547764143554152089882891612102215989991434738204458476364533758622017084860825410478912524809063393072093346314161822133726538076700289979609694271817556899957015917547067157107777996856445
  v_p(A_n):
    p=2: 0 0 4 0 0 1
    p=3: 1 3 4 4 2 6
    p=5: 0 0 0 0 0 1
    p=7: 0 0 0 0 0 0
  SLOPE v_p(B_n/A_n - B_{n-1}/A_{n-1}):
    p=2: -15 -20 -29 -34 -30 -31
    p=3: 1 5 17 28 43 49
    p=5: -5 -10 -9 -10 -9 -10
    p=7: -5 -4 -10 -9 -10 -10
  B_n/A_n at n=119: 0.74243907750591560318912926771439621206990182612425301406570504847775211637469218447604359761087704577153603695677975687736680136257531132786581933017628465532568298985260381697989913254193769650909745287868563178099988118876723523186548536024864677986404864365078742402507173120600195277037759252599402904665842563393151187663091778392105296702917045101796816539666150888229683235689367246914336072702377581642755333935048883344728956481119809219097921780806497779179959587234928023098661857302318144
  (121/729) zeta(5) = 0.17211009378922875320452019734060512254445376030141488374331593144905381942954740690228424676737055377494384268512119299613020078913288404919348202652662009641729282302911914131741352785453452320395733613194962808602861226027408035793146126759301392283758835978005559936158584970504905402283022428267641009490206912087875208890801696846695895739003351976385069165067962888140824605836219670535501829864289310186209265790733045790512815626166787635715181581927128150915224370935314910068838239697082100

#### Fricke-type quotient u/(1+a u)^2 with a=1
  A_0..A_7 = [1, -79, 813, -2943, 6021, -5985, 9619, -49207]
  # A_n not in Z: 0  lcm denom 1
  log|A_n|/n at n=119: 1.3635125690503998349893381180634033583117831948745580710006240282636084647611599066290450637866545193155341566156281808932267603569134228299740548263595026560099397283231729675955854828828487289449876201140074192447796505150871456786312338612608974749716659158528012219185785025871808979744455906966764029499051824998629454184785588068528051352836373718709971026616415193860684473903364998835380519700590065115109445390361549299105238815409246858636361212824676446361028387323926628464969408333681960
  v_p(A_n):
    p=2: 0 0 0 0 0 0
    p=3: 0 0 3 1 1 1
    p=5: 0 0 0 0 0 0
    p=7: 0 0 0 0 0 0
  SLOPE v_p(B_n/A_n - B_{n-1}/A_{n-1}):
    p=2: -13 -19 -24 -29 -29 -29
    p=3: 1 0 -2 -4 -1 0
    p=5: -4 -10 -10 -10 -10 -10
    p=7: -5 -5 -10 -11 -10 -11
  B_n/A_n at n=119: 0.15701319771084913118222651236074311468338741049381415313067608255113789661540630693344226995862737488547786512372922470771806427304604344756630377746667400748799545194343637859967623288160901994938920495580152939305649210287609490925396030838949109295783513702284666652457865334426771395465615177014393281166371907206401281752571375711336773840442791492954583520112292688065588497002350712204783152582854518717297041653706123128861384780177418637190858311001466872212122499093610338430645099466985702
  (121/729) zeta(5) = 0.17211009378922875320452019734060512254445376030141488374331593144905381942954740690228424676737055377494384268512119299613020078913288404919348202652662009641729282302911914131741352785453452320395733613194962808602861226027408035793146126759301392283758835978005559936158584970504905402283022428267641009490206912087875208890801696846695895739003351976385069165067962888140824605836219670535501829864289310186209265790733045790512815626166787635715181581927128150915224370935314910068838239697082100

#### quotient u/(1+3u+ ... ) heuristic: u/(1+u)^2 scaled
  A_0..A_7 = [1, -87, 1809, -23791, 246801, -2206953, 17804543, -133168215]
  # A_n not in Z: 0  lcm denom 1
  log|A_n|/n at n=119: 1.7794555477935142136802929770747523571620810796794293901110305265433701324010029815390647817876153166467953371371628743958763323557684479601085621700429181213588684388135277789599953204705560733649449812369805643827123194769690398001031116603477723975008619357330499362937437257599273797255528293933062808762223405806248904637245974088763377354129491503156527594399538620581850703263712364149527362299503965217660981026633289255918719210117468938413011249518637301653248964664027969934619998833848162
  v_p(A_n):
    p=2: 0 0 0 0 0 0
    p=3: 1 1 6 2 5 2
    p=5: 0 0 0 0 0 0
    p=7: 0 0 0 0 0 0
  SLOPE v_p(B_n/A_n - B_{n-1}/A_{n-1}):
    p=2: -13 -19 -24 -29 -29 -29
    p=3: -1 0 -4 -2 -5 0
    p=5: -5 -10 -10 -10 -10 -9
    p=7: -5 -5 -10 -10 -10 -10
  B_n/A_n at n=119: -5.7609357452453401130481027856085074120297933094603627268780073793800152150330242612408958642233384869961665036845403076445634069062406583073801941771378573248225539888198073160785672551521202893598272799065103802282443602748867119662067793965129877875266714457253838382638770278412347745595828790407291099692114771779923609680573968814303144287859952109790473185074944542232581022276993359644962567779102602951562679910244454747425973557475708518069356563023720190795246503034136674574514326681823151
  (121/729) zeta(5) = 0.17211009378922875320452019734060512254445376030141488374331593144905381942954740690228424676737055377494384268512119299613020078913288404919348202652662009641729282302911914131741352785453452320395733613194962808602861226027408035793146126759301392283758835978005559936158584970504905402283022428267641009490206912087875208890801696846695895739003351976385069165067962888140824605836219670535501829864289310186209265790733045790512815626166787635715181581927128150915224370935314910068838239697082100

DONE
