=== validation of the 2-adic zeta code (exact rational identities) ===
  n=2  L_2(1-n,1)=1/12   -(1-2^(n-1))B_n/n=1/12   equal: 1
  n=4  L_2(1-n,1)=-7/120   -(1-2^(n-1))B_n/n=-7/120   equal: 1
  n=6  L_2(1-n,1)=31/252   -(1-2^(n-1))B_n/n=31/252   equal: 1
  n=8  L_2(1-n,1)=-127/240   -(1-2^(n-1))B_n/n=-127/240   equal: 1
  n=10  L_2(1-n,1)=511/132   -(1-2^(n-1))B_n/n=511/132   equal: 1
  n=12  L_2(1-n,1)=-1414477/32760   -(1-2^(n-1))B_n/n=-1414477/32760   equal: 1
all interpolation checks exact: 1

zeta_2(5) = L_2(5,1),  K=260:
  v_2 = -3
  = 2^-3 + 1 + 2 + 2^2 + 2^3 + 2^4 + 2^6 + 2^7 + 2^8 + 2^9 + 2^12 + 2^14 + 2^16 + 2^18 + 2^22 + 2^23 + 2^24 + 2^27 + 2^34 + 2^37 + 2^39 + O(2^40)
predicted xi_2 = (7/32) zeta_2(5)  : v_2 = -8   = 2^-8 + 2^-7 + 2^-6 + 2^-5 + 2^-2 + 2^-1 + 2^3 + 2^4 + 2^6 + 2^9 + 2^11 + 2^13 + 2^16 + 2^17 + 2^21 + 2^25 + 2^29 + 2^30 + 2^31 + 2^32 + 2^33 + 2^35 + 2^37 + 2^38 + O(2^40)
alt (undepleted) (217/1024) zeta_2(5): v_2 = -13 = 2^-13 + 2^-9 + 2^-5 + 2 + 2^2 + 2^8 + 2^12 + 2^17 + 2^20 + 2^24 + 2^25 + 2^31 + 2^35 + 2^36 + 2^38 + O(2^40)

rows loaded, N = 400
  n=399  v_2(B_n/A_n - (7/32)zeta_2(5)) = 372     v_2(B_n/A_n) = -8     v_2(B_n/A_n - (217/1024)zeta_2(5)) = -13
  n=398  v_2(B_n/A_n - (7/32)zeta_2(5)) = 371     v_2(B_n/A_n) = -8     v_2(B_n/A_n - (217/1024)zeta_2(5)) = -13
  n=389  v_2(B_n/A_n - (7/32)zeta_2(5)) = 364     v_2(B_n/A_n) = -8     v_2(B_n/A_n - (217/1024)zeta_2(5)) = -13
  n=349  v_2(B_n/A_n - (7/32)zeta_2(5)) = 317     v_2(B_n/A_n) = -8     v_2(B_n/A_n - (217/1024)zeta_2(5)) = -13
  n=299  v_2(B_n/A_n - (7/32)zeta_2(5)) = 274     v_2(B_n/A_n) = -8     v_2(B_n/A_n - (217/1024)zeta_2(5)) = -13
  n=199  v_2(B_n/A_n - (7/32)zeta_2(5)) = 178     v_2(B_n/A_n) = -8     v_2(B_n/A_n - (217/1024)zeta_2(5)) = -13

--- scan: v_2( B_N/A_N - c*zeta_2(5) ) over candidate rationals c ---
  c=7/32   v_2(diff) = 372
  c=217/1024   v_2(diff) = -13
  c=7/16   v_2(diff) = -8
  c=7/64   v_2(diff) = -9
  c=1/2   v_2(diff) = -8
  c=1   v_2(diff) = -8
  c=7/8   v_2(diff) = -8
  c=-7/32   v_2(diff) = -7
  c=217/1024   v_2(diff) = -13
  c=217/512   v_2(diff) = -12

ratio (B_N/A_N)/zeta_2(5) = 2^-5 + 2^-4 + 2^-3 + O(2^60)
bestappr of that ratio, viewed 2-adically: v_2(ratio - 7/32) = 375

DONE
