=== zeta(5) weight-6 trivial-character source census, N <= 200 ===
purification: P(0)=P(2)=P(4)=P(6)=0 and P(5) != 0.
slope at p (Euler-factor criterion): sum_a c_{p^a m} = 0 for every prime-to-p class m.

N=12  genus X_0(N)=0  p=2  dim(purified)=2  dim(purified & slope)=1  divisors=[1, 2, 3, 4, 6, 12]
    c_d = [1, -113, 567, 112, -1863, 1296]    P(5) = -31/96    L(Phi,5) = 31/192 * zeta(5)
N=16  genus X_0(N)=0  p=2  dim(purified)=1  dim(purified & slope)=1  divisors=[1, 2, 4, 8, 16]
    c_d = [1, -85, 1428, -5440, 4096]    P(5) = -217/512    L(Phi,5) = 217/1024 * zeta(5)
N=18  genus X_0(N)=0  p=3  dim(purified)=2  dim(purified & slope)=1  divisors=[1, 2, 3, 6, 9, 18]
    c_d = [1, -112, 566, -1184, -567, 1296]    P(5) = -242/729    L(Phi,5) = 121/729 * zeta(5)
N=20  genus X_0(N)=1  p=2  dim(purified)=2  dim(purified & slope)=1  divisors=[1, 2, 4, 5, 10, 20]
    c_d = [7, -535, 528, 20625, -90625, 70000]    P(5) = -279/80    L(Phi,5) = 279/160 * zeta(5)
N=24  genus X_0(N)=1  p=2  dim(purified)=4  dim(purified & slope)=3  divisors=[1, 2, 3, 4, 6, 8, 12, 24]
    c_d = [7, -903, 6561, -7296, -6561, 8192, 0, 0]    P(5) = -31/16    L(Phi,5) = 31/32 * zeta(5)
    c_d = [1, -113, 567, 112, -1863, 0, 1296, 0]    P(5) = -31/96    L(Phi,5) = 31/192 * zeta(5)
    c_d = [229, -25445, 123795, 25216, -344979, 0, 0, 221184]    P(5) = -11005/144    L(Phi,5) = 11005/288 * zeta(5)
N=24  genus X_0(N)=1  p=3  dim(purified)=4  dim(purified & slope)=1  divisors=[1, 2, 3, 4, 6, 8, 12, 24]
    c_d = [1, -84, -1, 1344, 84, -4096, -1344, 4096]    P(5) = -847/1944    L(Phi,5) = 847/3888 * zeta(5)
N=28  genus X_0(N)=2  p=2  dim(purified)=2  dim(purified & slope)=1  divisors=[1, 2, 4, 7, 14, 28]
    c_d = [3, -211, 208, 31213, -146461, 115248]    P(5) = -403/224    L(Phi,5) = 403/448 * zeta(5)
N=30  genus X_0(N)=3  p=2  dim(purified)=4  dim(purified & slope)=1  divisors=[1, 2, 3, 5, 6, 10, 15, 30]
    c_d = [1, -1, -1134, 8750, 1134, -8750, -50625, 50625]    P(5) = -217/240    L(Phi,5) = 217/480 * zeta(5)
N=30  genus X_0(N)=3  p=3  dim(purified)=4  dim(purified & slope)=1  divisors=[1, 2, 3, 5, 6, 10, 15, 30]
    c_d = [7, -528, -7, 20625, 528, -70000, -20625, 70000]    P(5) = -484/135    L(Phi,5) = 242/135 * zeta(5)
N=30  genus X_0(N)=3  p=5  dim(purified)=4  dim(purified & slope)=1  divisors=[1, 2, 3, 5, 6, 10, 15, 30]
    c_d = [1, -112, 567, -1, -1296, 112, -567, 1296]    P(5) = -3124/9375    L(Phi,5) = 1562/9375 * zeta(5)
N=32  genus X_0(N)=1  p=2  dim(purified)=2  dim(purified & slope)=2  divisors=[1, 2, 4, 8, 16, 32]
    c_d = [1, -85, 1428, -5440, 4096, 0]    P(5) = -217/512    L(Phi,5) = 217/1024 * zeta(5)
    c_d = [85, -7161, 115940, -371008, 0, 262144]    P(5) = -18879/512    L(Phi,5) = 18879/1024 * zeta(5)
N=36  genus X_0(N)=1  p=2  dim(purified)=5  dim(purified & slope)=3  divisors=[1, 2, 3, 4, 6, 9, 12, 18, 36]
    c_d = [1, -113, 567, 112, -1863, 0, 1296, 0, 0]    P(5) = -31/96    L(Phi,5) = 31/192 * zeta(5)
    c_d = [77, -8269, 37422, 8192, -37422, -177147, 0, 177147, 0]    P(5) = -217/8    L(Phi,5) = 217/16 * zeta(5)
    c_d = [791, -84415, 377865, 83624, -377865, -1417176, 0, 0, 1417176]    P(5) = -2263/8    L(Phi,5) = 2263/16 * zeta(5)
N=36  genus X_0(N)=1  p=3  dim(purified)=5  dim(purified & slope)=3  divisors=[1, 2, 3, 4, 6, 9, 12, 18, 36]
    c_d = [7, -896, 6554, -8192, 896, -6561, 8192, 0, 0]    P(5) = -484/243    L(Phi,5) = 242/243 * zeta(5)
    c_d = [1, -112, 566, 0, -1184, -567, 0, 1296, 0]    P(5) = -242/729    L(Phi,5) = 121/729 * zeta(5)
    c_d = [371, -45440, 305890, -331776, 45440, -306261, 0, 0, 331776]    P(5) = -9196/81    L(Phi,5) = 4598/81 * zeta(5)
N=40  genus X_0(N)=3  p=2  dim(purified)=4  dim(purified & slope)=3  divisors=[1, 2, 4, 5, 8, 10, 20, 40]
    c_d = [21, -1941, 59264, -78125, -57344, 78125, 0, 0]    P(5) = -31/4    L(Phi,5) = 31/8 * zeta(5)
    c_d = [7, -622, 15463, -15625, -14848, 0, 15625, 0]    P(5) = -713/256    L(Phi,5) = 713/512 * zeta(5)
    c_d = [313, -27573, 656292, -625000, -629032, 0, 0, 625000]    P(5) = -129983/1024    L(Phi,5) = 129983/2048 * zeta(5)
N=40  genus X_0(N)=3  p=5  dim(purified)=4  dim(purified & slope)=1  divisors=[1, 2, 4, 5, 8, 10, 20, 40]
    c_d = [1, -84, 1344, -1, -4096, 84, -1344, 4096]    P(5) = -5467/12500    L(Phi,5) = 5467/25000 * zeta(5)
N=42  genus X_0(N)=5  p=2  dim(purified)=4  dim(purified & slope)=1  divisors=[1, 2, 3, 6, 7, 14, 21, 42]
    c_d = [1, -1, -891, 891, 26411, -26411, -194481, 194481]    P(5) = -31/28    L(Phi,5) = 31/56 * zeta(5)
N=42  genus X_0(N)=5  p=3  dim(purified)=4  dim(purified & slope)=1  divisors=[1, 2, 3, 6, 7, 14, 21, 42]
    c_d = [3, -208, -3, 208, 31213, -115248, -31213, 115248]    P(5) = -3146/1701    L(Phi,5) = 1573/1701 * zeta(5)
N=42  genus X_0(N)=5  p=7  dim(purified)=4  dim(purified & slope)=1  divisors=[1, 2, 3, 6, 7, 14, 21, 42]
    c_d = [1, -112, 567, -1296, -1, 112, -567, 1296]    P(5) = -5602/16807    L(Phi,5) = 2801/16807 * zeta(5)
N=44  genus X_0(N)=4  p=2  dim(purified)=2  dim(purified & slope)=1  divisors=[1, 2, 4, 11, 22, 44]
    c_d = [39, -2615, 2576, 2357201, -11493185, 9135984]    P(5) = -9765/352    L(Phi,5) = 9765/704 * zeta(5)
N=45  genus X_0(N)=3  p=3  dim(purified)=2  dim(purified & slope)=1  divisors=[1, 3, 5, 9, 15, 45]
    c_d = [1, -1135, 8750, 1134, -59375, 50625]    P(5) = -3388/3645    L(Phi,5) = 1694/3645 * zeta(5)
N=48  genus X_0(N)=3  p=2  dim(purified)=6  dim(purified & slope)=5  divisors=[1, 2, 3, 4, 6, 8, 12, 16, 24, 48]
    c_d = [7, -903, 6561, -7296, -6561, 8192, 0, 0, 0, 0]    P(5) = -31/16    L(Phi,5) = 31/32 * zeta(5)
    c_d = [1, -113, 567, 112, -1863, 0, 1296, 0, 0, 0]    P(5) = -31/96    L(Phi,5) = 31/192 * zeta(5)
    c_d = [723, -87635, 557685, -437376, -557685, 0, 0, 524288, 0, 0]    P(5) = -3503/16    L(Phi,5) = 3503/32 * zeta(5)
    c_d = [229, -25445, 123795, 25216, -344979, 0, 0, 0, 221184, 0]    P(5) = -11005/144    L(Phi,5) = 11005/288 * zeta(5)
    c_d = [5219, -577507, 2788965, 572288, -7507557, 0, 0, 0, 0, 4718592]    P(5) = -759221/432    L(Phi,5) = 759221/864 * zeta(5)
N=48  genus X_0(N)=3  p=3  dim(purified)=6  dim(purified & slope)=2  divisors=[1, 2, 3, 4, 6, 8, 12, 16, 24, 48]
    c_d = [1, -84, -1, 1344, 84, -4096, -1344, 0, 4096, 0]    P(5) = -847/1944    L(Phi,5) = 847/3888 * zeta(5)
    c_d = [21, -1700, -21, 22848, 1700, 0, -22848, -262144, 0, 262144]    P(5) = -19481/1944    L(Phi,5) = 19481/3888 * zeta(5)
N=50  genus X_0(N)=3/2  p=5  dim(purified)=2  dim(purified & slope)=1  divisors=[1, 2, 5, 10, 25, 50]
    c_d = [7, -528, 20618, -69472, -20625, 70000]    P(5) = -56232/15625    L(Phi,5) = 28116/15625 * zeta(5)
N=52  genus X_0(N)=5  p=2  dim(purified)=2  dim(purified & slope)=1  divisors=[1, 2, 4, 13, 26, 52]
    c_d = [11, -731, 720, 1285245, -6311981, 5026736]    P(5) = -1705/208    L(Phi,5) = 1705/416 * zeta(5)
N=54  genus X_0(N)=4  p=2  dim(purified)=4  dim(purified & slope)=1  divisors=[1, 2, 3, 6, 9, 18, 27, 54]
    c_d = [1, -1, -819, 819, 66339, -66339, -531441, 531441]    P(5) = -403/324    L(Phi,5) = 403/648 * zeta(5)
N=54  genus X_0(N)=4  p=3  dim(purified)=4  dim(purified & slope)=3  divisors=[1, 2, 3, 6, 9, 18, 27, 54]
    c_d = [1, -112, 566, -1184, -567, 1296, 0, 0]    P(5) = -242/729    L(Phi,5) = 121/729 * zeta(5)
    c_d = [77, -8192, 37345, 8192, -214569, 0, 177147, 0]    P(5) = -6776/243    L(Phi,5) = 3388/243 * zeta(5)
    c_d = [2537, -281120, 1394470, -2553232, -1397007, 0, 0, 2834352]    P(5) = -209330/243    L(Phi,5) = 104665/243 * zeta(5)
N=56  genus X_0(N)=5  p=2  dim(purified)=4  dim(purified & slope)=3  divisors=[1, 2, 4, 7, 8, 14, 28, 56]
    c_d = [33, -2849, 51968, -117649, -49152, 117649, 0, 0]    P(5) = -217/16    L(Phi,5) = 217/32 * zeta(5)
    c_d = [45, -3836, 66255, -117649, -62464, 0, 117649, 0]    P(5) = -9765/512    L(Phi,5) = 9765/1024 * zeta(5)
    c_d = [193, -16401, 279636, -470596, -263428, 0, 0, 470596]    P(5) = -337869/4096    L(Phi,5) = 337869/8192 * zeta(5)
N=56  genus X_0(N)=5  p=7  dim(purified)=4  dim(purified & slope)=1  divisors=[1, 2, 4, 7, 8, 14, 28, 56]
    c_d = [1, -84, 1344, -1, -4096, 84, -1344, 4096]    P(5) = -8403/19208    L(Phi,5) = 8403/38416 * zeta(5)
N=60  genus X_0(N)=7  p=2  dim(purified)=8  dim(purified & slope)=5  divisors=[1, 2, 3, 4, 5, 6, 10, 12, 15, 20, 30, 60]
    c_d = [70, -8262, 45927, 8192, -78125, -45927, 78125, 0, 0, 0, 0, 0]    P(5) = -341/16    L(Phi,5) = 341/32 * zeta(5)
    c_d = [1, -113, 567, 112, 0, -1863, 0, 1296, 0, 0, 0, 0]    P(5) = -31/96    L(Phi,5) = 31/192 * zeta(5)
    c_d = [315, -36139, 190269, 35824, -250000, -190269, 0, 0, 0, 250000, 0, 0]    P(5) = -403/4    L(Phi,5) = 403/8 * zeta(5)
    c_d = [1105, -115793, 501228, 114688, 0, -501228, 0, 0, -6328125, 0, 6328125, 0]    P(5) = -19747/48    L(Phi,5) = 19747/96 * zeta(5)
    c_d = [1115, -116599, 502929, 115484, 0, -502929, 0, 0, -5062500, 0, 0, 5062500]    P(5) = -160363/384    L(Phi,5) = 160363/768 * zeta(5)
N=60  genus X_0(N)=7  p=3  dim(purified)=8  dim(purified & slope)=3  divisors=[1, 2, 3, 4, 5, 6, 10, 12, 15, 20, 30, 60]
    c_d = [21, -1920, -21, 57344, -78125, 1920, 0, -57344, 78125, 0, 0, 0]    P(5) = -1936/243    L(Phi,5) = 968/243 * zeta(5)
    c_d = [14, -1155, -14, 16896, 0, 1155, -78125, -16896, 0, 0, 78125, 0]    P(5) = -2057/324    L(Phi,5) = 2057/648 * zeta(5)
    c_d = [33, -2660, -33, 35112, 0, 2660, 0, -35112, 0, -625000, 0, 625000]    P(5) = -2299/144    L(Phi,5) = 2299/288 * zeta(5)
N=60  genus X_0(N)=7  p=5  dim(purified)=8  dim(purified & slope)=3  divisors=[1, 2, 3, 4, 5, 6, 10, 12, 15, 20, 30, 60]
    c_d = [7, -896, 6561, -8192, -7, 0, 896, 0, -6561, 8192, 0, 0]    P(5) = -6248/3125    L(Phi,5) = 3124/3125 * zeta(5)
    c_d = [1, -112, 567, 0, -1, -1296, 112, 0, -567, 0, 1296, 0]    P(5) = -3124/9375    L(Phi,5) = 1562/9375 * zeta(5)
    c_d = [175, -18304, 81081, 0, -175, 0, 18304, -663552, -81081, 0, 0, 663552]    P(5) = -206184/3125    L(Phi,5) = 103092/3125 * zeta(5)
N=63  genus X_0(N)=5  p=3  dim(purified)=2  dim(purified & slope)=1  divisors=[1, 3, 7, 9, 21, 63]
    c_d = [1, -892, 26411, 891, -220892, 194481]    P(5) = -1936/1701    L(Phi,5) = 968/1701 * zeta(5)
N=64  genus X_0(N)=3  p=2  dim(purified)=3  dim(purified & slope)=3  divisors=[1, 2, 4, 8, 16, 32, 64]
    c_d = [1, -85, 1428, -5440, 4096, 0, 0]    P(5) = -217/512    L(Phi,5) = 217/1024 * zeta(5)
    c_d = [85, -7161, 115940, -371008, 0, 262144, 0]    P(5) = -18879/512    L(Phi,5) = 18879/1024 * zeta(5)
    c_d = [5797, -487305, 7819812, -24115520, 0, 0, 16777216]    P(5) = -1295707/512    L(Phi,5) = 1295707/1024 * zeta(5)
N=66  genus X_0(N)=9  p=2  dim(purified)=4  dim(purified & slope)=1  divisors=[1, 2, 3, 6, 11, 22, 33, 66]
    c_d = [7, -7, -5508, 5508, 995588, -995588, -8301447, 8301447]    P(5) = -310/33    L(Phi,5) = 155/33 * zeta(5)
N=66  genus X_0(N)=9  p=3  dim(purified)=4  dim(purified & slope)=1  divisors=[1, 2, 3, 6, 11, 22, 33, 66]
    c_d = [39, -2576, -39, 2576, 2357201, -9135984, -2357201, 9135984]    P(5) = -770/27    L(Phi,5) = 385/27 * zeta(5)
N=66  genus X_0(N)=9  p=11  dim(purified)=4  dim(purified & slope)=1  divisors=[1, 2, 3, 6, 11, 22, 33, 66]
    c_d = [1, -112, 567, -1296, -1, 112, -567, 1296]    P(5) = -161050/483153    L(Phi,5) = 80525/483153 * zeta(5)
N=68  genus X_0(N)=7  p=2  dim(purified)=2  dim(purified & slope)=1  divisors=[1, 2, 4, 17, 34, 68]
    c_d = [19, -1251, 1232, 6431117, -31821501, 25390384]    P(5) = -1023/68    L(Phi,5) = 1023/136 * zeta(5)
N=70  genus X_0(N)=9  p=2  dim(purified)=4  dim(purified & slope)=1  divisors=[1, 2, 5, 7, 10, 14, 35, 70]
    c_d = [1, -1, -31875, 122451, 31875, -122451, -1500625, 1500625]    P(5) = -527/280    L(Phi,5) = 527/560 * zeta(5)
N=70  genus X_0(N)=9  p=5  dim(purified)=4  dim(purified & slope)=1  divisors=[1, 2, 5, 7, 10, 14, 35, 70]
    c_d = [3, -208, -3, 31213, 208, -115248, -31213, 115248]    P(5) = -40612/21875    L(Phi,5) = 20306/21875 * zeta(5)
N=70  genus X_0(N)=9  p=7  dim(purified)=4  dim(purified & slope)=1  divisors=[1, 2, 5, 7, 10, 14, 35, 70]
    c_d = [7, -528, 20625, -7, -70000, 528, -20625, 70000]    P(5) = -302508/84035    L(Phi,5) = 151254/84035 * zeta(5)
N=72  genus X_0(N)=5  p=2  dim(purified)=8  dim(purified & slope)=6  divisors=[1, 2, 3, 4, 6, 8, 9, 12, 18, 24, 36, 72]
    c_d = [7, -903, 6561, -7296, -6561, 8192, 0, 0, 0, 0, 0, 0]    P(5) = -31/16    L(Phi,5) = 31/32 * zeta(5)
    c_d = [1, -113, 567, 112, -1863, 0, 0, 1296, 0, 0, 0, 0]    P(5) = -31/96    L(Phi,5) = 31/192 * zeta(5)
    c_d = [77, -8269, 37422, 8192, -37422, 0, -177147, 0, 177147, 0, 0, 0]    P(5) = -217/8    L(Phi,5) = 217/16 * zeta(5)
    c_d = [229, -25445, 123795, 25216, -344979, 0, 0, 0, 0, 221184, 0, 0]    P(5) = -11005/144    L(Phi,5) = 11005/288 * zeta(5)
    c_d = [791, -84415, 377865, 83624, -377865, 0, -1417176, 0, 0, 0, 1417176, 0]    P(5) = -2263/8    L(Phi,5) = 2263/16 * zeta(5)
    c_d = [285391, -30409295, 135754137, 30123904, -135754137, 0, -483729408, 0, 0, 0, 0, 483729408]    P(5) = -1639559/16    L(Phi,5) = 1639559/32 * zeta(5)
N=72  genus X_0(N)=5  p=3  dim(purified)=8  dim(purified & slope)=5  divisors=[1, 2, 3, 4, 6, 8, 9, 12, 18, 24, 36, 72]
    c_d = [7, -896, 6554, -8192, 896, 0, -6561, 8192, 0, 0, 0, 0]    P(5) = -484/243    L(Phi,5) = 242/243 * zeta(5)
    c_d = [1, -112, 566, 0, -1184, 0, -567, 0, 1296, 0, 0, 0]    P(5) = -242/729    L(Phi,5) = 121/729 * zeta(5)
    c_d = [275, -29568, 137506, 0, 29568, -524288, -137781, 0, 0, 524288, 0, 0]    P(5) = -23716/243    L(Phi,5) = 11858/243 * zeta(5)
    c_d = [371, -45440, 305890, -331776, 45440, 0, -306261, 0, 0, 0, 331776, 0]    P(5) = -9196/81    L(Phi,5) = 4598/81 * zeta(5)
    c_d = [4213, -450688, 2077838, 0, 450688, -7077888, -2082051, 0, 0, 0, 0, 7077888]    P(5) = -3310076/2187    L(Phi,5) = 1655038/2187 * zeta(5)
N=75  genus X_0(N)=5  p=5  dim(purified)=2  dim(purified & slope)=1  divisors=[1, 3, 5, 15, 25, 75]
    c_d = [1, -1134, 8749, -49491, -8750, 50625]    P(5) = -43736/46875    L(Phi,5) = 21868/46875 * zeta(5)
N=76  genus X_0(N)=8  p=2  dim(purified)=2  dim(purified & slope)=1  divisors=[1, 2, 4, 19, 38, 76]
    c_d = [119, -7815, 7696, 62684401, -310815585, 248131184]    P(5) = -58497/608    L(Phi,5) = 58497/1216 * zeta(5)
N=78  genus X_0(N)=11  p=2  dim(purified)=4  dim(purified & slope)=1  divisors=[1, 2, 3, 6, 13, 26, 39, 78]
    c_d = [2, -2, -1539, 1539, 542659, -542659, -4626882, 4626882]    P(5) = -589/208    L(Phi,5) = 589/416 * zeta(5)
N=78  genus X_0(N)=11  p=3  dim(purified)=4  dim(purified & slope)=1  divisors=[1, 2, 3, 6, 13, 26, 39, 78]
    c_d = [11, -720, -11, 720, 1285245, -5026736, -1285245, 5026736]    P(5) = -26620/3159    L(Phi,5) = 13310/3159 * zeta(5)
N=78  genus X_0(N)=11  p=13  dim(purified)=4  dim(purified & slope)=1  divisors=[1, 2, 3, 6, 13, 26, 39, 78]
    c_d = [1, -112, 567, -1296, -1, 112, -567, 1296]    P(5) = -123764/371293    L(Phi,5) = 61882/371293 * zeta(5)
N=80  genus X_0(N)=7  p=2  dim(purified)=6  dim(purified & slope)=5  divisors=[1, 2, 4, 5, 8, 10, 16, 20, 40, 80]
    c_d = [21, -1941, 59264, -78125, -57344, 78125, 0, 0, 0, 0]    P(5) = -31/4    L(Phi,5) = 31/8 * zeta(5)
    c_d = [1, -85, 1428, 0, -5440, 0, 4096, 0, 0, 0]    P(5) = -217/512    L(Phi,5) = 217/1024 * zeta(5)
    c_d = [7, -622, 15463, -15625, -14848, 0, 0, 15625, 0, 0]    P(5) = -713/256    L(Phi,5) = 713/512 * zeta(5)
    c_d = [313, -27573, 656292, -625000, -629032, 0, 0, 0, 625000, 0]    P(5) = -129983/1024    L(Phi,5) = 129983/2048 * zeta(5)
    c_d = [32929, -2894709, 68182036, -64000000, -65320256, 0, 0, 0, 0, 64000000]    P(5) = -6871057/512    L(Phi,5) = 6871057/1024 * zeta(5)
N=80  genus X_0(N)=7  p=5  dim(purified)=6  dim(purified & slope)=2  divisors=[1, 2, 4, 5, 8, 10, 16, 20, 40, 80]
    c_d = [1, -84, 1344, -1, -4096, 84, 0, -1344, 4096, 0]    P(5) = -5467/12500    L(Phi,5) = 5467/25000 * zeta(5)
    c_d = [21, -1700, 22848, -21, 0, 1700, -262144, -22848, 0, 262144]    P(5) = -125741/12500    L(Phi,5) = 125741/25000 * zeta(5)
N=81  genus X_0(N)=4  p=3  dim(purified)=1  dim(purified & slope)=1  divisors=[1, 3, 9, 27, 81]
    c_d = [1, -820, 67158, -597780, 531441]    P(5) = -25168/19683    L(Phi,5) = 12584/19683 * zeta(5)
N=84  genus X_0(N)=11  p=2  dim(purified)=8  dim(purified & slope)=5  divisors=[1, 2, 3, 4, 6, 7, 12, 14, 21, 28, 42, 84]
    c_d = [1, -113, 567, 112, -1863, 0, 1296, 0, 0, 0, 0, 0]    P(5) = -31/96    L(Phi,5) = 31/192 * zeta(5)
    c_d = [75, -8267, 39366, 8192, -39366, -117649, 0, 117649, 0, 0, 0, 0]    P(5) = -403/16    L(Phi,5) = 403/32 * zeta(5)
    c_d = [787, -85771, 400221, 84984, -400221, -941192, 0, 0, 0, 941192, 0, 0]    P(5) = -17329/64    L(Phi,5) = 17329/128 * zeta(5)
    c_d = [874, -90986, 389367, 90112, -389367, 0, 0, 0, -9529569, 0, 9529569, 0]    P(5) = -5301/16    L(Phi,5) = 5301/32 * zeta(5)
    c_d = [1951, -202895, 866745, 200944, -866745, 0, 0, 0, -16941456, 0, 0, 16941456]    P(5) = -80135/108    L(Phi,5) = 80135/216 * zeta(5)
N=84  genus X_0(N)=11  p=3  dim(purified)=8  dim(purified & slope)=3  divisors=[1, 2, 3, 4, 6, 7, 12, 14, 21, 28, 42, 84]
    c_d = [33, -2816, -33, 49152, 2816, -117649, -49152, 0, 117649, 0, 0, 0]    P(5) = -3388/243    L(Phi,5) = 1694/243 * zeta(5)
    c_d = [12, -975, -12, 13312, 975, 0, -13312, -117649, 0, 0, 117649, 0]    P(5) = -11011/1944    L(Phi,5) = 11011/3888 * zeta(5)
    c_d = [13, -1044, -13, 13572, 1044, 0, -13572, 0, 0, -470596, 0, 470596]    P(5) = -11011/1728    L(Phi,5) = 11011/3456 * zeta(5)
N=84  genus X_0(N)=11  p=7  dim(purified)=8  dim(purified & slope)=3  divisors=[1, 2, 3, 4, 6, 7, 12, 14, 21, 28, 42, 84]
    c_d = [7, -896, 6561, -8192, 0, -7, 0, 896, -6561, 8192, 0, 0]    P(5) = -33612/16807    L(Phi,5) = 16806/16807 * zeta(5)
    c_d = [1, -112, 567, 0, -1296, -1, 0, 112, -567, 0, 1296, 0]    P(5) = -5602/16807    L(Phi,5) = 2801/16807 * zeta(5)
    c_d = [175, -18304, 81081, 0, 0, -175, -663552, 18304, -81081, 0, 0, 663552]    P(5) = -1109196/16807    L(Phi,5) = 554598/16807 * zeta(5)
N=88  genus X_0(N)=9  p=2  dim(purified)=4  dim(purified & slope)=3  divisors=[1, 2, 4, 8, 11, 22, 44, 88]
    c_d = [273, -22673, 341888, -319488, -1771561, 1771561, 0, 0]    P(5) = -1953/16    L(Phi,5) = 1953/32 * zeta(5)
    c_d = [351, -29030, 430599, -401920, -1771561, 0, 1771561, 0]    P(5) = -81375/512    L(Phi,5) = 81375/1024 * zeta(5)
    c_d = [2969, -245301, 3623844, -3381512, -14172488, 0, 0, 14172488]    P(5) = -2762627/2048    L(Phi,5) = 2762627/4096 * zeta(5)
N=88  genus X_0(N)=9  p=11  dim(purified)=4  dim(purified & slope)=1  divisors=[1, 2, 4, 8, 11, 22, 44, 88]
    c_d = [1, -84, 1344, -4096, -1, 84, -1344, 4096]    P(5) = -563675/1288408    L(Phi,5) = 563675/2576816 * zeta(5)
N=90  genus X_0(N)=11  p=2  dim(purified)=8  dim(purified & slope)=3  divisors=[1, 2, 3, 5, 6, 9, 10, 15, 18, 30, 45, 90]
    c_d = [7, -7, -8505, 78125, 8505, -177147, -78125, 0, 177147, 0, 0, 0]    P(5) = -93/16    L(Phi,5) = 93/32 * zeta(5)
    c_d = [1, -1, -1134, 8750, 1134, 0, -8750, -50625, 0, 50625, 0, 0]    P(5) = -217/240    L(Phi,5) = 217/480 * zeta(5)
    c_d = [56, -56, -61479, 442750, 61479, 0, -442750, 0, 0, 0, -22143375, 22143375]    P(5) = -21483/400    L(Phi,5) = 21483/800 * zeta(5)
N=90  genus X_0(N)=11  p=3  dim(purified)=8  dim(purified & slope)=5  divisors=[1, 2, 3, 5, 6, 9, 10, 15, 18, 30, 45, 90]
    c_d = [70, -8192, 45857, -78125, 8192, -45927, 0, 78125, 0, 0, 0, 0]    P(5) = -5324/243    L(Phi,5) = 2662/243 * zeta(5)
    c_d = [1, -112, 566, 0, -1184, -567, 0, 0, 1296, 0, 0, 0]    P(5) = -242/729    L(Phi,5) = 121/729 * zeta(5)
    c_d = [455, -48048, 216058, 0, 48048, -216513, -1250000, 0, 0, 1250000, 0, 0]    P(5) = -13552/81    L(Phi,5) = 6776/81 * zeta(5)
    c_d = [1355, -155648, 842908, -1265625, 155648, -844263, 0, 0, 0, 0, 1265625, 0]    P(5) = -320408/729    L(Phi,5) = 160204/729 * zeta(5)
    c_d = [2765, -291104, 1302334, 0, 291104, -1305099, -6750000, 0, 0, 0, 0, 6750000]    P(5) = -83006/81    L(Phi,5) = 41503/81 * zeta(5)
N=90  genus X_0(N)=11  p=5  dim(purified)=8  dim(purified & slope)=3  divisors=[1, 2, 3, 5, 6, 9, 10, 15, 18, 30, 45, 90]
    c_d = [1, -112, 567, -1, -1296, 0, 112, -567, 0, 1296, 0, 0]    P(5) = -3124/9375    L(Phi,5) = 1562/9375 * zeta(5)
    c_d = [77, -8192, 37422, -77, 0, -177147, 8192, -37422, 0, 0, 177147, 0]    P(5) = -87472/3125    L(Phi,5) = 43736/3125 * zeta(5)
    c_d = [175, -18088, 78489, -175, 0, 0, 18088, -78489, -1417176, 0, 0, 1417176]    P(5) = -212432/3125    L(Phi,5) = 106216/3125 * zeta(5)
N=92  genus X_0(N)=10  p=2  dim(purified)=2  dim(purified & slope)=1  divisors=[1, 2, 4, 23, 46, 92]
    c_d = [35, -2291, 2256, 39457581, -196168541, 156710960]    P(5) = -21483/736    L(Phi,5) = 21483/1472 * zeta(5)
N=96  genus X_0(N)=9  p=2  dim(purified)=8  dim(purified & slope)=7  divisors=[1, 2, 3, 4, 6, 8, 12, 16, 24, 32, 48, 96]
    c_d = [7, -903, 6561, -7296, -6561, 8192, 0, 0, 0, 0, 0, 0]    P(5) = -31/16    L(Phi,5) = 31/32 * zeta(5)
    c_d = [1, -113, 567, 112, -1863, 0, 1296, 0, 0, 0, 0, 0]    P(5) = -31/96    L(Phi,5) = 31/192 * zeta(5)
    c_d = [723, -87635, 557685, -437376, -557685, 0, 0, 524288, 0, 0, 0, 0]    P(5) = -3503/16    L(Phi,5) = 3503/32 * zeta(5)
    c_d = [229, -25445, 123795, 25216, -344979, 0, 0, 0, 221184, 0, 0, 0]    P(5) = -11005/144    L(Phi,5) = 11005/288 * zeta(5)
    c_d = [51459, -6151299, 38034117, -27454592, -38034117, 0, 0, 0, 0, 33554432, 0, 0]    P(5) = -255223/16    L(Phi,5) = 255223/32 * zeta(5)
    c_d = [5219, -577507, 2788965, 572288, -7507557, 0, 0, 0, 0, 0, 4718592, 0]    P(5) = -759221/432    L(Phi,5) = 759221/864 * zeta(5)
    c_d = [3055019, -337704235, 1627896285, 334649216, -4345805277, 0, 0, 0, 0, 0, 0, 2717908992]    P(5) = -49494941/48    L(Phi,5) = 49494941/96 * zeta(5)
N=96  genus X_0(N)=9  p=3  dim(purified)=8  dim(purified & slope)=3  divisors=[1, 2, 3, 4, 6, 8, 12, 16, 24, 32, 48, 96]
    c_d = [1, -84, -1, 1344, 84, -4096, -1344, 0, 4096, 0, 0, 0]    P(5) = -847/1944    L(Phi,5) = 847/3888 * zeta(5)
    c_d = [21, -1700, -21, 22848, 1700, 0, -22848, -262144, 0, 0, 262144, 0]    P(5) = -19481/1944    L(Phi,5) = 19481/3888 * zeta(5)
    c_d = [357, -28644, -357, 371008, 28644, 0, -371008, 0, 0, -16777216, 0, 16777216]    P(5) = -341341/1944    L(Phi,5) = 341341/3888 * zeta(5)
N=98  genus X_0(N)=7  p=7  dim(purified)=2  dim(purified & slope)=1  divisors=[1, 2, 7, 14, 49, 98]
    c_d = [3, -208, 31210, -115040, -31213, 115248]    P(5) = -218478/117649    L(Phi,5) = 109239/117649 * zeta(5)
N=99  genus X_0(N)=9  p=3  dim(purified)=2  dim(purified & slope)=1  divisors=[1, 3, 9, 11, 33, 99]
    c_d = [7, -5515, 5508, 995588, -9297035, 8301447]    P(5) = -7040/729    L(Phi,5) = 3520/729 * zeta(5)
N=100  genus X_0(N)=7  p=2  dim(purified)=5  dim(purified & slope)=3  divisors=[1, 2, 4, 5, 10, 20, 25, 50, 100]
    c_d = [7, -535, 528, 20625, -90625, 70000, 0, 0, 0]    P(5) = -279/80    L(Phi,5) = 279/160 * zeta(5)
    c_d = [1449, -107945, 106496, 3363750, -3363750, 0, -68359375, 68359375, 0]    P(5) = -7843/10    L(Phi,5) = 7843/20 * zeta(5)
    c_d = [2919, -217295, 214376, 6735625, -6735625, 0, -109375000, 0, 109375000]    P(5) = -126821/80    L(Phi,5) = 126821/160 * zeta(5)
N=100  genus X_0(N)=7  p=5  dim(purified)=5  dim(purified & slope)=3  divisors=[1, 2, 4, 5, 10, 20, 25, 50, 100]
    c_d = [21, -1920, 57344, -78146, 1920, -57344, 78125, 0, 0]    P(5) = -24992/3125    L(Phi,5) = 12496/3125 * zeta(5)
    c_d = [14, -1155, 16896, -14, -76970, -16896, 0, 78125, 0]    P(5) = -39831/6250    L(Phi,5) = 39831/12500 * zeta(5)
    c_d = [33, -2660, 35112, -33, 2660, -660112, 0, 0, 625000]    P(5) = -400653/25000    L(Phi,5) = 400653/50000 * zeta(5)
N=102  genus X_0(N)=15  p=2  dim(purified)=4  dim(purified & slope)=1  divisors=[1, 2, 3, 6, 17, 34, 51, 102]
    c_d = [7, -7, -5265, 5265, 5428865, -5428865, -47356407, 47356407]    P(5) = -1085/102    L(Phi,5) = 1085/204 * zeta(5)
N=102  genus X_0(N)=15  p=3  dim(purified)=4  dim(purified & slope)=1  divisors=[1, 2, 3, 6, 17, 34, 51, 102]
    c_d = [19, -1232, -19, 1232, 6431117, -25390384, -6431117, 25390384]    P(5) = -21296/1377    L(Phi,5) = 10648/1377 * zeta(5)
N=102  genus X_0(N)=15  p=17  dim(purified)=4  dim(purified & slope)=1  divisors=[1, 2, 3, 6, 17, 34, 51, 102]
    c_d = [1, -112, 567, -1296, -1, 112, -567, 1296]    P(5) = -1419856/4259571    L(Phi,5) = 709928/4259571 * zeta(5)
N=104  genus X_0(N)=11  p=2  dim(purified)=4  dim(purified & slope)=3  divisors=[1, 2, 4, 8, 13, 26, 52, 104]
    c_d = [561, -46257, 676480, -630784, -4826809, 4826809, 0, 0]    P(5) = -1023/4    L(Phi,5) = 1023/8 * zeta(5)
    c_d = [55, -4522, 65395, -60928, -371293, 0, 371293, 0]    P(5) = -6479/256    L(Phi,5) = 6479/512 * zeta(5)
    c_d = [6035, -495831, 7150668, -6660872, -38614472, 0, 0, 38614472]    P(5) = -2850729/1024    L(Phi,5) = 2850729/2048 * zeta(5)
N=104  genus X_0(N)=11  p=13  dim(purified)=4  dim(purified & slope)=1  divisors=[1, 2, 4, 8, 13, 26, 52, 104]
    c_d = [1, -84, 1344, -4096, -1, 84, -1344, 4096]    P(5) = -649761/1485172    L(Phi,5) = 649761/2970344 * zeta(5)
N=105  genus X_0(N)=13  p=3  dim(purified)=4  dim(purified & slope)=1  divisors=[1, 3, 5, 7, 15, 21, 35, 105]
    c_d = [1, -1, -31875, 122451, 31875, -122451, -1500625, 1500625]    P(5) = -16456/8505    L(Phi,5) = 8228/8505 * zeta(5)
N=105  genus X_0(N)=13  p=5  dim(purified)=4  dim(purified & slope)=1  divisors=[1, 3, 5, 7, 15, 21, 35, 105]
    c_d = [1, -891, -1, 26411, 891, -194481, -26411, 194481]    P(5) = -24992/21875    L(Phi,5) = 12496/21875 * zeta(5)
N=105  genus X_0(N)=13  p=7  dim(purified)=4  dim(purified & slope)=1  divisors=[1, 3, 5, 7, 15, 21, 35, 105]
    c_d = [1, -1134, 8750, -1, -50625, 1134, -8750, 50625]    P(5) = -11204/12005    L(Phi,5) = 5602/12005 * zeta(5)
N=108  genus X_0(N)=10  p=2  dim(purified)=8  dim(purified & slope)=5  divisors=[1, 2, 3, 4, 6, 9, 12, 18, 27, 36, 54, 108]
    c_d = [1, -113, 567, 112, -1863, 0, 1296, 0, 0, 0, 0, 0]    P(5) = -31/96    L(Phi,5) = 31/192 * zeta(5)
    c_d = [77, -8269, 37422, 8192, -37422, -177147, 0, 177147, 0, 0, 0, 0]    P(5) = -217/8    L(Phi,5) = 217/16 * zeta(5)
    c_d = [791, -84415, 377865, 83624, -377865, -1417176, 0, 0, 0, 1417176, 0, 0]    P(5) = -2263/8    L(Phi,5) = 2263/16 * zeta(5)
    c_d = [7250, -752722, 3206385, 745472, -3206385, 0, 0, 0, -129140163, 0, 129140163, 0]    P(5) = -22165/8    L(Phi,5) = 22165/16 * zeta(5)
    c_d = [145393, -15085889, 64194039, 14940496, -64194039, 0, 0, 0, -2066242608, 0, 0, 2066242608]    P(5) = -1781663/32    L(Phi,5) = 1781663/64 * zeta(5)
N=108  genus X_0(N)=10  p=3  dim(purified)=8  dim(purified & slope)=6  divisors=[1, 2, 3, 4, 6, 9, 12, 18, 27, 36, 54, 108]
    c_d = [7, -896, 6554, -8192, 896, -6561, 8192, 0, 0, 0, 0, 0]    P(5) = -484/243    L(Phi,5) = 242/243 * zeta(5)
    c_d = [1, -112, 566, 0, -1184, -567, 0, 1296, 0, 0, 0, 0]    P(5) = -242/729    L(Phi,5) = 121/729 * zeta(5)
    c_d = [77, -8192, 37345, 0, 8192, -214569, 0, 0, 177147, 0, 0, 0]    P(5) = -6776/243    L(Phi,5) = 3388/243 * zeta(5)
    c_d = [371, -45440, 305890, -331776, 45440, -306261, 0, 0, 0, 331776, 0, 0]    P(5) = -9196/81    L(Phi,5) = 4598/81 * zeta(5)
    c_d = [2537, -281120, 1394470, 0, -2553232, -1397007, 0, 0, 0, 0, 2834352, 0]    P(5) = -209330/243    L(Phi,5) = 104665/243 * zeta(5)
    c_d = [1668943, -203495296, 1358245322, -1451188224, 203495296, -1359914265, 0, 0, 0, 0, 0, 1451188224]    P(5) = -125104804/243    L(Phi,5) = 62552402/243 * zeta(5)
N=110  genus X_0(N)=15  p=2  dim(purified)=4  dim(purified & slope)=1  divisors=[1, 2, 5, 10, 11, 22, 55, 110]
    c_d = [2, -2, -39375, 39375, 922383, -922383, -18301250, 18301250]    P(5) = -837/176    L(Phi,5) = 837/352 * zeta(5)
N=110  genus X_0(N)=15  p=5  dim(purified)=4  dim(purified & slope)=1  divisors=[1, 2, 5, 10, 11, 22, 55, 110]
    c_d = [39, -2576, -39, 2576, 2357201, -9135984, -2357201, 9135984]    P(5) = -17892/625    L(Phi,5) = 8946/625 * zeta(5)
N=110  genus X_0(N)=15  p=11  dim(purified)=4  dim(purified & slope)=1  divisors=[1, 2, 5, 10, 11, 22, 55, 110]
    c_d = [7, -528, 20625, -70000, -7, 528, -20625, 70000]    P(5) = -579780/161051    L(Phi,5) = 289890/161051 * zeta(5)
N=112  genus X_0(N)=11  p=2  dim(purified)=6  dim(purified & slope)=5  divisors=[1, 2, 4, 7, 8, 14, 16, 28, 56, 112]
    c_d = [33, -2849, 51968, -117649, -49152, 117649, 0, 0, 0, 0]    P(5) = -217/16    L(Phi,5) = 217/32 * zeta(5)
    c_d = [1, -85, 1428, 0, -5440, 0, 4096, 0, 0, 0]    P(5) = -217/512    L(Phi,5) = 217/1024 * zeta(5)
    c_d = [45, -3836, 66255, -117649, -62464, 0, 0, 117649, 0, 0]    P(5) = -9765/512    L(Phi,5) = 9765/1024 * zeta(5)
    c_d = [193, -16401, 279636, -470596, -263428, 0, 0, 0, 470596, 0]    P(5) = -337869/4096    L(Phi,5) = 337869/8192 * zeta(5)
    c_d = [201025, -17069717, 290110100, -481890304, -273241408, 0, 0, 0, 0, 481890304]    P(5) = -44085069/512    L(Phi,5) = 44085069/1024 * zeta(5)
N=112  genus X_0(N)=11  p=7  dim(purified)=6  dim(purified & slope)=2  divisors=[1, 2, 4, 7, 8, 14, 16, 28, 56, 112]
    c_d = [1, -84, 1344, -1, -4096, 84, 0, -1344, 4096, 0]    P(5) = -8403/19208    L(Phi,5) = 8403/38416 * zeta(5)
    c_d = [21, -1700, 22848, -21, 0, 1700, -262144, -22848, 0, 262144]    P(5) = -193269/19208    L(Phi,5) = 193269/38416 * zeta(5)
N=114  genus X_0(N)=17  p=2  dim(purified)=4  dim(purified & slope)=1  divisors=[1, 2, 3, 6, 19, 38, 57, 114]
    c_d = [22, -22, -16443, 16443, 26455163, -26455163, -232232022, 232232022]    P(5) = -651/19    L(Phi,5) = 651/38 * zeta(5)
N=114  genus X_0(N)=17  p=3  dim(purified)=4  dim(purified & slope)=1  divisors=[1, 2, 3, 6, 19, 38, 57, 114]
    c_d = [119, -7696, -119, 7696, 62684401, -248131184, -62684401, 248131184]    P(5) = -152218/1539    L(Phi,5) = 76109/1539 * zeta(5)
N=114  genus X_0(N)=17  p=19  dim(purified)=4  dim(purified & slope)=1  divisors=[1, 2, 3, 6, 19, 38, 57, 114]
    c_d = [1, -112, 567, -1296, -1, 112, -567, 1296]    P(5) = -825366/2476099    L(Phi,5) = 412683/2476099 * zeta(5)
N=116  genus X_0(N)=13  p=2  dim(purified)=2  dim(purified & slope)=1  divisors=[1, 2, 4, 29, 58, 116]
    c_d = [279, -18215, 17936, 792862001, -3950164385, 3157302384]    P(5) = -111321/464    L(Phi,5) = 111321/928 * zeta(5)
N=117  genus X_0(N)=11  p=3  dim(purified)=2  dim(purified & slope)=1  divisors=[1, 3, 9, 13, 39, 117]
    c_d = [2, -1541, 1539, 542659, -5169541, 4626882]    P(5) = -9196/3159    L(Phi,5) = 4598/3159 * zeta(5)
N=120  genus X_0(N)=17  p=2  dim(purified)=12  dim(purified & slope)=9  divisors=[1, 2, 3, 4, 5, 6, 8, 10, 12, 15, 20, 24, 30, 40, 60, 120]
    c_d = [7, -903, 6561, -7296, 0, -6561, 8192, 0, 0, 0, 0, 0, 0, 0, 0, 0]    P(5) = -31/16    L(Phi,5) = 31/32 * zeta(5)
    c_d = [70, -8262, 45927, 8192, -78125, -45927, 0, 78125, 0, 0, 0, 0, 0, 0, 0, 0]    P(5) = -341/16    L(Phi,5) = 341/32 * zeta(5)
    c_d = [1, -113, 567, 112, 0, -1863, 0, 0, 1296, 0, 0, 0, 0, 0, 0, 0]    P(5) = -31/96    L(Phi,5) = 31/192 * zeta(5)
    c_d = [315, -36139, 190269, 35824, -250000, -190269, 0, 0, 0, 0, 250000, 0, 0, 0, 0, 0]    P(5) = -403/4    L(Phi,5) = 403/8 * zeta(5)
    c_d = [229, -25445, 123795, 25216, 0, -344979, 0, 0, 0, 0, 0, 221184, 0, 0, 0, 0]    P(5) = -11005/144    L(Phi,5) = 11005/288 * zeta(5)
    c_d = [1105, -115793, 501228, 114688, 0, -501228, 0, 0, 0, -6328125, 0, 0, 6328125, 0, 0, 0]    P(5) = -19747/48    L(Phi,5) = 19747/96 * zeta(5)
    c_d = [870915, -99236739, 515884869, 98365824, -640000000, -515884869, 0, 0, 0, 0, 0, 0, 0, 640000000, 0, 0]    P(5) = -4517227/16    L(Phi,5) = 4517227/32 * zeta(5)
    c_d = [1115, -116599, 502929, 115484, 0, -502929, 0, 0, 0, -5062500, 0, 0, 0, 0, 5062500, 0]    P(5) = -160363/384    L(Phi,5) = 160363/768 * zeta(5)
    c_d = [4005145, -418613657, 1804022847, 414608512, 0, -1804022847, 0, 0, 0, -17280000000, 0, 0, 0, 0, 0, 17280000000]    P(5) = -216350209/144    L(Phi,5) = 216350209/288 * zeta(5)
N=120  genus X_0(N)=17  p=3  dim(purified)=12  dim(purified & slope)=5  divisors=[1, 2, 3, 4, 5, 6, 8, 10, 12, 15, 20, 24, 30, 40, 60, 120]
    c_d = [21, -1920, -21, 57344, -78125, 1920, 0, 0, -57344, 78125, 0, 0, 0, 0, 0, 0]    P(5) = -1936/243    L(Phi,5) = 968/243 * zeta(5)
    c_d = [1, -84, -1, 1344, 0, 84, -4096, 0, -1344, 0, 0, 4096, 0, 0, 0, 0]    P(5) = -847/1944    L(Phi,5) = 847/3888 * zeta(5)
    c_d = [14, -1155, -14, 16896, 0, 1155, 0, -78125, -16896, 0, 0, 0, 78125, 0, 0, 0]    P(5) = -2057/324    L(Phi,5) = 2057/648 * zeta(5)
    c_d = [33, -2660, -33, 35112, 0, 2660, 0, 0, -35112, 0, -625000, 0, 0, 0, 625000, 0]    P(5) = -2299/144    L(Phi,5) = 2299/288 * zeta(5)
    c_d = [4389, -351780, -4389, 4536896, 0, 351780, 0, 0, -4536896, 0, 0, 0, 0, -320000000, 0, 320000000]    P(5) = -1404689/648    L(Phi,5) = 1404689/1296 * zeta(5)
N=120  genus X_0(N)=17  p=5  dim(purified)=12  dim(purified & slope)=5  divisors=[1, 2, 3, 4, 5, 6, 8, 10, 12, 15, 20, 24, 30, 40, 60, 120]
    c_d = [7, -896, 6561, -8192, -7, 0, 0, 896, 0, -6561, 8192, 0, 0, 0, 0, 0]    P(5) = -6248/3125    L(Phi,5) = 3124/3125 * zeta(5)
    c_d = [1, -112, 567, 0, -1, -1296, 0, 112, 0, -567, 0, 0, 1296, 0, 0, 0]    P(5) = -3124/9375    L(Phi,5) = 1562/9375 * zeta(5)
    c_d = [275, -29568, 137781, 0, -275, 0, -524288, 29568, 0, -137781, 0, 0, 0, 524288, 0, 0]    P(5) = -306152/3125    L(Phi,5) = 153076/3125 * zeta(5)
    c_d = [175, -18304, 81081, 0, -175, 0, 0, 18304, -663552, -81081, 0, 0, 0, 0, 663552, 0]    P(5) = -206184/3125    L(Phi,5) = 103092/3125 * zeta(5)
    c_d = [1001, -103040, 444015, 0, -1001, 0, 0, 103040, 0, -444015, 0, -14155776, 0, 0, 0, 14155776]    P(5) = -11065208/28125    L(Phi,5) = 5532604/28125 * zeta(5)
N=124  genus X_0(N)=14  p=2  dim(purified)=2  dim(purified & slope)=1  divisors=[1, 2, 4, 31, 62, 124]
    c_d = [319, -20815, 20496, 1183030401, -5896681585, 4713651184]    P(5) = -8845/32    L(Phi,5) = 8845/64 * zeta(5)
N=126  genus X_0(N)=17  p=2  dim(purified)=8  dim(purified & slope)=3  divisors=[1, 2, 3, 6, 7, 9, 14, 18, 21, 42, 63, 126]
    c_d = [2, -2, -1944, 1944, 117649, -177147, -117649, 177147, 0, 0, 0, 0]    P(5) = -31/16    L(Phi,5) = 31/32 * zeta(5)
    c_d = [1, -1, -891, 891, 26411, 0, -26411, 0, -194481, 194481, 0, 0]    P(5) = -31/28    L(Phi,5) = 31/56 * zeta(5)
    c_d = [275, -275, -241056, 241056, 6549928, 0, -6549928, 0, 0, 0, -425329947, 425329947]    P(5) = -35557/112    L(Phi,5) = 35557/224 * zeta(5)
N=126  genus X_0(N)=17  p=3  dim(purified)=8  dim(purified & slope)=5  divisors=[1, 2, 3, 6, 7, 9, 14, 18, 21, 42, 63, 126]
    c_d = [1, -112, 566, -1184, 0, -567, 0, 1296, 0, 0, 0, 0]    P(5) = -242/729    L(Phi,5) = 121/729 * zeta(5)
    c_d = [75, -8192, 39291, 8192, -117649, -39366, 0, 0, 117649, 0, 0, 0]    P(5) = -6292/243    L(Phi,5) = 3146/243 * zeta(5)
    c_d = [187, -19448, 85106, 19448, 0, -85293, -941192, 0, 0, 941192, 0, 0]    P(5) = -17303/243    L(Phi,5) = 17303/486 * zeta(5)
    c_d = [6949, -753664, 3571064, 753664, -9529569, -3578013, 0, 0, 0, 0, 9529569, 0]    P(5) = -65824/27    L(Phi,5) = 32912/27 * zeta(5)
    c_d = [33869, -3517280, 15354430, 3517280, 0, -15388299, -152473104, 0, 0, 0, 0, 152473104]    P(5) = -9441146/729    L(Phi,5) = 4720573/729 * zeta(5)
N=126  genus X_0(N)=17  p=7  dim(purified)=8  dim(purified & slope)=3  divisors=[1, 2, 3, 6, 7, 9, 14, 18, 21, 42, 63, 126]
    c_d = [1, -112, 567, -1296, -1, 0, 112, 0, -567, 1296, 0, 0]    P(5) = -5602/16807    L(Phi,5) = 2801/16807 * zeta(5)
    c_d = [77, -8192, 37422, 0, -77, -177147, 8192, 0, -37422, 0, 177147, 0]    P(5) = -67224/2401    L(Phi,5) = 33612/2401 * zeta(5)
    c_d = [175, -18088, 78489, 0, -175, 0, 18088, -1417176, -78489, 0, 0, 1417176]    P(5) = -1142808/16807    L(Phi,5) = 571404/16807 * zeta(5)
N=128  genus X_0(N)=9  p=2  dim(purified)=4  dim(purified & slope)=4  divisors=[1, 2, 4, 8, 16, 32, 64, 128]
    c_d = [1, -85, 1428, -5440, 4096, 0, 0, 0]    P(5) = -217/512    L(Phi,5) = 217/1024 * zeta(5)
    c_d = [85, -7161, 115940, -371008, 0, 262144, 0, 0]    P(5) = -18879/512    L(Phi,5) = 18879/1024 * zeta(5)
    c_d = [5797, -487305, 7819812, -24115520, 0, 0, 16777216, 0]    P(5) = -1295707/512    L(Phi,5) = 1295707/1024 * zeta(5)
    c_d = [376805, -31657417, 506890020, -1549351232, 0, 0, 0, 1073741824]    P(5) = -84358099/512    L(Phi,5) = 84358099/1024 * zeta(5)
N=130  genus X_0(N)=16  p=2  dim(purified)=4  dim(purified & slope)=1  divisors=[1, 2, 5, 10, 13, 26, 65, 130]
    c_d = [3, -3, -55000, 55000, 2513368, -2513368, -53551875, 53551875]    P(5) = -496/65    L(Phi,5) = 248/65 * zeta(5)
N=130  genus X_0(N)=16  p=5  dim(purified)=4  dim(purified & slope)=1  divisors=[1, 2, 5, 10, 13, 26, 65, 130]
    c_d = [11, -720, -11, 720, 1285245, -5026736, -1285245, 5026736]    P(5) = -68728/8125    L(Phi,5) = 34364/8125 * zeta(5)
N=130  genus X_0(N)=16  p=13  dim(purified)=4  dim(purified & slope)=1  divisors=[1, 2, 5, 10, 13, 26, 65, 130]
    c_d = [7, -528, 20625, -70000, -7, 528, -20625, 70000]    P(5) = -6683256/1856465    L(Phi,5) = 3341628/1856465 * zeta(5)
N=132  genus X_0(N)=19  p=2  dim(purified)=8  dim(purified & slope)=5  divisors=[1, 2, 3, 4, 6, 11, 12, 22, 33, 44, 66, 132]
    c_d = [1, -113, 567, 112, -1863, 0, 1296, 0, 0, 0, 0, 0]    P(5) = -31/96    L(Phi,5) = 31/192 * zeta(5)
    c_d = [546, -57890, 255879, 57344, -255879, -1771561, 0, 1771561, 0, 0, 0, 0]    P(5) = -1581/8    L(Phi,5) = 1581/16 * zeta(5)
    c_d = [11111, -1173335, 5150385, 1162224, -5150385, -28344976, 0, 0, 0, 28344976, 0, 0]    P(5) = -130045/32    L(Phi,5) = 130045/64 * zeta(5)
    c_d = [5425, -562481, 2390472, 557056, -2390472, 0, 0, 0, -143496441, 0, 143496441, 0]    P(5) = -12493/6    L(Phi,5) = 12493/12 * zeta(5)
    c_d = [4529, -469387, 1993437, 464858, -1993437, 0, 0, 0, -95664294, 0, 0, 95664294]    P(5) = -125333/72    L(Phi,5) = 125333/144 * zeta(5)
N=132  genus X_0(N)=19  p=3  dim(purified)=8  dim(purified & slope)=3  divisors=[1, 2, 3, 4, 6, 11, 12, 22, 33, 44, 66, 132]
    c_d = [273, -22400, -273, 319488, 22400, -1771561, -319488, 0, 1771561, 0, 0, 0]    P(5) = -3388/27    L(Phi,5) = 1694/27 * zeta(5)
    c_d = [78, -6279, -78, 82432, 6279, 0, -82432, -1771561, 0, 0, 1771561, 0]    P(5) = -24563/648    L(Phi,5) = 24563/1296 * zeta(5)
    c_d = [161, -12900, -161, 166152, 12900, 0, -166152, 0, 0, -14172488, 0, 14172488]    P(5) = -619157/7776    L(Phi,5) = 619157/15552 * zeta(5)
N=132  genus X_0(N)=19  p=11  dim(purified)=8  dim(purified & slope)=3  divisors=[1, 2, 3, 4, 6, 11, 12, 22, 33, 44, 66, 132]
    c_d = [7, -896, 6561, -8192, 0, -7, 0, 896, -6561, 8192, 0, 0]    P(5) = -322100/161051    L(Phi,5) = 161050/161051 * zeta(5)
    c_d = [1, -112, 567, 0, -1296, -1, 0, 112, -567, 0, 1296, 0]    P(5) = -161050/483153    L(Phi,5) = 80525/483153 * zeta(5)
    c_d = [175, -18304, 81081, 0, 0, -175, -663552, 18304, -81081, 0, 0, 663552]    P(5) = -966300/14641    L(Phi,5) = 483150/14641 * zeta(5)
N=135  genus X_0(N)=13  p=3  dim(purified)=4  dim(purified & slope)=3  divisors=[1, 3, 5, 9, 15, 27, 45, 135]
    c_d = [7, -8512, 78125, -168642, -78125, 177147, 0, 0]    P(5) = -484/81    L(Phi,5) = 242/81 * zeta(5)
    c_d = [1, -1135, 8750, 1134, -59375, 0, 50625, 0]    P(5) = -3388/3645    L(Phi,5) = 1694/3645 * zeta(5)
    c_d = [2467, -2789920, 21350000, 2787453, -132066875, 0, 0, 110716875]    P(5) = -311696/135    L(Phi,5) = 155848/135 * zeta(5)
N=135  genus X_0(N)=13  p=5  dim(purified)=4  dim(purified & slope)=1  divisors=[1, 3, 5, 9, 15, 27, 45, 135]
    c_d = [1, -819, -1, 66339, 819, -531441, -66339, 531441]    P(5) = -324896/253125    L(Phi,5) = 162448/253125 * zeta(5)
N=136  genus X_0(N)=15  p=2  dim(purified)=4  dim(purified & slope)=3  divisors=[1, 2, 4, 8, 17, 34, 68, 136]
    c_d = [1729, -141505, 2007552, -1867776, -24137569, 24137569, 0, 0]    P(5) = -806    L(Phi,5) = 403 * zeta(5)
    c_d = [2185, -178536, 2517215, -2340864, -24137569, 0, 24137569, 0]    P(5) = -65565/64    L(Phi,5) = 65565/128 * zeta(5)
    c_d = [4601, -375795, 5290236, -4919042, -48275138, 0, 0, 48275138]    P(5) = -2212315/1024    L(Phi,5) = 2212315/2048 * zeta(5)
N=136  genus X_0(N)=15  p=17  dim(purified)=4  dim(purified & slope)=1  divisors=[1, 2, 4, 8, 17, 34, 68, 136]
    c_d = [1, -84, 1344, -4096, -1, 84, -1344, 4096]    P(5) = -621187/1419857    L(Phi,5) = 621187/2839714 * zeta(5)
N=138  genus X_0(N)=21  p=2  dim(purified)=4  dim(purified & slope)=1  divisors=[1, 2, 3, 6, 23, 46, 69, 138]
    c_d = [13, -13, -9639, 9639, 33301079, -33301079, -294672573, 294672573]    P(5) = -5797/276    L(Phi,5) = 5797/552 * zeta(5)
N=138  genus X_0(N)=21  p=3  dim(purified)=4  dim(purified & slope)=1  divisors=[1, 2, 3, 6, 23, 46, 69, 138]
    c_d = [35, -2256, -35, 2256, 39457581, -156710960, -39457581, 156710960]    P(5) = -18634/621    L(Phi,5) = 9317/621 * zeta(5)
N=138  genus X_0(N)=21  p=23  dim(purified)=4  dim(purified & slope)=1  divisors=[1, 2, 3, 6, 23, 46, 69, 138]
    c_d = [1, -112, 567, -1296, -1, 112, -567, 1296]    P(5) = -6436342/19309029    L(Phi,5) = 3218171/19309029 * zeta(5)
N=140  genus X_0(N)=19  p=2  dim(purified)=8  dim(purified & slope)=5  divisors=[1, 2, 4, 5, 7, 10, 14, 20, 28, 35, 70, 140]
    c_d = [105, -8297, 8192, 468750, -823543, -468750, 823543, 0, 0, 0, 0, 0]    P(5) = -775/16    L(Phi,5) = 775/32 * zeta(5)
    c_d = [7, -535, 528, 20625, 0, -90625, 0, 70000, 0, 0, 0, 0]    P(5) = -279/80    L(Phi,5) = 279/160 * zeta(5)
    c_d = [1239, -96415, 95176, 4765625, -6588344, -4765625, 0, 0, 6588344, 0, 0, 0]    P(5) = -38099/64    L(Phi,5) = 38099/128 * zeta(5)
    c_d = [5698, -423490, 417792, 12973125, 0, -12973125, 0, 0, 0, -514714375, 514714375, 0]    P(5) = -249271/80    L(Phi,5) = 249271/160 * zeta(5)
    c_d = [114373, -8497365, 8382992, 259621875, 0, -259621875, 0, 0, 0, -8235430000, 0, 8235430000]    P(5) = -10025121/160    L(Phi,5) = 10025121/320 * zeta(5)
N=140  genus X_0(N)=19  p=5  dim(purified)=8  dim(purified & slope)=3  divisors=[1, 2, 4, 5, 7, 10, 14, 20, 28, 35, 70, 140]
    c_d = [33, -2816, 49152, -33, -117649, 2816, 0, -49152, 0, 117649, 0, 0]    P(5) = -43736/3125    L(Phi,5) = 21868/3125 * zeta(5)
    c_d = [12, -975, 13312, -12, 0, 975, -117649, -13312, 0, 0, 117649, 0]    P(5) = -71071/12500    L(Phi,5) = 71071/25000 * zeta(5)
    c_d = [13, -1044, 13572, -13, 0, 1044, 0, -13572, -470596, 0, 0, 470596]    P(5) = -639639/100000    L(Phi,5) = 639639/200000 * zeta(5)
N=140  genus X_0(N)=19  p=7  dim(purified)=8  dim(purified & slope)=3  divisors=[1, 2, 4, 5, 7, 10, 14, 20, 28, 35, 70, 140]
    c_d = [21, -1920, 57344, -78125, -21, 0, 1920, 0, -57344, 78125, 0, 0]    P(5) = -134448/16807    L(Phi,5) = 67224/16807 * zeta(5)
    c_d = [14, -1155, 16896, 0, -14, -78125, 1155, 0, -16896, 0, 78125, 0]    P(5) = -428553/67228    L(Phi,5) = 428553/134456 * zeta(5)
    c_d = [33, -2660, 35112, 0, -33, 0, 2660, -625000, -35112, 0, 0, 625000]    P(5) = -4310739/268912    L(Phi,5) = 4310739/537824 * zeta(5)
N=144  genus X_0(N)=13  p=2  dim(purified)=11  dim(purified & slope)=9  divisors=[1, 2, 3, 4, 6, 8, 9, 12, 16, 18, 24, 36, 48, 72, 144]
    c_d = [7, -903, 6561, -7296, -6561, 8192, 0, 0, 0, 0, 0, 0, 0, 0, 0]    P(5) = -31/16    L(Phi,5) = 31/32 * zeta(5)
    c_d = [1, -113, 567, 112, -1863, 0, 0, 1296, 0, 0, 0, 0, 0, 0, 0]    P(5) = -31/96    L(Phi,5) = 31/192 * zeta(5)
    c_d = [723, -87635, 557685, -437376, -557685, 0, 0, 0, 524288, 0, 0, 0, 0, 0, 0]    P(5) = -3503/16    L(Phi,5) = 3503/32 * zeta(5)
    c_d = [77, -8269, 37422, 8192, -37422, 0, -177147, 0, 0, 177147, 0, 0, 0, 0, 0]    P(5) = -217/8    L(Phi,5) = 217/16 * zeta(5)
    c_d = [229, -25445, 123795, 25216, -344979, 0, 0, 0, 0, 0, 221184, 0, 0, 0, 0]    P(5) = -11005/144    L(Phi,5) = 11005/288 * zeta(5)
    c_d = [791, -84415, 377865, 83624, -377865, 0, -1417176, 0, 0, 0, 0, 1417176, 0, 0, 0]    P(5) = -2263/8    L(Phi,5) = 2263/16 * zeta(5)
    c_d = [5219, -577507, 2788965, 572288, -7507557, 0, 0, 0, 0, 0, 0, 0, 4718592, 0, 0]    P(5) = -759221/432    L(Phi,5) = 759221/864 * zeta(5)
    c_d = [285391, -30409295, 135754137, 30123904, -135754137, 0, -483729408, 0, 0, 0, 0, 0, 0, 483729408, 0]    P(5) = -1639559/16    L(Phi,5) = 1639559/32 * zeta(5)
    c_d = [55539697, -5915623025, 26390996775, 5860083328, -26390996775, 0, -92876046336, 0, 0, 0, 0, 0, 0, 0, 92876046336]    P(5) = -319402021/16    L(Phi,5) = 319402021/32 * zeta(5)
N=144  genus X_0(N)=13  p=3  dim(purified)=11  dim(purified & slope)=7  divisors=[1, 2, 3, 4, 6, 8, 9, 12, 16, 18, 24, 36, 48, 72, 144]
    c_d = [7, -896, 6554, -8192, 896, 0, -6561, 8192, 0, 0, 0, 0, 0, 0, 0]    P(5) = -484/243    L(Phi,5) = 242/243 * zeta(5)
    c_d = [1, -112, 566, 0, -1184, 0, -567, 0, 0, 1296, 0, 0, 0, 0, 0]    P(5) = -242/729    L(Phi,5) = 121/729 * zeta(5)
    c_d = [275, -29568, 137506, 0, 29568, -524288, -137781, 0, 0, 0, 524288, 0, 0, 0, 0]    P(5) = -23716/243    L(Phi,5) = 11858/243 * zeta(5)
    c_d = [371, -45440, 305890, -331776, 45440, 0, -306261, 0, 0, 0, 0, 331776, 0, 0, 0]    P(5) = -9196/81    L(Phi,5) = 4598/81 * zeta(5)
    c_d = [5187, -537472, 2337090, 0, 537472, 0, -2342277, 0, -33554432, 0, 0, 0, 33554432, 0, 0]    P(5) = -484484/243    L(Phi,5) = 242242/243 * zeta(5)
    c_d = [4213, -450688, 2077838, 0, 450688, -7077888, -2082051, 0, 0, 0, 0, 0, 0, 7077888, 0]    P(5) = -3310076/2187    L(Phi,5) = 1655038/2187 * zeta(5)
    c_d = [234511, -24273280, 105353930, 0, 24273280, 0, -105588441, 0, -1358954496, 0, 0, 0, 0, 0, 1358954496]    P(5) = -2441780/27    L(Phi,5) = 1220890/27 * zeta(5)
N=147  genus X_0(N)=11  p=7  dim(purified)=2  dim(purified & slope)=1  divisors=[1, 3, 7, 21, 49, 147]
    c_d = [1, -891, 26410, -193590, -26411, 194481]    P(5) = -134448/117649    L(Phi,5) = 67224/117649 * zeta(5)
N=148  genus X_0(N)=17  p=2  dim(purified)=2  dim(purified & slope)=1  divisors=[1, 2, 4, 37, 74, 148]
    c_d = [91, -5931, 5840, 684068765, -3412847181, 2728778416]    P(5) = -47523/592    L(Phi,5) = 47523/1184 * zeta(5)
N=150  genus X_0(N)=19  p=2  dim(purified)=8  dim(purified & slope)=3  divisors=[1, 2, 3, 5, 6, 10, 15, 25, 30, 50, 75, 150]
    c_d = [1, -1, -1134, 8750, 1134, -8750, -50625, 0, 50625, 0, 0, 0]    P(5) = -217/240    L(Phi,5) = 217/480 * zeta(5)
    c_d = [77, -77, -85293, 625625, 85293, -625625, 0, -9765625, 0, 9765625, 0, 0]    P(5) = -5797/80    L(Phi,5) = 5797/160 * zeta(5)
    c_d = [728, -728, -797202, 5711875, 797202, -5711875, 0, 0, 0, 0, -791015625, 791015625]    P(5) = -56203/80    L(Phi,5) = 56203/160 * zeta(5)
N=150  genus X_0(N)=19  p=3  dim(purified)=8  dim(purified & slope)=3  divisors=[1, 2, 3, 5, 6, 10, 15, 25, 30, 50, 75, 150]
    c_d = [7, -528, -7, 20625, 528, -70000, -20625, 0, 70000, 0, 0, 0]    P(5) = -484/135    L(Phi,5) = 242/135 * zeta(5)
    c_d = [1449, -106496, -1449, 3363750, 106496, 0, -3363750, -68359375, 0, 0, 68359375, 0]    P(5) = -979616/1215    L(Phi,5) = 489808/1215 * zeta(5)
    c_d = [429, -31416, -429, 966875, 31416, 0, -966875, 0, 0, -78125000, 0, 78125000]    P(5) = -98252/405    L(Phi,5) = 49126/405 * zeta(5)
N=150  genus X_0(N)=19  p=5  dim(purified)=8  dim(purified & slope)=5  divisors=[1, 2, 3, 5, 6, 10, 15, 25, 30, 50, 75, 150]
    c_d = [70, -8192, 45927, -78195, 0, 8192, -45927, 78125, 0, 0, 0, 0]    P(5) = -68728/3125    L(Phi,5) = 34364/3125 * zeta(5)
    c_d = [1, -112, 567, -1, -1296, 112, -567, 0, 1296, 0, 0, 0]    P(5) = -3124/9375    L(Phi,5) = 1562/9375 * zeta(5)
    c_d = [455, -48048, 216513, -455, 0, -1201952, -216513, 0, 0, 1250000, 0, 0]    P(5) = -524832/3125    L(Phi,5) = 262416/3125 * zeta(5)
    c_d = [1105, -114688, 501228, -1105, 0, 114688, -6829353, 0, 0, 0, 6328125, 0]    P(5) = -3979976/9375    L(Phi,5) = 1989988/9375 * zeta(5)
    c_d = [82745, -9224672, 46335807, -82745, -101250000, 9224672, -46335807, 0, 0, 0, 0, 101250000]    P(5) = -261185144/9375    L(Phi,5) = 130592572/9375 * zeta(5)
N=152  genus X_0(N)=17  p=2  dim(purified)=4  dim(purified & slope)=3  divisors=[1, 2, 4, 8, 19, 38, 76, 152]
    c_d = [2737, -223537, 3145344, -2924544, -47045881, 47045881, 0, 0]    P(5) = -20553/16    L(Phi,5) = 20553/32 * zeta(5)
    c_d = [3451, -281490, 3941399, -3663360, -47045881, 0, 47045881, 0]    P(5) = -833187/512    L(Phi,5) = 833187/1024 * zeta(5)
    c_d = [1529, -124677, 1743588, -1620440, -19808792, 0, 0, 19808792]    P(5) = -1478421/2048    L(Phi,5) = 1478421/4096 * zeta(5)
N=152  genus X_0(N)=17  p=19  dim(purified)=4  dim(purified & slope)=1  divisors=[1, 2, 4, 8, 19, 38, 76, 152]
    c_d = [1, -84, 1344, -4096, -1, 84, -1344, 4096]    P(5) = -8666343/19808792    L(Phi,5) = 8666343/39617584 * zeta(5)
N=153  genus X_0(N)=15  p=3  dim(purified)=2  dim(purified & slope)=1  divisors=[1, 3, 9, 17, 51, 153]
    c_d = [7, -5272, 5265, 5428865, -52785272, 47356407]    P(5) = -135520/12393    L(Phi,5) = 67760/12393 * zeta(5)
N=154  genus X_0(N)=21  p=2  dim(purified)=4  dim(purified & slope)=1  divisors=[1, 2, 7, 11, 14, 22, 77, 154]
    c_d = [3, -3, -593047, 3616327, 593047, -3616327, -105459123, 105459123]    P(5) = -2945/308    L(Phi,5) = 2945/616 * zeta(5)
N=154  genus X_0(N)=21  p=7  dim(purified)=4  dim(purified & slope)=1  divisors=[1, 2, 7, 11, 14, 22, 77, 154]
    c_d = [39, -2576, -39, 2357201, 2576, -9135984, -2357201, 9135984]    P(5) = -756270/26411    L(Phi,5) = 378135/26411 * zeta(5)
N=154  genus X_0(N)=21  p=11  dim(purified)=4  dim(purified & slope)=1  divisors=[1, 2, 7, 11, 14, 22, 77, 154]
    c_d = [3, -208, 31213, -3, -115248, 208, -31213, 115248]    P(5) = -2093650/1127357    L(Phi,5) = 1046825/1127357 * zeta(5)
N=156  genus X_0(N)=23  p=2  dim(purified)=8  dim(purified & slope)=5  divisors=[1, 2, 3, 4, 6, 12, 13, 26, 39, 52, 78, 156]
    c_d = [1, -113, 567, 112, -1863, 1296, 0, 0, 0, 0, 0, 0]    P(5) = -31/96    L(Phi,5) = 31/192 * zeta(5)
    c_d = [1100, -115788, 505197, 114688, -505197, 0, -4826809, 4826809, 0, 0, 0, 0]    P(5) = -6479/16    L(Phi,5) = 6479/32 * zeta(5)
    c_d = [1713, -179809, 780759, 178096, -780759, 0, -5940688, 0, 0, 5940688, 0, 0]    P(5) = -1271/2    L(Phi,5) = 1271/4 * zeta(5)
    c_d = [10619, -1100155, 4669326, 1089536, -4669326, 0, 0, 0, -390971529, 0, 390971529, 0]    P(5) = -65379/16    L(Phi,5) = 65379/32 * zeta(5)
    c_d = [8179, -847115, 3593565, 838936, -3593565, 0, 0, 0, -240597864, 0, 0, 240597864]    P(5) = -604903/192    L(Phi,5) = 604903/384 * zeta(5)
N=156  genus X_0(N)=23  p=3  dim(purified)=8  dim(purified & slope)=3  divisors=[1, 2, 3, 4, 6, 12, 13, 26, 39, 52, 78, 156]
    c_d = [561, -45696, -561, 630784, 45696, -630784, -4826809, 0, 4826809, 0, 0, 0]    P(5) = -21296/81    L(Phi,5) = 10648/81 * zeta(5)
    c_d = [154, -12375, -154, 161280, 12375, -161280, 0, -4826809, 0, 0, 4826809, 0]    P(5) = -73205/972    L(Phi,5) = 73205/1944 * zeta(5)
    c_d = [315, -25228, -315, 324360, 25228, -324360, 0, 0, 0, -38614472, 0, 38614472]    P(5) = -606815/3888    L(Phi,5) = 606815/7776 * zeta(5)
N=156  genus X_0(N)=23  p=13  dim(purified)=8  dim(purified & slope)=3  divisors=[1, 2, 3, 4, 6, 12, 13, 26, 39, 52, 78, 156]
    c_d = [7, -896, 6561, -8192, 0, 0, -7, 896, -6561, 8192, 0, 0]    P(5) = -742584/371293    L(Phi,5) = 371292/371293 * zeta(5)
    c_d = [1, -112, 567, 0, -1296, 0, -1, 112, -567, 0, 1296, 0]    P(5) = -123764/371293    L(Phi,5) = 61882/371293 * zeta(5)
    c_d = [175, -18304, 81081, 0, 0, -663552, -175, 18304, -81081, 0, 0, 663552]    P(5) = -24505272/371293    L(Phi,5) = 12252636/371293 * zeta(5)
N=160  genus X_0(N)=17  p=2  dim(purified)=8  dim(purified & slope)=7  divisors=[1, 2, 4, 5, 8, 10, 16, 20, 32, 40, 80, 160]
    c_d = [21, -1941, 59264, -78125, -57344, 78125, 0, 0, 0, 0, 0, 0]    P(5) = -31/4    L(Phi,5) = 31/8 * zeta(5)
    c_d = [1, -85, 1428, 0, -5440, 0, 4096, 0, 0, 0, 0, 0]    P(5) = -217/512    L(Phi,5) = 217/1024 * zeta(5)
    c_d = [7, -622, 15463, -15625, -14848, 0, 0, 15625, 0, 0, 0, 0]    P(5) = -713/256    L(Phi,5) = 713/512 * zeta(5)
    c_d = [85, -7161, 115940, 0, -371008, 0, 0, 0, 262144, 0, 0, 0]    P(5) = -18879/512    L(Phi,5) = 18879/1024 * zeta(5)
    c_d = [313, -27573, 656292, -625000, -629032, 0, 0, 0, 0, 625000, 0, 0]    P(5) = -129983/1024    L(Phi,5) = 129983/2048 * zeta(5)
    c_d = [32929, -2894709, 68182036, -64000000, -65320256, 0, 0, 0, 0, 0, 64000000, 0]    P(5) = -6871057/512    L(Phi,5) = 6871057/1024 * zeta(5)
    c_d = [10608169, -932051549, 21896686196, -20480000000, -20975242816, 0, 0, 0, 0, 0, 0, 20480000000]    P(5) = -2216280427/512    L(Phi,5) = 2216280427/1024 * zeta(5)
N=160  genus X_0(N)=17  p=5  dim(purified)=8  dim(purified & slope)=3  divisors=[1, 2, 4, 5, 8, 10, 16, 20, 32, 40, 80, 160]
    c_d = [1, -84, 1344, -1, -4096, 84, 0, -1344, 0, 4096, 0, 0]    P(5) = -5467/12500    L(Phi,5) = 5467/25000 * zeta(5)
    c_d = [21, -1700, 22848, -21, 0, 1700, -262144, -22848, 0, 0, 262144, 0]    P(5) = -125741/12500    L(Phi,5) = 125741/25000 * zeta(5)
    c_d = [357, -28644, 371008, -357, 0, 28644, 0, -371008, -16777216, 0, 0, 16777216]    P(5) = -2203201/12500    L(Phi,5) = 2203201/25000 * zeta(5)
N=162  genus X_0(N)=16  p=2  dim(purified)=6  dim(purified & slope)=2  divisors=[1, 2, 3, 6, 9, 18, 27, 54, 81, 162]
    c_d = [1, -1, -819, 819, 66339, -66339, -531441, 531441, 0, 0]    P(5) = -403/324    L(Phi,5) = 403/648 * zeta(5)
    c_d = [91, -91, -73800, 73800, 5439798, -5439798, 0, 0, -387420489, 387420489]    P(5) = -18941/162    L(Phi,5) = 18941/324 * zeta(5)
N=162  genus X_0(N)=16  p=3  dim(purified)=6  dim(purified & slope)=5  divisors=[1, 2, 3, 6, 9, 18, 27, 54, 81, 162]
    c_d = [1, -112, 566, -1184, -567, 1296, 0, 0, 0, 0]    P(5) = -242/729    L(Phi,5) = 121/729 * zeta(5)
    c_d = [77, -8192, 37345, 8192, -214569, 0, 177147, 0, 0, 0]    P(5) = -6776/243    L(Phi,5) = 3388/243 * zeta(5)
    c_d = [2537, -281120, 1394470, -2553232, -1397007, 0, 0, 2834352, 0, 0]    P(5) = -209330/243    L(Phi,5) = 104665/243 * zeta(5)
    c_d = [63383, -6717440, 30423640, 6717440, -159627186, 0, 0, 0, 129140163, 0]    P(5) = -5631824/243    L(Phi,5) = 2815912/243 * zeta(5)
    c_d = [939433, -103974712, 514715558, -929146592, -515654991, 0, 0, 0, 0, 1033121304]    P(5) = -77718058/243    L(Phi,5) = 38859029/243 * zeta(5)
N=164  genus X_0(N)=19  p=2  dim(purified)=2  dim(purified & slope)=1  divisors=[1, 2, 4, 41, 82, 164]
    c_d = [559, -36415, 35856, 6332530401, -31606136785, 25273606384]    P(5) = -163215/328    L(Phi,5) = 163215/656 * zeta(5)
N=165  genus X_0(N)=21  p=3  dim(purified)=4  dim(purified & slope)=1  divisors=[1, 3, 5, 11, 15, 33, 55, 165]
    c_d = [2, -2, -39375, 922383, 39375, -922383, -18301250, 18301250]    P(5) = -44/9    L(Phi,5) = 22/9 * zeta(5)
N=165  genus X_0(N)=21  p=5  dim(purified)=4  dim(purified & slope)=1  divisors=[1, 3, 5, 11, 15, 33, 55, 165]
    c_d = [7, -5508, -7, 995588, 5508, -8301447, -995588, 8301447]    P(5) = -18176/1875    L(Phi,5) = 9088/1875 * zeta(5)
N=165  genus X_0(N)=21  p=11  dim(purified)=4  dim(purified & slope)=1  divisors=[1, 3, 5, 11, 15, 33, 55, 165]
    c_d = [1, -1134, 8750, -1, -50625, 1134, -8750, 50625]    P(5) = -450940/483153    L(Phi,5) = 225470/483153 * zeta(5)
N=168  genus X_0(N)=25  p=2  dim(purified)=12  dim(purified & slope)=9  divisors=[1, 2, 3, 4, 6, 7, 8, 12, 14, 21, 24, 28, 42, 56, 84, 168]
    c_d = [7, -903, 6561, -7296, -6561, 0, 8192, 0, 0, 0, 0, 0, 0, 0, 0, 0]    P(5) = -31/16    L(Phi,5) = 31/32 * zeta(5)
    c_d = [1, -113, 567, 112, -1863, 0, 0, 1296, 0, 0, 0, 0, 0, 0, 0, 0]    P(5) = -31/96    L(Phi,5) = 31/192 * zeta(5)
    c_d = [75, -8267, 39366, 8192, -39366, -117649, 0, 0, 117649, 0, 0, 0, 0, 0, 0, 0]    P(5) = -403/16    L(Phi,5) = 403/32 * zeta(5)
    c_d = [229, -25445, 123795, 25216, -344979, 0, 0, 0, 0, 0, 221184, 0, 0, 0, 0, 0]    P(5) = -11005/144    L(Phi,5) = 11005/288 * zeta(5)
    c_d = [787, -85771, 400221, 84984, -400221, -941192, 0, 0, 0, 0, 0, 941192, 0, 0, 0, 0]    P(5) = -17329/64    L(Phi,5) = 17329/128 * zeta(5)
    c_d = [874, -90986, 389367, 90112, -389367, 0, 0, 0, 0, -9529569, 0, 0, 9529569, 0, 0, 0]    P(5) = -5301/16    L(Phi,5) = 5301/32 * zeta(5)
    c_d = [856263, -93058119, 432087777, 92201856, -432087777, -963780608, 0, 0, 0, 0, 0, 0, 0, 963780608, 0, 0]    P(5) = -4744519/16    L(Phi,5) = 4744519/32 * zeta(5)
    c_d = [1951, -202895, 866745, 200944, -866745, 0, 0, 0, 0, -16941456, 0, 0, 0, 0, 16941456, 0]    P(5) = -80135/108    L(Phi,5) = 80135/216 * zeta(5)
    c_d = [116671, -12130111, 51795753, 12013440, -51795753, 0, 0, 0, 0, -963780608, 0, 0, 0, 0, 0, 963780608]    P(5) = -172661413/3888    L(Phi,5) = 172661413/7776 * zeta(5)
N=168  genus X_0(N)=25  p=3  dim(purified)=12  dim(purified & slope)=5  divisors=[1, 2, 3, 4, 6, 7, 8, 12, 14, 21, 24, 28, 42, 56, 84, 168]
    c_d = [33, -2816, -33, 49152, 2816, -117649, 0, -49152, 0, 117649, 0, 0, 0, 0, 0, 0]    P(5) = -3388/243    L(Phi,5) = 1694/243 * zeta(5)
    c_d = [1, -84, -1, 1344, 84, 0, -4096, -1344, 0, 0, 4096, 0, 0, 0, 0, 0]    P(5) = -847/1944    L(Phi,5) = 847/3888 * zeta(5)
    c_d = [12, -975, -12, 13312, 975, 0, 0, -13312, -117649, 0, 0, 0, 117649, 0, 0, 0]    P(5) = -11011/1944    L(Phi,5) = 11011/3888 * zeta(5)
    c_d = [13, -1044, -13, 13572, 1044, 0, 0, -13572, 0, 0, 0, -470596, 0, 0, 470596, 0]    P(5) = -11011/1728    L(Phi,5) = 11011/3456 * zeta(5)
    c_d = [3393, -271700, -3393, 3491136, 271700, 0, 0, -3491136, 0, 0, 0, 0, 0, -481890304, 0, 481890304]    P(5) = -121121/72    L(Phi,5) = 121121/144 * zeta(5)
N=168  genus X_0(N)=25  p=7  dim(purified)=12  dim(purified & slope)=5  divisors=[1, 2, 3, 4, 6, 7, 8, 12, 14, 21, 24, 28, 42, 56, 84, 168]
    c_d = [7, -896, 6561, -8192, 0, -7, 0, 0, 896, -6561, 0, 8192, 0, 0, 0, 0]    P(5) = -33612/16807    L(Phi,5) = 16806/16807 * zeta(5)
    c_d = [1, -112, 567, 0, -1296, -1, 0, 0, 112, -567, 0, 0, 1296, 0, 0, 0]    P(5) = -5602/16807    L(Phi,5) = 2801/16807 * zeta(5)
    c_d = [275, -29568, 137781, 0, 0, -275, -524288, 0, 29568, -137781, 0, 0, 0, 524288, 0, 0]    P(5) = -33612/343    L(Phi,5) = 16806/343 * zeta(5)
    c_d = [175, -18304, 81081, 0, 0, -175, 0, -663552, 18304, -81081, 0, 0, 0, 0, 663552, 0]    P(5) = -1109196/16807    L(Phi,5) = 554598/16807 * zeta(5)
    c_d = [1001, -103040, 444015, 0, 0, -1001, 0, 0, 103040, -444015, -14155776, 0, 0, 0, 0, 14155776]    P(5) = -2834612/7203    L(Phi,5) = 1417306/7203 * zeta(5)
N=170  genus X_0(N)=22  p=2  dim(purified)=4  dim(purified & slope)=1  divisors=[1, 2, 5, 10, 17, 34, 85, 170]
    c_d = [11, -11, -188125, 188125, 25139821, -25139821, -574206875, 574206875]    P(5) = -2604/85    L(Phi,5) = 1302/85 * zeta(5)
N=170  genus X_0(N)=22  p=5  dim(purified)=4  dim(purified & slope)=1  divisors=[1, 2, 5, 10, 17, 34, 85, 170]
    c_d = [19, -1232, -19, 1232, 6431117, -25390384, -6431117, 25390384]    P(5) = -824736/53125    L(Phi,5) = 412368/53125 * zeta(5)
N=170  genus X_0(N)=22  p=17  dim(purified)=4  dim(purified & slope)=1  divisors=[1, 2, 5, 10, 17, 34, 85, 170]
    c_d = [7, -528, 20625, -70000, -7, 528, -20625, 70000]    P(5) = -25557408/7099285    L(Phi,5) = 12778704/7099285 * zeta(5)
N=171  genus X_0(N)=17  p=3  dim(purified)=2  dim(purified & slope)=1  divisors=[1, 3, 9, 19, 57, 171]
    c_d = [22, -16465, 16443, 26455163, -258687185, 232232022]    P(5) = -54208/1539    L(Phi,5) = 27104/1539 * zeta(5)
N=172  genus X_0(N)=20  p=2  dim(purified)=2  dim(purified & slope)=1  divisors=[1, 2, 4, 43, 86, 172]
    c_d = [123, -8011, 7888, 1685468893, -8413669261, 6728200368]    P(5) = -151249/1376    L(Phi,5) = 151249/2752 * zeta(5)
N=174  genus X_0(N)=27  p=2  dim(purified)=4  dim(purified & slope)=1  divisors=[1, 2, 3, 6, 29, 58, 87, 174]
    c_d = [52, -52, -38313, 38313, 334543913, -334543913, -2979067572, 2979067572]    P(5) = -121303/1392    L(Phi,5) = 121303/2784 * zeta(5)
N=174  genus X_0(N)=27  p=3  dim(purified)=4  dim(purified & slope)=1  divisors=[1, 2, 3, 6, 29, 58, 87, 174]
    c_d = [279, -17936, -279, 17936, 792862001, -3157302384, -792862001, 3157302384]    P(5) = -64372/261    L(Phi,5) = 32186/261 * zeta(5)
N=174  genus X_0(N)=27  p=29  dim(purified)=4  dim(purified & slope)=1  divisors=[1, 2, 3, 6, 29, 58, 87, 174]
    c_d = [1, -112, 567, -1296, -1, 112, -567, 1296]    P(5) = -20511148/61533447    L(Phi,5) = 10255574/61533447 * zeta(5)
N=175  genus X_0(N)=15  p=5  dim(purified)=2  dim(purified & slope)=1  divisors=[1, 5, 7, 25, 35, 175]
    c_d = [1, -31876, 122451, 31875, -1623076, 1500625]    P(5) = -212432/109375    L(Phi,5) = 106216/109375 * zeta(5)
N=176  genus X_0(N)=19  p=2  dim(purified)=6  dim(purified & slope)=5  divisors=[1, 2, 4, 8, 11, 16, 22, 44, 88, 176]
    c_d = [1, -85, 1428, -5440, 0, 4096, 0, 0, 0, 0]    P(5) = -217/512    L(Phi,5) = 217/1024 * zeta(5)
    c_d = [273, -22673, 341888, -319488, -1771561, 0, 1771561, 0, 0, 0]    P(5) = -1953/16    L(Phi,5) = 1953/32 * zeta(5)
    c_d = [351, -29030, 430599, -401920, -1771561, 0, 0, 1771561, 0, 0]    P(5) = -81375/512    L(Phi,5) = 81375/1024 * zeta(5)
    c_d = [2969, -245301, 3623844, -3381512, -14172488, 0, 0, 0, 14172488, 0]    P(5) = -2762627/2048    L(Phi,5) = 2762627/4096 * zeta(5)
    c_d = [1540897, -127277045, 1878379028, -1752642880, -7256313856, 0, 0, 0, 0, 7256313856]    P(5) = -358757637/512    L(Phi,5) = 358757637/1024 * zeta(5)
N=176  genus X_0(N)=19  p=11  dim(purified)=6  dim(purified & slope)=2  divisors=[1, 2, 4, 8, 11, 16, 22, 44, 88, 176]
    c_d = [1, -84, 1344, -4096, -1, 0, 84, -1344, 4096, 0]    P(5) = -563675/1288408    L(Phi,5) = 563675/2576816 * zeta(5)
    c_d = [21, -1700, 22848, 0, -21, -262144, 1700, -22848, 0, 262144]    P(5) = -12964525/1288408    L(Phi,5) = 12964525/2576816 * zeta(5)
N=180  genus X_0(N)=25  p=2  dim(purified)=14  dim(purified & slope)=9  divisors=[1, 2, 3, 4, 5, 6, 9, 10, 12, 15, 18, 20, 30, 36, 45, 60, 90, 180]
    c_d = [70, -8262, 45927, 8192, -78125, -45927, 0, 78125, 0, 0, 0, 0, 0, 0, 0, 0, 0, 0]    P(5) = -341/16    L(Phi,5) = 341/32 * zeta(5)
    c_d = [1, -113, 567, 112, 0, -1863, 0, 0, 1296, 0, 0, 0, 0, 0, 0, 0, 0, 0]    P(5) = -31/96    L(Phi,5) = 31/192 * zeta(5)
    c_d = [77, -8269, 37422, 8192, 0, -37422, -177147, 0, 0, 0, 177147, 0, 0, 0, 0, 0, 0, 0]    P(5) = -217/8    L(Phi,5) = 217/16 * zeta(5)
    c_d = [315, -36139, 190269, 35824, -250000, -190269, 0, 0, 0, 0, 0, 250000, 0, 0, 0, 0, 0, 0]    P(5) = -403/4    L(Phi,5) = 403/8 * zeta(5)
    c_d = [1105, -115793, 501228, 114688, 0, -501228, 0, 0, 0, -6328125, 0, 0, 6328125, 0, 0, 0, 0, 0]    P(5) = -19747/48    L(Phi,5) = 19747/96 * zeta(5)
    c_d = [791, -84415, 377865, 83624, 0, -377865, -1417176, 0, 0, 0, 0, 0, 0, 1417176, 0, 0, 0, 0]    P(5) = -2263/8    L(Phi,5) = 2263/16 * zeta(5)
    c_d = [1115, -116599, 502929, 115484, 0, -502929, 0, 0, 0, -5062500, 0, 0, 0, 0, 0, 5062500, 0, 0]    P(5) = -160363/384    L(Phi,5) = 160363/768 * zeta(5)
    c_d = [282940, -29299004, 124249059, 29016064, 0, -124249059, 0, 0, 0, 0, 0, 0, 0, 0, -13839609375, 0, 13839609375, 0]    P(5) = -1744897/16    L(Phi,5) = 1744897/32 * zeta(5)
    c_d = [1132855, -117283463, 497180673, 116150608, 0, -497180673, 0, 0, 0, 0, 0, 0, 0, 0, -44286750000, 0, 0, 44286750000]    P(5) = -873983/2    L(Phi,5) = 873983/4 * zeta(5)
N=180  genus X_0(N)=25  p=3  dim(purified)=14  dim(purified & slope)=9  divisors=[1, 2, 3, 4, 5, 6, 9, 10, 12, 15, 18, 20, 30, 36, 45, 60, 90, 180]
    c_d = [7, -896, 6554, -8192, 0, 896, -6561, 0, 8192, 0, 0, 0, 0, 0, 0, 0, 0, 0]    P(5) = -484/243    L(Phi,5) = 242/243 * zeta(5)
    c_d = [70, -8192, 45857, 0, -78125, 8192, -45927, 0, 0, 78125, 0, 0, 0, 0, 0, 0, 0, 0]    P(5) = -5324/243    L(Phi,5) = 2662/243 * zeta(5)
    c_d = [1, -112, 566, 0, 0, -1184, -567, 0, 0, 0, 1296, 0, 0, 0, 0, 0, 0, 0]    P(5) = -242/729    L(Phi,5) = 121/729 * zeta(5)
    c_d = [455, -48048, 216058, 0, 0, 48048, -216513, -1250000, 0, 0, 0, 0, 1250000, 0, 0, 0, 0, 0]    P(5) = -13552/81    L(Phi,5) = 6776/81 * zeta(5)
    c_d = [371, -45440, 305890, -331776, 0, 45440, -306261, 0, 0, 0, 0, 0, 0, 331776, 0, 0, 0, 0]    P(5) = -9196/81    L(Phi,5) = 4598/81 * zeta(5)
    c_d = [1355, -155648, 842908, 0, -1265625, 155648, -844263, 0, 0, 0, 0, 0, 0, 0, 1265625, 0, 0, 0]    P(5) = -320408/729    L(Phi,5) = 160204/729 * zeta(5)
    c_d = [64515, -6656384, 28731714, 0, 0, 6656384, -28796229, 0, 0, 0, 0, -640000000, 0, 0, 0, 640000000, 0, 0]    P(5) = -2032316/81    L(Phi,5) = 1016158/81 * zeta(5)
    c_d = [2765, -291104, 1302334, 0, 0, 291104, -1305099, -6750000, 0, 0, 0, 0, 0, 0, 0, 0, 6750000, 0]    P(5) = -83006/81    L(Phi,5) = 41503/81 * zeta(5)
    c_d = [582355, -60043648, 258874658, 0, 0, 60043648, -259457013, 0, 0, 0, 0, -5184000000, 0, 0, 0, 0, 0, 5184000000]    P(5) = -165463628/729    L(Phi,5) = 82731814/729 * zeta(5)
N=180  genus X_0(N)=25  p=5  dim(purified)=14  dim(purified & slope)=6  divisors=[1, 2, 3, 4, 5, 6, 9, 10, 12, 15, 18, 20, 30, 36, 45, 60, 90, 180]
    c_d = [7, -896, 6561, -8192, -7, 0, 0, 896, 0, -6561, 0, 8192, 0, 0, 0, 0, 0, 0]    P(5) = -6248/3125    L(Phi,5) = 3124/3125 * zeta(5)
    c_d = [1, -112, 567, 0, -1, -1296, 0, 112, 0, -567, 0, 0, 1296, 0, 0, 0, 0, 0]    P(5) = -3124/9375    L(Phi,5) = 1562/9375 * zeta(5)
    c_d = [77, -8192, 37422, 0, -77, 0, -177147, 8192, 0, -37422, 0, 0, 0, 0, 177147, 0, 0, 0]    P(5) = -87472/3125    L(Phi,5) = 43736/3125 * zeta(5)
    c_d = [175, -18304, 81081, 0, -175, 0, 0, 18304, -663552, -81081, 0, 0, 0, 0, 0, 663552, 0, 0]    P(5) = -206184/3125    L(Phi,5) = 103092/3125 * zeta(5)
    c_d = [175, -18088, 78489, 0, -175, 0, 0, 18088, 0, -78489, -1417176, 0, 0, 0, 0, 0, 1417176, 0]    P(5) = -212432/3125    L(Phi,5) = 106216/3125 * zeta(5)
    c_d = [46189, -4740736, 20328651, 0, -46189, 0, 0, 4740736, 0, -20328651, 0, 0, 0, -1451188224, 0, 0, 0, 1451188224]    P(5) = -57250424/3125    L(Phi,5) = 28625212/3125 * zeta(5)
N=182  genus X_0(N)=25  p=2  dim(purified)=4  dim(purified & slope)=1  divisors=[1, 2, 7, 13, 14, 26, 91, 182]
    c_d = [1, -1, -165669, 1970709, 165669, -1970709, -68574961, 68574961]    P(5) = -2511/728    L(Phi,5) = 2511/1456 * zeta(5)
N=182  genus X_0(N)=25  p=7  dim(purified)=4  dim(purified & slope)=1  divisors=[1, 2, 7, 13, 14, 26, 91, 182]
    c_d = [11, -720, -11, 1285245, 720, -5026736, -1285245, 5026736]    P(5) = -1848660/218491    L(Phi,5) = 924330/218491 * zeta(5)
N=182  genus X_0(N)=25  p=13  dim(purified)=4  dim(purified & slope)=1  divisors=[1, 2, 7, 13, 14, 26, 91, 182]
    c_d = [3, -208, 31213, -3, -115248, 208, -31213, 115248]    P(5) = -371292/199927    L(Phi,5) = 185646/199927 * zeta(5)
N=184  genus X_0(N)=21  p=2  dim(purified)=4  dim(purified & slope)=3  divisors=[1, 2, 4, 8, 23, 46, 92, 184]
    c_d = [5985, -487521, 6789376, -6307840, -148035889, 148035889, 0, 0]    P(5) = -45353/16    L(Phi,5) = 45353/32 * zeta(5)
    c_d = [7525, -612436, 8500975, -7896064, -148035889, 0, 148035889, 0]    P(5) = -1830829/512    L(Phi,5) = 1830829/1024 * zeta(5)
    c_d = [31651, -2575419, 35719068, -33175300, -592143556, 0, 0, 592143556]    P(5) = -61658597/4096    L(Phi,5) = 61658597/8192 * zeta(5)
N=184  genus X_0(N)=21  p=23  dim(purified)=4  dim(purified & slope)=1  divisors=[1, 2, 4, 8, 23, 46, 92, 184]
    c_d = [1, -84, 1344, -4096, -1, 84, -1344, 4096]    P(5) = -22527197/51490744    L(Phi,5) = 22527197/102981488 * zeta(5)
N=186  genus X_0(N)=29  p=2  dim(purified)=4  dim(purified & slope)=1  divisors=[1, 2, 3, 6, 31, 62, 93, 186]
    c_d = [119, -119, -87561, 87561, 998326201, -998326201, -8901818919, 8901818919]    P(5) = -805/4    L(Phi,5) = 805/8 * zeta(5)
N=186  genus X_0(N)=29  p=3  dim(purified)=4  dim(purified & slope)=1  divisors=[1, 2, 3, 6, 31, 62, 93, 186]
    c_d = [319, -20496, -319, 20496, 1183030401, -4713651184, -1183030401, 4713651184]    P(5) = -2140490/7533    L(Phi,5) = 1070245/7533 * zeta(5)
N=186  genus X_0(N)=29  p=31  dim(purified)=4  dim(purified & slope)=1  divisors=[1, 2, 3, 6, 31, 62, 93, 186]
    c_d = [1, -112, 567, -1296, -1, 112, -567, 1296]    P(5) = -9543050/28629151    L(Phi,5) = 4771525/28629151 * zeta(5)
N=188  genus X_0(N)=22  p=2  dim(purified)=2  dim(purified & slope)=1  divisors=[1, 2, 4, 47, 94, 188]
    c_d = [147, -9571, 9424, 2874132109, -14351141821, 11477009712]    P(5) = -198927/1504    L(Phi,5) = 198927/3008 * zeta(5)
N=189  genus X_0(N)=19  p=3  dim(purified)=4  dim(purified & slope)=3  divisors=[1, 3, 7, 9, 21, 27, 63, 189]
    c_d = [2, -1946, 117649, -175203, -117649, 177147, 0, 0]    P(5) = -484/243    L(Phi,5) = 242/243 * zeta(5)
    c_d = [1, -892, 26411, 891, -220892, 0, 194481, 0]    P(5) = -1936/1701    L(Phi,5) = 968/1701 * zeta(5)
    c_d = [2462, -2192135, 64310785, 2189673, -489640732, 0, 0, 425329947]    P(5) = -4789180/1701    L(Phi,5) = 2394590/1701 * zeta(5)
N=189  genus X_0(N)=19  p=7  dim(purified)=4  dim(purified & slope)=1  divisors=[1, 3, 7, 9, 21, 27, 63, 189]
    c_d = [1, -819, -1, 66339, 819, -531441, -66339, 531441]    P(5) = -582608/453789    L(Phi,5) = 291304/453789 * zeta(5)
N=190  genus X_0(N)=27  p=2  dim(purified)=4  dim(purified & slope)=1  divisors=[1, 2, 5, 10, 19, 38, 95, 190]
    c_d = [7, -7, -117500, 117500, 24500348, -24500348, -570154375, 570154375]    P(5) = -30597/1520    L(Phi,5) = 30597/3040 * zeta(5)
N=190  genus X_0(N)=27  p=5  dim(purified)=4  dim(purified & slope)=1  divisors=[1, 2, 5, 10, 19, 38, 95, 190]
    c_d = [119, -7696, -119, 7696, 62684401, -248131184, -62684401, 248131184]    P(5) = -5894988/59375    L(Phi,5) = 2947494/59375 * zeta(5)
N=190  genus X_0(N)=27  p=19  dim(purified)=4  dim(purified & slope)=1  divisors=[1, 2, 5, 10, 19, 38, 95, 190]
    c_d = [7, -528, 20625, -70000, -7, 528, -20625, 70000]    P(5) = -44569764/12380495    L(Phi,5) = 22284882/12380495 * zeta(5)
N=192  genus X_0(N)=21  p=2  dim(purified)=10  dim(purified & slope)=9  divisors=[1, 2, 3, 4, 6, 8, 12, 16, 24, 32, 48, 64, 96, 192]
    c_d = [7, -903, 6561, -7296, -6561, 8192, 0, 0, 0, 0, 0, 0, 0, 0]    P(5) = -31/16    L(Phi,5) = 31/32 * zeta(5)
    c_d = [1, -113, 567, 112, -1863, 0, 1296, 0, 0, 0, 0, 0, 0, 0]    P(5) = -31/96    L(Phi,5) = 31/192 * zeta(5)
    c_d = [723, -87635, 557685, -437376, -557685, 0, 0, 524288, 0, 0, 0, 0, 0, 0]    P(5) = -3503/16    L(Phi,5) = 3503/32 * zeta(5)
    c_d = [229, -25445, 123795, 25216, -344979, 0, 0, 0, 221184, 0, 0, 0, 0, 0]    P(5) = -11005/144    L(Phi,5) = 11005/288 * zeta(5)
    c_d = [51459, -6151299, 38034117, -27454592, -38034117, 0, 0, 0, 0, 33554432, 0, 0, 0, 0]    P(5) = -255223/16    L(Phi,5) = 255223/32 * zeta(5)
    c_d = [5219, -577507, 2788965, 572288, -7507557, 0, 0, 0, 0, 0, 4718592, 0, 0, 0]    P(5) = -759221/432    L(Phi,5) = 759221/864 * zeta(5)
    c_d = [3379651, -402629955, 2472217605, -1748233344, -2472217605, 0, 0, 0, 0, 0, 0, 2147483648, 0, 0]    P(5) = -16863783/16    L(Phi,5) = 16863783/32 * zeta(5)
    c_d = [3055019, -337704235, 1627896285, 334649216, -4345805277, 0, 0, 0, 0, 0, 0, 0, 2717908992, 0]    P(5) = -49494941/48    L(Phi,5) = 49494941/96 * zeta(5)
    c_d = [65435513, -7231433209, 34843053663, 7165997696, -92825112159, 0, 0, 0, 0, 0, 0, 0, 0, 57982058496]    P(5) = -1060755055/48    L(Phi,5) = 1060755055/96 * zeta(5)
N=192  genus X_0(N)=21  p=3  dim(purified)=10  dim(purified & slope)=4  divisors=[1, 2, 3, 4, 6, 8, 12, 16, 24, 32, 48, 64, 96, 192]
    c_d = [1, -84, -1, 1344, 84, -4096, -1344, 0, 4096, 0, 0, 0, 0, 0]    P(5) = -847/1944    L(Phi,5) = 847/3888 * zeta(5)
    c_d = [21, -1700, -21, 22848, 1700, 0, -22848, -262144, 0, 0, 262144, 0, 0, 0]    P(5) = -19481/1944    L(Phi,5) = 19481/3888 * zeta(5)
    c_d = [357, -28644, -357, 371008, 28644, 0, -371008, 0, 0, -16777216, 0, 0, 16777216, 0]    P(5) = -341341/1944    L(Phi,5) = 341341/3888 * zeta(5)
    c_d = [5797, -464100, -5797, 5957952, 464100, 0, -5957952, 0, 0, 0, 0, -1073741824, 0, 1073741824]    P(5) = -1864247/648    L(Phi,5) = 1864247/1296 * zeta(5)
N=195  genus X_0(N)=25  p=3  dim(purified)=4  dim(purified & slope)=1  divisors=[1, 3, 5, 13, 15, 39, 65, 195]
    c_d = [3, -3, -55000, 2513368, 55000, -2513368, -53551875, 53551875]    P(5) = -123904/15795    L(Phi,5) = 61952/15795 * zeta(5)
N=195  genus X_0(N)=25  p=5  dim(purified)=4  dim(purified & slope)=1  divisors=[1, 3, 5, 13, 15, 39, 65, 195]
    c_d = [2, -1539, -2, 542659, 1539, -4626882, -542659, 4626882]    P(5) = -118712/40625    L(Phi,5) = 59356/40625 * zeta(5)
N=195  genus X_0(N)=25  p=13  dim(purified)=4  dim(purified & slope)=1  divisors=[1, 3, 5, 13, 15, 39, 65, 195]
    c_d = [1, -1134, 8750, -1, -50625, 1134, -8750, 50625]    P(5) = -1732696/1856465    L(Phi,5) = 866348/1856465 * zeta(5)
N=196  genus X_0(N)=17  p=2  dim(purified)=5  dim(purified & slope)=3  divisors=[1, 2, 4, 7, 14, 28, 49, 98, 196]
    c_d = [3, -211, 208, 31213, -146461, 115248, 0, 0, 0]    P(5) = -403/224    L(Phi,5) = 403/448 * zeta(5)
    c_d = [2397, -166237, 163840, 19183990, -19183990, 0, -847425747, 847425747, 0]    P(5) = -85963/56    L(Phi,5) = 85963/112 * zeta(5)
    c_d = [24051, -1667675, 1643624, 191899925, -191899925, 0, -6779405976, 0, 6779405976]    P(5) = -1727227/112    L(Phi,5) = 1727227/224 * zeta(5)
N=196  genus X_0(N)=17  p=7  dim(purified)=5  dim(purified & slope)=3  divisors=[1, 2, 4, 7, 14, 28, 49, 98, 196]
    c_d = [33, -2816, 49152, -117682, 2816, -49152, 117649, 0, 0]    P(5) = -33612/2401    L(Phi,5) = 16806/2401 * zeta(5)
    c_d = [12, -975, 13312, -12, -116674, -13312, 0, 117649, 0]    P(5) = -109239/19208    L(Phi,5) = 109239/38416 * zeta(5)
    c_d = [13, -1044, 13572, -13, 1044, -484168, 0, 0, 470596]    P(5) = -983151/153664    L(Phi,5) = 983151/307328 * zeta(5)
N=198  genus X_0(N)=29  p=2  dim(purified)=8  dim(purified & slope)=3  divisors=[1, 2, 3, 6, 9, 11, 18, 22, 33, 66, 99, 198]
    c_d = [7, -7, -6075, 6075, 1240029, -1771561, -1240029, 1771561, 0, 0, 0, 0]    P(5) = -31/4    L(Phi,5) = 31/8 * zeta(5)
    c_d = [7, -7, -5712, 5712, 446148, 0, -446148, 0, -5314683, 5314683, 0, 0]    P(5) = -713/81    L(Phi,5) = 713/162 * zeta(5)
    c_d = [68, -68, -55125, 55125, 4048380, 0, -4048380, 0, 0, 0, -430489323, 430489323]    P(5) = -21266/243    L(Phi,5) = 10633/243 * zeta(5)
N=198  genus X_0(N)=29  p=3  dim(purified)=8  dim(purified & slope)=5  divisors=[1, 2, 3, 6, 9, 11, 18, 22, 33, 66, 99, 198]
    c_d = [1, -112, 566, -1184, -567, 0, 1296, 0, 0, 0, 0, 0]    P(5) = -242/729    L(Phi,5) = 121/729 * zeta(5)
    c_d = [546, -57344, 255333, 57344, -255879, -1771561, 0, 0, 1771561, 0, 0, 0]    P(5) = -16456/81    L(Phi,5) = 8228/81 * zeta(5)
    c_d = [2375, -244720, 1053946, 244720, -1056321, 0, 0, -28344976, 0, 28344976, 0, 0]    P(5) = -225302/243    L(Phi,5) = 112651/243 * zeta(5)
    c_d = [49651, -5201920, 23067020, 5201920, -23116671, -143496441, 0, 0, 0, 0, 143496441, 0]    P(5) = -13556840/729    L(Phi,5) = 6778420/729 * zeta(5)
    c_d = [214271, -22066016, 94942666, 22066016, -95156937, 0, 0, -2295943056, 0, 0, 0, 2295943056]    P(5) = -6787858/81    L(Phi,5) = 3393929/81 * zeta(5)
N=198  genus X_0(N)=29  p=11  dim(purified)=8  dim(purified & slope)=3  divisors=[1, 2, 3, 6, 9, 11, 18, 22, 33, 66, 99, 198]
    c_d = [1, -112, 567, -1296, 0, -1, 0, 112, -567, 1296, 0, 0]    P(5) = -161050/483153    L(Phi,5) = 80525/483153 * zeta(5)
    c_d = [77, -8192, 37422, 0, -177147, -77, 0, 8192, -37422, 0, 177147, 0]    P(5) = -4509400/161051    L(Phi,5) = 2254700/161051 * zeta(5)
    c_d = [175, -18088, 78489, 0, 0, -175, -1417176, 18088, -78489, 0, 0, 1417176]    P(5) = -10951400/161051    L(Phi,5) = 5475700/161051 * zeta(5)
N=200  genus X_0(N)=19  p=2  dim(purified)=8  dim(purified & slope)=6  divisors=[1, 2, 4, 5, 8, 10, 20, 25, 40, 50, 100, 200]
    c_d = [21, -1941, 59264, -78125, -57344, 78125, 0, 0, 0, 0, 0, 0]    P(5) = -31/4    L(Phi,5) = 31/8 * zeta(5)
    c_d = [7, -622, 15463, -15625, -14848, 0, 15625, 0, 0, 0, 0, 0]    P(5) = -713/256    L(Phi,5) = 713/512 * zeta(5)
    c_d = [313, -27573, 656292, -625000, -629032, 0, 0, 0, 625000, 0, 0, 0]    P(5) = -129983/1024    L(Phi,5) = 129983/2048 * zeta(5)
    c_d = [42021, -3419941, 47467264, 0, -44089344, 0, 0, -1220703125, 0, 1220703125, 0, 0]    P(5) = -19964    L(Phi,5) = 9982 * zeta(5)
    c_d = [10557, -858572, 11883663, 0, -11035648, 0, 0, -244140625, 0, 0, 244140625, 0]    P(5) = -643839/128    L(Phi,5) = 643839/256 * zeta(5)
    c_d = [221969, -18048849, 249645396, 0, -231818516, 0, 0, -4882812500, 0, 0, 0, 4882812500]    P(5) = -108377829/1024    L(Phi,5) = 108377829/2048 * zeta(5)
N=200  genus X_0(N)=19  p=5  dim(purified)=8  dim(purified & slope)=5  divisors=[1, 2, 4, 5, 8, 10, 20, 25, 40, 50, 100, 200]
    c_d = [21, -1920, 57344, -78146, 0, 1920, -57344, 78125, 0, 0, 0, 0]    P(5) = -24992/3125    L(Phi,5) = 12496/3125 * zeta(5)
    c_d = [1, -84, 1344, -1, -4096, 84, -1344, 0, 4096, 0, 0, 0]    P(5) = -5467/12500    L(Phi,5) = 5467/25000 * zeta(5)
    c_d = [14, -1155, 16896, -14, 0, -76970, -16896, 0, 0, 78125, 0, 0]    P(5) = -39831/6250    L(Phi,5) = 39831/12500 * zeta(5)
    c_d = [33, -2660, 35112, -33, 0, 2660, -660112, 0, 0, 0, 625000, 0]    P(5) = -400653/25000    L(Phi,5) = 400653/50000 * zeta(5)
    c_d = [41257, -3457140, 54768448, -41257, -160000000, 3457140, -54768448, 0, 0, 0, 0, 160000000]    P(5) = -227154631/12500    L(Phi,5) = 227154631/25000 * zeta(5)

DONE
