[0;31m  ***   Warning: new maximum stack size = 8000000000 (7629.395 Mbytes).[0m
n  v2(h)/n   v2(h)-24n   v2(w)/n   v2(w)+2n   check
  1   38.0000    +14.000   -1.0000     +0.000  ok
  2   33.5000    +19.000   -3.0000     +0.000  ok
  3   32.3333    +25.000   -4.0000     +0.000  ok
  4   30.0000    +24.000   -7.0000     +0.000  ok
  7   28.2857    +30.000  -12.0000     +0.000  ok
 14   26.5000    +35.000  -26.0000     +0.000  ok
 21   25.5238    +32.000  -43.0000     +0.000  ok
 28   25.4286    +40.000  -54.0000     +0.000  ok
 35   25.1143    +39.000  -69.0000     +0.000  ok
 42   24.8810    +37.000  -85.0000     +0.000  ok
 49   24.8980    +44.000  -97.0000     +0.000  ok
 56   24.8036    +45.000  -110.0000     +0.000  ok
 63   24.7143    +45.000  -124.0000     +0.000  ok
 70   24.6286    +44.000  -139.0000     +0.000  ok
 77   24.5584    +43.000  -154.0000     +0.000  ok
 84   24.5000    +42.000  -169.0000     +0.000  ok
 91   24.5714    +52.000  -178.0000     +0.000  ok
 98   24.5000    +49.000  -195.0000     +0.000  ok

v_2 profile of the rational Hadamard minor w_n = az_n*bn_n - an_n*bz_n:
  n=  1  v2(w_n)=     -1   v2(w_n)/n= -1.00000   v2(h_n)=     38  v2(h_n)/n= 38.00000  ez+14n=    31  4v2(D)=  8
  n=  2  v2(w_n)=     -3   v2(w_n)/n= -1.50000   v2(h_n)=     67  v2(h_n)/n= 33.50000  ez+14n=    58  4v2(D)= 12
  n=  3  v2(w_n)=     -4   v2(w_n)/n= -1.33333   v2(h_n)=     97  v2(h_n)/n= 32.33333  ez+14n=    85  4v2(D)= 16
  n=  4  v2(w_n)=     -7   v2(w_n)/n= -1.75000   v2(h_n)=    120  v2(h_n)/n= 30.00000  ez+14n=   111  4v2(D)= 16
  n=  7  v2(w_n)=    -12   v2(w_n)/n= -1.71429   v2(h_n)=    198  v2(h_n)/n= 28.28571  ez+14n=   190  4v2(D)= 20
  n= 14  v2(w_n)=    -26   v2(w_n)/n= -1.85714   v2(h_n)=    371  v2(h_n)/n= 26.50000  ez+14n=   373  4v2(D)= 24
  n= 21  v2(w_n)=    -43   v2(w_n)/n= -2.04762   v2(h_n)=    536  v2(h_n)/n= 25.52381  ez+14n=   555  4v2(D)= 24
  n= 28  v2(w_n)=    -54   v2(w_n)/n= -1.92857   v2(h_n)=    712  v2(h_n)/n= 25.42857  ez+14n=   738  4v2(D)= 28
  n= 35  v2(w_n)=    -69   v2(w_n)/n= -1.97143   v2(h_n)=    879  v2(h_n)/n= 25.11429  ez+14n=   920  4v2(D)= 28
  n= 42  v2(w_n)=    -85   v2(w_n)/n= -2.02381   v2(h_n)=   1045  v2(h_n)/n= 24.88095  ez+14n=  1102  4v2(D)= 28
  n= 49  v2(w_n)=    -97   v2(w_n)/n= -1.97959   v2(h_n)=   1220  v2(h_n)/n= 24.89796  ez+14n=  1285  4v2(D)= 32
  n= 56  v2(w_n)=   -110   v2(w_n)/n= -1.96429   v2(h_n)=   1389  v2(h_n)/n= 24.80357  ez+14n=  1467  4v2(D)= 32
  n= 63  v2(w_n)=   -124   v2(w_n)/n= -1.96825   v2(h_n)=   1557  v2(h_n)/n= 24.71429  ez+14n=  1649  4v2(D)= 32
  n= 70  v2(w_n)=   -139   v2(w_n)/n= -1.98571   v2(h_n)=   1724  v2(h_n)/n= 24.62857  ez+14n=  1831  4v2(D)= 32
  n= 77  v2(w_n)=   -154   v2(w_n)/n= -2.00000   v2(h_n)=   1891  v2(h_n)/n= 24.55844  ez+14n=  2013  4v2(D)= 32
  n= 84  v2(w_n)=   -169   v2(w_n)/n= -2.01190   v2(h_n)=   2058  v2(h_n)/n= 24.50000  ez+14n=  2195  4v2(D)= 32
  n= 91  v2(w_n)=   -178   v2(w_n)/n= -1.95604   v2(h_n)=   2236  v2(h_n)/n= 24.57143  ez+14n=  2378  4v2(D)= 36
  n= 98  v2(w_n)=   -195   v2(w_n)/n= -1.98980   v2(h_n)=   2401  v2(h_n)/n= 24.50000  ez+14n=  2560  4v2(D)= 36

min over n<=98 of  v2(h_n) - 24n  = 14  at n = 1
v2(h_n) - 24n at n = 20,40,60,80,98: [33, 38, 45, 43, 49]
least-squares slope of v2(h_n) on n in [50,98]: 
   slope = 24.131224   intercept = 35.8200
