[0;31m  ***   Warning: new maximum stack size = 12000002048 (11444.094 Mbytes).[0m
== order search, joint on the four products, n = 1..392 ==
[0;31m  ***   Warning: increasing stack size to 16000000.[0m
[0;31m  *** matrix: Warning: increasing stack size to 32000000.[0m
[0;31m  ***   Warning: increasing stack size to 64000000.[0m
[0;31m  ***   Warning: increasing stack size to 128000000.[0m
[0;31m  ***   Warning: increasing stack size to 256000000.[0m
[0;31m  *** matker: Warning: increasing stack size to 512000000.[0m
[0;31m  *** matker: Warning: increasing stack size to 1024000000.[0m
   r=2 d=300 nullity=0
  -> r=2 minimal d = -1 nullity 0
   r=3 d=300 nullity=0
  -> r=3 minimal d = -1 nullity 0
   r=4 d=300 nullity=205
   r=4 d=150 nullity=55
   r=4 d=75 nullity=0
   r=4 d=113 nullity=18
   r=4 d=94 nullity=0
   r=4 d=104 nullity=9
   r=4 d=99 nullity=4
   r=4 d=97 nullity=2
   r=4 d=96 nullity=1
   r=4 d=95 nullity=0
  -> r=4 minimal d = 96 nullity 1
   r=5 d=256 nullity=388
   r=5 d=128 nullity=132
   r=5 d=64 nullity=4
   r=5 d=32 nullity=0
   r=5 d=48 nullity=0
   r=5 d=56 nullity=0
   r=5 d=60 nullity=0
   r=5 d=62 nullity=0
   r=5 d=63 nullity=2
  -> r=5 minimal d = 63 nullity 2
