[0;31m  ***   Warning: new maximum stack size = 12000002048 (11444.094 Mbytes).[0m
   realprecision = 4007 significant digits (4000 digits displayed)
=== Zudilin row in its own index m (no 3-section) ===
 m   v2(den Q_m)/m   v2(den P_m)/m   sharp k (D_{2m-1}^k)  Pmax/m   log|Q_m|/m  log|Q_mG-P_m|/m
 200     -3.9700     -3.9750    2     1.9850     2.37077   -2.43818
 400     -3.9850     -3.9875    2     1.9925     2.38668   -2.42385
 600     -3.9867     -3.9883    2     1.9883     2.39247   -2.41860
 800     -3.9925     -3.9938    2     1.9963     2.39550   -2.41582
1000     -3.9880     -3.9890    2     1.9990     2.39739   -2.41409
1200     -3.9933     -3.9942    2     1.9992     2.39868   -2.41291
 targets: log|Q|/m -> 5log(phi) = 2.40606 ; singular points phi^-5 = 0.090170, -phi^5 = -11.090170

=== Nesterenko (4,7) row in its own index n ===
 n   v2(den a^N)/n  v2(den b^N)/n  sharp k (D_{6n}^k)  Pmax/n   log|a^N|/n  log|a^N G-b^N|/n
 100    -13.9000    -13.9100    2     5.9900     7.59568   -7.35840
 200    -13.9500    -13.9550    2     5.9650     7.61973   -7.33812
 300    -13.9633    -13.9667    2     5.9633     7.62871   -7.33040
 400    -13.9750    -13.9775    2     5.9975     7.63349   -7.32625

=== Zudilin 3-section (the aligned row used on the Hadamard host) ===
 100    -11.9200    -11.9300    2     5.9900     7.14355   -7.28648
 200    -11.9600    -11.9650    2     5.9650     7.17740   -7.25579
 300    -11.9733    -11.9767    2     5.9633     7.18964   -7.24460
 400    -11.9800    -11.9825    2     5.9975     7.19605   -7.23872
