  ***   Warning: new maximum stack size = 4000002048 (3814.699 Mbytes).
=== 14. AESZ 207
  A_0..A_4 : [1, -2320, 57601296, -2373661139200, 121665506430000400]
  A_1 = -2320 ? 1    A_2 = 57601296 ? 1
  A_n integral for n<=200 ? yes
  leading coeffs c0..c4 = [1, -17152, -6696206336, 255108172480512, -47569271064100864]
  charpoly = x^4 - 17152*x^3 - 6696206336*x^2 + 255108172480512*x - 47569271064100864
  claimed factorisation (x-53248)^2 (x^2+89344x-2^24) = x^4 - 17152*x^3 - 6696206336*x^2 + 255108172480512*x - 47569271064100864
  EXACT MATCH ? 1
  factor over Q : [x - 53248, 2; x^2 + 89344*x - 16777216, 1]
  53248 = 2^12*13 ? 1
  roots : [-89531.3892067201467820569392329979580336015275720649903262571 + 0.E-77*I, 187.389206720146782056939232997958033601527572064990326257133 + 0.E-77*I, 53248.0000000000000000000000000000000000000000000000000000000 + 0.E-77*I, 53248.0000000000000000000000000000000000000000000000000000000 + 0.E-77*I]~
  -2^7(349+85 sqrt17) = -89531.3892067201467820569392329979580336015275720649903262571    -2^7(349-85 sqrt17) = 187.389206720146782056939232997958033601527572064990326257133
  quadratic factor disc = 8049459200 = 2^?*17: [2, 16; 5, 2; 17, 3]
  N_{Q(sqrt17)/Q} of 2^7(349+85 sqrt17) = -16777216  |N| = 16777216 = 2^24 ? 1
  |N|^(1/2) = 4096.00000000000000000000000000000000000000000000000000000000 = 4096 = 2^12
  (i)  row over Q, one archimedean place; lambda_1 = 89531.3892067201467820569392329979580336015275720649903262571, lambda_2 = 53248 (double)
       rho = 1/53248 = 1.87800480769230769230769230769230769230769230769230769230769 E-5  log rho = -10.8827155241808804490602728990634374217112695570832701658672  margin (k=4) = -14.8827155241808804490602728990634374217112695570832701658672
  (ii) counterfactual Q(sqrt17) 2-place geometric mean = 4096.00000000000000000000000000000000000000000000000000000000 = 4096
       log(4096) = 8.31776616671934371300678545749811881690600161232306304944816  margin = log4096 - 4 = 4.31776616671934371300678545749811881690600161232306304944816
       12*log2 = 8.31776616671934371300678545749811881690600161232306304944816
  companion (0,1,0,0), recurrence imposed n>=4: sharp k (n<=150) = 4  first fail at k-1: n=5
