[0;31m  ***   Warning: new maximum stack size = 4000002048 (3814.699 Mbytes).[0m
[0;31m[0;31m  ***   syntax error, unexpected end of file, expecting )-> or ',' or ')': 
[0;31m  ***   ...[0;35mb);b=v[2]/2;a=v[1]+v[2]/2[0;35m;
[0;31m[0;31m  ***                               ^-[0m
... skipping file 'beukers_thm4b.gp'
[0;31m[0;31m  ***   syntax error, unexpected ')', expecting end of file: ...[0;35m" = ",a," + 
[0;31m  ***   ",b,"*sqrt5")[0;35m);
[0;31m[0;31m  ***                ^--[0m
[0;31m[0;31m  ***   syntax error, unexpected end of file, expecting )-> or ',' or ')': 
[0;31m  ***   [0;35mfor(k=0,8,my(ok=1)[0;35m;
[0;31m[0;31m  ***                     ^-[0m
[0;31m  *** _^_: Warning: normalizing a series with 0 leading term.[0m
[0;31m[0;31m  ***   syntax error, unexpected ')', expecting end of file: 
[0;31m  ***   [0;35mif(ok,sharpk=k;break)[0;35m);
[0;31m[0;31m  ***                        ^--[0m
sharp k for Beukers companion c_n (n<=200) = -1
[0;31m[0;31m  ***   syntax error, unexpected end of file, expecting )-> or ',' or ')': 
[0;31m  ***   [0;35mfor(k=0,4,my(bad=-1)[0;35m;
[0;31m[0;31m  ***                       ^-[0m
[0;31m  *** _^_: Warning: normalizing a series with 0 leading term.[0m
[0;31m[0;31m  ***   syntax error, unexpected ')', expecting end of file: ...[0;35m= 
[0;31m  ***   ",if(bad<0,"none",bad))[0;35m);
[0;31m[0;31m  ***                          ^--[0m
  d_n itself integral for all n<=200 : 1
c_300/d_300 at v1 = 0.014805947473517008922566505377091924455617885151229656163903032468353374462068760439150322849084509874996163687157295684009388744601212623624570795548027841066109569104832895461684189653709411029256644
[0;31m[0;31m  ***   at top-level: ...[0;35m=200 value (digits) = ",-[0;35mlog(abs(lim-lim2))/lo
[0;31m[0;31m  ***                                             ^---------------------
  *** log: domain error in log: argument = 0[0m
zeta(3) = 1.2020569031595942853997381615114499907649862923404988817922715553418382057863130901864558736093352581461991577952607194184919959986732832137763968372079001614539417829493600667191915755222424942439616
L(3,chi5) = 0.85482476664854301023569008353813769713839646493700528273070249938112383341268942812842095671870978742851405277159571834950522951917083621102652159976082027889874210061225173021510232283144512627757162
  direct partial sum to 4000: 0.85482476664853832274057288745051600055798090739673557439733770560768505483101015762149605616033774881123893009265969116023983738056453959467562816904546876585800161765966524639701215046935872296910807  diff 4.6874951171960876216965804155575402697083333647937734387785816792705069249005583720386172751226789360271892653921386062966163508934307153515130407404829525864838180901723620864033084635515257378262113 E-15
basis test lindep([lim,1,zeta3,sqrt5*L3]) = [4, 0, -8, 5]~
lindep([lim,zeta3,sqrt5*L3]) = [4, -8, 5]~
Beukers A := -(2/5)(8 zeta3 - 5 sqrt5 L3) = -0.0236895159576272142761064086033470791289886162419674498622448519493653991393100167026405166
lim / that = -0.625000000000000000000000000000000000000000000000000000000000000000000000000000000000000000
8*zeta3 - 5*sqrt5*L3 = 0.0592237898940680356902660215083676978224715406049186246556121298734134978482750417566012914
lim/(8 z3 - 5 s5 L3) = 0.250000000000000000000000000000000000000000000000000000000000000000000000000000000000000000
lindep([lim, 8*z3-5*s5L]) = [-4, 1]~
