[0;31m  ***   Warning: new maximum stack size = 4000002048 (3814.699 Mbytes).[0m
check s5^2 = 5
d_0 = 1   (in basis 1,w)
[0;31m[0;31m  ***   syntax error, unexpected end of file, expecting )-> or ',' or ')': 
[0;31m  ***   ...[0;35mr(j=1,3,my(v=co(dd[j+1]))[0;35m;
[0;31m[0;31m  ***                               ^-[0m
... skipping file 'beukers_thm4.gp'
[0;31m[0;31m  ***   syntax error, unexpected ')', expecting end of file: ...[0;35m/2," + 
[0;31m  ***   ",v[2]/2,"*sqrt5")[0;35m);
[0;31m[0;31m  ***                     ^--[0m
printed d_1 = 34 + 15 sqrt5 : 1
printed d_2 = 7111 + 3180 sqrt5 : 1
printed d_3 = 2040334 + 912465 sqrt5 : 1
first non-integral d_n for n<=300 : NONE (all integral in Z[w])
first d_n NOT in Z[sqrt5] (odd w-coefficient), n<=300 : NONE
derived char poly : lam^2 - (220*y + 138) lam + 1   [2*A = 493.967477524976744900000000000000000000000000000000000000000000000000000000000000000000000000000000000000000000000000000]
  2A in a+b sqrt5 form: 248 + 110*sqrt5   ; matches 248+110sqrt5 : 1
v1 (sqrt5->+2.2360679...) trace = 493.967477524976866605009103560440385898468019557267829669799
  roots: 493.965453091904187843965037193676477066833035760879891619376  and  0.00202443307267876104406636676390883163498379638793805042227958
v2 (sqrt5->-2.2360679...) trace = 2.03252247502313339499089643955961410153198044273217033020130
  roots: 1.19733277825870061570520501991715891206360693969050568280042  and  0.835189696764432779285691419642455189468373503041664647400880
product of roots at v1 = 1.00000000000000000000000000000000000000000000000000000000000 ; at v2 = 1.00000000000000000000000000000000000000000000000000000000000
rho_v1 = 493.965453091904187843965037193676477066833035760879891619376
rho_v2 = 0.835189696764432779285691419642455189468373503041664647400880   (= 1/1.19733277825870061570520501991715891206360693969050568280042)
geometric mean sqrt(rho1*rho2) = 20.3114464521838794346406303753621642243816231933131729412609
e^3 = 20.0855369231876677409285296545817178969879078385541501443789
margin (log) = (1/2)(log rho1 + log rho2) - 3 = 0.0111845917754094649524724788837949480790855045065236945377979
ratio  gm/e^3 = 1.01124737316508633343039205156929271436819433449171122266295
counterfactual rho_v2' = 1.19733277825870061570520501991715891206360693969050568280042
  gm' = sqrt(591.441028314347497393024670620351978569646913902697756316066) = 24.3195606110461522333386071016895856476875678005318397534722
  margin' = 0.191280989954746220966486651862176298870022327050816720295205   ratio' = 1.21079962681856579028412463965517732712440926821944661840839
[0;31m[0;31m  ***   at top-level: ...[0;35m; is it a square in K? ",[0;35missquare(disc))
[0;31m[0;31m  ***                                             ^---------------
  *** issquare: sorry, ispower for general t_POLMOD is not yet implemented.[0m
