  ***   Warning: new maximum stack size = 4000002048 (3814.699 Mbytes).
=== 12. Sym^2 of Zagier D
  Zagier D a_n : [1, 3, 19, 147, 1251, 11253, 104959, 1004307]
  Sym^2  A_n   : [1, 6, 47, 408, 3745, 35598, 346583, 3433776]
  A_n integral for n<=260 : yes
  CDT_FINDER 5-term recurrence residual sum over 0<=n<=255 : 0
  charpoly = x^4 - 22*x^3 + 119*x^2 + 22*x + 1   factor over Q : Mat([x^2 - 11*x - 1, 2])
  roots : [-0.0901699437494742410229341718281905886015458990288143106772431 + 0.E-77*I, -0.0901699437494742410229341718281905886015458990288143106772431 + 0.E-77*I, 11.0901699437494742410229341718281905886015458990288143106772 + 0.E-77*I, 11.0901699437494742410229341718281905886015458990288143106772 + 0.E-77*I]~
  phi^5 = 11.0901699437494742410229341718281905886015458990288143106772  -phi^-5 = -0.0901699437494742410229341718281905886015458990288143106772431
  companion (b0,b1,b2,b3)=(0,1,0,0): sharp k (n<=150) = 3   first fail at k-1: n=5
  B_n/A_n at n=200 : -0.0131531337981291956545690200461345533635291571080913000122418
  second-largest DISTINCT |root| = 0.0901699437494742410229341718281905886015458990288143106772431  rho = 11.0901699437494742410229341718281905886015458990288143106772  margin = -0.593940874701982762511205432878157884324078328071697401694909
  with-multiplicity reading lambda_2 = phi^5 : margin = -5.40605912529801723748879456712184211567592167192830259830509

=== 13. AESZ 184
  u_0..u_6 : [1, 10, 210, 5500, 159250, 4852260, 151466700]
  u_n integral for n<=200 : yes
  companion b0=0,b1=1: sharp k (n<=150) = 3  first fail at k-1: n=2
  charpoly = x^2 - 88*x + 2000  factor: Mat([x^2 - 88*x + 2000, 1])  disc = -256
  roots : [44.0000000000000000000000000000000000000000000000000000000000 - 8.00000000000000000000000000000000000000000000000000000000000*I, 44.0000000000000000000000000000000000000000000000000000000000 + 8.00000000000000000000000000000000000000000000000000000000000*I]~   |root| = sqrt(2000) = 44.7213595499957939281834733746255247088123671922305144854179
  margin = -log|l2| - k = -6.80045122977104118073560324275563459543940230012328709111033   (complex conjugate pair: no fold)
  b_n/u_n at n=200 : 0.309641971927215384054712481012718140621253331072874843546801
