  ***   Warning: new maximum stack size = 4000002048 (3814.699 Mbytes).
=== 1. Zagier B  P=9n^2+9n+3, Q=27n^2
  charpoly            : x^2 - 9*x + 27
  factorisation over Q: Mat([x^2 - 9*x + 27, 1])
  disc                : -27
  roots               : [4.50000000000000000000000000000000000000000000000000000000000 - 2.59807621135331594029116951225880855041420788071557094208371*I, 4.50000000000000000000000000000000000000000000000000000000000 + 2.59807621135331594029116951225880855041420788071557094208371*I]~
  |roots|             : [5.19615242270663188058233902451761710082841576143114188416742, 5.19615242270663188058233902451761710082841576143114188416742]
  distinct |roots|    : [5.19615242270663188058233902451761710082841576143114188416742]
  lambda_1, lambda_2  : 5.19615242270663188058233902451761710082841576143114188416742, 5.19615242270663188058233902451761710082841576143114188416742
  row integral? first non-integral n<=150 : -1
  u_0..u_5            : [1, 3, 9, 21, 9, -297]
  sharp k (companion b0=0,b1=1, n<=150) = 2   first fail at k-1: n=2
  rho = 1/|lambda_2|  : 0.192450089729875254836382926833985818549200583756708958672867
  score = -log|l2| - k: -3.64791843300216453709286785538378855697123583673412417760204
  complex pair?       : YES (|l1|=|l2|, no fold possible)

=== 2. Zagier D (Apery zeta(2))  P=11n^2+11n+3, Q=-n^2
  charpoly            : x^2 - 11*x - 1
  factorisation over Q: Mat([x^2 - 11*x - 1, 1])
  disc                : 125
  roots               : [-0.0901699437494742410229341718281905886015458990288143106772431 + 0.E-77*I, 11.0901699437494742410229341718281905886015458990288143106772 + 0.E-77*I]~
  |roots|             : [11.0901699437494742410229341718281905886015458990288143106772, 0.0901699437494742410229341718281905886015458990288143106772431]
  distinct |roots|    : [11.0901699437494742410229341718281905886015458990288143106772, 0.0901699437494742410229341718281905886015458990288143106772431]
  lambda_1, lambda_2  : 11.0901699437494742410229341718281905886015458990288143106772, 0.0901699437494742410229341718281905886015458990288143106772431
  row integral? first non-integral n<=150 : -1
  u_0..u_5            : [1, 3, 19, 147, 1251, 11253]
  sharp k (companion b0=0,b1=1, n<=150) = 2   first fail at k-1: n=2
  rho = 1/|lambda_2|  : 11.0901699437494742410229341718281905886015458990288143106772
  score = -log|l2| - k: 0.406059125298017237488794567121842115675921671928302598305091
  complex pair?       : no

=== 3. Zagier E  P=12n^2+12n+4, Q=32n^2
  charpoly            : x^2 - 12*x + 32
  factorisation over Q: [x - 8, 1; x - 4, 1]
  disc                : 16
  roots               : [4.00000000000000000000000000000000000000000000000000000000000 + 0.E-77*I, 8.00000000000000000000000000000000000000000000000000000000000 + 0.E-77*I]~
  |roots|             : [8.00000000000000000000000000000000000000000000000000000000000, 4.00000000000000000000000000000000000000000000000000000000000]
  distinct |roots|    : [8.00000000000000000000000000000000000000000000000000000000000, 4.00000000000000000000000000000000000000000000000000000000000]
  lambda_1, lambda_2  : 8.00000000000000000000000000000000000000000000000000000000000, 4.00000000000000000000000000000000000000000000000000000000000
  row integral? first non-integral n<=150 : -1
  u_0..u_5            : [1, 4, 20, 112, 676, 4304]
  sharp k (companion b0=0,b1=1, n<=150) = 2   first fail at k-1: n=3
  rho = 1/|lambda_2|  : 0.250000000000000000000000000000000000000000000000000000000000
  score = -log|l2| - k: -3.38629436111989061883446424291635313615100026872051050824136
  complex pair?       : no

=== 4. Herfurtner #4  P=117n^2+78n+21, Q=441(3n-1)^2
  charpoly            : x^2 - 117*x + 3969
  factorisation over Q: Mat([x^2 - 117*x + 3969, 1])
  disc                : -2187
  roots               : [58.5000000000000000000000000000000000000000000000000000000000 - 23.3826859021798434626205256103292769537278709264401384787534*I, 58.5000000000000000000000000000000000000000000000000000000000 + 23.3826859021798434626205256103292769537278709264401384787534*I]~
  |roots|             : [63.0000000000000000000000000000000000000000000000000000000000, 63.0000000000000000000000000000000000000000000000000000000000]
  distinct |roots|    : [63.0000000000000000000000000000000000000000000000000000000000]
  lambda_1, lambda_2  : 63.0000000000000000000000000000000000000000000000000000000000, 63.0000000000000000000000000000000000000000000000000000000000
  row integral? first non-integral n<=150 : -1
  u_0..u_5            : [1, 21, 693, 23940, 734643, 13697019]
  sharp k (companion b0=0,b1=1, n<=150) = 2   first fail at k-1: n=13
  rho = 1/|lambda_2|  : 0.0158730158730158730158730158730158730158730158730158730158730
  score = -log|l2| - k: -6.14313472639153268789584321728823113893206584522736009192878
  complex pair?       : YES (|l1|=|l2|, no fold possible)

=== 5. Herfurtner #6  P=72n^2+36n+6, Q=108(4n-1)(4n-3)
  charpoly            : x^2 - 72*x + 1728
  factorisation over Q: Mat([x^2 - 72*x + 1728, 1])
  disc                : -1728
  roots               : [36.0000000000000000000000000000000000000000000000000000000000 - 20.7846096908265275223293560980704684033136630457245675366697*I, 36.0000000000000000000000000000000000000000000000000000000000 + 20.7846096908265275223293560980704684033136630457245675366697*I]~
  |roots|             : [41.5692193816530550446587121961409368066273260914491350733394, 41.5692193816530550446587121961409368066273260914491350733394]
  distinct |roots|    : [41.5692193816530550446587121961409368066273260914491350733394]
  lambda_1, lambda_2  : 41.5692193816530550446587121961409368066273260914491350733394, 41.5692193816530550446587121961409368066273260914491350733394
  row integral? first non-integral n<=150 : -1
  u_0..u_5            : [1, 6, 90, 1140, -5850, -1265004]
  sharp k (companion b0=0,b1=1, n<=150) = 2   first fail at k-1: n=5
  rho = 1/|lambda_2|  : 0.0240562612162344068545478658542482273186500729695886198341084
  score = -log|l2| - k: -5.72735997468200046534456421975831826119773623981488993996408
  complex pair?       : YES (|l1|=|l2|, no fold possible)

=== 6. sqrt(AZ(7,3,81))  P=56n^2+28n+6, Q=324(2n-1)^2
  charpoly            : x^2 - 56*x + 1296
  factorisation over Q: Mat([x^2 - 56*x + 1296, 1])
  disc                : -2048
  roots               : [28.0000000000000000000000000000000000000000000000000000000000 - 22.6274169979695207808270195873551692571147500060311691708269*I, 28.0000000000000000000000000000000000000000000000000000000000 + 22.6274169979695207808270195873551692571147500060311691708269*I]~
  |roots|             : [36.0000000000000000000000000000000000000000000000000000000000, 36.0000000000000000000000000000000000000000000000000000000000]
  distinct |roots|    : [36.0000000000000000000000000000000000000000000000000000000000]
  lambda_1, lambda_2  : 36.0000000000000000000000000000000000000000000000000000000000, 36.0000000000000000000000000000000000000000000000000000000000
  row integral? first non-integral n<=150 : -1
  u_0..u_5            : [1, 6, 54, -228, -35802, -1307340]
  sharp k (companion b0=0,b1=1, n<=150) = 2   first fail at k-1: n=11
  rho = 1/|lambda_2|  : 0.0277777777777777777777777777777777777777777777777777777777778
  score = -log|l2| - k: -5.58351893845611000162495471676140454544598138436600941171075
  complex pair?       : YES (|l1|=|l2|, no fold possible)

=== 7. Beukers/sqrt(Apery)  P=136n^2+68n+10, Q=4(2n-1)^2
  charpoly            : x^2 - 136*x + 16
  factorisation over Q: Mat([x^2 - 136*x + 16, 1])
  disc                : 18432
  roots               : [0.117749006091437657518941237934492228655749981906492487519373 + 0.E-77*I, 135.882250993908562342481058762065507771344250018093507512481 + 0.E-77*I]~
  |roots|             : [135.882250993908562342481058762065507771344250018093507512481, 0.117749006091437657518941237934492228655749981906492487519373]
  distinct |roots|    : [135.882250993908562342481058762065507771344250018093507512481, 0.117749006091437657518941237934492228655749981906492487519373]
  lambda_1, lambda_2  : 135.882250993908562342481058762065507771344250018093507512481, 0.117749006091437657518941237934492228655749981906492487519373
  row integral? first non-integral n<=150 : -1
  u_0..u_5            : [1, 10, 534, 40900, 3672550, 360764460]
  sharp k (companion b0=0,b1=1, n<=150) = 2   first fail at k-1: n=5
  rho = 1/|lambda_2|  : 8.49264068711928514640506617262909423570901562613084421953004
  score = -log|l2| - k: 0.139199986958281482095973057002816099961641044326031134771822
  complex pair?       : no

=== 8. Apery zeta(3)
  charpoly            : x^2 - 34*x + 1
  factorisation over Q: Mat([x^2 - 34*x + 1, 1])
  disc                : 1152
  roots               : [0.0294372515228594143797353094836230571639374954766231218798431 + 0.E-77*I, 33.9705627484771405856202646905163769428360625045233768781202 + 0.E-77*I]~
  |roots|             : [33.9705627484771405856202646905163769428360625045233768781202, 0.0294372515228594143797353094836230571639374954766231218798431]
  distinct |roots|    : [33.9705627484771405856202646905163769428360625045233768781202, 0.0294372515228594143797353094836230571639374954766231218798431]
  lambda_1, lambda_2  : 33.9705627484771405856202646905163769428360625045233768781202, 0.0294372515228594143797353094836230571639374954766231218798431
  row integral? first non-integral n<=150 : -1
  u_0..u_5            : [1, 5, 73, 1445, 33001, 819005]
  sharp k (companion b0=0,b1=1, n<=150) = 3   first fail at k-1: n=2
  rho = 1/|lambda_2|  : 33.9705627484771405856202646905163769428360625045233768781202
  score = -log|l2| - k: 0.525494348078172100930437299919169236112641313046541643013182
  complex pair?       : no

=== 9. AZ eta (11,5,125)
  charpoly            : x^2 - 22*x + 125
  factorisation over Q: Mat([x^2 - 22*x + 125, 1])
  disc                : -16
  roots               : [11.0000000000000000000000000000000000000000000000000000000000 - 2.00000000000000000000000000000000000000000000000000000000000*I, 11.0000000000000000000000000000000000000000000000000000000000 + 2.00000000000000000000000000000000000000000000000000000000000*I]~
  |roots|             : [11.1803398874989484820458683436563811772030917980576286213545, 11.1803398874989484820458683436563811772030917980576286213545]
  distinct |roots|    : [11.1803398874989484820458683436563811772030917980576286213545]
  lambda_1, lambda_2  : 11.1803398874989484820458683436563811772030917980576286213545, 11.1803398874989484820458683436563811772030917980576286213545
  row integral? first non-integral n<=150 : -1
  u_0..u_5            : [1, 5, 35, 275, 2275, 19255]
  sharp k (companion b0=0,b1=1, n<=150) = 3   first fail at k-1: n=2
  rho = 1/|lambda_2|  : 0.0894427190999915878563669467492510494176247343844610289708359
  score = -log|l2| - k: -5.41415686865115056190113899983928145928840203140277658286897
  complex pair?       : YES (|l1|=|l2|, no fold possible)

=== 10. AZ delta (7,3,81)
  charpoly            : x^2 - 14*x + 81
  factorisation over Q: Mat([x^2 - 14*x + 81, 1])
  disc                : -128
  roots               : [7.00000000000000000000000000000000000000000000000000000000000 - 5.65685424949238019520675489683879231427868750150779229270672*I, 7.00000000000000000000000000000000000000000000000000000000000 + 5.65685424949238019520675489683879231427868750150779229270672*I]~
  |roots|             : [9.00000000000000000000000000000000000000000000000000000000000, 9.00000000000000000000000000000000000000000000000000000000000]
  distinct |roots|    : [9.00000000000000000000000000000000000000000000000000000000000]
  lambda_1, lambda_2  : 9.00000000000000000000000000000000000000000000000000000000000, 9.00000000000000000000000000000000000000000000000000000000000
  row integral? first non-integral n<=150 : -1
  u_0..u_5            : [1, 3, 9, 3, -279, -2997]
  sharp k (companion b0=0,b1=1, n<=150) = 3   first fail at k-1: n=2
  rho = 1/|lambda_2|  : 0.111111111111111111111111111111111111111111111111111111111111
  score = -log|l2| - k: -5.19722457733621938279049047384505140929498111564549890346939
  complex pair?       : YES (|l1|=|l2|, no fold possible)

=== 11. AZ(9,3,-27)
  charpoly            : x^2 - 18*x - 27
  factorisation over Q: Mat([x^2 - 18*x - 27, 1])
  disc                : 432
  roots               : [-1.39230484541326376116467804903523420165683152286228376833484 + 0.E-77*I, 19.3923048454132637611646780490352342016568315228622837683348 + 0.E-77*I]~
  |roots|             : [19.3923048454132637611646780490352342016568315228622837683348, 1.39230484541326376116467804903523420165683152286228376833484]
  distinct |roots|    : [19.3923048454132637611646780490352342016568315228622837683348, 1.39230484541326376116467804903523420165683152286228376833484]
  lambda_1, lambda_2  : 19.3923048454132637611646780490352342016568315228622837683348, 1.39230484541326376116467804903523420165683152286228376833484
  row integral? first non-integral n<=150 : -1
  u_0..u_5            : [1, 3, 27, 309, 4059, 57753]
  sharp k (companion b0=0,b1=1, n<=150) = 3   first fail at k-1: n=2
  rho = 1/|lambda_2|  : 0.718233512793083843006099187001304970431734500846751250679068
  score = -log|l2| - k: -3.33096053607734782846782150807582011294425386526660769783357
  complex pair?       : no

