[0;31m  ***   Warning: new stack size = 3000000000 (2861.023 Mbytes).[0m
t(q) = q - 16*q^2 + 122*q^3 - 568*q^4 + 1555*q^5 - 224*q^6 + O(q^7)
q(t) integral: 1
base: lam_1 = 88.7213595499957939281834733746255247088123671922305144854179, lam_2 = -0.721359549995793928183473374625524708812367192230514485417945, lambda = 2, t_1 = 0.0225424859373685602557335429570476471503864747572035776693108, t_2 = -2.77254248593736856025573354295704764715038647475720357766931

=== (i) the base form F = E_{2,5} ===
  E_{2,5}: lambda = 2, minimal recurrence order 2, degree 2
      char roots: [-0.721359549995793928183473374625524708812367192230514485417945, 88.7213595499957939281834733746255247088123671922305144854179]
      singular t = lambda/root: [-2.77254248593736856025573354295704764715038647475720357766931 + 0.E-76*I, 0.0225424859373685602557335429570476471503864747572035776693108 + 0.E-80*I]
      k' = 2,  xi' ~ 472098398621749096844385324788883087883435991050026691057431307650143814587450655004657720701181070052274297/2873275378080145110335301266274756513998128556897206384167497554650486555331811388452791069645918614324984000

=== (ii) the gauge family F*R(t)^2, R in Q(t) -- Q(x)-DEPENDENT by construction ===
  E_{2,5}*P(t)^2: lambda = 2, minimal recurrence order 6, degree 2
      char roots: [-1.44271909999158785636694674925104941762473438446102897083589, -1.44271909999158785636694674925104941762473438446102897083589, -0.721359549995793928183473374625524708812367192230514485417945, 88.7213595499957939281834733746255247088123671922305144854179, 177.442719099991587856366946749251049417624734384461028970836, 177.442719099991587856366946749251049417624734384461028970836]
      singular t = lambda/root: [-1.38627124296868428012786677147852382357519323737860178883466 + 0.E-77*I, -1.38627124296868428012786677147852382357519323737860178883466 + 0.E-77*I, -2.77254248593736856025573354295704764715038647475720357766931 + 0.E-76*I, 0.0225424859373685602557335429570476471503864747572035776693108 + 0.E-80*I, 0.0112712429686842801278667714785238235751932373786017888346554 + 0.E-81*I, 0.0112712429686842801278667714785238235751932373786017888346554 + 0.E-81*I]
  E_{2,5}*(1-t)^2 : lambda = 2, minimal recurrence order 2, degree 4
      char roots: [-0.721359549995793928183473374625524708812367192230514485417945, 88.7213595499957939281834733746255247088123671922305144854179]
      singular t = lambda/root: [-2.77254248593736856025573354295704764715038647475720357766931 + 0.E-76*I, 0.0225424859373685602557335429570476471503864747572035776693108 + 0.E-80*I]
      k' = 9,  xi' ~ 3314833528097614682374600971806256834804819395417437744584870117219331360755487103044577094001565929701966921817/16692347739953058794402169025221011395473850226146472674123212709894103996752885480713373515621555336915692040000

=== (iii) level-5 nebentypus M_2(Gamma_0(5),chi_5), dim 2 ===
  basis size 2
    basis[1] coefs 0..8: [0, 1, 1, 2, 3, 5, 2, 6, 5]
    basis[2] coefs 0..8: [-1/5, 1, -1, -2, 3, 1, 2, -6, -5]
  normalised E^{1,chi_5}: [1, -5, 5, 10, -15, -5, -10, 30, 25]
  E^{1,chi_5}: lambda = 4, minimal recurrence order 6, degree 4
      char roots: [-3.91996797437437129355028993503671137716735964786650093524755, -1.44271909999158785636694674925104941762473438446102897083589, -1.44271909999158785636694674925104941762473438446102897083589, 177.442719099991587856366946749251049417624734384461028970836, 177.442719099991587856366946749251049417624734384461028970836, 195.919967974374371293550289935036711377167359647866500935248]
      singular t = lambda/root: [-1.02041649986653318382057442674498287175607999816597135903775 + 0.E-77*I, -2.77254248593736856025573354295704764715038647475720357766931 + 0.E-77*I, -2.77254248593736856025573354295704764715038647475720357766931 + 0.E-77*I, 0.0225424859373685602557335429570476471503864747572035776693108 + 0.E-80*I, 0.0225424859373685602557335429570476471503864747572035776693108 + 0.E-80*I, 0.0204164998665331838205744267449828717560799981659713590377477 + 0.E-81*I]

=== (iv) one-parameter family  E^{1,chi_5} + s*E^{chi_5,1}, s in Q ===
  s = -6: lambda = 4, NO recurrence with order<=6, degree<=4
  s = -5: lambda = 2, NO recurrence with order<=6, degree<=4
  s = -4: lambda = 4, NO recurrence with order<=6, degree<=4
  s = -3: lambda = 2, NO recurrence with order<=6, degree<=4
  s = -2: lambda = 4, NO recurrence with order<=6, degree<=4
  s = -1: lambda = 2, NO recurrence with order<=6, degree<=4
  s = -1/2: lambda = 8, NO recurrence with order<=6, degree<=4
  s = -1/3: denominators not 2-powers (odd part up to 4710128697246244834921603689) -- not an R1 row
  s = -1/4: lambda = 16, NO recurrence with order<=6, degree<=4
  s = -1/5: denominators not 2-powers (odd part up to 867361737988403547205962240695953369140625) -- not an R1 row
  s = 1/5: denominators not 2-powers (odd part up to 867361737988403547205962240695953369140625) -- not an R1 row
  s = 1/4: lambda = 16, NO recurrence with order<=6, degree<=4
  s = 1/3: denominators not 2-powers (odd part up to 4710128697246244834921603689) -- not an R1 row
  s = 1/2: lambda = 8, NO recurrence with order<=6, degree<=4
  s = 1: lambda = 2, NO recurrence with order<=6, degree<=4
  s = 2: lambda = 4, NO recurrence with order<=6, degree<=4
  s = 3: lambda = 2, NO recurrence with order<=6, degree<=4
  s = 4: lambda = 4, NO recurrence with order<=6, degree<=4
  s = 5: lambda = 2, NO recurrence with order<=6, degree<=4
  s = 6: lambda = 4, NO recurrence with order<=6, degree<=4
  s = 8: lambda = 4, NO recurrence with order<=6, degree<=4
  s = -8: lambda = 4, NO recurrence with order<=6, degree<=4
  s = 10: lambda = 4, NO recurrence with order<=6, degree<=4
  s = -10: lambda = 4, NO recurrence with order<=6, degree<=4
  s = 12: lambda = 4, NO recurrence with order<=6, degree<=4
  s = -12: lambda = 4, NO recurrence with order<=6, degree<=4
  s = 16: lambda = 4, NO recurrence with order<=6, degree<=4
  s = -16: lambda = 4, NO recurrence with order<=6, degree<=4
  s = 20: lambda = 4, NO recurrence with order<=6, degree<=4
  s = -20: lambda = 4, NO recurrence with order<=6, degree<=4
  s = 24: lambda = 4, NO recurrence with order<=6, degree<=4
  s = -24: lambda = 4, NO recurrence with order<=6, degree<=4
  s = 25: lambda = 2, NO recurrence with order<=6, degree<=4
  s = -25: lambda = 2, NO recurrence with order<=6, degree<=4
  candidates surviving: 0
