[0;31m  ***   Warning: new stack size = 3000000000 (2861.023 Mbytes).[0m
P(t) = 1 - 44t - 16t^2, roots t_1,t_2 = [-2.7725424859373685602557335429570476472 + 0.E-38*I, 0.022542485937368560255733542957047647150 + 0.E-38*I]~

=== F * P(t)^b ===
    b = 1 (F*P): lambda=2, order 2, deg 4
        char roots [-0.72135954999579392818347337462552470881, 88.721359549995793928183473374625524709]
        k' = 10
    b = 2 (F*P^2): lambda=2, order 2, deg 4
        char roots [-0.72135954999579392818347337462552470881, 88.721359549995793928183473374625524709]
        k' = 10
    b = 3 (F*P^3): lambda=2, order 4, deg 2
        char roots [-0.72135954999579392818347337462552470881, -0.72135954999579392818347337462552470881, 88.721359549995793928183473374625524709, 88.721359549995793928183473374625524709]
        k' = 2

=== sqrt(P) alone (the new multiplier factor) ===
    sqrt(P): lambda = 1, odd denominators 1
    order 2 deg 1 roots [-0.36067977499789696409173668731276235441 + 0.E-38*I, 44.360679774997896964091736687312762354 + 0.E-38*I]~

=== are the level-10/15/20/25 order-2 hits just E_{2,5}? ===
  level 10 basis[2] IS E_{2,5}
  level 15 basis[2] IS E_{2,5}
  level 20 basis[3] IS E_{2,5}
  level 25 basis[4] IS E_{2,5}
