=== second-order rows: CDT inputs ===
Beukers sqrt-Apery               a_n in Z (n<=160): 1   k = 2 (sharp: d_n^1 b_n not in Z: 1)
      lam_1 = 135.882250993909   lam_2 = 0.117749006091   lam_1*lam_2 = 16
      x_2 = 1/lam_2 = 8.492640687119   4|x_2| = 33.970562748477   log 4|x_2| = 3.5254943481
      score = log(1/|lam_2|) - 2 = +0.139200
      xi = 0.100187449229339406167758682133
      |a_n xi - b_n|^(1/n) at n=159 : 0.10965490   (should be |lam_2| = 0.11774901)

level-5 Gamma_0(5)+5             a_n in Z (n<=160): 1   k = 2 (sharp: d_n^1 b_n not in Z: 1)
      lam_1 = 88.721359549996   lam_2 = -0.721359549996   lam_1*lam_2 = -64
      x_2 = 1/lam_2 = -1.386271242969   4|x_2| = 5.545084971875   log 4|x_2| = 1.7129119447
      score = log(1/|lam_2|) - 2 = -1.673382
      xi = 0.164306701064342158629932150027
      |a_n xi - b_n|^(1/n) at n=159 : 0.67242260   (should be |lam_2| = 0.72135955)

sqrt-T                           a_n in Z (n<=160): 1   k = 2 (sharp: d_n^1 b_n not in Z: 1)
      lam_1 = 23.313708498985   lam_2 = 0.686291501015   lam_1*lam_2 = 16
      x_2 = 1/lam_2 = 1.457106781187   4|x_2| = 5.828427124746   log 4|x_2| = 1.7627471740
      score = log(1/|lam_2|) - 2 = -1.623547
      xi = 0.528749455595766833775958063860
      |a_n xi - b_n|^(1/n) at n=159 : 0.64586037   (should be |lam_2| = 0.68629150)

sqrt-Domb                        a_n in Z (n<=160): 1   k = 2 (sharp: d_n^1 b_n not in Z: 1)
      lam_1 = 16.000000000000   lam_2 = 4.000000000000   lam_1*lam_2 = 64
      x_2 = 1/lam_2 = 0.250000000000   4|x_2| = 1.000000000000   log 4|x_2| = 0.0000000000
      score = log(1/|lam_2|) - 2 = -3.386294
      xi = 0.737292996185596240176426197802
      |a_n xi - b_n|^(1/n) at n=159 : 3.77175771   (should be |lam_2| = 4.00000000)

sqrt-Cooper s_7                  a_n in Z (n<=160): 1   k = 2 (sharp: d_n^1 b_n not in Z: 1)
      lam_1 = 27.000000000000   lam_2 = -1.000000000000   lam_1*lam_2 = -27
      x_2 = 1/lam_2 = -1.000000000000   4|x_2| = 4.000000000000   log 4|x_2| = 1.3862943611
      score = log(1/|lam_2|) - 2 = -2.000000
      xi = 0.467211768884373123942110051413
      |a_n xi - b_n|^(1/n) at n=159 : 0.93943765   (should be |lam_2| = 1.00000000)

Apery zeta(2) (calib)            a_n in Z (n<=160): 1   k = 2 (sharp: d_n^1 b_n not in Z: 1)
      lam_1 = 11.090169943749   lam_2 = -0.090169943749   lam_1*lam_2 = -1
      x_2 = 1/lam_2 = -11.090169943749   4|x_2| = 44.360679774998   log 4|x_2| = 3.7923534864
      score = log(1/|lam_2|) - 2 = +0.406059
      xi = 0.328986813369645287294483033329
      |a_n xi - b_n|^(1/n) at n=159 : 0.08656627   (should be |lam_2| = 0.09016994)

Zagier C = CDT (calib)           a_n in Z (n<=160): 1   k = 2 (sharp: d_n^1 b_n not in Z: 1)
      lam_1 = 9.000000000000   lam_2 = 1.000000000000   lam_1*lam_2 = 9
      x_2 = 1/lam_2 = 1.000000000000   4|x_2| = 4.000000000000   log 4|x_2| = 1.3862943611
      score = log(1/|lam_2|) - 2 = -2.000000
      xi = 0.390651206448243148433593714812
      |a_n xi - b_n|^(1/n) at n=159 : 0.96105649   (should be |lam_2| = 1.00000000)

Zagier E = Catalan (calib)       a_n in Z (n<=160): 1   k = 2 (sharp: d_n^1 b_n not in Z: 1)
      lam_1 = 8.000000000000   lam_2 = 4.000000000000   lam_1*lam_2 = 32
      x_2 = 1/lam_2 = 0.250000000000   4|x_2| = 1.000000000000   log 4|x_2| = 0.0000000000
      score = log(1/|lam_2|) - 2 = -3.386294
      xi = 0.457982797088609507527301757466
      |a_n xi - b_n|^(1/n) at n=159 : 3.84385580   (should be |lam_2| = 4.00000000)

=== geometric denominator: the level-5 modular coordinate ===
t = 2x, so |t_2| = 2|x_2|; N1: score = log|t_2| - 2 - log 2 = log|x_2| - 2.
  |x_2| = 1.386271242969, |t_2| = 2.772542485937, log|t_2|-2-log(2) = -1.673382
  Beukers: |x_2| = 8.492640687119, |t_2| = 4|x_2| = 33.970562748477 = (1+sqrt2)^4 = 33.970562748477
           score = log|t_2|-2-log(4) = +0.139200
