[0;31m  ***   Warning: new maximum stack size = 8000000000 (7629.395 Mbytes).[0m
==========================================================
ROW 2: AESZ 207
==========================================================

---- (i) the operator L = sum_{i=0}^4 z^i P_i(theta)
  P_0(n) = n^4
        deg_theta = 4   leading coefficient = 1 = matrix(0,2)
  P_1(n) = -17152*n^4 + 285184*n^3 + 174208*n^2 + 31616*n + 2320
        deg_theta = 4   leading coefficient = -17152 = [-1, 1; 2, 8; 67, 1]
  P_2(n) = -6696206336*n^4 - 15252586496*n^3 + 5932843008*n^2 + 1864892416*n + 183107584
        deg_theta = 4   leading coefficient = -6696206336 = [-1, 1; 2, 21; 31, 1; 103, 1]
  P_3(n) = 255108172480512*n^4 + 5360119185408*n^3 - 1702954532864*n^2 + 1340029796352*n + 338497110016
        deg_theta = 4   leading coefficient = 255108172480512 = [2, 32; 3, 1; 13, 1; 1523, 1]
  P_4(n) = -47569271064100864*n^4 - 95138542128201728*n^3 - 71353906596151296*n^2 - 23784635532050432*n - 2973079441506304
        deg_theta = 4   leading coefficient = -47569271064100864 = [-1, 1; 2, 48; 13, 2]
  ALL FIVE P_i have deg_theta = 4: 1
  P_0(theta) = theta^4 exactly  => MUM at z=0, HOLONOMIC RANK R = 4.
  z-degree of L = 4, so the coefficient recurrence has SHIFT ORDER r = 4
  and there are r-1 = 3 companions.  These are logically independent
  numbers: R = 4 (theta-order) vs r = 4 (z-degree) coincide here by accident.

  Inventory: L(H) = 0 with H = sum A_n z^n means
    theta^4 H = -(1/z^0 coefficient normalisation) sum_{i=1}^{4} z^i P_i(theta) H,
  i.e. theta^4 H is a Q(z)-linear combination of H, thetaH, theta^2 H, theta^3 H.
  Hence {1, H, thetaH, theta^2 H, theta^3 H} is the FULL inventory: the
  Q(z)-span of all theta^k H is 4-dimensional, spanned by k = 0,1,2,3.
  [immediate from L(H)=0 and P_0 = theta^4; stated, not measured]

  characteristic polynomial chi(x) = x^4 - 17152*x^3 - 6696206336*x^2 + 255108172480512*x - 47569271064100864
  factorisation over Q: [x - 53248, 2; x^2 + 89344*x - 16777216, 1]
  roots (numerically):
    -89531.389206720146782056939232997958034
    187.389206720146782056939232997958033601
    53248.0000000000000000000000000000000000
    53248.0000000000000000000000000000000000
  lambda_1 = 89531.389206720146782056939232997958034
  -2^7*(349+85*sqrt(17)) = -89531.389206720146782056939232997958034
   2^17/(349+85*sqrt(17)) = 187.389206720146782056939232997958033601
  |lambda_2/lambda_1| = 0.59474113460984086102055908910484727461
  => digits gained per step of n: 0.22567202296656321336

[0;31m  ***   Warning: increasing stack size to 16000000.[0m
[0;31m  ***   Warning: increasing stack size to 32000000.[0m
[0;31m  ***   Warning: increasing stack size to 64000000.[0m
[exact] A_0..A_5 = [1, -2320, 57601296, -2373661139200, 121665506430000400, -7045795484316081803520]
[exact] A built to n = 6000, ms = 73
[0;31m  ***   Warning: increasing stack size to 16000000.[0m
[0;31m  ***   Warning: increasing stack size to 32000000.[0m
[0;31m  ***   Warning: increasing stack size to 64000000.[0m
[0;31m  ***   Warning: increasing stack size to 128000000.[0m
[0;31m  ***   Warning: increasing stack size to 256000000.[0m
[exact] B_0..B_5 = [0, 1, -29761, 32129592496/27, -1660996898782171/27, 6660169172397650024752/1875]
[exact] C_0..C_5 = [0, 0, 1, -2769424/81, 150042413905/81, -592198583173523344/5625]
[exact] D_0..D_5 = [0, 0, 0, 1, -498481/16, 283545382509/125]
[exact] companions built, ms = 13727

---- (h) sharp k:  lcm(1..n)^k x_n in Z
[0;31m  ***   Warning: increasing stack size to 16000000.[0m
[0;31m  ***   Warning: increasing stack size to 32000000.[0m
[0;31m  ***   Warning: increasing stack size to 64000000.[0m
  k(A) = 0  (A is integral)
[0;31m  ***   Warning: increasing stack size to 16000000.[0m
[0;31m  ***   Warning: increasing stack size to 32000000.[0m
[0;31m  ***   Warning: increasing stack size to 64000000.[0m
[0;31m  ***   Warning: increasing stack size to 128000000.[0m
  k(B) = 4  [n<=400]   = 4  [n<=1600]    k-1 = 3 first fails at n = 5
  k(C) = 4  [n<=400]   = 4  [n<=1600]    k-1 = 3 first fails at n = 3
  k(D) = 4  [n<=400]   = 4  [n<=1600]    k-1 = 3 first fails at n = 7
  ms = 98

---- (f) archimedean limits xi_infinity, exact rational run to N = 6000
  xi(B) = -0.00050455459344136708862542545797071516117215446057914345028836870400436268012257
      Cauchy |r_N - r_{N-50}| = 6.847252230960461980 E-1355   -> 1354 certified digits
  xi(C) = 1.5019988716188028209196607035676938678744725931596495917262003482540174702592 E-8
      Cauchy |r_N - r_{N-50}| = 1.2736890910518633254 E-1358   -> 1357 certified digits
  xi(D) = -3.0261957814296943368738729005718973127001727059688944486490993453619732057120 E-13
      Cauchy |r_N - r_{N-50}| = 4.376946275017782439 E-1362   -> 1361 certified digits
  common certified precision DIG = 1354 digits

  comparison with the recorded values (MULTISLOPE_PROGRAM.md / AESZ207.md):
    xi(B) recorded : -0.000504554593441367088625425457970715161172154460579143450288368704004362680122570507
    xi(B) here     : -0.000504554593441367088625425457970715161172154460579143450288368704004362680122570507266416835750127
    -> agree to 81 digits (the whole recorded string)

    xi(C) recorded : +1.501998871618802820919660703567693867874...
    xi(C) here     : 1.501998871618802820919660703567693867874472593159649591726 E-8
    -> the MANTISSAS agree to 39 digits, but the recorded value is missing its factor 10^-8.
    xi(D) recorded : -3.026195781429694336873872900571897312700...
    xi(D) here     : -3.026195781429694336873872900571897312700172705968894448649 E-13
    -> the MANTISSAS agree to 40 digits, but the recorded value is missing its factor 10^-13.
    [CORRECTION to MULTISLOPE_PROGRAM.md 2.2: xi(C) = 1.5019988716...e-8 and
     xi(D) = -3.0261957814...e-13; the recorded strings dropped the exponents,
     as the ratios below confirm.]

  ratios:  xi(C)/xi(B) = -2.97688077988600456148535917346363313759 E-5
           xi(D)/xi(B) = 5.9977568746113502267603582773008853808 E-10
  (MULTISLOPE records -2976.88077988600456148 and +5997.75687461135022676, i.e.
   the same mantissas times 10^8 and 10^13 -- consistent with the exponent slip.)

---- (f2) lindep on {1, xi(B), xi(C), xi(D)} at 1354 digits
  {1,["B"]}: ht = 10^546.77 (spurious 10^677.0)  residual = 10^-547.5
  {1,["C"]}: ht = 10^545.98 (spurious 10^677.0)  residual = 10^-547.4
  {1,["D"]}: ht = 10^545.52 (spurious 10^677.0)  residual = 10^-547.3
  {1,["B", "C"]}: ht = 10^364.55 (spurious 10^451.3)  residual = 10^-731.2
  {1,["B", "D"]}: ht = 10^364.07 (spurious 10^451.3)  residual = 10^-729.7
  {1,["C", "D"]}: ht = 10^364.21 (spurious 10^451.3)  residual = 10^-729.5
  {1,["B", "C", "D"]}: ht = 10^273.27 (spurious 10^338.5)  residual = 10^-820.6

  full relation lattice of {1, xi_B, xi_C, xi_D} (LLL-reduced):
    c = [3747965521738235178775620639754034452664746179593224363106471301384368584854943026170139487695172402861009306942695979519643530381271790444006692859094407556962522129003553639558325198180043840431400543190718783378777252180052611827504284172418948675263845768357244410623018164173780948790558895616650722204185952958774957799696101562, 7427923067424366355336848366866952246803365063532995410117520322791854970544911100409800035090379911156616889433557555810106667171346070625724231421624352824722811610686269554521851917195964551186886259027763714561515335596892800201719591951385452054543973156743599863201017111730232808697777717599289303604181816102648768870209034432414, -11505465957030226128437752579452543225742625112632414474178419679407892645116768951585215631382534549103522734965668400965003744260861529785737086279496731456122791477839059702443399557364889775562700542195465892065374561970029903299365871238619634896786632838533577290996434936128401377498614739894772470385446255468030532562526669838311, 21053933902364579882364086815324526853864966519389185384015457268072631899871558109650409137184281778290369801605277239299907581675139778702526891399671444298938717583630897273849623329277139046711444772808766464100768760974983972130160023161381577114826327986211889785534630535043710901378454994039074780244246219988830925505233659307070]   height 10^337.32   residual 10^-1013.6
    c = [-16419383750221668230511774268587658793231483767702653154921606309520021246705381636201632141490343879454608139181339402671590622811259324004447794805053945980465089811575966443656318076468113415598573728947551188711335034136000835181521584126425963451348643629200599908196880844515790565103462411304486132195422077407465741330716355159, -32543013497134644352905788098960594794269013069974306840234281960106406562329444253167649305841293579079470651028829203499112172980623733929762185237678619636577828831237354377625626934200448888711084805581210167337240660514916682228752122305568478297184507019774375493695053132563288514747187166673565379750554906569571627739895085271709, -22848391020792245886215331185098162261858411528483978006223120337625620886882381490928249354689753200742476739231682823420763270517610817596254404884034597209066480199843830034660786520066899316842709995411918822871825034686329585926486923251826769762597103317034659942456194555862897294921537832185551539792912134090598210227975495769284, 38354123547870694000063112349349940050559910718715086375088035339021286210361887437616773520600136886997863294411965844547970987715271460256927058219507550974751418841794483324718514349946918679481204413208552361562892980512300142169480231939854898467259261273197260488028943880528577190897391174334328928359568977664006167150193835919509]   height 10^337.58   residual 10^-1014.2
    c = [-26647270417573573656934135196178626816777810721927827026743251586879828469241155681265075076289331448011557358996293109409819903461925962494979136089906364362565538252022713233200202117274299131408186613872830957427777143985621947992494210077054713470340837661064710692289792284674538180302880321224921491259802461864420457027432223713, -52813759631725000847774854190717587841888873893055859152905040800796669138043135931634026838417372687502866353573946235992738679494244591829780375283192062811535992495259770496710083092130502840920678349650509842280173570564014124991483367875626767424597099796659381204079492533363361446406066155924677452009970095209027815725340237444150, -10293246695098838044523560098106017204142941777052409750661475233655075056932795070396423448772127973166445495651440969340764938417590371761404188493482135217475880271506582445952488266356956698615842617032256810676348226368712956690554220151306299695290838725011329214976992110254043629590644249963091535947719080933348325271990749724771, -9674502821230128748273705365557020471716415665729381738021276523172615668467874712553383976066994182792173490293984477381159907859683420048383686774679498021660786110884481151912634579173146667495140935028527666568468857875828916321700122782349984229489654544200670113621144926886024462364511431133249304049871207582050886137299259072308]   height 10^337.72   residual 10^-1013.5
    c = [3909548443957615891445847515198623760752967240455342596984017116820623484147098771175484610069760688210178245488192651652989796216030964503482659999804474241513038915612552820485807199129334135557790973821450809603239796279555178450951951777674874469706898259869449630096322970710366477936346642966443298098813801371516374736983604300, 7746433565501511764930888409692056376775092568477960915190492859433206355871489224042417413106175587507196302945020488607368288747830007168676312220018577975572936668111170421389888829433046084813411766402984979839302451180639330938539506194107338778928918438600302237092750928312521402787488867687250096985036948501825005632024326830605, -69895139040337689170747414603684523894813545173485886081795630797530787581514376787882811914830202202163252653910690670487087525081634886740712526061296720122433877958394768034735864949866896462330038945759413637504171059651430760193062908346383310088422242264814469900540348627771085545244055087674425475369331750996836202881599968520088, -61146940416079427710465737224534439357291614368070164707895937772108620624211964240138561826641863378217338317128567433336106068644194054558922315566706161245954090571526078068578699587629083203602392928608874530033601753128727279969744792901438750965030880279253913140822490165097292401002726092764773285012534637936543098862568051187160]   height 10^337.84   residual 10^-1014.3
  => period rank prk_infinity = dim_Q span{1,xi_B,xi_C,xi_D} - 1

  and over Q(sqrt 17):
    lindep over Q(sqrt17) on 8 terms: height 10^136.61 (spurious 10^169.3) residual 10^-957.7

---- (g) FOLD-REGULARITY.  L^(j)_n = X^(j)_n - xi_j A_n.
     Prediction: |L^(j)_n|^(1/n) -> lambda_2 = 53248 while |A_n|^(1/n) -> 89531.389...
     (measured: L_n = c * 53248^n / n^4 exactly -- the double root does NOT
      produce a log or a factor n here.)

  n       |A_n|^(1/n)      n^2 * A_n / lambda_1^n
  500     86733.751965    0.0319407590952343555565250215444240939693
  1000    87999.410230    0.0319476037150045581180848422276297793526
  2000    88700.595528    0.0319510266614225861351362562131127668338
  3000    88952.619641    0.0319521677378564867281075503882533715320
  4000    89084.145847    0.0319527382937531072893593944700840440681
  5000    89165.456586    0.0319530806329485024512165642912999330285

  B:   n       |L_n|^(1/n)      n^4 * L_n / 53248^n
        500     49429.551747       -4.3407614153980606212868141786318794210 E-6
        1000    51161.219317       -4.3409633676857475562368139405366520600 E-6
        2000    52121.875955       -4.3410628010624696356660496032236602432 E-6
        3000    52466.207404       -4.3410957167850187547524218574959653742 E-6
        4000    52645.425545       -4.3411121317432895403897956566011657107 E-6
        5000    52755.973893       -4.3411219669873850527174065831352569503 E-6
  C:   n       |L_n|^(1/n)      n^4 * L_n / 53248^n
        500     48587.651177       8.0757402349584237632135005000689208123 E-10
        1000    50723.646238       8.0754124476218007870126806917069653419 E-10
        2000    51898.501476       8.0752455490955141675979689016025671958 E-10
        3000    52316.199775       8.0751894708688528117836955953760794475 E-10
        4000    52532.495028       8.0751613482275299184511522919279719260 E-10
        5000    52665.420285       8.0751444479114376701178401085758523642 E-10
  D:   n       |L_n|^(1/n)      n^4 * L_n / 53248^n
        500     47818.478561       2.76762287308810959920944243870389890278 E-13
        1000    50320.626057       2.77163098454516237297210374864117473947 E-13
        2000    51691.932069       2.77363479899619485571592716962615324398 E-13
        3000    52177.290527       2.77430270067469460497351540683746759960 E-13
        4000    52427.849228       2.77463664461410167387265309148667411748 E-13
        5000    52581.475863       2.77483700876193895186360152640893011807 E-13

  generic rational combinations S_n = sum_j a_j (X^(j)_n - xi_j A_n):
   a = [1, -3, 5]
     n=500     |S_n|^(1/n) = 49429.606877     n^4*S_n/53248^n = -4.3431827536571116043609786240606807453 E-6
     n=1000    |S_n|^(1/n) = 51161.247845     n^4*S_n/53248^n = -4.3433846056045418238917312586922898290 E-6
     n=2000    |S_n|^(1/n) = 52121.890486     n^4*S_n/53248^n = -4.3434839879097987918189011359305562003 E-6
     n=3000    |S_n|^(1/n) = 52466.217155     n^4*S_n/53248^n = -4.3435168864749290732486544794168747793 E-6
     n=4000    |S_n|^(1/n) = 52645.432883     n^4*S_n/53248^n = -4.3435332928294354923144940659621983589 E-6
     n=5000    |S_n|^(1/n) = 52755.979776     n^4*S_n/53248^n = -4.3435431229032541030489660033670665016 E-6
   a = [2, 3, -5]
     n=500     |S_n|^(1/n) = 49498.095561     n^4*S_n/53248^n = -8.6791014925370702594994639118349575178 E-6
     n=1000    |S_n|^(1/n) = 51196.679585     n^4*S_n/53248^n = -8.6795054974527008448187105629176663510 E-6
     n=2000    |S_n|^(1/n) = 52139.935880     n^4*S_n/53248^n = -8.6797044152776101151792476737404245293 E-6
     n=3000    |S_n|^(1/n) = 52478.326193     n^4*S_n/53248^n = -8.6797702638801271910086110930710213433 E-6
     n=4000    |S_n|^(1/n) = 52654.545421     n^4*S_n/53248^n = -8.6798031024004331288548929038412987731 E-6
     n=5000    |S_n|^(1/n) = 52763.284988     n^4*S_n/53248^n = -8.6798227780589010551032537460387043494 E-6
   a = [1, 1, 1]
     n=500     |S_n|^(1/n) = 49429.533347     n^4*S_n/53248^n = -4.3399535646122774700995329076376286586 E-6
     n=1000    |S_n|^(1/n) = 51161.209795     n^4*S_n/53248^n = -4.3401555492778869216418753752571064994 E-6
     n=2000    |S_n|^(1/n) = 52121.871105     n^4*S_n/53248^n = -4.3402549991440801846298042347407830239 E-6
     n=3000    |S_n|^(1/n) = 52466.204149     n^4*S_n/53248^n = -4.3402879204076618020017829905848870825 E-6
     n=4000    |S_n|^(1/n) = 52645.423095     n^4*S_n/53248^n = -4.3403043381448023259877831541066637648 E-6
     n=5000    |S_n|^(1/n) = 52755.971929     n^4*S_n/53248^n = -4.3403141750588930327564996127642467242 E-6

  reference values: |lambda_1| = 89531.38920672014678, lambda_2 = 53248 (double), lambda_4 = 187.38920672014678206
  NOTE: |L_n|^(1/n) approaches 53248 from below exactly as predicted by
  L_n = c * 53248^n / n^4 (the n^{-4} makes |L_n|^(1/n) = 53248*n^(-4/n)
  = 53248*(1 - 4 log n / n + ...)), and the n^4*L_n/53248^n column is
  CONSTANT to 20+ digits, which is the sharp form of the statement.

DONE.
