[0;31m  ***   Warning: new maximum stack size = 8000000000 (7629.395 Mbytes).[0m
[0;31m  *** lfun: Warning: increasing stack size to 16000000.[0m
[0;31m[0;31m  ***   syntax error, unexpected ',', expecting end of file: [0;35m"4.8.6"
[0;31m  ***   [0;35m,"4.4.46","4.3.7","4.8.1","4.8.2","4.4.
[0;31m[0;31m  ***   ^---------------------------------------[0m
... skipping file 'survey_multiperiod.gp'
[0;31m  ***   unexpected closing brace.[0m
### AESZ 34  cluster 4.3.1  degz=3
  chi(x) = x^3 - 35*x^2 + 259*x - 225
  lambda_1 = 25.00000000000000000000000 + 0.E-57*I   lambda_2 = 9.000000000000000000000000 + 0.E-57*I
  |l2/l1| = 0.3600000000000000000000000   l1 simple&real: 1/1   l2 real: 1
  sharp k per companion = [4, 4]   kmax = 4
  -log|l2/l1| = 1.021651247531981366411028   SCORE = -2.978348752468018633588972
  certified digits = [332, 333]  (D = 332)
  xi_1 = 0.332879900099968714157866904153533299098748191039748829769721
  xi_2 = 0.0392928143224366841853737611541332973432563169261672970582532
  NO relation on [1,xi_1,..,xi_2] of height below 10^81   (LLL vec height 4463555666276532988224896342663218653751603323568382193046288512879463545375203822, log10|res| = -165)
  => prk = 2 (independence up to that height)
  ID xi_1: none
  ID xi_2: none

### AESZ 206  cluster 4.4.37  degz=4
  chi(x) = x^4 - 16*x^3 - 1408*x^2 - 19200*x - 77824
  lambda_1 = 51.31000325658813898988732 + 0.E-57*I   lambda_2 = -16.00000000000000000000000 + 0.E-57*I
  |l2/l1| = 0.3118300328298190158952295   l1 simple&real: 1/1   l2 real: 1
  sharp k per companion = [3, 3, 4]   kmax = 4
  -log|l2/l1| = 1.165297006182968349219654   SCORE = -2.834702993817031650780346
  certified digits = [379, 380, 381]  (D = 379)
  xi_1 = 0.180913091411384678451658256983320303441621909933795072577699
  xi_2 = 0.00997970296849395687697417564554742988991033022066258419378297
  xi_3 = 0.000384871404012604249813387272113453580221128455842954589930217
  NO relation on [1,xi_1,..,xi_3] of height below 10^60   (LLL vec height 9086718070917536846660205686356947277419679867151457265884356, log10|res| = -186)
  => prk = 3 (independence up to that height)
  ID xi_1: none
  ID xi_2: none
  ID xi_3: none

### AESZ 304  cluster 4.8.29  degz=8
  chi(x) = x^8 + 82*x^7 + 553*x^6 - 24348*x^5 - 231712*x^4 + 963072*x^3 + 5878016*x^2 - 20034560*x + 2768896
  lambda_1 = -69.79753232782284854886770 + 0.E-57*I   lambda_2 = 16.00000000000000000000000 + 0.E-57*I
  |l2/l1| = 0.2292344652652146011578300   l1 simple&real: 1/1   l2 real: 1
  sharp k per companion = [4, 4, 4, 4, 4, 4, 4]   kmax = 4
  -log|l2/l1| = 1.473009933434010218568302   SCORE = -2.526990066565989781431698
  certified digits = [480, 481, 482, 483, 484, 485, 486]  (D = 480)
  xi_1 = -0.175160282987428908092412943529811582941660444312243829710806
  xi_2 = 0.00840679022355121026800677276003826739481189844275471733943497
  xi_3 = -0.000262345155178647161762867712755913097908771668417565493793160
  xi_4 = 6.64122709943839016881818241655654335734931485979777335463210 E-6
  xi_5 = -1.48794420698663050365167412809194579620759468128786766950277 E-7
  xi_6 = 3.07857708057384219170518010047025197762546654946518506221228 E-9
  xi_7 = -6.02362065715613750998731142381091820268190500822201688836644 E-11
  GENUINE RELATION on [1,xi_1..]: [0, 162000, 3574125, 7424000, 43173000, 67931136, 27040000, 0]  -> prk = 6
  ID xi_1: none
  ID xi_2: none
  ID xi_3: none
  ID xi_4: none
  ID xi_5: none
  ID xi_6: none
  ID xi_7: none

### AESZ 395  cluster 4.5.112  degz=5
  chi(x) = x^5 - 88*x^4 + 1088*x^3 + 36352*x^2 - 417792*x - 4718592
  lambda_1 = 64.00000000000000000000000 + 0.E-57*I   lambda_2 = 24.00000000000000000000000 + 0.E-57*I
  |l2/l1| = 0.3750000000000000000000000   l1 simple&real: 1/1   l2 real: 1
  sharp k per companion = [4, 4, 4, 4]   kmax = 4
  -log|l2/l1| = 0.9808292530117262368564511   SCORE = -3.019170746988273763143549
  certified digits = [326, 329, 326, 327]  (D = 326)
  xi_1 = 0.213671713607450928144892334572787686953550157500290205863448
  xi_2 = 0.0130407965400576851564595537135498230377502506331542926663399
  xi_3 = 0.000487666145557649896659651540725616763230636732736563639504824
  xi_4 = 1.43257813119631224899170019591108998061513744546070776294228 E-5
  NO relation on [1,xi_1,..,xi_4] of height below 10^49   (LLL vec height 14477945591144942192365743927872672436211325395165, log10|res| = -197)
  => prk = 4 (independence up to that height)
  ID xi_1: none
  ID xi_2: none
  ID xi_3: none
  ID xi_4: none

### AESZ 20  cluster 4.5.3  degz=5
  chi(x) = x^5 - 144*x^4 + 7857*x^3 - 205578*x^2 + 2598156*x - 12754584
  lambda_1 = 54.00000000000000000000000 + 0.E-57*I   lambda_2 = 27.00000000000000000000000 + 0.E-57*I
  |l2/l1| = 0.5000000000000000000000000   l1 simple&real: 1/1   l2 real: 1
  sharp k per companion = [4, 4, 4, 4]   kmax = 4
  -log|l2/l1| = 0.6931471805599453094172321   SCORE = -3.306852819440054690582768
  certified digits = [223, 224, 225, 226]  (D = 223)
  xi_1 = 0.286598452906058324173857447813937213563342905089972423560290
  xi_2 = 0.0222299557181519492090498155703891916447562852876018527501307
  xi_3 = 0.00101474846252312361792971259329892089916783322537939231504193
  xi_4 = 3.59038974346429921522788153489600000597514803602814687049338 E-5
  NO relation on [1,xi_1,..,xi_4] of height below 10^36   (LLL vec height 6202756805040461459102015852266381651, log10|res| = -148)
  => prk = 4 (independence up to that height)
  ID xi_1: none
  ID xi_2: none
  ID xi_3: none
  ID xi_4: none

### AESZ 105  cluster 4.8.3  degz=8
  chi(x) = x^8 - 84*x^7 + 1440*x^6 - 21504*x^5 + 606208*x^4 + 5505024*x^3 + 94371840*x^2 + 1409286144*x + 4294967296
  lambda_1 = 64.00000000000000000000000 + 0.E-57*I   lambda_2 = 32.00000000000000000000000 + 0.E-57*I
  |l2/l1| = 0.5000000000000000000000000   l1 simple&real: 1/1   l2 real: 1
  sharp k per companion = [4, 4, 4, 4, 4, 4, 4]   kmax = 4
  -log|l2/l1| = 0.6931471805599453094172321   SCORE = -3.306852819440054690582768
  certified digits = [226, 227, 228, 229, 231, 232, 234]  (D = 226)
  xi_1 = 0.185609380350512456451810155640161881895497164051221832154293
  xi_2 = 0.00886559653211256300549681305527022099744370356997032835912775
  xi_3 = 0.000281911618113488834562455835748676625063958812266648106123579
  xi_4 = 7.41523615639280649777530534675772405888075731548814346407952 E-6
  xi_5 = 1.74827402583744486785806282395824595259055701985667092167684 E-7
  xi_6 = 3.83854971412209549591496458494873381024111777132789164191453 E-9
  xi_7 = 8.01645977093356068305792692620137152106052078007193652716678 E-11
  NO relation on [1,xi_1,..,xi_7] of height below 10^22   (LLL vec height 61809153348584425809374, log10|res| = -163)
  => prk = 7 (independence up to that height)
  ID xi_1: none
  ID xi_2: none
  ID xi_3: none
  ID xi_4: none
  ID xi_5: none
  ID xi_6: none
  ID xi_7: none

### AESZ 410  cluster 4.3.28  degz=3
  chi(x) = x^3 - 145*x^2 + 6208*x - 82944
  lambda_1 = 81.00000000000000000000000 + 0.E-57*I   lambda_2 = 32.00000000000000000000000 + 0.E-57*I
  |l2/l1| = 0.3950617283950617283950617   l1 simple&real: 1/1   l2 real: 1
  sharp k per companion = [4, 4]   kmax = 4
  -log|l2/l1| = 0.9287132518727122184948203   SCORE = -3.071286748127287781505180
  certified digits = [302, 303]  (D = 302)
  xi_1 = 0.168814928686815939547376246906179744106009965420438523489493
  xi_2 = 0.00713726482063566553045266375472646031449662364053170307100031
  NO relation on [1,xi_1,..,xi_2] of height below 10^81   (LLL vec height 5428253092707668520934066110363177736920295600183452989886024480708905709979100333, log10|res| = -165)
  => prk = 2 (independence up to that height)
  ID xi_1: none
  ID xi_2: none

### AESZ 411  cluster 4.3.29  degz=3
  chi(x) = x^3 - 145*x^2 + 6208*x - 82944
  lambda_1 = 81.00000000000000000000000 + 0.E-57*I   lambda_2 = 32.00000000000000000000000 + 0.E-57*I
  |l2/l1| = 0.3950617283950617283950617   l1 simple&real: 1/1   l2 real: 1
  sharp k per companion = [3, 4]   kmax = 4
  -log|l2/l1| = 0.9287132518727122184948203   SCORE = -3.071286748127287781505180
  certified digits = [300, 301]  (D = 300)
  xi_1 = 0.166933784195514589945932988513039374328062981562877127407194
  xi_2 = 0.00689001709947787720419127616710009491223142090303298875523304
  NO relation on [1,xi_1,..,xi_2] of height below 10^82   (LLL vec height 12478285915908894274913937781751071018099733799498494918805955945586246957946262096, log10|res| = -164)
  => prk = 2 (independence up to that height)
  ID xi_1: none
  ID xi_2: none

### AESZ ~100  cluster 4.3.8  degz=3
  chi(x) = x^3 + 15*x^2 - 2112*x - 50176
  lambda_1 = 49.00000000000000000000000 + 0.E-57*I   lambda_2 = -32.00000000000000000000000 + 0.E-57*I
  |l2/l1| = 0.6530612244897959183673469   l1 simple&real: 1/1   l2 real: 1
  sharp k per companion = [3, 4]   kmax = 4
  -log|l2/l1| = 0.4260843953109000631245449   SCORE = -3.573915604689099936875455
  certified digits = [136, 138]  (D = 136)
  xi_1 = 0.182020346295394944340121866809075928213350044769898613584868
  xi_2 = 0.0102915210544552640595841850380503787430252461629415038084492
  NO relation on [1,xi_1,..,xi_2] of height below 10^40   (LLL vec height 94809145245643596101934643931989260184801, log10|res| = -82)
  => prk = 2 (independence up to that height)
  ID xi_1: none
  ID xi_2: none

### AESZ 123  cluster 4.8.10  degz=8
  chi(x) = x^8 - 120*x^7 + 3344*x^6 + 34560*x^5 - 2092032*x^4 + 9953280*x^3 + 277364736*x^2 - 2866544640*x + 6879707136
  lambda_1 = 72.00000000000000000000000 + 0.E-57*I   lambda_2 = 36.00000000000000000000000 + 0.E-57*I
  |l2/l1| = 0.5000000000000000000000000   l1 simple&real: 1/1   l2 real: 1
  sharp k per companion = [4, 4, 4, 4, 4, 4, 4]   kmax = 4
  -log|l2/l1| = 0.6931471805599453094172321   SCORE = -3.306852819440054690582768
  certified digits = [226, 227, 228, 229, 231, 232, 234]  (D = 226)
  xi_1 = 0.181479254842949587821282835830249479983507294945941806518038
  xi_2 = 0.00826111154509487685479368366241943470988119556800788798471689
  xi_3 = 0.000245466308990669697481531628188380044442374609127490001544541
  xi_4 = 5.95308544590386229935614765193040445127590126775215346946476 E-6
  xi_5 = 1.28262567713547256569561113183472600462937016571613272224913 E-7
  xi_6 = 2.55791040908823016373706064839606850975227198454266838769025 E-9
  xi_7 = 4.83119250649426670632149811560663911194653298234524870478096 E-11
  NO relation on [1,xi_1,..,xi_7] of height below 10^22   (LLL vec height 58361702786308980974833, log10|res| = -163)
  => prk = 7 (independence up to that height)
  ID xi_1: none
  ID xi_2: none
  ID xi_3: none
  ID xi_4: none
  ID xi_5: none
  ID xi_6: none
  ID xi_7: none

### AESZ 216  cluster 4.5.33  degz=5
  chi(x) = x^5 - 81*x^4 - 3888*x^3 + 90396*x^2 + 1889568*x - 34012224
  lambda_1 = 108.0000000000000000000000 + 0.E-57*I   lambda_2 = -36.00000000000000000000000 + 0.E-57*I
  |l2/l1| = 0.3333333333333333333333333   l1 simple&real: 1/1   l2 real: 1
  sharp k per companion = [4, 4, 4, 4]   kmax = 4
  -log|l2/l1| = 1.098612288668109691395245   SCORE = -2.901387711331890308604755
  certified digits = [357, 359, 360, 361]  (D = 357)
  xi_1 = 0.125741760316898029597943332785152568285629324009462346203182
  xi_2 = 0.00390468185863684729937219338429113883740376482620001317047321
  xi_3 = 7.85513376978437439428018439695735278732904210595015525806528 E-5
  xi_4 = 1.28211064304921329363113708446230668385865490890826060238461 E-6
  NO relation on [1,xi_1,..,xi_4] of height below 10^48   (LLL vec height 7987441609744034937386345003554323661379125396617, log10|res| = -198)
  => prk = 4 (independence up to that height)
  ID xi_1: none
  ID xi_2: none
  ID xi_3: none
  ID xi_4: none

