[0;31m  ***   Warning: new maximum stack size = 8000000000 (7629.395 Mbytes).[0m
[0;31m  *** lfun: Warning: increasing stack size to 16000000.[0m
[0;31m[0;31m  ***   syntax error, unexpected ',', expecting end of file: [0;35m"4.8.6"
[0;31m  ***   [0;35m,"4.4.46","4.3.7","4.8.1","4.8.2","4.4.
[0;31m[0;31m  ***   ^---------------------------------------[0m
... skipping file 'survey_multiperiod.gp'
[0;31m  ***   unexpected closing brace.[0m
### AESZ 243  cluster 4.5.46  degz=5
  chi(x) = x^5 + 295*x^4 + 1686*x^3 + 2258*x^2 - 519*x - 9
  lambda_1 = -289.1970854652936364119441 + 0.E-57*I   lambda_2 = -3.000000000000000000000000 + 0.E-57*I
  |l2/l1| = 0.01037354852720335643522058   l1 simple&real: 1/1   l2 real: 1
  sharp k per companion = [4, 4, 4, 4]   kmax = 4
  -log|l2/l1| = 4.568496123644879296516924   SCORE = 0.5684961236448792965169245
  certified digits = [1495, 1495, 1494, 1493]  (D = 1493)
  xi_1 = -0.0583435659371624476124411113598888298435832767146281965674350
  xi_2 = 0.000646250502609404853005806809765158042221480587536933119653190
  xi_3 = -4.66406872712845373162834831027043618001995405143981582554480 E-6
  xi_4 = 2.76201864076216435066566986947829493120391469660140410713517 E-8
  #independent Q-relations on [1,xi_1..xi_4] = 0   => prk = 4
  (no relation of height below 10^49; LLL certificate height 10784169836532844104308538781489360929726012388040 at 300 digits)
  ID xi_1: none
  ID xi_2: none
  ID xi_3: none
  ID xi_4: none

### AESZ 388  cluster 4.3.18  degz=3
  chi(x) = x^3 - 1164*x^2 + 9264*x - 18496
  lambda_1 = 1156.000000000000000000000 + 0.E-57*I   lambda_2 = 4.000000000000000000000000 + 0.E-57*I
  |l2/l1| = 0.003460207612456747404844291   l1 simple&real: 1/1   l2 real: 1
  sharp k per companion = [3, 4]   kmax = 4
  -log|l2/l1| = 5.666426688112432160499069   SCORE = 1.666426688112432160499069
  certified digits = [1500, 1500]  (D = 1500)
  xi_1 = 0.0205601905525291740062120041769031503574310336264533365393128
  xi_2 = 5.88795836591310465914864667586634413055633483813202854838191 E-5
  #independent Q-relations on [1,xi_1..xi_2] = 0   => prk = 2
  (no relation of height below 10^82; LLL certificate height 11516387061437191606579873229472503262961724324731756563018601819946787053104030642 at 300 digits)
  ID xi_1: none
  ID xi_2: none

### AESZ ~101  cluster 4.3.9  degz=3
  chi(x) = x^3 - 113*x^2 - 952*x - 1936
  lambda_1 = 121.0000000000000000000000 + 0.E-57*I   lambda_2 = -4.000000000000000000000000 + 0.E-57*I
  |l2/l1| = 0.03305785123966942148760331   l1 simple&real: 1/1   l2 real: 1
  sharp k per companion = [3, 4]   kmax = 4
  -log|l2/l1| = 3.409496184476850469289423   SCORE = -0.5905038155231495307105771
  certified digits = [1108, 1109]  (D = 1108)
  xi_1 = 0.108745239440343120574095994190171940204319887215282704538626
  xi_2 = 0.00276597235959167719415358887347268140662450524118728115185754
  #independent Q-relations on [1,xi_1..xi_2] = 0   => prk = 2
  (no relation of height below 10^81; LLL certificate height 5577649577644419021202471534489621187022396463073325063034894881028190270540967871 at 300 digits)
  ID xi_1: none
  ID xi_2: none

### AESZ 313  cluster 4.5.82  degz=5
  chi(x) = x^5 - 285*x^4 - 3280*x^3 - 7668*x^2 + 9504*x + 1728
  lambda_1 = 296.1620734196170730680905 + 0.E-57*I   lambda_2 = -6.000000000000000000000000 + 0.E-57*I
  |l2/l1| = 0.02025917745213413351131028   l1 simple&real: 1/1   l2 real: 1
  sharp k per companion = [4, 4, 4, 4]   kmax = 4
  -log|l2/l1| = 3.899147380584298397553666   SCORE = -0.1008526194157016024463338
  certified digits = [1277, 1277, 1276, 1276]  (D = 1276)
  xi_1 = 0.0565585359939254653476639388991454681304064563204033376703583
  xi_2 = 0.000601473591002518286932973400146400685990398419835212677523620
  xi_3 = 4.19311160703579594502906326216058384731876754254815591399352 E-6
  xi_4 = 2.40747641913951911469081958912153624054435121294020549088301 E-8
  #independent Q-relations on [1,xi_1..xi_4] = 0   => prk = 4
  (no relation of height below 10^48; LLL certificate height 7196951009643478994927259176942211811197649991239 at 300 digits)
  ID xi_1: none
  ID xi_2: none
  ID xi_3: none
  ID xi_4: none

### AESZ 34  cluster 4.3.1  degz=3
  chi(x) = x^3 - 35*x^2 + 259*x - 225
  lambda_1 = 25.00000000000000000000000 + 0.E-57*I   lambda_2 = 9.000000000000000000000000 + 0.E-57*I
  |l2/l1| = 0.3600000000000000000000000   l1 simple&real: 1/1   l2 real: 1
  sharp k per companion = [4, 4]   kmax = 4
  -log|l2/l1| = 1.021651247531981366411028   SCORE = -2.978348752468018633588972
  certified digits = [332, 333]  (D = 332)
  xi_1 = 0.332879900099968714157866904153533299098748191039748829769721
  xi_2 = 0.0392928143224366841853737611541332973432563169261672970582532
  #independent Q-relations on [1,xi_1..xi_2] = 0   => prk = 2
  (no relation of height below 10^81; LLL certificate height 4463555666276532988224896342663218653751603323568382193046288512879463545375203822 at 300 digits)
  ID xi_1: none
  ID xi_2: none

### AESZ 104  cluster 4.8.2  degz=8
  chi(x) = x^8 - 70*x^7 - 71*x^6 - 5040*x^5 - 20592*x^4 + 362880*x^3 - 368064*x^2 + 26127360*x + 26873856
  lambda_1 = 72.00000000000000000000000 + 0.E-57*I   lambda_2 = -9.000000000000000000000000 + 0.E-57*I
  |l2/l1| = 0.1250000000000000000000000   l1 simple&real: 1/1   l2 real: 1
  sharp k per companion = [4, 4, 4, 4, 4, 4, 4]   kmax = 4
  -log|l2/l1| = 2.079441541679835928251696   SCORE = -1.920558458320164071748304
  certified digits = [677, 678, 679, 680, 681, 681, 682]  (D = 677)
  xi_1 = 0.160139786689931270063274086592129623076755868459094281066770
  xi_2 = 0.00672339224563598493413491992711763571460589207185852957381107
  xi_3 = 0.000190030519321186934528667702430992566164268844397582266067600
  xi_4 = 4.45406100029103610835135984179373389388082188724159122306307 E-6
  xi_5 = 9.36131391052758625557547640879258643144079845823622694955656 E-8
  xi_6 = 1.83198534358674209697058568767527439104502166566855040999932 E-9
  xi_7 = 3.40908527709119165634204291760299861954458820066260347351102 E-11
[0;31m  *** lindep: Warning: increasing stack size to 16000000.[0m
  #independent Q-relations on [1,xi_1..xi_7] = 0   => prk = 7
  (no relation of height below 10^30; LLL certificate height 2698410812111831922280186272751 at 300 digits)
  ID xi_1: none
  ID xi_2: none
  ID xi_3: none
  ID xi_4: none
  ID xi_5: none
  ID xi_6: none
  ID xi_7: none

### AESZ 380  cluster 4.5.111  degz=5
  chi(x) = x^5 - 120*x^4 + 1252*x^3 + 5232*x^2 - 50240*x - 172800
  lambda_1 = 108.0000000000000000000000 + 0.E-57*I   lambda_2 = 10.00000000000000000000000 + 0.E-57*I
  |l2/l1| = 0.09259259259259259259259259   l1 simple&real: 1/1   l2 real: 1
  sharp k per companion = [4, 4, 4, 4]   kmax = 4
  -log|l2/l1| = 2.379546134130174009002208   SCORE = -1.620453865869825990997792
  certified digits = [782, 785, 782, 782]  (D = 782)
  xi_1 = 0.126189983373066099684334771698873930902162009954061217132968
  xi_2 = 0.00381006921361902190733744303481744018242809666356278412705258
  xi_3 = 7.50541348160884402374269076127910228554084257927190978604559 E-5
  xi_4 = 1.20710094042515159556040912552128928688421234540652668773332 E-6
  #independent Q-relations on [1,xi_1..xi_4] = 0   => prk = 4
  (no relation of height below 10^49; LLL certificate height 10369907008801361840252581404043499787589512405547 at 300 digits)
  ID xi_1: none
  ID xi_2: none
  ID xi_3: none
  ID xi_4: none

### AESZ 102  cluster 4.8.1  degz=8
  chi(x) = x^8 - 77*x^7 - 1049*x^6 + 616*x^5 + 16656*x^4 + 4928*x^3 - 67136*x^2 - 39424*x + 4096
  lambda_1 = 88.72135954999579392818347 + 0.E-57*I   lambda_2 = -11.09016994374947424102293 + 0.E-57*I
  |l2/l1| = 0.1250000000000000000000000   l1 simple&real: 1/1   l2 real: 1
  sharp k per companion = [4, 4, 4, 4, 4, 4, 4]   kmax = 4
  -log|l2/l1| = 2.079441541679835928251696   SCORE = -1.920558458320164071748304
  certified digits = [677, 678, 679, 680, 681, 681, 682]  (D = 677)
  xi_1 = 0.135321996840292307559028321255074440185352924621673479452903
  xi_2 = 0.00463295445794360845036421984207363540026726898874911900538747
  xi_3 = 0.000106661177666715311811403156864638327552843578653001176253564
  xi_4 = 2.03484616081478502579056653948318876322511003217767851705710 E-6
  xi_5 = 3.47893446043323846256678149442788379530037410031616352400717 E-8
  xi_6 = 5.53563555134450691062350858389620057550242393375309956350645 E-10
  xi_7 = 8.37277043177865456303571239945474285659656276245907550898979 E-12
  GENUINE RELATION #1: [0, 81000, -2369250, 200000, -2845125, 82944, -224000, 0] on ["1", "xi1", "xi2", "xi3", "xi4", "xi5", "xi6", "xi7"]   height=2845125  log10|res|=-717
  #independent Q-relations on [1,xi_1..xi_7] = 1   => prk = 6
  ID xi_1: none
  ID xi_2: none
  ID xi_3: none
  ID xi_4: none
  ID xi_5: none
  ID xi_6: none
  ID xi_7: none

### AESZ 113  cluster 4.8.6  degz=8
  chi(x) = x^8 - 110*x^7 + 1025*x^6 - 990*x^5 + 18288*x^4 + 8910*x^3 + 83025*x^2 + 80190*x + 6561
  lambda_1 = 99.81152949374526816920641 + 0.E-57*I   lambda_2 = 11.09016994374947424102293 + 0.E-57*I
  |l2/l1| = 0.1111111111111111111111111   l1 simple&real: 1/1   l2 real: 1
  sharp k per companion = [4, 4, 4, 4, 4, 4, 4]   kmax = 4
  -log|l2/l1| = 2.197224577336219382790490   SCORE = -1.802775422663780617209510
  certified digits = [716, 716, 717, 718, 719, 720, 721]  (D = 716)
  xi_1 = 0.128491690102943953140990742436768875303666862392641340568524
  xi_2 = 0.00398376894868217079340719571671037969528963629362167282601881
  xi_3 = 8.21914448894208205145300796450247057331339752723315367970371 E-5
  xi_4 = 1.40007132486125188566618694983254061463664989566155564952320 E-6
  xi_5 = 2.13372902495887087309454225662521982404560299006205245657940 E-8
  xi_6 = 3.02376123985720446196730689179605807708191080555249193514005 E-10
  xi_7 = 4.07104372249844590163549070104769294030532784913368298510117 E-12
  #independent Q-relations on [1,xi_1..xi_7] = 0   => prk = 7
  (no relation of height below 10^30; LLL certificate height 3017610325753875151112923629440 at 300 digits)
  ID xi_1: none
  ID xi_2: none
  ID xi_3: none
  ID xi_4: none
  ID xi_5: none
  ID xi_6: none
  ID xi_7: none

### AESZ ~103  cluster 4.3.10  degz=3
  chi(x) = x^3 - 172*x^2 + 8496*x - 129600
  lambda_1 = 100.0000000000000000000000 + 0.E-57*I   lambda_2 = 36.00000000000000000000000 + 0.E-57*I
  |l2/l1| = 0.3600000000000000000000000   l1 simple&real: 1/1   l2 real: 1
  sharp k per companion = [3, 3]   kmax = 3
  -log|l2/l1| = 1.021651247531981366411028   SCORE = -1.978348752468018633588972
  certified digits = [331, 332]  (D = 331)
  xi_1 = 0.143438878448760311167875782211461189142221032270926926808475
  xi_2 = 0.00471106594877637557534357435346936394659821420409554619584704
  #independent Q-relations on [1,xi_1..xi_2] = 0   => prk = 2
  (no relation of height below 10^81; LLL certificate height 7359854386190672648816787498845327154640626804075357410315546485213180319086177257 at 300 digits)
  ID xi_1: none
  ID xi_2: none

### AESZ 206  cluster 4.4.37  degz=4
  chi(x) = x^4 - 16*x^3 - 1408*x^2 - 19200*x - 77824
  lambda_1 = 51.31000325658813898988732 + 0.E-57*I   lambda_2 = -16.00000000000000000000000 + 0.E-57*I
  |l2/l1| = 0.3118300328298190158952295   l1 simple&real: 1/1   l2 real: 1
  sharp k per companion = [3, 3, 4]   kmax = 4
  -log|l2/l1| = 1.165297006182968349219654   SCORE = -2.834702993817031650780346
  certified digits = [379, 380, 381]  (D = 379)
  xi_1 = 0.180913091411384678451658256983320303441621909933795072577699
  xi_2 = 0.00997970296849395687697417564554742988991033022066258419378297
  xi_3 = 0.000384871404012604249813387272113453580221128455842954589930217
  #independent Q-relations on [1,xi_1..xi_3] = 0   => prk = 3
  (no relation of height below 10^60; LLL certificate height 9086718070917536846660205686356947277419679867151457265884356 at 300 digits)
  ID xi_1: none
  ID xi_2: none
  ID xi_3: none

### AESZ 304  cluster 4.8.29  degz=8
  chi(x) = x^8 + 82*x^7 + 553*x^6 - 24348*x^5 - 231712*x^4 + 963072*x^3 + 5878016*x^2 - 20034560*x + 2768896
  lambda_1 = -69.79753232782284854886770 + 0.E-57*I   lambda_2 = 16.00000000000000000000000 + 0.E-57*I
  |l2/l1| = 0.2292344652652146011578300   l1 simple&real: 1/1   l2 real: 1
  sharp k per companion = [4, 4, 4, 4, 4, 4, 4]   kmax = 4
  -log|l2/l1| = 1.473009933434010218568302   SCORE = -2.526990066565989781431698
  certified digits = [480, 481, 482, 483, 484, 485, 486]  (D = 480)
  xi_1 = -0.175160282987428908092412943529811582941660444312243829710806
  xi_2 = 0.00840679022355121026800677276003826739481189844275471733943497
  xi_3 = -0.000262345155178647161762867712755913097908771668417565493793160
  xi_4 = 6.64122709943839016881818241655654335734931485979777335463210 E-6
  xi_5 = -1.48794420698663050365167412809194579620759468128786766950277 E-7
  xi_6 = 3.07857708057384219170518010047025197762546654946518506221228 E-9
  xi_7 = -6.02362065715613750998731142381091820268190500822201688836644 E-11
  GENUINE RELATION #1: [0, 162000, 3574125, 7424000, 43173000, 67931136, 27040000, 0] on ["1", "xi1", "xi2", "xi3", "xi4", "xi5", "xi6", "xi7"]   height=67931136  log10|res|=-507
  #independent Q-relations on [1,xi_1..xi_7] = 1   => prk = 6
  ID xi_1: none
  ID xi_2: none
  ID xi_3: none
  ID xi_4: none
  ID xi_5: none
  ID xi_6: none
  ID xi_7: none

### AESZ 373  cluster 4.5.109  degz=5
  chi(x) = x^5 - 380*x^4 + 19120*x^3 - 321600*x^2 + 1751040*x - 2985984
  lambda_1 = 324.0000000000000000000000 + 0.E-57*I   lambda_2 = 24.00000000000000000000000 + 0.E-57*I
  |l2/l1| = 0.07407407407407407407407407   l1 simple&real: 1/1   l2 real: 1
  sharp k per companion = [4, 4, 4, 4]   kmax = 4
  -log|l2/l1| = 2.602689685444383764768504   SCORE = -1.397310314555616235231496
  certified digits = [854, 855, 855, 856]  (D = 854)
  xi_1 = 0.0565750786386571610736509953675411738407716427197532459020719
  xi_2 = 0.000586946113017141708010786329658189077907469228337483139447121
  xi_3 = 3.88791883836373270644896415233213034003937128647097866100869 E-6
  xi_4 = 2.09202624750865075120681868256000013660781984546619570693510 E-8
  #independent Q-relations on [1,xi_1..xi_4] = 0   => prk = 4
  (no relation of height below 10^49; LLL certificate height 14668162968962772434089076745214093890931978966117 at 300 digits)
  ID xi_1: none
  ID xi_2: none
  ID xi_3: none
  ID xi_4: none

### AESZ 395  cluster 4.5.112  degz=5
  chi(x) = x^5 - 88*x^4 + 1088*x^3 + 36352*x^2 - 417792*x - 4718592
  lambda_1 = 64.00000000000000000000000 + 0.E-57*I   lambda_2 = 24.00000000000000000000000 + 0.E-57*I
  |l2/l1| = 0.3750000000000000000000000   l1 simple&real: 1/1   l2 real: 1
  sharp k per companion = [4, 4, 4, 4]   kmax = 4
  -log|l2/l1| = 0.9808292530117262368564511   SCORE = -3.019170746988273763143549
  certified digits = [326, 329, 326, 327]  (D = 326)
  xi_1 = 0.213671713607450928144892334572787686953550157500290205863448
  xi_2 = 0.0130407965400576851564595537135498230377502506331542926663399
  xi_3 = 0.000487666145557649896659651540725616763230636732736563639504824
  xi_4 = 1.43257813119631224899170019591108998061513744546070776294228 E-5
  #independent Q-relations on [1,xi_1..xi_4] = 0   => prk = 4
  (no relation of height below 10^49; LLL certificate height 14477945591144942192365743927872672436211325395165 at 300 digits)
  ID xi_1: none
  ID xi_2: none
  ID xi_3: none
  ID xi_4: none

### AESZ 20  cluster 4.5.3  degz=5
  chi(x) = x^5 - 144*x^4 + 7857*x^3 - 205578*x^2 + 2598156*x - 12754584
  lambda_1 = 54.00000000000000000000000 + 0.E-57*I   lambda_2 = 27.00000000000000000000000 + 0.E-57*I
  |l2/l1| = 0.5000000000000000000000000   l1 simple&real: 1/1   l2 real: 1
  sharp k per companion = [4, 4, 4, 4]   kmax = 4
  -log|l2/l1| = 0.6931471805599453094172321   SCORE = -3.306852819440054690582768
  certified digits = [223, 224, 225, 226]  (D = 223)
  xi_1 = 0.286598452906058324173857447813937213563342905089972423560290
  xi_2 = 0.0222299557181519492090498155703891916447562852876018527501307
  xi_3 = 0.00101474846252312361792971259329892089916783322537939231504193
  xi_4 = 3.59038974346429921522788153489600000597514803602814687049338 E-5
  #independent Q-relations on [1,xi_1..xi_4] = 0   => prk = 4
  (no relation of height below 10^36; LLL certificate height 6202756805040461459102015852266381651 at 223 digits)
  ID xi_1: none
  ID xi_2: none
  ID xi_3: none
  ID xi_4: none

### AESZ 293  cluster 4.5.73  degz=5
  chi(x) = x^5 - 216*x^4 + 6672*x^3 + 42496*x^2 - 2179072*x - 3211264
  lambda_1 = 177.4427190999915878563669 + 0.E-57*I   lambda_2 = 28.00000000000000000000000 + 0.E-57*I
  |l2/l1| = 0.1577974015615799217901348   l1 simple&real: 1/1   l2 real: 1
  sharp k per companion = [4, 4, 4, 4]   kmax = 4
  -log|l2/l1| = 1.846443337362594551217906   SCORE = -2.153556662637405448782094
  certified digits = [608, 609, 609, 610]  (D = 608)
  xi_1 = 0.0910137506858139460505060841752604039202892953501860339869598
  xi_2 = 0.00177617990564271366378050463052171424582930376016418867566713
  xi_3 = 2.20097496006419018026469697956402177384590751432001610527264 E-5
  xi_4 = 2.19981143617286207577664502793234435642221800454305528777512 E-7
  #independent Q-relations on [1,xi_1..xi_4] = 0   => prk = 4
  (no relation of height below 10^49; LLL certificate height 11478231795264691956649868701314910454563995202305 at 300 digits)
  ID xi_1: none
  ID xi_2: none
  ID xi_3: none
  ID xi_4: none

### AESZ 105  cluster 4.8.3  degz=8
  chi(x) = x^8 - 84*x^7 + 1440*x^6 - 21504*x^5 + 606208*x^4 + 5505024*x^3 + 94371840*x^2 + 1409286144*x + 4294967296
  lambda_1 = 64.00000000000000000000000 + 0.E-57*I   lambda_2 = 32.00000000000000000000000 + 0.E-57*I
  |l2/l1| = 0.5000000000000000000000000   l1 simple&real: 1/1   l2 real: 1
  sharp k per companion = [4, 4, 4, 4, 4, 4, 4]   kmax = 4
  -log|l2/l1| = 0.6931471805599453094172321   SCORE = -3.306852819440054690582768
  certified digits = [226, 227, 228, 229, 231, 232, 234]  (D = 226)
  xi_1 = 0.185609380350512456451810155640161881895497164051221832154293
  xi_2 = 0.00886559653211256300549681305527022099744370356997032835912775
  xi_3 = 0.000281911618113488834562455835748676625063958812266648106123579
  xi_4 = 7.41523615639280649777530534675772405888075731548814346407952 E-6
  xi_5 = 1.74827402583744486785806282395824595259055701985667092167684 E-7
  xi_6 = 3.83854971412209549591496458494873381024111777132789164191453 E-9
  xi_7 = 8.01645977093356068305792692620137152106052078007193652716678 E-11
  #independent Q-relations on [1,xi_1..xi_7] = 0   => prk = 7
  (no relation of height below 10^22; LLL certificate height 61809153348584425809374 at 226 digits)
  ID xi_1: none
  ID xi_2: none
  ID xi_3: none
  ID xi_4: none
  ID xi_5: none
  ID xi_6: none
  ID xi_7: none

### AESZ 256  cluster 4.4.50  degz=4
  chi(x) = x^4 + 768*x^3 + 41984*x^2 + 458752*x - 4194304
  lambda_1 = -709.7708763999663514254678 + 0.E-57*I   lambda_2 = -32.00000000000000000000000 + 0.E-57*I
  |l2/l1| = 0.04508497187473712051146709   l1 simple&real: 1/1   l2 real: 1
  sharp k per companion = [4, 4, 4]   kmax = 4
  -log|l2/l1| = 3.099206305857962546906027   SCORE = -0.9007936941420374530939733
  certified digits = [1017, 1017, 1017]  (D = 1017)
  xi_1 = -0.0300473504525188939110673551915837957340512538323651467661746
  xi_2 = 0.000141801087941237789865399763379674764714011847796708139878155
  xi_3 = -4.26044343593906802145659943080216766859511111628061533213594 E-7
  #independent Q-relations on [1,xi_1..xi_3] = 0   => prk = 3
  (no relation of height below 10^61; LLL certificate height 23331016732226454479027427880781767100922560269990698236912588 at 300 digits)
  ID xi_1: none
  ID xi_2: none
  ID xi_3: none

### AESZ 410  cluster 4.3.28  degz=3
  chi(x) = x^3 - 145*x^2 + 6208*x - 82944
  lambda_1 = 81.00000000000000000000000 + 0.E-57*I   lambda_2 = 32.00000000000000000000000 + 0.E-57*I
  |l2/l1| = 0.3950617283950617283950617   l1 simple&real: 1/1   l2 real: 1
  sharp k per companion = [4, 4]   kmax = 4
  -log|l2/l1| = 0.9287132518727122184948203   SCORE = -3.071286748127287781505180
  certified digits = [302, 303]  (D = 302)
  xi_1 = 0.168814928686815939547376246906179744106009965420438523489493
  xi_2 = 0.00713726482063566553045266375472646031449662364053170307100031
  #independent Q-relations on [1,xi_1..xi_2] = 0   => prk = 2
  (no relation of height below 10^81; LLL certificate height 5428253092707668520934066110363177736920295600183452989886024480708905709979100333 at 300 digits)
  ID xi_1: none
  ID xi_2: none

### AESZ 411  cluster 4.3.29  degz=3
  chi(x) = x^3 - 145*x^2 + 6208*x - 82944
  lambda_1 = 81.00000000000000000000000 + 0.E-57*I   lambda_2 = 32.00000000000000000000000 + 0.E-57*I
  |l2/l1| = 0.3950617283950617283950617   l1 simple&real: 1/1   l2 real: 1
  sharp k per companion = [3, 4]   kmax = 4
  -log|l2/l1| = 0.9287132518727122184948203   SCORE = -3.071286748127287781505180
  certified digits = [300, 301]  (D = 300)
  xi_1 = 0.166933784195514589945932988513039374328062981562877127407194
  xi_2 = 0.00689001709947787720419127616710009491223142090303298875523304
  #independent Q-relations on [1,xi_1..xi_2] = 0   => prk = 2
  (no relation of height below 10^82; LLL certificate height 12478285915908894274913937781751071018099733799498494918805955945586246957946262096 at 300 digits)
  ID xi_1: none
  ID xi_2: none

### AESZ ~100  cluster 4.3.8  degz=3
  chi(x) = x^3 + 15*x^2 - 2112*x - 50176
  lambda_1 = 49.00000000000000000000000 + 0.E-57*I   lambda_2 = -32.00000000000000000000000 + 0.E-57*I
  |l2/l1| = 0.6530612244897959183673469   l1 simple&real: 1/1   l2 real: 1
  sharp k per companion = [3, 4]   kmax = 4
  -log|l2/l1| = 0.4260843953109000631245449   SCORE = -3.573915604689099936875455
  certified digits = [136, 138]  (D = 136)
  xi_1 = 0.182020346295394944340121866809075928213350044769898613584868
  xi_2 = 0.0102915210544552640595841850380503787430252461629415038084492
  #independent Q-relations on [1,xi_1..xi_2] = 0   => prk = 2
  (no relation of height below 10^40; LLL certificate height 94809145245643596101934643931989260184801 at 136 digits)
  ID xi_1: none
  ID xi_2: none

### AESZ 123  cluster 4.8.10  degz=8
  chi(x) = x^8 - 120*x^7 + 3344*x^6 + 34560*x^5 - 2092032*x^4 + 9953280*x^3 + 277364736*x^2 - 2866544640*x + 6879707136
  lambda_1 = 72.00000000000000000000000 + 0.E-57*I   lambda_2 = 36.00000000000000000000000 + 0.E-57*I
  |l2/l1| = 0.5000000000000000000000000   l1 simple&real: 1/1   l2 real: 1
  sharp k per companion = [4, 4, 4, 4, 4, 4, 4]   kmax = 4
  -log|l2/l1| = 0.6931471805599453094172321   SCORE = -3.306852819440054690582768
  certified digits = [226, 227, 228, 229, 231, 232, 234]  (D = 226)
  xi_1 = 0.181479254842949587821282835830249479983507294945941806518038
  xi_2 = 0.00826111154509487685479368366241943470988119556800788798471689
  xi_3 = 0.000245466308990669697481531628188380044442374609127490001544541
  xi_4 = 5.95308544590386229935614765193040445127590126775215346946476 E-6
  xi_5 = 1.28262567713547256569561113183472600462937016571613272224913 E-7
  xi_6 = 2.55791040908823016373706064839606850975227198454266838769025 E-9
  xi_7 = 4.83119250649426670632149811560663911194653298234524870478096 E-11
  #independent Q-relations on [1,xi_1..xi_7] = 0   => prk = 7
  (no relation of height below 10^22; LLL certificate height 58361702786308980974833 at 226 digits)
  ID xi_1: none
  ID xi_2: none
  ID xi_3: none
  ID xi_4: none
  ID xi_5: none
  ID xi_6: none
  ID xi_7: none

### AESZ 216  cluster 4.5.33  degz=5
  chi(x) = x^5 - 81*x^4 - 3888*x^3 + 90396*x^2 + 1889568*x - 34012224
  lambda_1 = 108.0000000000000000000000 + 0.E-57*I   lambda_2 = -36.00000000000000000000000 + 0.E-57*I
  |l2/l1| = 0.3333333333333333333333333   l1 simple&real: 1/1   l2 real: 1
  sharp k per companion = [4, 4, 4, 4]   kmax = 4
  -log|l2/l1| = 1.098612288668109691395245   SCORE = -2.901387711331890308604755
  certified digits = [357, 359, 360, 361]  (D = 357)
  xi_1 = 0.125741760316898029597943332785152568285629324009462346203182
  xi_2 = 0.00390468185863684729937219338429113883740376482620001317047321
  xi_3 = 7.85513376978437439428018439695735278732904210595015525806528 E-5
  xi_4 = 1.28211064304921329363113708446230668385865490890826060238461 E-6
  #independent Q-relations on [1,xi_1..xi_4] = 0   => prk = 4
  (no relation of height below 10^48; LLL certificate height 7987441609744034937386345003554323661379125396617 at 300 digits)
  ID xi_1: none
  ID xi_2: none
  ID xi_3: none
  ID xi_4: none

### AESZ 392  cluster 4.3.22  degz=3
  chi(x) = x^3 - 460*x^2 - 134352*x - 7884864
  lambda_1 = 676.0000000000000000000000 + 0.E-57*I   lambda_2 = -108.0000000000000000000000 + 0.E-57*I
  |l2/l1| = 0.1597633136094674556213018   l1 simple&real: 1/1   l2 real: 1
  sharp k per companion = [3, 3]   kmax = 3
  -log|l2/l1| = 1.834061848918744397921239   SCORE = -1.165938151081255602078761
  certified digits = [596, 598]  (D = 596)
  xi_1 = 0.0304335274314423586233008562222391517108348871040852657867230
  xi_2 = 0.000143643741478437498615997661149624895855547795805627571499610
  #independent Q-relations on [1,xi_1..xi_2] = 0   => prk = 2
  (no relation of height below 10^81; LLL certificate height 3703887107784892009184778904127354774195700006158099911907765912043344058365475719 at 300 digits)
  ID xi_1: none
  ID xi_2: none

### AESZ ~73  cluster 4.3.7  degz=3
  chi(x) = x^3 - 108*x^2 - 58320*x - 3779136
  lambda_1 = 324.0000000000000000000000 + 0.E-57*I   lambda_2 = -108.0000000000000000000000 + 0.E-57*I
  |l2/l1| = 0.3333333333333333333333333   l1 simple&real: 1/1   l2 real: 1
  sharp k per companion = [3, 3]   kmax = 3
  -log|l2/l1| = 1.098612288668109691395245   SCORE = -1.901387711331890308604755
  certified digits = [355, 358]  (D = 355)
  xi_1 = 0.0534414404415207926516842337916443569745846848696639391869457
  xi_2 = 0.000511631787679097962161409320337416386089700736800324603916955
  #independent Q-relations on [1,xi_1..xi_2] = 0   => prk = 2
  (no relation of height below 10^81; LLL certificate height 7384082304918070724939414534655908276309483944522404655651334183633295929618578807 at 300 digits)
  ID xi_1: none
  ID xi_2: none

### AESZ 237  cluster 4.4.46  degz=4
  chi(x) = x^4 - 736*x^3 - 113664*x^2 + 2064384*x + 509607936
  lambda_1 = 864.0000000000000000000000 + 0.E-57*I   lambda_2 = -96.00000000000000000000000 + 0.E-57*I
  |l2/l1| = 0.1111111111111111111111111   l1 simple&real: 1/1   l2 real: 1
  sharp k per companion = [4, 4, 4]   kmax = 4
  -log|l2/l1| = 2.197224577336219382790490   SCORE = -1.802775422663780617209510
  certified digits = [723, 725, 725]  (D = 723)
  xi_1 = 0.0243583701420598916925103383367603798159316511029240699938731
  xi_2 = 8.71354278323292805467128652300536818061014324962999485649650 E-5
  xi_3 = 2.04121579997267448026030526011344091217216213379650820933854 E-7
  #independent Q-relations on [1,xi_1..xi_3] = 0   => prk = 3
  (no relation of height below 10^61; LLL certificate height 26102611028169416387122398339600233932084918097556414448941362 at 300 digits)
  ID xi_1: none
  ID xi_2: none
  ID xi_3: none

### AESZ 220  cluster 4.4.41  degz=4
  chi(x) = x^4 - 320*x^3 - 86016*x^2 - 6029312*x - 134217728
  lambda_1 = 512.0000000000000000000000 + 0.E-57*I   lambda_2 = -64.00000000000000000000000 + 0.E-57*I
  |l2/l1| = 0.1250000000000000000000000   l1 simple&real: 1/1   l2 real: 1
  sharp k per companion = [4, 4, 4]   kmax = 4
  -log|l2/l1| = 2.079441541679835928251696   SCORE = -1.920558458320164071748304
  certified digits = [676, 678, 679]  (D = 676)
  xi_1 = 0.0378457673302759104682161929456240501034353088209545692679683
  xi_2 = 0.000228176220817073898017607257804233500652456827407114626755141
  xi_3 = 9.03585020157309739653552581829417051290614997574435611167347 E-7
  #independent Q-relations on [1,xi_1..xi_3] = 0   => prk = 3
  (no relation of height below 10^61; LLL certificate height 14932818077405920689496283673983879087856161386873627752902188 at 300 digits)
  ID xi_1: none
  ID xi_2: none
  ID xi_3: none

### AESZ 211  cluster 4.4.40  degz=4
  chi(x) = x^4 + 11264*x^3 + 23986176*x^2 + 14428405760*x + 107374182400
  lambda_1 = -8696.464063610147989918788 + 0.E-57*I   lambda_2 = -1280.000000000000000000000 + 0.E-57*I
  |l2/l1| = 0.1471862576142970718986765   l1 simple&real: 1/1   l2 real: 1
  sharp k per companion = [4, 4, 4]   kmax = 4
  -log|l2/l1| = 1.916056435644071726329678   SCORE = -2.083943564355928273670322
  certified digits = [632, 634, 636]  (D = 632)
  xi_1 = -0.00451489741912761466003606369343616238377677283944500194720055
  xi_2 = 1.95871728979939714429955457127229374039370275087198008689952 E-6
  xi_3 = -5.09552429240877214091959770924117657907591326096761992739138 E-10
  #independent Q-relations on [1,xi_1..xi_3] = 0   => prk = 3
  (no relation of height below 10^61; LLL certificate height 16247798257365197790057624648774051818843238828807804504812535 at 300 digits)
  ID xi_1: none
  ID xi_2: none
  ID xi_3: none

### AESZ 118  cluster 4.5.16  degz=5
  chi(x) = x^5 - 465*x^4 + 42000*x^3 - 1030720*x^2 - 2222080*x + 3211264
  lambda_1 = 354.8854381999831757127339 + 0.E-57*I   lambda_2 = 56.00000000000000000000000 + 0.E-57*I
  |l2/l1| = 0.1577974015615799217901348   l1 simple&real: 1/1   l2 real: 1
  sharp k per companion = [4, 4, 4, 4]   kmax = 4
  -log|l2/l1| = 1.846443337362594551217906   SCORE = -2.153556662637405448782094
  certified digits = [608, 609, 610, 611]  (D = 608)
  xi_1 = 0.0562779034105195850757984946594237987101687139977323714579744
  xi_2 = 0.000566073216817740103993259535091272186511066616004105842803057
  xi_3 = 3.54718966986666610486575747208313870331656262525107215607685 E-6
  xi_4 = 1.78317274183170733121215097507826543016120922286277224830589 E-8
  #independent Q-relations on [1,xi_1..xi_4] = 0   => prk = 4
  (no relation of height below 10^49; LLL certificate height 14864263829318703637729151613952271398775263222463 at 300 digits)
  ID xi_1: none
  ID xi_2: none
  ID xi_3: none
  ID xi_4: none

### AESZ 348  cluster 4.5.101  degz=5
  chi(x) = x^5 + 280*x^4 - 6768*x^3 - 41472*x^2 - 31352832*x + 967458816
  lambda_1 = -303.1170019946510993536200 + 0.E-57*I   lambda_2 = -24.44149900267445032319002 + 43.18964369626583782028899*I
  |l2/l1| = 0.1637187036546088600565834   l1 simple&real: 1/1   l2 real: 0
  sharp k per companion = [4, 4, 4, 4]   kmax = 4
  -log|l2/l1| = 1.809605545452996121793457   SCORE = -2.190394454547003878206543
  certified digits = [590, 592, 593, 594]  (D = 590)
  xi_1 = -0.0535052560793039406599930274297767376106619302704482517871010
  xi_2 = 0.000529113127331437195231639398839196324332870310661380863453280
  xi_3 = -3.49133920363441314241892996638995750146341285715275279386803 E-6
  xi_4 = 1.91806063681475021674495086198966441991067656987854164051160 E-8
  GENUINE RELATION #1: [0, 12, 1197, -2432, 11664] on ["1", "xi1", "xi2", "xi3", "xi4"]   height=11664  log10|res|=-629
  #independent Q-relations on [1,xi_1..xi_4] = 1   => prk = 3
  ID xi_1: none
  ID xi_2: none
  ID xi_3: none
  ID xi_4: none

### AESZ 329  cluster 4.5.89  degz=5
  chi(x) = x^5 - 128*x^4 - 22272*x^3 - 827392*x^2 - 8650752*x - 37748736
  lambda_1 = 237.2400130263525559595493 + 0.E-57*I   lambda_2 = -48.00000000000000000000000 + 0.E-57*I
  |l2/l1| = 0.2023267466043688552992737   l1 simple&real: 1/1   l2 real: 1
  sharp k per companion = [4, 4, 4, 4]   kmax = 4
  -log|l2/l1| = 1.597871330970543363851189   SCORE = -2.402128669029456636148811
  certified digits = [527, 528, 528, 529]  (D = 527)
  xi_1 = 0.0628586743770203603076323412505580400531032526667166677295753
  xi_2 = 0.000751986739516328884615585391809500772568713019259223618293163
  xi_3 = 6.13317770753092760333015253714853080276276171066000453554053 E-6
  xi_4 = 4.21458687237384437351017155515367801809073228532665587421975 E-8
  #independent Q-relations on [1,xi_1..xi_4] = 0   => prk = 4
  (no relation of height below 10^48; LLL certificate height 5258079843384703901613512282946934617126341723889 at 300 digits)
  ID xi_1: none
  ID xi_2: none
  ID xi_3: none
  ID xi_4: none

