[0;31m  ***   Warning: new maximum stack size = 6000001024 (5722.047 Mbytes).[0m
5 0
7 0
11 -14
13 0
17 2
19 34
23 0
29 0
31 0
37 0
41 -46
43 -14
47 0
53 0
59 82
61 0
67 -62
71 0
73 -142
79 0
83 -158
89 146
97 -94
101 0
103 0
107 178
109 0
113 98
127 0
131 -62
137 -238
139 -206
149 0
151 0
157 0
163 322
167 0
173 0
179 34
181 0
191 0
193 98
197 0
199 0
211 226
223 0
227 -446
229 0
233 434
239 0
241 194
251 466
257 386
263 0
269 0
271 0
277 0
281 -238
283 82
293 0
307 -542
311 0
313 -526
317 0
331 -14
337 -478
347 658
349 0
353 194
359 0
367 0
373 0
379 -686
383 0
389 0
397 0
