N=2 t-cands=1 F(w=1)=0 F(w=2)=0
N=3 t-cands=1 F(w=1)=0 F(w=2)=0
N=4 t-cands=3 F(w=1)=0 F(w=2)=2
  HIT 4 (-24, 24, 0) (8, -4, 0) w 2 cls (3, Fraction(32, 1), Fraction(8, 1), Fraction(0, 1)) [1, 8, 216, 8000, 343000, 16003008, 788889024]
  HIT 4 (-8, 0, 8) (8, -4, 0) w 2 cls (3, Fraction(16, 1), Fraction(8, 1), Fraction(256, 1)) [1, 8, 88, 1088, 14296, 195008, 2728384]
  HIT 4 (8, -24, 16) (-8, 20, -8) w 2 cls (3, Fraction(16, 1), Fraction(8, 1), Fraction(256, 1)) [1, 8, 88, 1088, 14296, 195008, 2728384]
N=5 t-cands=1 F(w=1)=0 F(w=2)=1
  HIT 5 (-6, 6) (5, -1) w 2 cls (3, Fraction(11, 1), Fraction(5, 1), Fraction(125, 1)) [1, 5, 35, 275, 2275, 19255, 163925]
N=6 t-cands=37 F(w=1)=3 F(w=2)=6
  HIT 6 (-6, 6, -6, 6) (4, -2, 4, -2) w 2 cls (3, Fraction(10, 1), Fraction(4, 1), Fraction(64, 1)) [1, 4, 28, 256, 2716, 31504, 387136]
  HIT 6 (-5, 1, -1, 5) (-3, 6, 1, -2) w 1 cls None [1, 3, -12, 66, -414, 2790, -19668]
  HIT 6 (-5, 1, -1, 5) (-2, 1, 6, -3) w 1 cls None [1, 2, -6, 24, -102, 396, -912]
  HIT 6 (-5, 1, -1, 5) (6, -3, -2, 1) w 1 cls (2, Fraction(17, 1), Fraction(6, 1), Fraction(72, 1)) [1, 6, 42, 312, 2394, 18756, 149136]
  HIT 6 (-4, -4, 4, 4) (3, 3, -1, -1) w 2 cls (3, Fraction(7, 1), Fraction(3, 1), Fraction(81, 1)) [1, 3, 9, 3, -279, -2997, -19431]
  HIT 6 (3, -3, -9, 9) (-3, 6, 1, -2) w 1 cls None [1, 3, 12, 66, 402, 2598, 17436]
  HIT 6 (3, -3, -9, 9) (-2, 1, 6, -3) w 1 cls (2, Fraction(7, 1), Fraction(2, 1), Fraction(-8, 1)) [1, 2, 10, 56, 346, 2252, 15184]
  HIT 6 (3, -3, -9, 9) (6, -3, -2, 1) w 1 cls None [1, -6, -6, -24, -102, -516, -2832]
  HIT 6 (4, -8, -4, 8) (-3, 6, 1, -2) w 1 cls (2, Fraction(10, 1), Fraction(3, 1), Fraction(9, 1)) [1, 3, 15, 93, 639, 4653, 35169]
  HIT 6 (4, -8, -4, 8) (-2, 1, 6, -3) w 1 cls None [1, 2, 12, 78, 546, 4014, 30516]
  HIT 6 (4, -8, -4, 8) (6, -3, -2, 1) w 1 cls None [1, -6, -12, -42, -198, -1098, -6708]
  HIT 6 (12, -12, -12, 12) (-5, 7, 7, -5) w 2 cls (3, Fraction(17, 1), Fraction(5, 1), Fraction(1, 1)) [1, 5, 73, 1445, 33001, 819005, 21460825]
N=7 t-cands=1 F(w=1)=0 F(w=2)=0
N=8 t-cands=21 F(w=1)=3 F(w=2)=6
  HIT 8 (-24, 24, 0, 0) (4, -2, 0, 0) w 1 cls None [1, -4, 100, -3600, 152100, -7033104, 344622096]
  HIT 8 (-8, 0, 8, 0) (-4, 10, -4, 0) w 1 cls None [1, 4, -28, 272, -3036, 36624, -464368]
  HIT 8 (-8, 0, 8, 0) (4, -2, 0, 0) w 1 cls (2, Fraction(16, 1), Fraction(4, 1), Fraction(0, 1)) [1, 4, 36, 400, 4900, 63504, 853776]
  HIT 8 (-8, 16, -16, 8) (4, -6, 10, -4) w 2 cls (3, Fraction(12, 1), Fraction(4, 1), Fraction(16, 1)) [1, 4, 40, 544, 8536, 145504, 2618176]
  HIT 8 (-4, 2, -2, 4) (-4, 10, -4, 0) w 1 cls None [1, 4, -12, 48, -220, 1104, -5936]
  HIT 8 (-4, 2, -2, 4) (0, -4, 10, -4) w 1 cls None [1, 0, 4, -32, 228, -1600, 11280]
  HIT 8 (-4, 2, -2, 4) (4, -2, 0, 0) w 1 cls (2, Fraction(12, 1), Fraction(4, 1), Fraction(32, 1)) [1, 4, 20, 112, 676, 4304, 28496]
  HIT 8 (0, -12, 12, 0) (0, 8, -4, 0) w 2 cls (3, Fraction(0, 1), Fraction(0, 1), Fraction(64, 1)) [1, 0, -8, 0, 216, 0, -8000]
  HIT 8 (0, 4, -12, 8) (-4, 10, -4, 0) w 1 cls None [1, 4, 4, 16, 36, 144, 400]
  HIT 8 (0, 4, -12, 8) (0, -4, 10, -4) w 1 cls (2, Fraction(0, 1), Fraction(0, 1), Fraction(-16, 1)) [1, 0, 4, 0, 36, 0, 400]
  HIT 8 (0, 4, -12, 8) (4, -2, 0, 0) w 1 cls None [1, -4, 4, -16, 36, -144, 400]
  HIT 8 (4, -10, 2, 4) (-4, 10, -4, 0) w 1 cls (2, Fraction(12, 1), Fraction(4, 1), Fraction(32, 1)) [1, 4, 20, 112, 676, 4304, 28496]
  HIT 8 (4, -10, 2, 4) (0, -4, 10, -4) w 1 cls None [1, 0, 4, 32, 228, 1600, 11280]
  HIT 8 (4, -10, 2, 4) (4, -2, 0, 0) w 1 cls None [1, -4, -12, -48, -220, -1104, -5936]
  HIT 8 (8, -24, 16, 0) (-4, 10, -4, 0) w 1 cls (2, Fraction(16, 1), Fraction(4, 1), Fraction(0, 1)) [1, 4, 36, 400, 4900, 63504, 853776]
  HIT 8 (8, -24, 16, 0) (4, -2, 0, 0) w 1 cls None [1, -4, -28, -272, -3036, -36624, -464368]
  HIT 8 (8, -8, -8, 8) (-4, 6, 6, -4) w 2 cls (3, Fraction(12, 1), Fraction(4, 1), Fraction(16, 1)) [1, 4, 40, 544, 8536, 145504, 2618176]
N=9 t-cands=5 F(w=1)=1 F(w=2)=2
  HIT 9 (-12, 12, 0) (3, -1, 0) w 1 cls None [1, -3, 36, -588, 11025, -223587, 4769856]
  HIT 9 (-12, 12, 0) (6, -2, 0) w 2 cls None [1, -6, 81, -1392, 26874, -555660, 12020778]
  HIT 9 (-3, 0, 3) (3, -1, 0) w 1 cls (2, Fraction(9, 1), Fraction(3, 1), Fraction(27, 1)) [1, 3, 9, 21, 9, -297, -2421]
  HIT 9 (6, -12, 6) (-3, 10, -3) w 2 cls (3, Fraction(9, 1), Fraction(3, 1), Fraction(-27, 1)) [1, 3, 27, 309, 4059, 57753, 866349]
N=10 t-cands=120 F(w=1)=0 F(w=2)=10
N=12 t-cands=1647 F(w=1)=15 F(w=2)=60
  HIT 12 (-6, 6, -6, 0, 6, 0) (2, -1, 2, 0, -1, 0) w 1 cls None [1, -2, 12, -104, 1078, -12348, 150528]
  HIT 12 (-4, 4, 4, -4, -4, 4) (-6, 15, 2, -6, -5, 2) w 1 cls None [1, 6, -12, 42, -198, 1098, -6708]
  HIT 12 (-4, 4, 4, -4, -4, 4) (2, -5, -6, 2, 15, -6) w 1 cls None [1, -2, 12, -78, 546, -4014, 30516]
  HIT 12 (-4, 4, 4, -4, -4, 4) (3, -3, -1, 3, 1, -1) w 1 cls (2, Fraction(10, 1), Fraction(3, 1), Fraction(9, 1)) [1, 3, 15, 93, 639, 4653, 35169]
  HIT 12 (4, -16, -4, 4, 16, -4) (-3, 12, 1, -3, -4, 1) w 2 cls (3, Fraction(7, 1), Fraction(3, 1), Fraction(81, 1)) [1, 3, 9, 3, -279, -2997, -19431]
  HIT 12 (5, -14, 1, 5, 2, 1) (-6, 15, 2, -6, -5, 2) w 1 cls (2, Fraction(17, 1), Fraction(6, 1), Fraction(72, 1)) [1, 6, 42, 312, 2394, 18756, 149136]
  HIT 12 (5, -14, 1, 5, 2, 1) (2, -5, -6, 2, 15, -6) w 1 cls None [1, -2, -6, -24, -102, -396, -912]
  HIT 12 (5, -14, 1, 5, 2, 1) (3, -3, -1, 3, 1, -1) w 1 cls None [1, -3, -12, -66, -414, -2790, -19668]
  HIT 12 (6, -12, 6, 6, -12, 6) (-2, 5, -2, -2, 5, -2) w 1 cls None [1, 2, 12, 104, 1078, 12348, 150528]
  HIT 12 (6, -12, 6, 6, -12, 6) (-4, 10, -4, -4, 10, -4) w 2 cls (3, Fraction(10, 1), Fraction(4, 1), Fraction(64, 1)) [1, 4, 28, 256, 2716, 31504, 387136]
N=13 t-cands=1 F(w=1)=0 F(w=2)=0
N=16 t-cands=127 F(w=1)=7 F(w=2)=19
  HIT 16 (-8, 0, 8, 0, 0) (0, 4, -2, 0, 0) w 1 cls None [1, 0, -4, 64, -924, 13184, -188944]
  HIT 16 (0, -12, 12, 0, 0) (0, 4, -2, 0, 0) w 1 cls None [1, 0, -4, 0, 100, 0, -3600]
  HIT 16 (0, -4, 0, 4, 0) (0, 4, -2, 0, 0) w 1 cls (2, Fraction(0, 1), Fraction(0, 1), Fraction(16, 1)) [1, 0, -4, 0, 36, 0, -400]
N=18 t-cands=4164 F(w=1)=16 F(w=2)=78
N=25 t-cands=9 F(w=1)=0 F(w=2)=2
scanned 520005 rank-deficient 99 elapsed 227.90079021453857
wrote /home/ubuntu/code/math-modular-sources/lattice/sporadic_search/hits.json 50
