=== Row 1 sequences (scaled by (n!)^4) ===
A_0..A_8 = [1, 12, 108, 880, 6876, 52752, 401744, 3053376, 23219676]
A_n integral for n<=800? 1
B_0..B_8 = [0, 1, 65/4, 181, 27663/16, 38180569/2500, 322693833/2500, 664072113/625, 68834360493/8000]
C_0..B_8 = [0, 0, 1, 20, 1039/4, 2793, 27097, 247044, 34624497/16]
D_0..B_8 = [0, 0, 0, 1, 1455/64, 3255993/10000, 37817401/10000, 234371432961/6002500, 28785277785321/76832000]
E_0..B_8 = [0, 0, 0, 0, 1, 15452/625, 2127676/5625, 6953983216/1500625, 60018656711/1200500]
F_0..B_8 = [0, 0, 0, 0, 0, 1, 2831/108, 3028799/7203, 3292682135/614656]

--- sharp lcm-denominator exponent k (n<=200) ---
  B: k = 4
  C: k = 4
  D: k = 4
  E: k = 4
  F: k = 4

--- v_p(A_n)/n  (unit-root slope mu_1) ---
 p=2  n=100: 6(0.060000000000000000000000000000000000000)  n=200: 6(0.030000000000000000000000000000000000000)  n=400: 6(0.015000000000000000000000000000000000000)  n=600: 8(0.013333333333333333333333333333333333333)  n=700: 12(0.017142857142857142857142857142857142857)  n=800: 6(0.0075000000000000000000000000000000000000)
 p=3  n=100: 1(0.010000000000000000000000000000000000000)  n=200: 4(0.020000000000000000000000000000000000000)  n=400: 3(0.0075000000000000000000000000000000000000)  n=600: 0(0)  n=700: 7(0.010000000000000000000000000000000000000)  n=800: 4(0.0050000000000000000000000000000000000000)
 p=5  n=100: 0(0)  n=200: 0(0)  n=400: 0(0)  n=600: 1(0.0016666666666666666666666666666666666667)  n=700: 0(0)  n=800: 0(0)
 p=7  n=100: 0(0)  n=200: 0(0)  n=400: 0(0)  n=600: 1(0.0016666666666666666666666666666666666667)  n=700: 0(0)  n=800: 0(0)

--- SLOPE sigma_p: v_p(x_{n}/a_{n} - x_{n-1}/a_{n-1}) ---
 == p = 2 ==
   B  n=100:-6  n=200:-8  n=300:-6  n=400:-10  n=500:-6  n=600:-8  n=800:-12
   C  n=100:-4  n=200:-6  n=300:-4  n=400:-8  n=500:-4  n=600:-6  n=800:-10
   D  n=100:-8  n=200:-10  n=300:-8  n=400:-12  n=500:-8  n=600:-10  n=800:-14
   E  n=100:-2  n=200:-4  n=300:-2  n=400:-6  n=500:-2  n=600:-4  n=800:-8
   F  n=100:-8  n=200:-10  n=300:-8  n=400:-12  n=500:-8  n=600:-10  n=800:-14
 == p = 3 ==
   B  n=100:-5  n=200:-7  n=300:-6  n=400:-4  n=500:-6  n=600:-4  n=800:-7
   C  n=100:-3  n=200:-8  n=300:-6  n=400:-5  n=500:-6  n=600:-4  n=800:-5
   D  n=100:-9  n=200:-12  n=300:-13  n=400:-12  n=500:-12  n=600:-11  n=800:-15
   E  n=100:-12  n=200:-15  n=300:-16  n=400:-15  n=500:-15  n=600:-14  n=800:-18
   F  n=100:-10  n=200:-13  n=300:-14  n=400:-13  n=500:-13  n=600:-12  n=800:-16
 == p = 5 ==
   B  n=100:-9  n=200:-12  n=300:-12  n=400:-11  n=500:-13  n=600:-13  n=800:-16
   C  n=100:-8  n=200:-8  n=300:-13  n=400:-12  n=500:-11  n=600:-13  n=800:-12
   D  n=100:-9  n=200:-12  n=300:-12  n=400:-12  n=500:-11  n=600:-13  n=800:-16
   E  n=100:-9  n=200:-12  n=300:-12  n=400:-12  n=500:-13  n=600:-13  n=800:-16
   F  n=100:-5  n=200:-8  n=300:-8  n=400:-8  n=500:-8  n=600:-9  n=800:-12
 == p = 7 ==
   B  n=100:-3  n=200:-3  n=300:-1  n=400:-4  n=500:-5  n=600:-2  n=800:-4
   C  n=100:-3  n=200:-3  n=300:-1  n=400:-4  n=500:-5  n=600:-4  n=800:-4
   D  n=100:-7  n=200:-7  n=300:-6  n=400:-12  n=500:-12  n=600:-12  n=800:-12
   E  n=100:-7  n=200:-7  n=300:-6  n=400:-12  n=500:-12  n=600:-12  n=800:-12
   F  n=100:-7  n=200:-7  n=300:-6  n=400:-12  n=500:-12  n=600:-12  n=800:-12

--- fine 2-adic increments, n = NB-10 .. NB ---
  B: -4 1 -8 -1 -4 0 -6 -1 -4 3 -12
  C: -2 3 -6 1 -2 2 -4 1 -2 5 -10
  D: -6 -1 -10 -3 -6 -2 -8 -3 -6 1 -14
  E: 0 5 -4 3 0 4 -2 3 0 7 -8
  F: -6 -1 -10 -3 -6 -2 -8 -3 -6 1 -14

--- archimedean ratios x_n/a_n ---
  B  n=800: 0.760421653415872186204651614084894841403188466760106700415449294944443582745091054748524202994264658430367536720217369799567556447004164643073049097744135549511931196565977362910341857435728003614120484412997369976128345625423687420731512160026159439528722531442998948145900796028835478589694176574514
        n=750: 0.757612023202798869225117262351233818430284873768052085293230028151576839703673180478681943481183738185328282265594121485482938839741350912256771877356976142428091047683758375910151999659079772026962390975809407210838011640097566005202243905257762778633107927302938649646910614186874180748384889462399
        |diff| = 0.00280963021307331697953435173366102297290359299205461512221926679286674304141787426984225951308092024503925445462324831408461760726281373081627722038715940708384014888221898700018985777664823158715809343718796276529033398532612141552926825476839666089561460414006029849899018184196129784130928711211563
  C  n=800: 0.388668852738922072579040401577166025106655490882438391830348996551665916230950639338072718272199219752735871770732950628991172650200912705292233255474959132398025228756796243160805563020766096744316927773172004157824004645170149385458879612443024258890306269773455632406488247100976956186112318853360
        n=750: 0.386201394511626248699687353457942276405908895083048310008399093482876554998644741369318546966722880164359866593210738173002037780439629899117653971832203054866966906640043630803845838164528229275212914753428385935528957296442569533468441826911465377508081774924966888288748154043093209734801909029026
        |diff| = 0.00246745822729582387935304811922374870074659579939008182194990306878936123230589796875417130547633958837600517752221245598913486976128280617457928364275607753105832211675261235695972485623786746910401301974361822229504734872757985199043778553155888138222449484848874411774009305788374645131040982433397
  D  n=800: 0.127229324404694561917171363360783610246828121185433233366714667272977600593472688305794310705548642807698232058174452431354591968956576971152587911547310754516160777443616921263968088241592460573623337099869936716065887411226569180772808840635123495148755074912958325840079910434962115372511623374711
        n=750: 0.126200799490289540017190567300522903427352667795820665182924113195378189807589534057538936916781237083339437670122667288419135738097858250317853567743199615525383008362484067938446058557777515215410003311832890656070832660964071878680184609198867559551603984842195789605472677326448813562004762199904
        |diff| = 0.00102852491440502189998079606026070681947545338961256818379055407759941078588315424825537378876740572435879438805178514293545623085871872083473434380411113899077776908113285332552202968381494535821333378803704605999505475026249730209262423143625593559715109007076253623460723310851330181050686117480701
  E  n=800: 0.0324355150609525527687333802281324219509567012411450892330793722178149629311583485276738925740940537561086133240943340648263205914096907185721623058246339818734148503569970260265470188718520263239139868125666681491157120739735985792901550713194233612169911577155613621185122957409316348915974328967567
        n=750: 0.0321301822087049451539830785642461685880768877015136165077527808099043035286653310147034136691664952477559097687465991630034810035729649278371133204176191340253527522579490187651445907872424124440986079051206273867048469066916563173572565158614705797590610880737508670622626672202696146979488174279253
        |diff| = 0.000305332852247607614750301663886253362879813539631472725326591407910659402493017512970478904927558508352703555347734901822839587836725790735048985407014847848062098099048007261402428084609613879815378907446040762410865167281942261932898555457952781457930069641810495056249628520662020193648615468831312
  F  n=800: 0.00710914716254556139958219251687468402317555135362153013648306880633179981243972871389435405930440977921786786359527443283724544314725307667657170718474896710303109307729179244206514777370182692497481368604390208536225257555313946990516051895424772653144811896903096135889041961211271058053045202385875
        n=750: 0.00703435187690997948824986331177742513147155996394871853962835303239317527882609438421146846491458875576642140931416599008002929904060173839084652567484075094120164108691655162779643622965099723081849372795615488693604792397342815552391289217433878638864876840621808931678892826465076262069537810108894
        |diff| = 7.47952856355819113323292050972588917039913896728115968547157739386245336136343296828855943898210234514464542811084427572161441066513382857251815099082161618294519903752408142687115440508296941563199580877471984262046515797113143812476267799089401427993505628128720421014913474619479598350739227698132 E-5
DONE
