=== Row 1 floating asymptotics, N = 300000 ===
A built in 7129 ms
--- A_n/8^n and local exponent d log(A_n/8^n)/d log n ---
  n=1000  A/8^n = 0.05963691503701414113900004990267541001377   exponent = -0.7696156687287848683961398640493954351555   (A/8^n)*n/(log n)^2 = 1.249802194407630431484556914501118792383
  n=3000  A/8^n = 0.02522084071030685283849741415271120658655   exponent = -0.7959833503901478021353675199580361779636   (A/8^n)*n/(log n)^2 = 1.180347175387813747519838213430905283300
  n=10000  A/8^n = 0.009536828981159274769467713052465789384190   exponent = -0.8186112876515823705769297483174017174488   (A/8^n)*n/(log n)^2 = 1.124223436403744936455402573955844953294
  n=30000  A/8^n = 0.003843558058677517411164390284154391583315   exponent = -0.8352310799448641968607955424045458645832   (A/8^n)*n/(log n)^2 = 1.084989685949331306876281614152081975399
  n=100000  A/8^n = 0.001393028307812806105058892409936433038412   exponent = -0.8502355530996634973458599828993371283572   (A/8^n)*n/(log n)^2 = 1.050965732487160999901830882099119752934
  n=300000  A/8^n = 0.0005438564343300734160052590109320535520989   exponent = -0.8617080961475497388004419650725962926101   (A/8^n)*n/(log n)^2 = 1.025815925514588499768627358896492773200

--- r_n = x_n/a_n at sample n ---
  B:   n=1000: 0.7698534365374514247298816510276297700352  n=3000: 0.8107115004854399753836370014033351203190  n=10000: 0.8470572686934506515490243913729223607873  n=30000: 0.8745018269052969432154083889396811725500  n=100000: 0.8998245470222124263206266061307544316688  n=300000: 0.9195373642668855223962123451983770728238
  C:   n=1000: 0.3969763186129434700753442820240377649041  n=3000: 0.4333813170458786956123023805610583517554  n=10000: 0.4663029836932860215474602088739684319503  n=30000: 0.4914741697447251302075160641593208988267  n=100000: 0.5149237785424100598830330437191379118486  n=300000: 0.5333206581090981315436494434341763326950
  D:   n=1000: 0.1306985485035681449499154084626904594924  n=3000: 0.1460104164470200959610151662689373139528  n=10000: 0.1599958948745176446742435444179799169548  n=30000: 0.1707681655640067409031090624798528275718  n=100000: 0.1808599795163905456792758276269812077434  n=300000: 0.1888126211500983352070840555588681693945
  E:   n=1000: 0.03346685911892465605120183468830064968802  n=3000: 0.03804364151763596473702164136014334574254  n=10000: 0.04225529998008939941030265949298574294961  n=30000: 0.04551705335954912381964912393992084781567  n=100000: 0.04858527528818303733858725346124333482114  n=300000: 0.05101092495860525552991729062807065101457
  F:   n=1000: 0.007362086433504895138450496065628765321962  n=3000: 0.008489632074327234077339536014350328527318  n=10000: 0.009533606900578379195332105479759539168840  n=30000: 0.01034570672368437066079937750344820048032  n=100000: 0.01111213558549926265982758713513111804630  n=300000: 0.01171961458700285550708802714100605621597

--- differences r_{n} - r_{n/3} (are they shrinking like 1/log n ?) ---
  B:   0.04085806394798855065375535037570535028381  0.03634576820801067616538738996958724046835  0.02744455821184629166638399756675881176266  0.02532272011691548310521821719107325911880  0.01971281724467309607558573906762264115503
  C:   0.03640499843293522553695809853702058685137  0.03292166664740732593515782831291008019493  0.02517118605143910866005585528535246687637  0.02344960879768492967551697955981701302190  0.01839687956668807166061639971503842084643
  D:   0.01531186794345195101109975780624685446045  0.01398547842749754871322837814904260300196  0.01077227068948909622886551806187291061705  0.01009181395238380477616676514712838017160  0.007952641633707789527808227931886961651033
  E:   0.004576782398711308685819806671842696054518  0.004211658462453434673281018132842397207072  0.003261753379459724409346464446935104866062  0.003068221928633913518938129521322487005471  0.002425649670422218191330037166827316193428
  F:   0.001127545640822338938889039948721563205356  0.001043974826251145117992569465409210641522  0.0008120998231059914654672720236886613114849  0.0007664288618148919990282096316829175659744  0.0006074790015035928472604400058749381696671

--- extrapolation assuming r_n = L + c/log n, using consecutive pairs ---
  B:   L~1.067615150514582766476536593467062586073  L~1.088755070135792942054675539180350794810  L~1.104586384575833986841657941283610028638  L~1.116648981914809659733998595949688437033  L~1.126118155309778457108497236994080977357
  C:   L~0.6622853832941452597086154036570622330027  L~0.6852306564544378898897032527815639217828  L~0.7024996547965591860772112900743554177058  L~0.7157097980748898586664793859437708961411  L~0.7261110587117431537633002695136344522181
  D:   L~0.2422869989215229254561413643587457658338  L~0.2529987272455348693349755746552248241777  L~0.2610787152025337947600434917239298756799  L~0.2672705960364210818744391561955327779390  L~0.2721524593467895196216796351270342205909
  E:   L~0.06682112116314313159353245346038390510301  L~0.07026264831773364484832501198808568788746  L~0.07286233171128553162650878487590103915753  L~0.07485676123951763429552324148702177007403  L~0.07643056039118972422785837237128985661705
  F:   L~0.01557931187585802182769228688262397487787  L~0.01647599476873299543476983819636131216866  L~0.01715403743687508085059039029037563717254  L~0.01767464167019837408431206475880135368659  L~0.01808570072856998671611167365016361959335
--- extrapolation assuming r_n = L + c/(log n)^2 ---
  B:   L~0.9297012367862444391623799612024923075172  L~0.9594551466981307307820220087472375856550  L~0.9830691344886050303783475054559293284449  L~1.002255365401452619784505862589351263533  L~1.018123982680714522782529092386381389406
  C:   L~0.5394025217970504286824635567536858696203  L~0.5681119604734349386211978239529185678147  L~0.5910482957768825635010797802678340581344  L~0.6097778309005291985097222074147260971482  L~0.6253260839868401266127380362580371616788
  D:   L~0.1906027184998877762586389049107651615070  L~0.2032454442893102129617325049136022397600  L~0.2133819477312708399534592792857224795926  L~0.2216815325447001449430388925861740576318  L~0.2285849193656739257005156093174646565659
  E:   L~0.05137247010388698311310334800836822298438  L~0.05527969036719051597859588859894970580679  L~0.05842014983773709021856563529760351524234  L~0.06099628333424062754073613991501006926357  L~0.06314194588247477929908035066483268784141
  F:   L~0.01177335003608290183364238992470569726083  L~0.01276205854560568695746681097041712202668  L~0.01355827406045575485829722776586484600341  L~0.01421235290744199140093419699210209060872  L~0.01475770395658964918539294425499022347254
DONE
