--- extended kernel-dim scan mod p, DG up to 16 ---
   r=2 : 0 0 0 0 0 0 0 0 0 0 0 0 0 0 0 
   r=3 : 0 0 0 0 0 0 0 0 0 0 0 0 0 0 0 
   r=4 : 0 0 0 0 0 0 0 0 0 0 0 0 0 0 0 
   r=5 : 0 0 0 0 0 0 0 0 0 0 0 0 0 0 0 
   r=6 : 0 0 1 2 3 4 5 6 7 8 9 10 11 12 13 
   r=7 : 0 0 2 4 6 8 10 12 14 16 18 20 22 24 26 

exact kernel dim at (r,DG)=(6,4): 1
--- the minimal recurrence:  sum_{i=0}^{6} Q_i(n) A_{n-i} = 0 ---
  Q_0(n) = n^4     factored: Mat([n, 4])
  Q_1(n) = -36*n^4 + 72*n^3 - 88*n^2 + 52*n - 12     factored: Mat([9*n^4 - 18*n^3 + 22*n^2 - 13*n + 3, 1])
  Q_2(n) = 528*n^4 - 2112*n^3 + 3952*n^2 - 3680*n + 1392     factored: Mat([33*n^4 - 132*n^3 + 247*n^2 - 230*n + 87, 1])
  Q_3(n) = -4032*n^4 + 24192*n^3 - 61120*n^2 + 74496*n - 36288     factored: Mat([63*n^4 - 378*n^3 + 955*n^2 - 1164*n + 567, 1])
  Q_4(n) = 16896*n^4 - 135168*n^3 + 430592*n^2 - 641024*n + 373248     factored: Mat([33*n^4 - 264*n^3 + 841*n^2 - 1252*n + 729, 1])
  Q_5(n) = -36864*n^4 + 368640*n^3 - 1417216*n^2 + 2478080*n - 1658880     factored: Mat([9*n^4 - 90*n^3 + 346*n^2 - 605*n + 405, 1])
  Q_6(n) = 32768*n^4 - 393216*n^3 + 1769472*n^2 - 3538944*n + 2654208     factored: Mat([n - 3, 4])
verified for n=6..420: 1

characteristic polynomial (n->oo): x^6 - 36*x^5 + 528*x^4 - 4032*x^3 + 16896*x^2 - 36864*x + 32768
  factored: [x - 8, 3; x - 4, 3]
  roots: [4.0000000000000000000000000000000000000 + 0.E-38*I, 4.0000000000000000000000000000000000000 + 0.E-38*I, 4.0000000000000000000000000000000000000 + 0.E-38*I, 8.0000000000000000000000000000000000000 + 0.E-38*I, 8.0000000000000000000000000000000000000 + 0.E-38*I, 8.0000000000000000000000000000000000000 + 0.E-38*I]~
  trailing/leading: 32768

Q_0 = Mat([n, 4])
Q_6 = Mat([n - 3, 4])
DONE
