=== AESZ207 2-adic lindep, data at N = 1600 ===
  v_2(rB)=-4  v_2(rC)=-4  v_2(rD)=-8
  16*xi_2(B) mod 2^40 = 360776799631
  16*xi_2(C) mod 2^40 = 460323768881
  256*xi_2(D) mod 2^40 = 449896537247
  16*xi_2(B) mod 2^120 = 1275528383008663815257650142033548687
  16*xi_2(C) mod 2^120 = 681472594355477902899984777396308529
  256*xi_2(D) mod 2^120 = 733545281136187332220376720184466591

--- 2-adic lindep (heights reported as max #decimal digits of the coefficients) ---
  [1,xiB,xiC,xiD]  -> max coeff size 1431 digits;  coeffs = [huge]
  [1,xiB,xiC]      -> max coeff size 1907 digits;  coeffs = [huge]
  [1,xiB,xiD]      -> max coeff size 1907 digits;  coeffs = [huge]
  [1,xiC,xiD]      -> max coeff size 1907 digits;  coeffs = [huge]
  [xiB,xiC,xiD]    -> max coeff size 1908 digits;  coeffs = [huge]
  [1,xiB]          -> max coeff size 2860 digits;  coeffs = [huge]
  [xiB,xiC]        -> max coeff size 2861 digits;  coeffs = [huge]
  [xiB,xiD]        -> max coeff size 2861 digits;  coeffs = [huge]
  [xiC,xiD]        -> max coeff size 2861 digits;  coeffs = [huge]

  xiC/xiB mod 2^60 = 1 + 2 + 2^2 + 2^3 + 2^4 + 2^5 + 2^10 + 2^14 + 2^16 + 2^17 + 2^18 + 2^23 + 2^24 + 2^27 + 2^29 + 2^30 + 2^32 + 2^40 + 2^43 + 2^48 + 2^49 + 2^52 + 2^53 + 2^56 + 2^57 + 2^58 + O(2^60)
  xiD/xiB mod 2^60 = 2^-4 + 1 + 2 + 2^2 + 2^3 + 2^4 + 2^5 + 2^6 + 2^7 + 2^8 + 2^10 + 2^12 + 2^17 + 2^24 + 2^25 + 2^26 + 2^28 + 2^29 + 2^33 + 2^34 + 2^35 + 2^37 + 2^40 + 2^41 + 2^43 + 2^44 + 2^47 + 2^50 + 2^51 + 2^52 + 2^53 + 2^54 + 2^55 + 2^57 + 2^58 + 2^59 + O(2^60)

--- with sqrt(17) adjoined (Q(sqrt17) coefficients) ---
  [1,s17,xiB,s17*xiB]  -> max coeff size 1431 digits;  coeffs = [huge]
  [xiB,s17*xiB,xiC,s17*xiC]  -> max coeff size 1430 digits;  coeffs = [huge]
DONE
