=== AESZ207: slope scan over all primes p < 60, N = 600 ===
  reported: v_p(r_n - r_{n-1}) at n = 200, 400, 600  (a slope exists only if these grow ~ linearly)
  p=2: B[2367,4765,7163]  C[2356,4752,7152]  D[2341,4737,7137]  
  p=3: B[-10,-10,-11]  C[-10,-10,-12]  D[-6,-6,-8]  
  p=5: B[-9,-11,-12]  C[-9,-11,-12]  D[-9,-10,-12]  
  p=7: B[-9,-4,-11]  C[-9,-4,-11]  D[-10,-5,-12]  
  p=11: B[-4,-3,-6]  C[-4,-2,-6]  D[-4,-3,-6]  
  p=13: B[0,-3,-2]  C[0,-3,-2]  D[0,-3,-2]  
  p=17: B[-4,-6,-4]  C[-4,-6,-4]  D[-4,-6,-4]  
  p=19: B[-6,-4,-4]  C[-6,-4,-4]  D[-6,-4,-4]  
  p=23: B[-2,-6,-4]  C[-2,-6,-4]  D[-2,-6,-4]  
  p=29: B[-3,-2,-4]  C[-3,-2,-4]  D[-3,-2,-4]  
  p=31: B[-2,-2,-4]  C[-2,-2,-4]  D[-2,-2,-4]  
  p=37: B[-2,-2,-1]  C[-2,-2,-1]  D[-2,-2,-1]  
  p=41: B[-2,-2,-2]  C[-2,-2,-2]  D[-2,-2,-2]  
  p=43: B[-2,-2,-4]  C[-2,-2,-4]  D[-2,-2,-4]  
  p=47: B[-2,-4,-3]  C[-2,-4,-3]  D[-2,-4,-3]  
  p=53: B[-2,-2,-2]  C[-2,-2,-2]  D[-2,-2,-2]  
  p=59: B[-2,-2,-2]  C[-2,-2,-2]  D[-2,-2,-2]  
DONE
