=== AESZ 207 ===
  Q_0(n) = P_0(n-0) = n^4
  Q_1(n) = P_1(n-1) = -17152*n^4 + 353792*n^3 - 784256*n^2 + 607360*n - 157424
  Q_2(n) = P_2(n-2) = -6696206336*n^4 + 38317064192*n^3 - 63260590080*n^2 + 9381085184*n + 35066085376
  Q_3(n) = P_3(n-3) = 255108172480512*n^4 - 3055937950580736*n^3 + 13725897286746112*n^2 - 27395401652895744*n + 20500030569840640
  Q_4(n) = P_4(n-4) = -47569271064100864*n^4 + 665969794897412096*n^3 - 3496341423211413504*n^2 + 8158129987493298176*n - 7138363739056635904
char poly = x^4 - 17152*x^3 - 6696206336*x^2 + 255108172480512*x - 47569271064100864
  factored: [x - 53248, 2; x^2 + 89344*x - 16777216, 1]
  roots: [-89531.38920672014678205693923299795803360 + 0.E-57*I, 187.3892067201467820569392329979580336015 + 0.E-57*I, 53248.00000000000000000000000000000000000 + 0.E-57*I, 53248.00000000000000000000000000000000000 + 0.E-57*I]~
  product of roots = -47569271064100864
  v_2 of product = 48   13-part: 2

--- Newton polygon of char poly ---
 p=2  Newton slopes: [16, 12, 12, 8]
 p=13  Newton slopes: [1, 1, 0, 0]
 p=17  Newton slopes: [0, 0, 0, 0]
 53248 = 2^12*13 : v_2=12 v_13=1
 quadratic factor x^2+89344x-2^24, disc = 8049459200 = [2, 16; 5, 2; 17, 3]
 sqrt17 in Q_2 (17 = 1 mod 8): 1 + 2^3 + 2^5 + 2^6 + 2^7 + 2^9 + 2^10 + 2^13 + 2^16 + 2^17 + 2^20 + 2^22 + 2^23 + 2^24 + 2^25 + 2^28 + 2^29 + 2^32 + 2^33 + 2^36 + 2^37 + 2^38 + 2^39 + 2^40 + 2^46 + 2^49 + 2^53 + 2^55 + 2^56 + 2^58 + O(2^59)
 v_2(-2^7(349+85 sqrt17)) = 8    v_2(-2^7(349-85 sqrt17)) = 16
 so v_2 of the 4 roots = {8, 16, 12, 12}

A_0..A_5 = [1, -2320, 57601296, -2373661139200, 121665506430000400, -7045795484316081803520]
B_0..: [0, 1, -29761, 32129592496/27, -1660996898782171/27, 6660169172397650024752/1875, -150306923308517542554984752/675]
C_0..: [0, 0, 1, -2769424/81, 150042413905/81, -592198583173523344/5625, 4482486768138747270448/675]
D_0..: [0, 0, 0, 1, -498481/16, 283545382509/125, -648959022156741/5]
A_n integral for n<=1600? 1

--- sharp lcm-denominator exponent k (tested n<=200) ---
  B: smallest k with d_n^k x_n in Z is k = 4
  C: smallest k with d_n^k x_n in Z is k = 4
  D: smallest k with d_n^k x_n in Z is k = 4

--- v_p(A_n) ---
 p=2 n=50:12 n=100:12 n=200:12 n=400:12 n=800:12 n=1200:16 n=1600:12
 p=3 n=50:8 n=100:2 n=200:4 n=400:8 n=800:8 n=1200:8 n=1600:8
 p=5 n=50:0 n=100:2 n=200:2 n=400:3 n=800:2 n=1200:4 n=1600:6
 p=7 n=50:0 n=100:0 n=200:6 n=400:0 n=800:0 n=1200:0 n=1600:9
 p=13 n=50:3 n=100:5 n=200:0 n=400:2 n=800:5 n=1200:2 n=1600:3
 p=17 n=50:2 n=100:2 n=200:4 n=400:2 n=800:2 n=1200:2 n=1600:2

--- SLOPE: v_p(x_n/a_n - x_{n-1}/a_{n-1}) ---
 == p=2 ==
   B  n=50:573  n=100:1170  n=200:2367  n=400:4765  n=800:9560  n=1200:14362  n=1600:19156
   C  n=50:564  n=100:1160  n=200:2356  n=400:4752  n=800:9548  n=1200:14348  n=1600:19144
   D  n=50:554  n=100:1145  n=200:2341  n=400:4737  n=800:9533  n=1200:14333  n=1600:19129
 == p=3 ==
   B  n=50:-11  n=100:-5  n=200:-10  n=400:-10  n=800:-11  n=1200:-13  n=1600:-10
   C  n=50:-11  n=100:-3  n=200:-10  n=400:-10  n=800:-10  n=1200:-15  n=1600:-9
   D  n=50:-7  n=100:0  n=200:-6  n=400:-6  n=800:-6  n=1200:-11  n=1600:-5
 == p=5 ==
   B  n=50:-7  n=100:-10  n=200:-9  n=400:-11  n=800:-13  n=1200:-11  n=1600:-14
   C  n=50:-7  n=100:-10  n=200:-9  n=400:-11  n=800:-13  n=1200:-11  n=1600:-14
   D  n=50:-7  n=100:-10  n=200:-9  n=400:-10  n=800:-13  n=1200:-11  n=1600:-14
 == p=7 ==
   B  n=50:-2  n=100:-1  n=200:-9  n=400:-4  n=800:-3  n=1200:-5  n=1600:-9
   C  n=50:-2  n=100:-1  n=200:-9  n=400:-4  n=800:-3  n=1200:-5  n=1600:-10
   D  n=50:-3  n=100:-2  n=200:-10  n=400:-5  n=800:-4  n=1200:-6  n=1600:-10
 == p=13 ==
   B  n=50:-2  n=100:-1  n=200:0  n=400:-3  n=800:-4  n=1200:-1  n=1600:-2
   C  n=50:-2  n=100:-1  n=200:0  n=400:-3  n=800:-4  n=1200:-1  n=1600:-2
   D  n=50:-2  n=100:-1  n=200:0  n=400:-3  n=800:-4  n=1200:-1  n=1600:-2
 == p=17 ==
   B  n=50:-2  n=100:-2  n=200:-4  n=400:-6  n=800:-4  n=1200:-4  n=1600:-3
   C  n=50:-2  n=100:-2  n=200:-4  n=400:-6  n=800:-4  n=1200:-4  n=1600:-3
   D  n=50:-2  n=100:-2  n=200:-4  n=400:-6  n=800:-4  n=1200:-4  n=1600:-3

--- 2-adic: v_2(xi) and increments at the top ---
  B  v_2(x_N/a_N) = -4   Cauchy precision v_2(r_N - r_{N-1}) = 19156
  C  v_2(x_N/a_N) = -4   Cauchy precision v_2(r_N - r_{N-1}) = 19144
  D  v_2(x_N/a_N) = -8   Cauchy precision v_2(r_N - r_{N-1}) = 19129
DONE
