=== level-16 zeta(5): 2-adic run to N=2600, working precision 2^30000  (4451 ms) ===
--- v_2(r_n - r_{n-1}) at sampled n (slope test) ---
  B(modular):  n=400:372 n=800:768 n=1200:1169 n=1800:1773 n=2200:2175 n=2600:2576
  X1:  n=400:365 n=800:762 n=1200:1165 n=1800:1767 n=2200:2167 n=2600:2567
  X2:  n=400:367 n=800:764 n=1200:1164 n=1800:1769 n=2200:2169 n=2600:2569
  X3:  n=400:362 n=800:759 n=1200:1159 n=1800:1764 n=2200:2164 n=2600:2564

  B(modular)  v_2(xi_2) = -8   Cauchy precision = 2576
  X1  v_2(xi_2) = -10   Cauchy precision = 2567
  X2  v_2(xi_2) = -8   Cauchy precision = 2569
  X3  v_2(xi_2) = -13   Cauchy precision = 2564

  zeta_2(m) valuations m=2..7: [-1, -2, -1, -3, -1, -2]

--- VALIDATION: is xi_2(B) = (7/32) zeta_2(5)? ---
  v_2( xi_2(B) - (7/32) zeta_2(5) ) = 2192   (large = confirmed)

--- lindep against zeta_2(m), at 1900 2-adic digits ---
  B(modular) vs zeta_2(2) -> max coeff 287 digits  [spurious]
  B(modular) vs zeta_2(3) -> max coeff 286 digits  [spurious]
  B(modular) vs zeta_2(4) -> max coeff 287 digits  [spurious]
  B(modular) vs zeta_2(5) -> max coeff 2 digits   [32, -7]~
  B(modular) vs zeta_2(6) -> max coeff 287 digits  [spurious]
  B(modular) vs zeta_2(7) -> max coeff 287 digits  [spurious]
  X1 vs zeta_2(2) -> max coeff 287 digits  [spurious]
  X1 vs zeta_2(3) -> max coeff 287 digits  [spurious]
  X1 vs zeta_2(4) -> max coeff 286 digits  [spurious]
  X1 vs zeta_2(5) -> max coeff 286 digits  [spurious]
  X1 vs zeta_2(6) -> max coeff 287 digits  [spurious]
  X1 vs zeta_2(7) -> max coeff 287 digits  [spurious]
  X2 vs zeta_2(2) -> max coeff 286 digits  [spurious]
  X2 vs zeta_2(3) -> max coeff 287 digits  [spurious]
  X2 vs zeta_2(4) -> max coeff 286 digits  [spurious]
  X2 vs zeta_2(5) -> max coeff 287 digits  [spurious]
  X2 vs zeta_2(6) -> max coeff 286 digits  [spurious]
  X2 vs zeta_2(7) -> max coeff 287 digits  [spurious]
  X3 vs zeta_2(2) -> max coeff 286 digits  [spurious]
  X3 vs zeta_2(3) -> max coeff 286 digits  [spurious]
  X3 vs zeta_2(4) -> max coeff 287 digits  [spurious]
  X3 vs zeta_2(5) -> max coeff 287 digits  [spurious]
  X3 vs zeta_2(6) -> max coeff 286 digits  [spurious]
  X3 vs zeta_2(7) -> max coeff 287 digits  [spurious]

--- are the four 2-adic limits Q-linearly dependent? ---
  [1,xiB,xiX1,xiX2,xiX3] -> max coeff 117 digits  [spurious]
  [xiB,xiX1]             -> max coeff 287 digits  [spurious]
  [xiB,xiX2]             -> max coeff 288 digits  [spurious]
  [xiB,xiX3]             -> max coeff 288 digits  [spurious]
  [xiX1,xiX2]            -> max coeff 288 digits  [spurious]
  [1,xiB,xiX1]           -> max coeff 192 digits  [spurious]

--- xi_2(X_s) in Q*zeta_2(5) + Q*zeta_2(3) ? and Q + Q*zeta_2(5) ? ---
  X1 [xi, z2(3), z2(5)] -> max coeff 191 digits  [spurious]
  X1 [xi, 1, z2(5)]    -> max coeff 191 digits  [spurious]
  X2 [xi, z2(3), z2(5)] -> max coeff 191 digits  [spurious]
  X2 [xi, 1, z2(5)]    -> max coeff 191 digits  [spurious]
  X3 [xi, z2(3), z2(5)] -> max coeff 191 digits  [spurious]
  X3 [xi, 1, z2(5)]    -> max coeff 190 digits  [spurious]
DONE
