=== level-16 zeta(5): joint operator scan, terms to n=399 ===
  residual R_n = L_A(B)_n for n=16..35 (should be 0 if B solves L_A):
    all zero? 0
    R_16 numerator size (digits) = 220,  R_17 = 222

--- kernel dims mod 2^61-1 for an operator killing BOTH A and B (rows from A and from B) ---
    r \ D:  11   12   13   14   15
    r=16 : 0   0   0   0   0   
    r=17 : 0   0   0   0   2   
    r=18 : 1   4   7   10   13   
    r=19 : 8   12   16   20   24   
    r=20 : 15   20   25   30   35   
    r=21 : 22   28   34   40   46   
    r=22 : 29   36   43   50   57   
    r=23 : 36   44   52   60   68   
    r=24 : 43   52   61   70   79   

--- for comparison: kernel dims for B alone ---
    r \ D:  11   12   13   14   15
    r=16 : 0   0   0   0   0   
    r=17 : 0   0   0   0   2   
    r=18 : 1   4   7   10   13   
    r=19 : 8   12   16   20   24   
    r=20 : 15   20   25   30   35   
    r=21 : 22   28   34   40   46   
    r=22 : 29   36   43   50   -1   
    r=23 : 36   44   52   -1   -1   
    r=24 : 43   52   61   -1   -1   
DONE
