Q_0(n) = n^7
Q_1(n) = -35*n^7 + 224*n^6 - 644*n^5 + 1050*n^4 - 1036*n^3 + 616*n^2 - 204*n + 29

--- check A_n satisfies the recurrence at every n>=0 (x_j=0 for j<0) ---
failures n=0..1000: 0

--- s=1 companion vs B_n ---
X1[0..8] = [0, 1, 155/128, 263651/46656, 67066247/3981312, 4194758612017/233280000000, 2856661061/648000000, -56750733466059095657/32019351840000000, -10537240298196173419439/878245079040000000]
B_n[0..8] = [0, 1, -331/128, 577351/139968, -239171027/11943936, -26903840495173/699840000000, -749559078709/1944000000, -241844195603369913667/96058055520000000, -556165747978592814840469/42155763793920000000]
  differ at n=2: X1=155/128 B=-331/128
X1 == B_n exactly for n<=260? 0
ratios X1_n/B_n at n=10..15: [26041356790232871228915393168/18742196563813104745947368305, 16942048002802835777826955699256461488/11839778501139702502751023670834405731, 39840564832242781414214302340511522480/24188578566136424217315050020180677091, 15772797076399092370165132430417377195841829648/9533886115010613416253418841727332407809724313, 23609738123187497710268369064732092845918518576/13037020452121778215076332849873163382223135435, 512563568154986262377298466793462003467814126544/281451059466604393058722814635112473364297581093]

--- sharp lcm exponent k ---
X^(1): sharp k = 7
X^(2): sharp k = 7
  X^(1): k-1=6 fails at 147 of 150 n
  X^(2): k-1=6 fails at 147 of 150 n

--- p-adic valuations v_p(x_n/A_n - x_{n-1}/A_{n-1}) ---
companion X^(1)
  p=2 at n=[20, 40, 60, 80, 100, 120, 140, 160, 180, 200, 220, 240, 260] : [-26, -34, -28, -41, -35, -35, -47, -50, -44, -43, -42, -42, -50]
  p=3 at n=[20, 40, 60, 80, 100, 120, 140, 160, 180, 200, 220, 240, 260] : [-14, -20, -21, -21, -25, -28, -27, -27, -27, -26, -25, -26, -35]
  p=5 at n=[20, 40, 60, 80, 100, 120, 140, 160, 180, 200, 220, 240, 260] : [-7, -13, -14, -14, -14, -13, -22, -21, -21, -21, -21, -21, -23]
  p=7 at n=[20, 40, 60, 80, 100, 120, 140, 160, 180, 200, 220, 240, 260] : [-6, -7, -13, -12, -14, -13, -14, -14, -14, -14, -14, -14, -16]
companion X^(2)
  p=2 at n=[20, 40, 60, 80, 100, 120, 140, 160, 180, 200, 220, 240, 260] : [-22, -29, -23, -36, -30, -30, -42, -45, -39, -38, -37, -37, -45]
  p=3 at n=[20, 40, 60, 80, 100, 120, 140, 160, 180, 200, 220, 240, 260] : [-15, -21, -21, -19, -26, -29, -28, -28, -29, -29, -28, -29, -36]
  p=5 at n=[20, 40, 60, 80, 100, 120, 140, 160, 180, 200, 220, 240, 260] : [-7, -13, -14, -14, -14, -14, -22, -21, -21, -21, -21, -21, -23]
  p=7 at n=[20, 40, 60, 80, 100, 120, 140, 160, 180, 200, 220, 240, 260] : [-7, -7, -14, -13, -14, -14, -13, -14, -14, -14, -14, -13, -16]

--- v_p(A_n) ---
  v_2(A_n) at n=[20, 60, 100, 140, 180, 220, 260]: [3, 4, 3, 8, 6, 7, 3]
  v_3(A_n) at n=[20, 60, 100, 140, 180, 220, 260]: [1, 1, 1, 1, 1, 1, 1]
  v_5(A_n) at n=[20, 60, 100, 140, 180, 220, 260]: [0, 0, 0, 1, 0, 0, 2]
  v_7(A_n) at n=[20, 60, 100, 140, 180, 220, 260]: [0, 0, 0, 0, 0, 0, 0]

--- Newton polygons of char polys ---
base quintic = x^5 - 5*x^4 - 24*x^3 + 92*x^2 - 96*x + 32  disc-free product of roots = -32
  p=2 newtonpoly(quintic) = [3/2, 3/2, 1, 1, 0]
  p=3 newtonpoly(quintic) = [0, 0, 0, 0, 0]
  p=5 newtonpoly(quintic) = [0, 0, 0, 0, 0]
  p=7 newtonpoly(quintic) = [0, 0, 0, 0, 0]
  chB == quintic^7 ? 1
  p=2 newtonpoly(chB, deg 35) = [3/2, 3/2, 3/2, 3/2, 3/2, 3/2, 3/2, 3/2, 3/2, 3/2, 3/2, 3/2, 3/2, 3/2, 1, 1, 1, 1, 1, 1, 1, 1, 1, 1, 1, 1, 1, 1, 0, 0, 0, 0, 0, 0, 0]
  p=3 newtonpoly(chB, deg 35) = [0, 0, 0, 0, 0, 0, 0, 0, 0, 0, 0, 0, 0, 0, 0, 0, 0, 0, 0, 0, 0, 0, 0, 0, 0, 0, 0, 0, 0, 0, 0, 0, 0, 0, 0]
  p=5 newtonpoly(chB, deg 35) = [0, 0, 0, 0, 0, 0, 0, 0, 0, 0, 0, 0, 0, 0, 0, 0, 0, 0, 0, 0, 0, 0, 0, 0, 0, 0, 0, 0, 0, 0, 0, 0, 0, 0, 0]
  p=7 newtonpoly(chB, deg 35) = [0, 0, 0, 0, 0, 0, 0, 0, 0, 0, 0, 0, 0, 0, 0, 0, 0, 0, 0, 0, 0, 0, 0, 0, 0, 0, 0, 0, 0, 0, 0, 0, 0, 0, 0]
