n where L_C[B] != 0 : [1, 2, 3, 4, 5, 6, 7, 8, 9, 10, 11, 12, 13, 14, 15, 16, 17, 18, 19, 20, 21, 22, 23, 24, 25, 26, 27, 28, 29, 30, 31, 32, 33, 34, 35, 36, 37, 38, 39]
extra char factor roots: [-2.79269502847679075315681538213030216623194833419262691333272 + 0.E-77*I, 0.456055204485160062843799605019258206409029650845914837467394 + 0.E-77*I, 1.22654339774755631744820620051987533560776579331304078318646 + 0.E-77*I, 3.19304316984602415840668663758986663899097995419547120294404 + 0.E-77*I, 5.72869484007511708172101229472495263398036421055223704067374 + 0.E-77*I, 1.09365399807743295292317717087767047394123209373541849932046 - 3.26516684488646376984071154148791376568990123081859149430568*I, 1.09365399807743295292317717087767047394123209373541849932046 + 3.26516684488646376984071154148791376568990123081859149430568*I]~
is it irreducible? 1
Y1[0..6] = [0, 1, 297/256, 8682905/1586304, 32614030484591/2061873709056, 948352182466310846827/71883683020800000000, -11061243899579507273779/570277218631680000000]
Bn[0..6] = [0, 1, -331/128, 577351/139968, -239171027/11943936, -26903840495173/699840000000, -749559078709/1944000000]
  first differ at n=2
Y1==B_n for n<=260? 0
ratio Y1_n/B_n at n=10,20,30: [1.41556973502245138720987460652816747388218047297207091063882, 2.08339055609070228659579977655908701494400472019551815054598, 2.29661256660344267718760248518130745675793688326522546567186]
Y^(1) sharp k = 41
Y^(2) sharp k = 41
  Y1: k-1=40 fails at 123/150
  Y2: k-1=40 fails at 129/150
companion Y^(1)
  p=2 v_p(x_n/A_n - x_{n-1}/A_{n-1}) at n=[20, 40, 60, 80, 100, 120, 140, 160, 180, 200, 220, 240, 260] : [-78, -144, -194, -272, -321, -383, -438, -522, -557, -625, -677, -751, -825]
  p=3 v_p(x_n/A_n - x_{n-1}/A_{n-1}) at n=[20, 40, 60, 80, 100, 120, 140, 160, 180, 200, 220, 240, 260] : [-16, -23, -24, -24, -29, -32, -31, -31, -32, -32, -31, -32, -40]
  p=5 v_p(x_n/A_n - x_{n-1}/A_{n-1}) at n=[20, 40, 60, 80, 100, 120, 140, 160, 180, 200, 220, 240, 260] : [-7, -15, -15, -16, -16, -16, -25, -24, -24, -24, -24, -24, -26]
  p=7 v_p(x_n/A_n - x_{n-1}/A_{n-1}) at n=[20, 40, 60, 80, 100, 120, 140, 160, 180, 200, 220, 240, 260] : [-19, -40, -62, -82, -111, -124, -145, -160, -179, -209, -221, -243, -266]
companion Y^(2)
  p=2 v_p(x_n/A_n - x_{n-1}/A_{n-1}) at n=[20, 40, 60, 80, 100, 120, 140, 160, 180, 200, 220, 240, 260] : [-70, -136, -186, -264, -313, -375, -430, -514, -549, -617, -669, -743, -817]
  p=3 v_p(x_n/A_n - x_{n-1}/A_{n-1}) at n=[20, 40, 60, 80, 100, 120, 140, 160, 180, 200, 220, 240, 260] : [-17, -22, -25, -25, -30, -33, -32, -32, -33, -33, -32, -33, -41]
  p=5 v_p(x_n/A_n - x_{n-1}/A_{n-1}) at n=[20, 40, 60, 80, 100, 120, 140, 160, 180, 200, 220, 240, 260] : [-7, -15, -15, -16, -16, -16, -25, -24, -24, -24, -24, -24, -26]
  p=7 v_p(x_n/A_n - x_{n-1}/A_{n-1}) at n=[20, 40, 60, 80, 100, 120, 140, 160, 180, 200, 220, 240, 260] : [-20, -41, -63, -83, -112, -125, -146, -161, -180, -210, -222, -244, -267]
Y1_n/A_n at n=260 = 0.278346157242365404912259455407687848481576400138060777814178
Y2_n/A_n at n=260 = -0.345674941375180326613474851715817723634998990505340214291889
(1463/13824)zeta(7) = 0.106714047512279593147180542204156008340176532776833349789387
arch decay |Y1_n/A_n - Y1_{n-1}/A_{n-1}|^(1/n) at n=260: 0.950039186096877315772977939534531482799122762345059864865082
arch decay for B: 0.708471964149952591025962982074048204007169414477794525709408
