residual L_B[B_n] for n=0..45:
  n=1 resid nonzero
  n=2 resid nonzero
  n=3 resid nonzero
  n=4 resid nonzero
  n=5 resid nonzero
  n=6 resid nonzero
  n=7 resid nonzero
  n=8 resid nonzero
  n=9 resid nonzero
  n=10 resid nonzero
  n=11 resid nonzero
  n=12 resid nonzero
  n=13 resid nonzero
  n=14 resid nonzero
  n=15 resid nonzero
  n=16 resid nonzero
  n=17 resid nonzero
  n=18 resid nonzero
  n=19 resid nonzero
  n=20 resid nonzero
  n=21 resid nonzero
  n=22 resid nonzero
  n=23 resid nonzero
  n=24 resid nonzero
  n=25 resid nonzero
  n=26 resid nonzero
  n=27 resid nonzero
  n=28 resid nonzero
  n=29 resid nonzero
  n=30 resid nonzero
  n=31 resid nonzero
  n=32 resid nonzero
  n=33 resid nonzero
  n=34 resid nonzero
  n=35 resid nonzero
  n=36 resid nonzero
  n=37 resid nonzero
  n=38 resid nonzero
  n=39 resid nonzero
  n=40 resid nonzero
  n=41 resid nonzero
  n=42 resid nonzero
  n=43 resid nonzero
  n=44 resid nonzero
  n=45 resid nonzero
  count nonzero n=0..400: 400
  first 6 nonzero n: [1, 2, 3, 4, 5, 6]
residual L_A[B_n], count nonzero n=0..400: 400
  nonzero n (first 8, shape A): [1, 2, 3, 4, 5, 6, 7, 8]
residual L_A[A_n], count nonzero n=0..400: 0
