--- base quintic (x-1)(x^2-8x+8)(x^2+4x-4)  deg=5  prod roots=-32
   p=2  [slope,mult] = [[0, 1], [1, 2], [3/2, 2]]
   p=3  [slope,mult] = [[0, 5]]
   p=5  [slope,mult] = [[0, 5]]
   p=7  [slope,mult] = [[0, 5]]
--- chA r=22 D=23  deg=22  prod roots=1048576
   p=2  [slope,mult] = [[0, 6], [1, 8], [3/2, 8]]
   p=3  [slope,mult] = [[0, 22]]
   p=5  [slope,mult] = [[0, 22]]
   p=7  [slope,mult] = [[0, 22]]
--- chB r=35 D=7  deg=35  prod roots=-34359738368
   p=2  [slope,mult] = [[0, 7], [1, 14], [3/2, 14]]
   p=3  [slope,mult] = [[0, 35]]
   p=5  [slope,mult] = [[0, 35]]
   p=7  [slope,mult] = [[0, 35]]
--- chC r=47 D=8  deg=47  prod roots=-6333186975989760/17
   p=2  [slope,mult] = [[-3, 1], [0, 9], [1, 16], [7, 1], [3/2, 16], [3/4, 4]]
   p=3  [slope,mult] = [[0, 46], [2, 1]]
   p=5  [slope,mult] = [[0, 46], [1, 1]]
   p=7  [slope,mult] = [[-1, 1], [0, 45], [1, 1]]

v_p of product of roots:
  quintic: -32  v_2=5 v_3=0 v_5=0 v_7=0
  chA: 1048576  v_2=20 v_3=0 v_5=0 v_7=0
  chB: -34359738368  v_2=35 v_3=0 v_5=0 v_7=0
  chC: -6333186975989760/17  v_2=47 v_3=2 v_5=1 v_7=0
