JOINT kernel dims (operator annihilating BOTH A_n and B_n):
     D: [6, 7, 8, 9, 10, 11, 12, 13]
r=28: [0, 0, 0, 0, 0, 0, 0, 0]
r=29: [0, 0, 0, 0, 0, 0, 0, 5]
r=30: [0, 0, 0, 0, 0, 0, 5, 11]
r=31: [0, 0, 0, 0, 0, 3, 10, 17]
r=32: [0, 0, 0, 0, 0, 7, 15, 23]
r=33: [0, 0, 0, 0, 3, 11, 20, 29]
r=34: [0, 0, 0, 0, 6, 15, 25, 35]
r=35: [0, 0, 0, 0, 9, 19, 30, 41]
r=36: [0, 0, 0, 1, 12, 23, 35, 47]
r=37: [0, 0, 0, 3, 15, 27, 40, 53]
r=38: [0, 0, 0, 5, 18, 31, 45, 59]
r=39: [0, 0, 0, 7, 21, 35, 50, 65]
r=40: [0, 0, 0, 9, 24, 39, 55, 71]
r=41: [0, 0, 0, 11, 27, 43, 60, 77]
r=42: [0, 0, 0, 13, 30, 47, 65, 83]
r=43: [0, 0, 0, 15, 33, 51, 70, 89]
r=44: [0, 0, 0, 17, 36, 55, 75, 95]
r=45: [0, 0, 0, 19, 39, 59, 80, 101]
r=46: [0, 0, 0, 21, 42, 63, 85, 107]
r=47: [0, 0, 1, 23, 45, 67, 90, 113]
r=48: [0, 0, 2, 25, 48, 71, 95, 119]
r=49: [0, 0, 3, 27, 51, 75, 100, 125]
r=50: [0, 0, 4, 29, 54, 79, 105, 131]
