v_2(A_n) for n=1..40: [2, 2, 4, 2, 4, 4, 6, 2, 4, 4, 6, 4, 6, 6, 8, 2, 4, 4, 6, 4, 6, 6, 8, 4, 6, 6, 8, 6, 8, 8, 10, 2, 4, 4, 6, 4, 6, 6, 8, 4]
v_2(A_n) at n=100,200,400,800: [6, 6, 6, 6]
== R4 companion X^(1) ==
   p=2  v_p(t_{n}-t_{n-1}) at n=700,710,...,800: [-6, -4, -10, -4, -6, -4, -8, -4, -6, -4, -12]
   p=3  v_p(t_{n}-t_{n-1}) at n=700,710,...,800: [-6, -5, -4, -3, -8, -6, -7, -9, -2, -8, -7]
   p=5  v_p(t_{n}-t_{n-1}) at n=700,710,...,800: [-16, -16, -17, -16, -16, -17, -16, -16, -16, -16, -16]
   p=7  v_p(t_{n}-t_{n-1}) at n=700,710,...,800: [-3, -3, -2, -2, -3, -5, -2, -4, -3, -2, -4]
   p=13  v_p(t_{n}-t_{n-1}) at n=700,710,...,800: [-7, -8, -8, -9, -8, -8, -8, -7, -8, -8, -8]
== R4 companion X^(2) ==
   p=2  v_p(t_{n}-t_{n-1}) at n=700,710,...,800: [-4, -2, -8, -2, -4, -2, -6, -2, -4, -2, -10]
   p=3  v_p(t_{n}-t_{n-1}) at n=700,710,...,800: [-7, -4, -4, -1, -6, -3, -4, -4, -2, -6, -5]
   p=5  v_p(t_{n}-t_{n-1}) at n=700,710,...,800: [-12, -14, -13, -12, -12, -13, -12, -12, -12, -12, -12]
   p=7  v_p(t_{n}-t_{n-1}) at n=700,710,...,800: [-3, -3, -2, -2, -3, -5, -1, -4, -3, -2, -4]
   p=13  v_p(t_{n}-t_{n-1}) at n=700,710,...,800: [-8, -8, -8, -9, -8, -8, -7, -8, -8, -8, -8]
== R4 companion X^(3) ==
   p=2  v_p(t_{n}-t_{n-1}) at n=700,710,...,800: [-8, -6, -12, -6, -8, -6, -10, -6, -8, -6, -14]
   p=3  v_p(t_{n}-t_{n-1}) at n=700,710,...,800: [-14, -12, -10, -11, -16, -14, -15, -17, -10, -16, -15]
   p=5  v_p(t_{n}-t_{n-1}) at n=700,710,...,800: [-16, -16, -17, -16, -16, -17, -16, -16, -16, -16, -16]
   p=7  v_p(t_{n}-t_{n-1}) at n=700,710,...,800: [-11, -11, -10, -10, -11, -13, -11, -12, -11, -10, -12]
   p=13  v_p(t_{n}-t_{n-1}) at n=700,710,...,800: [-8, -8, -8, -9, -8, -8, -8, -8, -8, -8, -8]
== R4 companion X^(4) ==
   p=2  v_p(t_{n}-t_{n-1}) at n=700,710,...,800: [-2, 0, -6, 0, -2, 0, -4, 0, -2, 0, -8]
   p=3  v_p(t_{n}-t_{n-1}) at n=700,710,...,800: [-17, -15, -13, -14, -19, -17, -18, -20, -13, -19, -18]
   p=5  v_p(t_{n}-t_{n-1}) at n=700,710,...,800: [-16, -16, -17, -16, -16, -17, -16, -16, -16, -16, -16]
   p=7  v_p(t_{n}-t_{n-1}) at n=700,710,...,800: [-11, -11, -10, -10, -11, -13, -11, -12, -11, -10, -12]
   p=13  v_p(t_{n}-t_{n-1}) at n=700,710,...,800: [-8, -8, -8, -9, -8, -8, -8, -8, -8, -8, -8]
== R4 companion X^(5) ==
   p=2  v_p(t_{n}-t_{n-1}) at n=700,710,...,800: [-8, -6, -12, -6, -8, -6, -10, -6, -8, -6, -14]
   p=3  v_p(t_{n}-t_{n-1}) at n=700,710,...,800: [-15, -13, -11, -12, -17, -15, -16, -18, -11, -17, -16]
   p=5  v_p(t_{n}-t_{n-1}) at n=700,710,...,800: [-12, -12, -13, -12, -12, -13, -12, -12, -12, -12, -12]
   p=7  v_p(t_{n}-t_{n-1}) at n=700,710,...,800: [-11, -11, -10, -10, -11, -13, -11, -12, -11, -10, -12]
   p=13  v_p(t_{n}-t_{n-1}) at n=700,710,...,800: [-8, -8, -8, -9, -8, -8, -8, -8, -8, -8, -8]
