[0;31m  ***   Warning: new maximum stack size = 6000001024 (5722.047 Mbytes).[0m
[0;31m  ***   Warning: increasing stack size to 16000000.[0m
[0;31m  ***   Warning: increasing stack size to 32000000.[0m

######## T3b R1 Apery zeta(3) [CONTROL]  N=8192 ########
[0;31m  ***   Warning: increasing stack size to 64000000.[0m
[0;31m  ***   Warning: increasing stack size to 128000000.[0m
  X^(1) p=2 a=1 | dv=[-3, -3, -3, -3, -3, -3, -3, -3, -3, -3, -3, -3, -3]  w=3  consec-agree-depths [9, 14, 10, 13, 16, 19, 22, 25, 28, 31, 34, 37]   u_last mod p^37 = 1  (= +1)
  X^(1) p=2 a=2 | dv=[-3, -3, -3, -3, -3, -3, -3, -3, -3, -3, -3, -3]  w=3  consec-agree-depths [14, 10, 13, 16, 19, 22, 25, 28, 31, 34, 37]   u_last mod p^37 = 1  (= +1)
  X^(1) p=2 a=3 | dv=[-3, -3, -3, -3, -3, -3, -3, -3, -3, -3, -3]  w=3  consec-agree-depths [7, 11, 13, 16, 19, 22, 25, 28, 31, 34]   u_last mod p^34 = 1  (= +1)
  X^(1) p=3 a=1 | dv=[-3, -3, -3, -3, -3, -3, -3, -3]  w=3  consec-agree-depths [2, 5, 8, 11, 14, 17, 20]   u_last mod p^20 = 1  (= +1)
  X^(1) p=3 a=2 | dv=[-3, -3, -3, -3, -3, -3, -3]  w=3  consec-agree-depths [1, 4, 7, 10, 13, 16]   u_last mod p^16 = 1  (= +1)
  X^(1) p=3 a=3 | dv=[-3, -3, -3, -3, -3, -3, -3]  w=3  consec-agree-depths [5, 8, 11, 14, 17, 20]   u_last mod p^20 = 1  (= +1)
  X^(1) p=5 a=1 | dv=[-3, -3, -3, -3, -3]  w=3  consec-agree-depths [2, 5, 8, 11]   u_last mod p^11 = 1  (= +1)
  X^(1) p=5 a=2 | dv=[-3, -3, -3, -3, -3]  w=3  consec-agree-depths [3, 6, 9, 12]   u_last mod p^12 = 1  (= +1)
  X^(1) p=5 a=3 | dv=[-3, -3, -3, -3]  w=3  consec-agree-depths [2, 5, 8]   u_last mod p^8 = 1  (= +1)
  X^(1) p=7 a=1 | dv=[-3, -3, -3, -3]  w=3  consec-agree-depths [3, 6, 9]   u_last mod p^9 = 1  (= +1)
  X^(1) p=7 a=2 | dv=[-3, -3, -3, -3]  w=3  consec-agree-depths [3, 6, 9]   u_last mod p^9 = 1  (= +1)
  X^(1) p=7 a=3 | dv=[-3, -3, -3, -3]  w=3  consec-agree-depths [2, 5, 8]   u_last mod p^8 = 1  (= +1)
  X^(1) p=13 a=1 | dv=[-3, -3, -3]  w=3  consec-agree-depths [3, 6]   u_last mod p^6 = 1  (= +1)
  X^(1) p=13 a=2 | dv=[-3, -3, -3]  w=3  consec-agree-depths [2, 5]   u_last mod p^5 = 1  (= +1)
  X^(1) p=13 a=3 | dv=[-3, -3, -3]  w=3  consec-agree-depths [3, 6]   u_last mod p^6 = 1  (= +1)

######## T3b R4 Sym^3 Zagier E  N=8192 ########
  X^(1) p=2 a=1 | dv=[-2, -2, -2, -2, -2, -2, -2, -2, -2, -2, -2, -2, -2]  w=2  consec-agree-depths [1, 2, 6, 7, 9, 11, 13, 15, 17, 19, 21, 23]   u_last mod p^23 = 8388607  (= -1)
  X^(1) p=2 a=2 | dv=[-2, -2, -2, -2, -2, -2, -2, -2, -2, -2, -2, -2]  w=2  consec-agree-depths [2, 6, 7, 9, 11, 13, 15, 17, 19, 21, 23]   u_last mod p^23 = 8388607  (= -1)
  X^(1) p=2 a=3 | dv=[-2, -2, -2, -2, -2, -2, -2, -2, -2, -2, -2]  w=2  consec-agree-depths [3, 4, 11, 9, 11, 13, 15, 17, 19, 21]   u_last mod p^21 = 2097151  (= -1)
  X^(1) p=3 a=1 | dv=[1, -4, 0, -4, 0, -4, 0, -4]  [valuation NOT eventually constant]
  X^(1) p=3 a=2 | dv=[4, -4, -1, -3, -1, -3, -1]  [valuation NOT eventually constant]
  X^(1) p=3 a=3 | dv=[-4, 0, -4, 0, -4, 0, -4]  [valuation NOT eventually constant]
  X^(1) p=5 a=1 | dv=[-4, -4, -4, -4, -4]  w=4  consec-agree-depths [2, 2, 2, 2]   u_last mod p^2 = 16
  X^(1) p=5 a=2 | dv=[-6, -2, -4, -4, -4]  w=4  consec-agree-depths [1, 1, 0, 0]   u_last mod p^0 = 0
  X^(1) p=5 a=3 | dv=[-3, -3, -5, -4]  [valuation NOT eventually constant]
  X^(1) p=7 a=1 | dv=[0, -4, 0, -4]  [valuation NOT eventually constant]
  X^(1) p=7 a=2 | dv=[0, -4, 0, -4]  [valuation NOT eventually constant]
  X^(1) p=7 a=3 | dv=[0, -4, 0, -4]  [valuation NOT eventually constant]
  X^(1) p=13 a=1 | dv=[-4, -4, -4]  w=4  consec-agree-depths [0, 0]   u_last mod p^0 = 0
  X^(1) p=13 a=2 | dv=[-5, -4, -3]  [valuation NOT eventually constant]
  X^(1) p=13 a=3 | dv=[-4, -4, -4]  w=4  consec-agree-depths [0, 0]   u_last mod p^0 = 0
  X^(2) p=2 a=1 | dv=[999, -2, -2, -2, -2, -2, -2, -2, -2, -2, -2, -2, -2]  w=2  consec-agree-depths [2, 6, 7, 9, 11, 13, 15, 17, 19, 21, 23]   u_last mod p^23 = 8388607  (= -1)
  X^(2) p=2 a=2 | dv=[-2, -2, -2, -2, -2, -2, -2, -2, -2, -2, -2, -2]  w=2  consec-agree-depths [2, 6, 7, 9, 11, 13, 15, 17, 19, 21, 23]   u_last mod p^23 = 8388607  (= -1)
  X^(2) p=2 a=3 | dv=[-2, -2, -2, -2, -2, -2, -2, -2, -2, -2, -2]  w=2  consec-agree-depths [3, 4, 11, 9, 11, 13, 15, 17, 19, 21]   u_last mod p^21 = 2097151  (= -1)
  X^(2) p=3 a=1 | dv=[999, 4, -7, 1, -5, 1, -5, 1]  [valuation NOT eventually constant]
  X^(2) p=3 a=2 | dv=[3, -4, 1, -5, 1, -5, 1]  [valuation NOT eventually constant]
  X^(2) p=3 a=3 | dv=[4, -7, 1, -5, 1, -5, 1]  [valuation NOT eventually constant]
  X^(2) p=5 a=1 | dv=[999, -4, -4, -4, -4]  w=4  consec-agree-depths [3, 3, 3]   u_last mod p^3 = 6
  X^(2) p=5 a=2 | dv=[-6, -2, -4, -4, -4]  w=4  consec-agree-depths [1, 1, 0, 0]   u_last mod p^0 = 0
  X^(2) p=5 a=3 | dv=[-3, -4, -2, -6]  [valuation NOT eventually constant]
  X^(2) p=7 a=1 | dv=[999, 0, -4, 0]  [valuation NOT eventually constant]
  X^(2) p=7 a=2 | dv=[1, -5, 2, -6]  [valuation NOT eventually constant]
  X^(2) p=7 a=3 | dv=[1, -5, 1, -5]  [valuation NOT eventually constant]
  X^(2) p=13 a=1 | dv=[999, -4, -4]  [valuation NOT eventually constant]
  X^(2) p=13 a=2 | dv=[-4, -4, -4]  w=4  consec-agree-depths [1, 1]   u_last mod p^1 = 9
  X^(2) p=13 a=3 | dv=[-4, -4, -4]  w=4  consec-agree-depths [0, 0]   u_last mod p^0 = 0
  X^(3) p=2 a=1 | dv=[999, 999, -2, -2, -2, -2, -2, -2, -2, -2, -2, -2, -2]  w=2  consec-agree-depths [2, 4, 6, 8, 10, 12, 14, 16, 18, 20]   u_last mod p^20 = 1048575  (= -1)
  X^(3) p=2 a=2 | dv=[999, -2, -2, -2, -2, -2, -2, -2, -2, -2, -2, -2]  w=2  consec-agree-depths [2, 4, 6, 8, 10, 12, 14, 16, 18, 20]   u_last mod p^20 = 1048575  (= -1)
  X^(3) p=2 a=3 | dv=[-4, -2, -2, -2, -2, -2, -2, -2, -2, -2, -2]  w=2  consec-agree-depths [8, 2, 4, 6, 8, 10, 12, 14, 16, 18]   u_last mod p^18 = 262143  (= -1)
  X^(3) p=3 a=1 | dv=[999, -4, -4, -4, -4, -4, -4, -4]  w=4  consec-agree-depths [1, 3, 5, 7, 9, 11]   u_last mod p^11 = 177146  (= -1)
  X^(3) p=3 a=2 | dv=[999, -4, -4, -4, -4, -4, -4]  w=4  consec-agree-depths [1, 6, 5, 10, 9]   u_last mod p^9 = 19682  (= -1)
  X^(3) p=3 a=3 | dv=[-4, -4, -4, -4, -4, -4, -4]  w=4  consec-agree-depths [1, 3, 5, 7, 9, 11]   u_last mod p^11 = 177146  (= -1)
  X^(3) p=5 a=1 | dv=[999, -4, -4, -4, -3]  [valuation NOT eventually constant]
  X^(3) p=5 a=2 | dv=[999, -2, -4, -4, -3]  [valuation NOT eventually constant]
  X^(3) p=5 a=3 | dv=[-2, -5, -4, -4]  [valuation NOT eventually constant]
  X^(3) p=7 a=1 | dv=[999, -4, -4, -4]  w=4  consec-agree-depths [1, 3]   u_last mod p^3 = 342  (= -1)
  X^(3) p=7 a=2 | dv=[999, -4, -4, -4]  w=4  consec-agree-depths [0, 2]   u_last mod p^2 = 48  (= -1)
  X^(3) p=7 a=3 | dv=[-4, -4, -4, -4]  w=4  consec-agree-depths [0, 1, 3]   u_last mod p^3 = 342  (= -1)
  X^(3) p=13 a=1 | dv=[999, -4, -3]  [valuation NOT eventually constant]
  X^(3) p=13 a=2 | dv=[999, -4, -3]  [valuation NOT eventually constant]
  X^(3) p=13 a=3 | dv=[-4, -3, -5]  [valuation NOT eventually constant]
  X^(4) p=2 a=1 | dv=[999, 999, -2, -2, -2, -2, -2, -2, -2, -2, -2, -2, -2]  w=2  consec-agree-depths [2, 4, 6, 8, 10, 12, 14, 16, 18, 20]   u_last mod p^20 = 1048575  (= -1)
  X^(4) p=2 a=2 | dv=[999, -2, -2, -2, -2, -2, -2, -2, -2, -2, -2, -2]  w=2  consec-agree-depths [2, 4, 6, 8, 10, 12, 14, 16, 18, 20]   u_last mod p^20 = 1048575  (= -1)
  X^(4) p=2 a=3 | dv=[999, -2, -2, -2, -2, -2, -2, -2, -2, -2, -2]  w=2  consec-agree-depths [2, 4, 6, 8, 10, 12, 14, 16, 18]   u_last mod p^18 = 262143  (= -1)
  X^(4) p=3 a=1 | dv=[999, 999, -4, -4, -4, -4, -4, -4]  w=4  consec-agree-depths [4, 4, 8, 8, 12]   u_last mod p^12 = 531440  (= -1)
  X^(4) p=3 a=2 | dv=[999, -5, -4, -4, -4, -4, -4]  w=4  consec-agree-depths [0, 3, 4, 7, 8]   u_last mod p^8 = 6560  (= -1)
  X^(4) p=3 a=3 | dv=[999, -4, -4, -4, -4, -4, -4]  w=4  consec-agree-depths [4, 4, 8, 8, 12]   u_last mod p^12 = 531440  (= -1)
  X^(4) p=5 a=1 | dv=[999, -3, -5, -4, -4]  [valuation NOT eventually constant]
  X^(4) p=5 a=2 | dv=[999, -3, -4, -4, -4]  w=4  consec-agree-depths [0, 1, 1]   u_last mod p^1 = 1  (= +1)
  X^(4) p=5 a=3 | dv=[999, -4, -4, -3]  [valuation NOT eventually constant]
  X^(4) p=7 a=1 | dv=[999, -4, -4, -4]  w=4  consec-agree-depths [0, 3]   u_last mod p^3 = 342  (= -1)
  X^(4) p=7 a=2 | dv=[999, -3, -4, -4]  [valuation NOT eventually constant]
  X^(4) p=7 a=3 | dv=[999, -4, -4, -4]  w=4  consec-agree-depths [0, 3]   u_last mod p^3 = 342  (= -1)
  X^(4) p=13 a=1 | dv=[999, -4, -4]  [valuation NOT eventually constant]
  X^(4) p=13 a=2 | dv=[999, -4, -4]  [valuation NOT eventually constant]
  X^(4) p=13 a=3 | dv=[999, -4, -4]  [valuation NOT eventually constant]
  X^(5) p=2 a=1 | dv=[999, 999, 999, -2, -2, -2, -2, -2, -2, -2, -2, -2, -2]  w=2  consec-agree-depths [2, 4, 6, 8, 10, 12, 14, 16, 18]   u_last mod p^18 = 262143  (= -1)
  X^(5) p=2 a=2 | dv=[999, 999, -2, -2, -2, -2, -2, -2, -2, -2, -2, -2]  w=2  consec-agree-depths [2, 4, 6, 8, 10, 12, 14, 16, 18]   u_last mod p^18 = 262143  (= -1)
  X^(5) p=2 a=3 | dv=[999, -4, -2, -2, -2, -2, -2, -2, -2, -2, -2]  w=2  consec-agree-depths [1, 2, 4, 6, 8, 10, 12, 14, 16]   u_last mod p^16 = 65535  (= -1)
  X^(5) p=3 a=1 | dv=[999, 999, -4, -4, -4, -4, -4, -4]  w=4  consec-agree-depths [1, 4, 5, 8, 9]   u_last mod p^9 = 19682  (= -1)
  X^(5) p=3 a=2 | dv=[999, -2, -4, -4, -4, -4, -4]  w=4  consec-agree-depths [0, 3, 2, 7, 6]   u_last mod p^6 = 728  (= -1)
  X^(5) p=3 a=3 | dv=[999, -4, -4, -4, -4, -4, -4]  w=4  consec-agree-depths [1, 4, 5, 8, 9]   u_last mod p^9 = 19682  (= -1)
  X^(5) p=5 a=1 | dv=[999, -4, -4, -4, -3]  [valuation NOT eventually constant]
  X^(5) p=5 a=2 | dv=[999, -2, -4, -3, -5]  [valuation NOT eventually constant]
  X^(5) p=5 a=3 | dv=[999, -5, -4, -4]  [valuation NOT eventually constant]
  X^(5) p=7 a=1 | dv=[999, -4, -4, -4]  w=4  consec-agree-depths [3, 3]   u_last mod p^3 = 342  (= -1)
  X^(5) p=7 a=2 | dv=[999, -3, -4, -4]  [valuation NOT eventually constant]
  X^(5) p=7 a=3 | dv=[999, -4, -4, -4]  w=4  consec-agree-depths [0, 3]   u_last mod p^3 = 342  (= -1)
  X^(5) p=13 a=1 | dv=[999, -4, -4]  [valuation NOT eventually constant]
  X^(5) p=13 a=2 | dv=[999, -4, -4]  [valuation NOT eventually constant]
  X^(5) p=13 a=3 | dv=[999, -4, -4]  [valuation NOT eventually constant]

######## T3b R5 AESZ 207  N=8192 ########
[0;31m  ***   Warning: increasing stack size to 256000000.[0m
  X^(1) p=3 a=1 | dv=[-3, -4, -3, -4, -3, -4, -3, -4]  [valuation NOT eventually constant]
  X^(1) p=3 a=2 | dv=[-3, 1, -8, -2, -5, -2, -5]  [valuation NOT eventually constant]
  X^(1) p=3 a=3 | dv=[-4, -3, -4, -3, -4, -3, -4]  [valuation NOT eventually constant]
  X^(1) p=5 a=1 | dv=[-4, -3, -3, -3, -3]  w=3  consec-agree-depths [0, 1, 1, 1]   u_last mod p^1 = 3
  X^(1) p=5 a=2 | dv=[-4, -3, -3, -3, -3]  w=3  consec-agree-depths [1, 1, 1, 1]   u_last mod p^1 = 3
  X^(1) p=5 a=3 | dv=[-4, -3, -3, -3]  w=3  consec-agree-depths [1, 1, 1]   u_last mod p^1 = 3
  X^(1) p=7 a=1 | dv=[-3, -4, -4, -4]  w=4  consec-agree-depths [0, 1, 2]   u_last mod p^2 = 16
  X^(1) p=7 a=2 | dv=[-3, -4, -4, -4]  w=4  consec-agree-depths [2, 1, 3]   u_last mod p^3 = 261
  X^(1) p=7 a=3 | dv=[-3, -4, -4, -4]  w=4  consec-agree-depths [1, 1, 2]   u_last mod p^2 = 16
  X^(2) p=3 a=1 | dv=[999, -2, -5, -1, -6, -2, -5, -2]  [valuation NOT eventually constant]
  X^(2) p=3 a=2 | dv=[-3, -4, -3, -4, -3, -4, -3]  [valuation NOT eventually constant]
  X^(2) p=3 a=3 | dv=[-2, -5, -1, -6, -2, -5, -2]  [valuation NOT eventually constant]
  X^(2) p=5 a=1 | dv=[999, -3, -3, -3, -3]  w=3  consec-agree-depths [0, 0, 0]   u_last mod p^0 = 0
  X^(2) p=5 a=2 | dv=[-4, -3, -3, -3, -3]  w=3  consec-agree-depths [0, 0, 0, 0]   u_last mod p^0 = 0
  X^(2) p=5 a=3 | dv=[-4, -3, -3, -3]  w=3  consec-agree-depths [0, 0, 0]   u_last mod p^0 = 0
  X^(2) p=7 a=1 | dv=[999, -4, -4, -4]  w=4  consec-agree-depths [0, 1]   u_last mod p^1 = 2
  X^(2) p=7 a=2 | dv=[-3, -4, -4, -4]  w=4  consec-agree-depths [0, 2, 2]   u_last mod p^2 = 16
  X^(2) p=7 a=3 | dv=[-2, -6, -4, -4]  [valuation NOT eventually constant]
  X^(3) p=3 a=1 | dv=[999, 1, -8, -2, -5, -2, -5, -1]  [valuation NOT eventually constant]
  X^(3) p=3 a=2 | dv=[999, -4, -3, -4, -3, -4, -3]  [valuation NOT eventually constant]
  X^(3) p=3 a=3 | dv=[1, -8, -2, -5, -2, -5, -1]  [valuation NOT eventually constant]
  X^(3) p=5 a=1 | dv=[999, -4, -2, -4, -2]  [valuation NOT eventually constant]
  X^(3) p=5 a=2 | dv=[999, -4, -1, -5, -1]  [valuation NOT eventually constant]
  X^(3) p=5 a=3 | dv=[-2, -5, -2, -4]  [valuation NOT eventually constant]
  X^(3) p=7 a=1 | dv=[999, -4, -4, -4]  w=4  consec-agree-depths [1, 2]   u_last mod p^2 = 16
  X^(3) p=7 a=2 | dv=[999, -4, -4, -4]  w=4  consec-agree-depths [2, 3]   u_last mod p^3 = 261
  X^(3) p=7 a=3 | dv=[-4, -4, -4, -4]  w=4  consec-agree-depths [0, 1, 2]   u_last mod p^2 = 16
