[0;31m  ***   Warning: new maximum stack size = 6000001024 (5722.047 Mbytes).[0m
[0;31m  ***   Warning: increasing stack size to 16000000.[0m

################ T3  R4 Sym^3 Zagier E   N=8192 ################
[0;31m  ***   Warning: increasing stack size to 32000000.[0m
[0;31m  ***   Warning: increasing stack size to 64000000.[0m

--- companion X^(1) ---
  p=2 a=1  v_p(t_s), s=0..: [-2, -4, -6, -8, -10, -12, -14, -16, -18, -20, -22, -24, -26, -28]
           v_p(t_{s+1}/t_s): [-2, -2, -2, -2, -2, -2, -2, -2, -2, -2, -2, -2, -2]
           u_s = p^2 t_{s+1}/t_s  mod p^1: [1, 1, 1, 1, 1, 1, 1, 1, 1, 1, 1, 1, 1]
           u_s = p^2 t_{s+1}/t_s  mod p^2: [1, 3, 3, 3, 3, 3, 3, 3, 3, 3, 3, 3, 3]
           u_s = p^2 t_{s+1}/t_s  mod p^3: [1, 3, 7, 7, 7, 7, 7, 7, 7, 7, 7, 7, 7]
           u_s = p^2 t_{s+1}/t_s  mod p^4: [9, 3, 15, 15, 15, 15, 15, 15, 15, 15, 15, 15, 15]
           u_s = p^2 t_{s+1}/t_s  mod p^5: [25, 19, 31, 31, 31, 31, 31, 31, 31, 31, 31, 31, 31]
           u_s = p^2 t_{s+1}/t_s  mod p^6: [57, 19, 63, 63, 63, 63, 63, 63, 63, 63, 63, 63, 63]
  p=2 a=2  v_p(t_s), s=0..: [-4, -6, -8, -10, -12, -14, -16, -18, -20, -22, -24, -26, -28]
           v_p(t_{s+1}/t_s): [-2, -2, -2, -2, -2, -2, -2, -2, -2, -2, -2, -2]
           u_s = p^2 t_{s+1}/t_s  mod p^1: [1, 1, 1, 1, 1, 1, 1, 1, 1, 1, 1, 1]
           u_s = p^2 t_{s+1}/t_s  mod p^2: [3, 3, 3, 3, 3, 3, 3, 3, 3, 3, 3, 3]
           u_s = p^2 t_{s+1}/t_s  mod p^3: [3, 7, 7, 7, 7, 7, 7, 7, 7, 7, 7, 7]
           u_s = p^2 t_{s+1}/t_s  mod p^4: [3, 15, 15, 15, 15, 15, 15, 15, 15, 15, 15, 15]
           u_s = p^2 t_{s+1}/t_s  mod p^5: [19, 31, 31, 31, 31, 31, 31, 31, 31, 31, 31, 31]
           u_s = p^2 t_{s+1}/t_s  mod p^6: [19, 63, 63, 63, 63, 63, 63, 63, 63, 63, 63, 63]
  p=2 a=3  v_p(t_s), s=0..: [-4, -6, -8, -10, -12, -14, -16, -18, -20, -22, -24, -26]
           v_p(t_{s+1}/t_s): [-2, -2, -2, -2, -2, -2, -2, -2, -2, -2, -2]
           u_s = p^2 t_{s+1}/t_s  mod p^1: [1, 1, 1, 1, 1, 1, 1, 1, 1, 1, 1]
           u_s = p^2 t_{s+1}/t_s  mod p^2: [3, 3, 3, 3, 3, 3, 3, 3, 3, 3, 3]
           u_s = p^2 t_{s+1}/t_s  mod p^3: [7, 7, 7, 7, 7, 7, 7, 7, 7, 7, 7]
           u_s = p^2 t_{s+1}/t_s  mod p^4: [7, 15, 15, 15, 15, 15, 15, 15, 15, 15, 15]
           u_s = p^2 t_{s+1}/t_s  mod p^5: [23, 15, 31, 31, 31, 31, 31, 31, 31, 31, 31]
           u_s = p^2 t_{s+1}/t_s  mod p^6: [55, 15, 63, 63, 63, 63, 63, 63, 63, 63, 63]
  p=3 a=1  v_p(t_s), s=0..: [-1, 0, -4, -4, -8, -8, -12, -12, -16]
           v_p(t_{s+1}/t_s): [1, -4, 0, -4, 0, -4, 0, -4]
  p=3 a=2  v_p(t_s), s=0..: [-3, 1, -3, -4, -7, -8, -11, -12]
           v_p(t_{s+1}/t_s): [4, -4, -1, -3, -1, -3, -1]
  p=3 a=3  v_p(t_s), s=0..: [0, -4, -4, -8, -8, -12, -12, -16]
           v_p(t_{s+1}/t_s): [-4, 0, -4, 0, -4, 0, -4]
  p=5 a=1  v_p(t_s), s=0..: [0, -4, -8, -12, -16, -20]
           v_p(t_{s+1}/t_s): [-4, -4, -4, -4, -4]
           u_s = p^4 t_{s+1}/t_s  mod p^1: [1, 1, 1, 1, 1]
           u_s = p^4 t_{s+1}/t_s  mod p^2: [16, 16, 16, 16, 16]
           u_s = p^4 t_{s+1}/t_s  mod p^3: [41, 116, 66, 16, 91]
           u_s = p^4 t_{s+1}/t_s  mod p^4: [416, 116, 316, 266, 466]
           u_s = p^4 t_{s+1}/t_s  mod p^5: [416, 741, 2191, 1516, 466]
           u_s = p^4 t_{s+1}/t_s  mod p^6: [9791, 10116, 2191, 4641, 6716]
  p=5 a=2  v_p(t_s), s=0..: [1, -5, -7, -11, -15, -19]
           v_p(t_{s+1}/t_s): [-6, -2, -4, -4, -4]
           u_s = p^4 t_{s+1}/t_s  mod p^1: [3, 3, 3, 4, 2]
           u_s = p^4 t_{s+1}/t_s  mod p^2: [8, 18, 3, 4, 17]
           u_s = p^4 t_{s+1}/t_s  mod p^3: [108, 118, 53, 29, 67]
           u_s = p^4 t_{s+1}/t_s  mod p^4: [108, 118, 178, 29, 442]
           u_s = p^4 t_{s+1}/t_s  mod p^5: [1358, 2618, 2053, 654, 442]
           u_s = p^4 t_{s+1}/t_s  mod p^6: [4483, 2618, 2053, 13154, 12942]
  p=5 a=3  v_p(t_s), s=0..: [-1, -4, -7, -12, -16]
           v_p(t_{s+1}/t_s): [-3, -3, -5, -4]
  p=7 a=1  v_p(t_s), s=0..: [0, 0, -4, -4, -8]
           v_p(t_{s+1}/t_s): [0, -4, 0, -4]
  p=7 a=2  v_p(t_s), s=0..: [0, 0, -4, -4, -8]
           v_p(t_{s+1}/t_s): [0, -4, 0, -4]
  p=7 a=3  v_p(t_s), s=0..: [0, 0, -4, -4, -8]
           v_p(t_{s+1}/t_s): [0, -4, 0, -4]
  p=13 a=1  v_p(t_s), s=0..: [0, -4, -8, -12]
           v_p(t_{s+1}/t_s): [-4, -4, -4]
           u_s = p^4 t_{s+1}/t_s  mod p^1: [11, 4, 8]
           u_s = p^4 t_{s+1}/t_s  mod p^2: [76, 82, 112]
           u_s = p^4 t_{s+1}/t_s  mod p^3: [2104, 589, 957]
           u_s = p^4 t_{s+1}/t_s  mod p^4: [10892, 20362, 25124]
           u_s = p^4 t_{s+1}/t_s  mod p^5: [353624, 305972, 110807]
           u_s = p^4 t_{s+1}/t_s  mod p^6: [4066554, 4390195, 482100]
  p=13 a=2  v_p(t_s), s=0..: [1, -4, -8, -11]
           v_p(t_{s+1}/t_s): [-5, -4, -3]
  p=13 a=3  v_p(t_s), s=0..: [0, -4, -8, -12]
           v_p(t_{s+1}/t_s): [-4, -4, -4]
           u_s = p^4 t_{s+1}/t_s  mod p^1: [1, 10, 4]
           u_s = p^4 t_{s+1}/t_s  mod p^2: [79, 62, 43]
           u_s = p^4 t_{s+1}/t_s  mod p^3: [1938, 569, 212]
           u_s = p^4 t_{s+1}/t_s  mod p^4: [19514, 4963, 13394]
           u_s = p^4 t_{s+1}/t_s  mod p^5: [105197, 119207, 156199]
           u_s = p^4 t_{s+1}/t_s  mod p^6: [2704248, 1604379, 1641371]

--- companion X^(2) ---
  p=2 a=1  v_p(t_s), s=0..: ["INF", -2, -4, -6, -8, -10, -12, -14, -16, -18, -20, -22, -24, -26]
           v_p(t_{s+1}/t_s): ["?", -2, -2, -2, -2, -2, -2, -2, -2, -2, -2, -2, -2]
           u_s = p^2 t_{s+1}/t_s  mod p^1: [1, 1, 1, 1, 1, 1, 1, 1, 1, 1, 1, 1]
           u_s = p^2 t_{s+1}/t_s  mod p^2: [3, 3, 3, 3, 3, 3, 3, 3, 3, 3, 3, 3]
           u_s = p^2 t_{s+1}/t_s  mod p^3: [3, 7, 7, 7, 7, 7, 7, 7, 7, 7, 7, 7]
           u_s = p^2 t_{s+1}/t_s  mod p^4: [3, 15, 15, 15, 15, 15, 15, 15, 15, 15, 15, 15]
           u_s = p^2 t_{s+1}/t_s  mod p^5: [19, 31, 31, 31, 31, 31, 31, 31, 31, 31, 31, 31]
           u_s = p^2 t_{s+1}/t_s  mod p^6: [19, 63, 63, 63, 63, 63, 63, 63, 63, 63, 63, 63]
  p=2 a=2  v_p(t_s), s=0..: [-2, -4, -6, -8, -10, -12, -14, -16, -18, -20, -22, -24, -26]
           v_p(t_{s+1}/t_s): [-2, -2, -2, -2, -2, -2, -2, -2, -2, -2, -2, -2]
           u_s = p^2 t_{s+1}/t_s  mod p^1: [1, 1, 1, 1, 1, 1, 1, 1, 1, 1, 1, 1]
           u_s = p^2 t_{s+1}/t_s  mod p^2: [3, 3, 3, 3, 3, 3, 3, 3, 3, 3, 3, 3]
           u_s = p^2 t_{s+1}/t_s  mod p^3: [3, 7, 7, 7, 7, 7, 7, 7, 7, 7, 7, 7]
           u_s = p^2 t_{s+1}/t_s  mod p^4: [3, 15, 15, 15, 15, 15, 15, 15, 15, 15, 15, 15]
           u_s = p^2 t_{s+1}/t_s  mod p^5: [19, 31, 31, 31, 31, 31, 31, 31, 31, 31, 31, 31]
           u_s = p^2 t_{s+1}/t_s  mod p^6: [19, 63, 63, 63, 63, 63, 63, 63, 63, 63, 63, 63]
  p=2 a=3  v_p(t_s), s=0..: [-2, -4, -6, -8, -10, -12, -14, -16, -18, -20, -22, -24]
           v_p(t_{s+1}/t_s): [-2, -2, -2, -2, -2, -2, -2, -2, -2, -2, -2]
           u_s = p^2 t_{s+1}/t_s  mod p^1: [1, 1, 1, 1, 1, 1, 1, 1, 1, 1, 1]
           u_s = p^2 t_{s+1}/t_s  mod p^2: [3, 3, 3, 3, 3, 3, 3, 3, 3, 3, 3]
           u_s = p^2 t_{s+1}/t_s  mod p^3: [7, 7, 7, 7, 7, 7, 7, 7, 7, 7, 7]
           u_s = p^2 t_{s+1}/t_s  mod p^4: [7, 15, 15, 15, 15, 15, 15, 15, 15, 15, 15]
           u_s = p^2 t_{s+1}/t_s  mod p^5: [7, 15, 31, 31, 31, 31, 31, 31, 31, 31, 31]
           u_s = p^2 t_{s+1}/t_s  mod p^6: [7, 15, 63, 63, 63, 63, 63, 63, 63, 63, 63]
  p=3 a=1  v_p(t_s), s=0..: ["INF", 0, 4, -3, -2, -7, -6, -11, -10]
           v_p(t_{s+1}/t_s): ["?", 4, -7, 1, -5, 1, -5, 1]
  p=3 a=2  v_p(t_s), s=0..: [-3, 0, -4, -3, -8, -7, -12, -11]
           v_p(t_{s+1}/t_s): [3, -4, 1, -5, 1, -5, 1]
  p=3 a=3  v_p(t_s), s=0..: [0, 4, -3, -2, -7, -6, -11, -10]
           v_p(t_{s+1}/t_s): [4, -7, 1, -5, 1, -5, 1]
  p=5 a=1  v_p(t_s), s=0..: ["INF", 0, -4, -8, -12, -16]
           v_p(t_{s+1}/t_s): ["?", -4, -4, -4, -4]
           u_s = p^4 t_{s+1}/t_s  mod p^1: [1, 1, 1, 1]
           u_s = p^4 t_{s+1}/t_s  mod p^2: [6, 6, 6, 6]
           u_s = p^4 t_{s+1}/t_s  mod p^3: [6, 6, 6, 6]
           u_s = p^4 t_{s+1}/t_s  mod p^4: [256, 381, 131, 381]
           u_s = p^4 t_{s+1}/t_s  mod p^5: [881, 1631, 2631, 2881]
           u_s = p^4 t_{s+1}/t_s  mod p^6: [881, 11006, 12006, 6006]
  p=5 a=2  v_p(t_s), s=0..: [0, -6, -8, -12, -16, -20]
           v_p(t_{s+1}/t_s): [-6, -2, -4, -4, -4]
           u_s = p^4 t_{s+1}/t_s  mod p^1: [3, 3, 3, 4, 2]
           u_s = p^4 t_{s+1}/t_s  mod p^2: [13, 18, 3, 4, 17]
           u_s = p^4 t_{s+1}/t_s  mod p^3: [113, 118, 103, 54, 17]
           u_s = p^4 t_{s+1}/t_s  mod p^4: [238, 618, 478, 179, 267]
           u_s = p^4 t_{s+1}/t_s  mod p^5: [238, 1868, 2978, 804, 1517]
           u_s = p^4 t_{s+1}/t_s  mod p^6: [9613, 4993, 6103, 10179, 14017]
  p=5 a=3  v_p(t_s), s=0..: [0, -3, -7, -9, -15]
           v_p(t_{s+1}/t_s): [-3, -4, -2, -6]
  p=7 a=1  v_p(t_s), s=0..: ["INF", 1, 1, -3, -3]
           v_p(t_{s+1}/t_s): ["?", 0, -4, 0]
  p=7 a=2  v_p(t_s), s=0..: [0, 1, -4, -2, -8]
           v_p(t_{s+1}/t_s): [1, -5, 2, -6]
  p=7 a=3  v_p(t_s), s=0..: [0, 1, -4, -3, -8]
           v_p(t_{s+1}/t_s): [1, -5, 1, -5]
  p=13 a=1  v_p(t_s), s=0..: ["INF", 1, -3, -7]
           v_p(t_{s+1}/t_s): ["?", -4, -4]
  p=13 a=2  v_p(t_s), s=0..: [0, -4, -8, -12]
           v_p(t_{s+1}/t_s): [-4, -4, -4]
           u_s = p^4 t_{s+1}/t_s  mod p^1: [9, 9, 9]
           u_s = p^4 t_{s+1}/t_s  mod p^2: [100, 22, 74]
           u_s = p^4 t_{s+1}/t_s  mod p^3: [1790, 867, 2102]
           u_s = p^4 t_{s+1}/t_s  mod p^4: [3987, 3064, 10890]
           u_s = p^4 t_{s+1}/t_s  mod p^5: [289597, 145869, 153695]
           u_s = p^4 t_{s+1}/t_s  mod p^6: [1032183, 888455, 4609211]
  p=13 a=3  v_p(t_s), s=0..: [0, -4, -8, -12]
           v_p(t_{s+1}/t_s): [-4, -4, -4]
           u_s = p^4 t_{s+1}/t_s  mod p^1: [6, 5, 10]
           u_s = p^4 t_{s+1}/t_s  mod p^2: [32, 83, 140]
           u_s = p^4 t_{s+1}/t_s  mod p^3: [32, 1435, 985]
           u_s = p^4 t_{s+1}/t_s  mod p^4: [13214, 16814, 16364]
           u_s = p^4 t_{s+1}/t_s  mod p^5: [355946, 45375, 73486]
           u_s = p^4 t_{s+1}/t_s  mod p^6: [4811462, 2273133, 1558658]
[0;31m  ***   Warning: increasing stack size to 128000000.[0m

--- companion X^(3) ---
  p=2 a=1  v_p(t_s), s=0..: ["INF", "INF", -8, -10, -12, -14, -16, -18, -20, -22, -24, -26, -28, -30]
           v_p(t_{s+1}/t_s): ["?", "?", -2, -2, -2, -2, -2, -2, -2, -2, -2, -2, -2]
           u_s = p^2 t_{s+1}/t_s  mod p^1: [1, 1, 1, 1, 1, 1, 1, 1, 1, 1, 1]
           u_s = p^2 t_{s+1}/t_s  mod p^2: [3, 3, 3, 3, 3, 3, 3, 3, 3, 3, 3]
           u_s = p^2 t_{s+1}/t_s  mod p^3: [3, 7, 7, 7, 7, 7, 7, 7, 7, 7, 7]
           u_s = p^2 t_{s+1}/t_s  mod p^4: [3, 15, 15, 15, 15, 15, 15, 15, 15, 15, 15]
           u_s = p^2 t_{s+1}/t_s  mod p^5: [19, 15, 31, 31, 31, 31, 31, 31, 31, 31, 31]
           u_s = p^2 t_{s+1}/t_s  mod p^6: [19, 47, 63, 63, 63, 63, 63, 63, 63, 63, 63]
  p=2 a=2  v_p(t_s), s=0..: ["INF", -8, -10, -12, -14, -16, -18, -20, -22, -24, -26, -28, -30]
           v_p(t_{s+1}/t_s): ["?", -2, -2, -2, -2, -2, -2, -2, -2, -2, -2, -2]
           u_s = p^2 t_{s+1}/t_s  mod p^1: [1, 1, 1, 1, 1, 1, 1, 1, 1, 1, 1]
           u_s = p^2 t_{s+1}/t_s  mod p^2: [3, 3, 3, 3, 3, 3, 3, 3, 3, 3, 3]
           u_s = p^2 t_{s+1}/t_s  mod p^3: [3, 7, 7, 7, 7, 7, 7, 7, 7, 7, 7]
           u_s = p^2 t_{s+1}/t_s  mod p^4: [3, 15, 15, 15, 15, 15, 15, 15, 15, 15, 15]
           u_s = p^2 t_{s+1}/t_s  mod p^5: [19, 15, 31, 31, 31, 31, 31, 31, 31, 31, 31]
           u_s = p^2 t_{s+1}/t_s  mod p^6: [19, 47, 63, 63, 63, 63, 63, 63, 63, 63, 63]
  p=2 a=3  v_p(t_s), s=0..: [-4, -8, -10, -12, -14, -16, -18, -20, -22, -24, -26, -28]
           v_p(t_{s+1}/t_s): [-4, -2, -2, -2, -2, -2, -2, -2, -2, -2, -2]
           u_s = p^2 t_{s+1}/t_s  mod p^1: [1, 1, 1, 1, 1, 1, 1, 1, 1, 1, 1]
           u_s = p^2 t_{s+1}/t_s  mod p^2: [3, 3, 3, 3, 3, 3, 3, 3, 3, 3, 3]
           u_s = p^2 t_{s+1}/t_s  mod p^3: [3, 3, 7, 7, 7, 7, 7, 7, 7, 7, 7]
           u_s = p^2 t_{s+1}/t_s  mod p^4: [3, 3, 15, 15, 15, 15, 15, 15, 15, 15, 15]
           u_s = p^2 t_{s+1}/t_s  mod p^5: [19, 19, 15, 31, 31, 31, 31, 31, 31, 31, 31]
           u_s = p^2 t_{s+1}/t_s  mod p^6: [51, 51, 47, 63, 63, 63, 63, 63, 63, 63, 63]
  p=3 a=1  v_p(t_s), s=0..: ["INF", 0, -4, -8, -12, -16, -20, -24, -28]
           v_p(t_{s+1}/t_s): ["?", -4, -4, -4, -4, -4, -4, -4]
           u_s = p^4 t_{s+1}/t_s  mod p^1: [2, 2, 2, 2, 2, 2, 2]
           u_s = p^4 t_{s+1}/t_s  mod p^2: [5, 8, 8, 8, 8, 8, 8]
           u_s = p^4 t_{s+1}/t_s  mod p^3: [5, 26, 26, 26, 26, 26, 26]
           u_s = p^4 t_{s+1}/t_s  mod p^4: [5, 53, 80, 80, 80, 80, 80]
           u_s = p^4 t_{s+1}/t_s  mod p^5: [5, 215, 242, 242, 242, 242, 242]
           u_s = p^4 t_{s+1}/t_s  mod p^6: [491, 701, 485, 728, 728, 728, 728]
  p=3 a=2  v_p(t_s), s=0..: ["INF", 0, -4, -8, -12, -16, -20, -24]
           v_p(t_{s+1}/t_s): ["?", -4, -4, -4, -4, -4, -4]
           u_s = p^4 t_{s+1}/t_s  mod p^1: [2, 2, 2, 2, 2, 2]
           u_s = p^4 t_{s+1}/t_s  mod p^2: [2, 8, 8, 8, 8, 8]
           u_s = p^4 t_{s+1}/t_s  mod p^3: [2, 26, 26, 26, 26, 26]
           u_s = p^4 t_{s+1}/t_s  mod p^4: [56, 80, 80, 80, 80, 80]
           u_s = p^4 t_{s+1}/t_s  mod p^5: [137, 242, 242, 242, 242, 242]
           u_s = p^4 t_{s+1}/t_s  mod p^6: [137, 242, 242, 728, 728, 728]
  p=3 a=3  v_p(t_s), s=0..: [0, -4, -8, -12, -16, -20, -24, -28]
           v_p(t_{s+1}/t_s): [-4, -4, -4, -4, -4, -4, -4]
           u_s = p^4 t_{s+1}/t_s  mod p^1: [2, 2, 2, 2, 2, 2, 2]
           u_s = p^4 t_{s+1}/t_s  mod p^2: [5, 8, 8, 8, 8, 8, 8]
           u_s = p^4 t_{s+1}/t_s  mod p^3: [5, 26, 26, 26, 26, 26, 26]
           u_s = p^4 t_{s+1}/t_s  mod p^4: [5, 53, 80, 80, 80, 80, 80]
           u_s = p^4 t_{s+1}/t_s  mod p^5: [5, 215, 242, 242, 242, 242, 242]
           u_s = p^4 t_{s+1}/t_s  mod p^6: [491, 701, 485, 728, 728, 728, 728]
  p=5 a=1  v_p(t_s), s=0..: ["INF", -4, -8, -12, -16, -19]
           v_p(t_{s+1}/t_s): ["?", -4, -4, -4, -3]
  p=5 a=2  v_p(t_s), s=0..: ["INF", -5, -7, -11, -15, -18]
           v_p(t_{s+1}/t_s): ["?", -2, -4, -4, -3]
  p=5 a=3  v_p(t_s), s=0..: [-1, -3, -8, -12, -16]
           v_p(t_{s+1}/t_s): [-2, -5, -4, -4]
  p=7 a=1  v_p(t_s), s=0..: ["INF", -4, -8, -12, -16]
           v_p(t_{s+1}/t_s): ["?", -4, -4, -4]
           u_s = p^4 t_{s+1}/t_s  mod p^1: [6, 6, 6]
           u_s = p^4 t_{s+1}/t_s  mod p^2: [34, 48, 48]
           u_s = p^4 t_{s+1}/t_s  mod p^3: [34, 342, 342]
           u_s = p^4 t_{s+1}/t_s  mod p^4: [34, 1371, 2400]
           u_s = p^4 t_{s+1}/t_s  mod p^5: [12039, 15777, 16806]
           u_s = p^4 t_{s+1}/t_s  mod p^6: [12039, 49391, 84034]
  p=7 a=2  v_p(t_s), s=0..: ["INF", -3, -7, -11, -15]
           v_p(t_{s+1}/t_s): ["?", -4, -4, -4]
           u_s = p^4 t_{s+1}/t_s  mod p^1: [3, 6, 6]
           u_s = p^4 t_{s+1}/t_s  mod p^2: [31, 48, 48]
           u_s = p^4 t_{s+1}/t_s  mod p^3: [276, 146, 342]
           u_s = p^4 t_{s+1}/t_s  mod p^4: [1305, 1175, 2400]
           u_s = p^4 t_{s+1}/t_s  mod p^5: [10909, 3576, 2400]
           u_s = p^4 t_{s+1}/t_s  mod p^6: [61330, 20383, 86435]
  p=7 a=3  v_p(t_s), s=0..: [0, -4, -8, -12, -16]
           v_p(t_{s+1}/t_s): [-4, -4, -4, -4]
           u_s = p^4 t_{s+1}/t_s  mod p^1: [5, 6, 6, 6]
           u_s = p^4 t_{s+1}/t_s  mod p^2: [26, 41, 48, 48]
           u_s = p^4 t_{s+1}/t_s  mod p^3: [124, 41, 342, 342]
           u_s = p^4 t_{s+1}/t_s  mod p^4: [1496, 1413, 2057, 2400]
           u_s = p^4 t_{s+1}/t_s  mod p^5: [15902, 3814, 14062, 16806]
           u_s = p^4 t_{s+1}/t_s  mod p^6: [83130, 54235, 81290, 100841]
  p=13 a=1  v_p(t_s), s=0..: ["INF", -4, -8, -11]
           v_p(t_{s+1}/t_s): ["?", -4, -3]
  p=13 a=2  v_p(t_s), s=0..: ["INF", -4, -8, -11]
           v_p(t_{s+1}/t_s): ["?", -4, -3]
  p=13 a=3  v_p(t_s), s=0..: [0, -4, -7, -12]
           v_p(t_{s+1}/t_s): [-4, -3, -5]

--- companion X^(4) ---
  p=2 a=1  v_p(t_s), s=0..: ["INF", "INF", -2, -4, -6, -8, -10, -12, -14, -16, -18, -20, -22, -24]
           v_p(t_{s+1}/t_s): ["?", "?", -2, -2, -2, -2, -2, -2, -2, -2, -2, -2, -2]
           u_s = p^2 t_{s+1}/t_s  mod p^1: [1, 1, 1, 1, 1, 1, 1, 1, 1, 1, 1]
           u_s = p^2 t_{s+1}/t_s  mod p^2: [3, 3, 3, 3, 3, 3, 3, 3, 3, 3, 3]
           u_s = p^2 t_{s+1}/t_s  mod p^3: [3, 7, 7, 7, 7, 7, 7, 7, 7, 7, 7]
           u_s = p^2 t_{s+1}/t_s  mod p^4: [3, 15, 15, 15, 15, 15, 15, 15, 15, 15, 15]
           u_s = p^2 t_{s+1}/t_s  mod p^5: [19, 15, 31, 31, 31, 31, 31, 31, 31, 31, 31]
           u_s = p^2 t_{s+1}/t_s  mod p^6: [51, 47, 63, 63, 63, 63, 63, 63, 63, 63, 63]
  p=2 a=2  v_p(t_s), s=0..: ["INF", -2, -4, -6, -8, -10, -12, -14, -16, -18, -20, -22, -24]
           v_p(t_{s+1}/t_s): ["?", -2, -2, -2, -2, -2, -2, -2, -2, -2, -2, -2]
           u_s = p^2 t_{s+1}/t_s  mod p^1: [1, 1, 1, 1, 1, 1, 1, 1, 1, 1, 1]
           u_s = p^2 t_{s+1}/t_s  mod p^2: [3, 3, 3, 3, 3, 3, 3, 3, 3, 3, 3]
           u_s = p^2 t_{s+1}/t_s  mod p^3: [3, 7, 7, 7, 7, 7, 7, 7, 7, 7, 7]
           u_s = p^2 t_{s+1}/t_s  mod p^4: [3, 15, 15, 15, 15, 15, 15, 15, 15, 15, 15]
           u_s = p^2 t_{s+1}/t_s  mod p^5: [19, 15, 31, 31, 31, 31, 31, 31, 31, 31, 31]
           u_s = p^2 t_{s+1}/t_s  mod p^6: [51, 47, 63, 63, 63, 63, 63, 63, 63, 63, 63]
  p=2 a=3  v_p(t_s), s=0..: ["INF", -2, -4, -6, -8, -10, -12, -14, -16, -18, -20, -22]
           v_p(t_{s+1}/t_s): ["?", -2, -2, -2, -2, -2, -2, -2, -2, -2, -2]
           u_s = p^2 t_{s+1}/t_s  mod p^1: [1, 1, 1, 1, 1, 1, 1, 1, 1, 1]
           u_s = p^2 t_{s+1}/t_s  mod p^2: [3, 3, 3, 3, 3, 3, 3, 3, 3, 3]
           u_s = p^2 t_{s+1}/t_s  mod p^3: [3, 7, 7, 7, 7, 7, 7, 7, 7, 7]
           u_s = p^2 t_{s+1}/t_s  mod p^4: [3, 15, 15, 15, 15, 15, 15, 15, 15, 15]
           u_s = p^2 t_{s+1}/t_s  mod p^5: [19, 15, 31, 31, 31, 31, 31, 31, 31, 31]
           u_s = p^2 t_{s+1}/t_s  mod p^6: [19, 47, 63, 63, 63, 63, 63, 63, 63, 63]
  p=3 a=1  v_p(t_s), s=0..: ["INF", "INF", -7, -11, -15, -19, -23, -27, -31]
           v_p(t_{s+1}/t_s): ["?", "?", -4, -4, -4, -4, -4, -4]
           u_s = p^4 t_{s+1}/t_s  mod p^1: [2, 2, 2, 2, 2, 2]
           u_s = p^4 t_{s+1}/t_s  mod p^2: [8, 8, 8, 8, 8, 8]
           u_s = p^4 t_{s+1}/t_s  mod p^3: [26, 26, 26, 26, 26, 26]
           u_s = p^4 t_{s+1}/t_s  mod p^4: [80, 80, 80, 80, 80, 80]
           u_s = p^4 t_{s+1}/t_s  mod p^5: [80, 161, 242, 242, 242, 242]
           u_s = p^4 t_{s+1}/t_s  mod p^6: [323, 404, 728, 728, 728, 728]
  p=3 a=2  v_p(t_s), s=0..: ["INF", -2, -7, -11, -15, -19, -23, -27]
           v_p(t_{s+1}/t_s): ["?", -5, -4, -4, -4, -4, -4]
           u_s = p^4 t_{s+1}/t_s  mod p^1: [1, 2, 2, 2, 2, 2]
           u_s = p^4 t_{s+1}/t_s  mod p^2: [4, 8, 8, 8, 8, 8]
           u_s = p^4 t_{s+1}/t_s  mod p^3: [22, 26, 26, 26, 26, 26]
           u_s = p^4 t_{s+1}/t_s  mod p^4: [76, 53, 80, 80, 80, 80]
           u_s = p^4 t_{s+1}/t_s  mod p^5: [76, 215, 161, 242, 242, 242]
           u_s = p^4 t_{s+1}/t_s  mod p^6: [319, 215, 647, 728, 728, 728]
  p=3 a=3  v_p(t_s), s=0..: ["INF", -7, -11, -15, -19, -23, -27, -31]
           v_p(t_{s+1}/t_s): ["?", -4, -4, -4, -4, -4, -4]
           u_s = p^4 t_{s+1}/t_s  mod p^1: [2, 2, 2, 2, 2, 2]
           u_s = p^4 t_{s+1}/t_s  mod p^2: [8, 8, 8, 8, 8, 8]
           u_s = p^4 t_{s+1}/t_s  mod p^3: [26, 26, 26, 26, 26, 26]
           u_s = p^4 t_{s+1}/t_s  mod p^4: [80, 80, 80, 80, 80, 80]
           u_s = p^4 t_{s+1}/t_s  mod p^5: [80, 161, 242, 242, 242, 242]
           u_s = p^4 t_{s+1}/t_s  mod p^6: [323, 404, 728, 728, 728, 728]
  p=5 a=1  v_p(t_s), s=0..: ["INF", -4, -7, -12, -16, -20]
           v_p(t_{s+1}/t_s): ["?", -3, -5, -4, -4]
  p=5 a=2  v_p(t_s), s=0..: ["INF", -4, -7, -11, -15, -19]
           v_p(t_{s+1}/t_s): ["?", -3, -4, -4, -4]
           u_s = p^4 t_{s+1}/t_s  mod p^1: [3, 1, 1, 1]
           u_s = p^4 t_{s+1}/t_s  mod p^2: [18, 11, 21, 11]
           u_s = p^4 t_{s+1}/t_s  mod p^3: [93, 111, 71, 11]
           u_s = p^4 t_{s+1}/t_s  mod p^4: [468, 236, 71, 511]
           u_s = p^4 t_{s+1}/t_s  mod p^5: [1718, 861, 1946, 1761]
           u_s = p^4 t_{s+1}/t_s  mod p^6: [1718, 3986, 1946, 8011]
  p=5 a=3  v_p(t_s), s=0..: ["INF", -4, -8, -12, -15]
           v_p(t_{s+1}/t_s): ["?", -4, -4, -3]
  p=7 a=1  v_p(t_s), s=0..: ["INF", -4, -8, -12, -16]
           v_p(t_{s+1}/t_s): ["?", -4, -4, -4]
           u_s = p^4 t_{s+1}/t_s  mod p^1: [3, 6, 6]
           u_s = p^4 t_{s+1}/t_s  mod p^2: [24, 48, 48]
           u_s = p^4 t_{s+1}/t_s  mod p^3: [269, 342, 342]
           u_s = p^4 t_{s+1}/t_s  mod p^4: [269, 1371, 2400]
           u_s = p^4 t_{s+1}/t_s  mod p^5: [7472, 8574, 2400]
           u_s = p^4 t_{s+1}/t_s  mod p^6: [74700, 25381, 36014]
  p=7 a=2  v_p(t_s), s=0..: ["INF", -4, -7, -11, -15]
           v_p(t_{s+1}/t_s): ["?", -3, -4, -4]
  p=7 a=3  v_p(t_s), s=0..: ["INF", -4, -8, -12, -16]
           v_p(t_{s+1}/t_s): ["?", -4, -4, -4]
           u_s = p^4 t_{s+1}/t_s  mod p^1: [2, 6, 6]
           u_s = p^4 t_{s+1}/t_s  mod p^2: [16, 48, 48]
           u_s = p^4 t_{s+1}/t_s  mod p^3: [310, 342, 342]
           u_s = p^4 t_{s+1}/t_s  mod p^4: [2368, 2057, 2400]
           u_s = p^4 t_{s+1}/t_s  mod p^5: [2368, 11661, 4801]
           u_s = p^4 t_{s+1}/t_s  mod p^6: [52789, 11661, 38415]
  p=13 a=1  v_p(t_s), s=0..: ["INF", -4, -8, -12]
           v_p(t_{s+1}/t_s): ["?", -4, -4]
  p=13 a=2  v_p(t_s), s=0..: ["INF", -4, -8, -12]
           v_p(t_{s+1}/t_s): ["?", -4, -4]
  p=13 a=3  v_p(t_s), s=0..: ["INF", -4, -8, -12]
           v_p(t_{s+1}/t_s): ["?", -4, -4]

--- companion X^(5) ---
  p=2 a=1  v_p(t_s), s=0..: ["INF", "INF", "INF", -10, -12, -14, -16, -18, -20, -22, -24, -26, -28, -30]
           v_p(t_{s+1}/t_s): ["?", "?", "?", -2, -2, -2, -2, -2, -2, -2, -2, -2, -2]
           u_s = p^2 t_{s+1}/t_s  mod p^1: [1, 1, 1, 1, 1, 1, 1, 1, 1, 1]
           u_s = p^2 t_{s+1}/t_s  mod p^2: [3, 3, 3, 3, 3, 3, 3, 3, 3, 3]
           u_s = p^2 t_{s+1}/t_s  mod p^3: [3, 7, 7, 7, 7, 7, 7, 7, 7, 7]
           u_s = p^2 t_{s+1}/t_s  mod p^4: [3, 15, 15, 15, 15, 15, 15, 15, 15, 15]
           u_s = p^2 t_{s+1}/t_s  mod p^5: [3, 15, 31, 31, 31, 31, 31, 31, 31, 31]
           u_s = p^2 t_{s+1}/t_s  mod p^6: [3, 47, 63, 63, 63, 63, 63, 63, 63, 63]
  p=2 a=2  v_p(t_s), s=0..: ["INF", "INF", -10, -12, -14, -16, -18, -20, -22, -24, -26, -28, -30]
           v_p(t_{s+1}/t_s): ["?", "?", -2, -2, -2, -2, -2, -2, -2, -2, -2, -2]
           u_s = p^2 t_{s+1}/t_s  mod p^1: [1, 1, 1, 1, 1, 1, 1, 1, 1, 1]
           u_s = p^2 t_{s+1}/t_s  mod p^2: [3, 3, 3, 3, 3, 3, 3, 3, 3, 3]
           u_s = p^2 t_{s+1}/t_s  mod p^3: [3, 7, 7, 7, 7, 7, 7, 7, 7, 7]
           u_s = p^2 t_{s+1}/t_s  mod p^4: [3, 15, 15, 15, 15, 15, 15, 15, 15, 15]
           u_s = p^2 t_{s+1}/t_s  mod p^5: [3, 15, 31, 31, 31, 31, 31, 31, 31, 31]
           u_s = p^2 t_{s+1}/t_s  mod p^6: [3, 47, 63, 63, 63, 63, 63, 63, 63, 63]
  p=2 a=3  v_p(t_s), s=0..: ["INF", -6, -10, -12, -14, -16, -18, -20, -22, -24, -26, -28]
           v_p(t_{s+1}/t_s): ["?", -4, -2, -2, -2, -2, -2, -2, -2, -2, -2]
           u_s = p^2 t_{s+1}/t_s  mod p^1: [1, 1, 1, 1, 1, 1, 1, 1, 1, 1]
           u_s = p^2 t_{s+1}/t_s  mod p^2: [1, 3, 3, 3, 3, 3, 3, 3, 3, 3]
           u_s = p^2 t_{s+1}/t_s  mod p^3: [5, 3, 7, 7, 7, 7, 7, 7, 7, 7]
           u_s = p^2 t_{s+1}/t_s  mod p^4: [5, 3, 15, 15, 15, 15, 15, 15, 15, 15]
           u_s = p^2 t_{s+1}/t_s  mod p^5: [5, 19, 15, 31, 31, 31, 31, 31, 31, 31]
           u_s = p^2 t_{s+1}/t_s  mod p^6: [37, 19, 47, 63, 63, 63, 63, 63, 63, 63]
  p=3 a=1  v_p(t_s), s=0..: ["INF", "INF", -5, -9, -13, -17, -21, -25, -29]
           v_p(t_{s+1}/t_s): ["?", "?", -4, -4, -4, -4, -4, -4]
           u_s = p^4 t_{s+1}/t_s  mod p^1: [2, 2, 2, 2, 2, 2]
           u_s = p^4 t_{s+1}/t_s  mod p^2: [2, 8, 8, 8, 8, 8]
           u_s = p^4 t_{s+1}/t_s  mod p^3: [20, 26, 26, 26, 26, 26]
           u_s = p^4 t_{s+1}/t_s  mod p^4: [20, 80, 80, 80, 80, 80]
           u_s = p^4 t_{s+1}/t_s  mod p^5: [20, 161, 242, 242, 242, 242]
           u_s = p^4 t_{s+1}/t_s  mod p^6: [263, 161, 242, 728, 728, 728]
  p=3 a=2  v_p(t_s), s=0..: ["INF", -3, -5, -9, -13, -17, -21, -25]
           v_p(t_{s+1}/t_s): ["?", -2, -4, -4, -4, -4, -4]
           u_s = p^4 t_{s+1}/t_s  mod p^1: [1, 2, 2, 2, 2, 2]
           u_s = p^4 t_{s+1}/t_s  mod p^2: [1, 8, 8, 8, 8, 8]
           u_s = p^4 t_{s+1}/t_s  mod p^3: [19, 17, 17, 26, 26, 26]
           u_s = p^4 t_{s+1}/t_s  mod p^4: [46, 17, 44, 80, 80, 80]
           u_s = p^4 t_{s+1}/t_s  mod p^5: [127, 179, 206, 242, 242, 242]
           u_s = p^4 t_{s+1}/t_s  mod p^6: [613, 422, 206, 728, 728, 728]
  p=3 a=3  v_p(t_s), s=0..: ["INF", -5, -9, -13, -17, -21, -25, -29]
           v_p(t_{s+1}/t_s): ["?", -4, -4, -4, -4, -4, -4]
           u_s = p^4 t_{s+1}/t_s  mod p^1: [2, 2, 2, 2, 2, 2]
           u_s = p^4 t_{s+1}/t_s  mod p^2: [2, 8, 8, 8, 8, 8]
           u_s = p^4 t_{s+1}/t_s  mod p^3: [20, 26, 26, 26, 26, 26]
           u_s = p^4 t_{s+1}/t_s  mod p^4: [20, 80, 80, 80, 80, 80]
           u_s = p^4 t_{s+1}/t_s  mod p^5: [20, 161, 242, 242, 242, 242]
           u_s = p^4 t_{s+1}/t_s  mod p^6: [263, 161, 242, 728, 728, 728]
  p=5 a=1  v_p(t_s), s=0..: ["INF", 0, -4, -8, -12, -15]
           v_p(t_{s+1}/t_s): ["?", -4, -4, -4, -3]
  p=5 a=2  v_p(t_s), s=0..: ["INF", -1, -3, -7, -10, -15]
           v_p(t_{s+1}/t_s): ["?", -2, -4, -3, -5]
  p=5 a=3  v_p(t_s), s=0..: ["INF", 1, -4, -8, -12]
           v_p(t_{s+1}/t_s): ["?", -5, -4, -4]
  p=7 a=1  v_p(t_s), s=0..: ["INF", -4, -8, -12, -16]
           v_p(t_{s+1}/t_s): ["?", -4, -4, -4]
           u_s = p^4 t_{s+1}/t_s  mod p^1: [6, 6, 6]
           u_s = p^4 t_{s+1}/t_s  mod p^2: [48, 48, 48]
           u_s = p^4 t_{s+1}/t_s  mod p^3: [342, 342, 342]
           u_s = p^4 t_{s+1}/t_s  mod p^4: [2400, 1371, 2400]
           u_s = p^4 t_{s+1}/t_s  mod p^5: [12004, 6173, 16806]
           u_s = p^4 t_{s+1}/t_s  mod p^6: [12004, 107015, 117648]
  p=7 a=2  v_p(t_s), s=0..: ["INF", -4, -7, -11, -15]
           v_p(t_{s+1}/t_s): ["?", -3, -4, -4]
  p=7 a=3  v_p(t_s), s=0..: ["INF", -4, -8, -12, -16]
           v_p(t_{s+1}/t_s): ["?", -4, -4, -4]
           u_s = p^4 t_{s+1}/t_s  mod p^1: [1, 6, 6]
           u_s = p^4 t_{s+1}/t_s  mod p^2: [43, 48, 48]
           u_s = p^4 t_{s+1}/t_s  mod p^3: [190, 342, 342]
           u_s = p^4 t_{s+1}/t_s  mod p^4: [876, 2057, 2400]
           u_s = p^4 t_{s+1}/t_s  mod p^5: [15282, 9260, 12004]
           u_s = p^4 t_{s+1}/t_s  mod p^6: [15282, 9260, 45618]
  p=13 a=1  v_p(t_s), s=0..: ["INF", -4, -8, -12]
           v_p(t_{s+1}/t_s): ["?", -4, -4]
  p=13 a=2  v_p(t_s), s=0..: ["INF", -4, -8, -12]
           v_p(t_{s+1}/t_s): ["?", -4, -4]
  p=13 a=3  v_p(t_s), s=0..: ["INF", -4, -8, -12]
           v_p(t_{s+1}/t_s): ["?", -4, -4]
