[0;31m  ***   Warning: new maximum stack size = 6000001024 (5722.047 Mbytes).[0m
[0;31m  ***   Warning: increasing stack size to 16000000.[0m
[0;31m  ***   Warning: increasing stack size to 32000000.[0m
[0;31m  ***   Warning: increasing stack size to 64000000.[0m
[0;31m  ***   Warning: increasing stack size to 128000000.[0m

######## T3b R5 AESZ 207 [patched]  N=8192 ########
[0;31m  ***   Warning: increasing stack size to 256000000.[0m
  X^(1) p=3 a=1 | dv=[-3, -4, -3, -4, -3, -4, -3, -4]  [valuation NOT eventually constant]
  X^(1) p=3 a=2 | dv=[-3, 1, -8, -2, -5, -2, -5]  [valuation NOT eventually constant]
  X^(1) p=3 a=3 | dv=[-4, -3, -4, -3, -4, -3, -4]  [valuation NOT eventually constant]
  X^(1) p=5 a=1 | dv=[-4, -3, -3, -3, -3]  w=3  consec-agree-depths [0, 1, 1, 1]   u_last mod p^1 = 3
  X^(1) p=5 a=2 | dv=[-4, -3, -3, -3, -3]  w=3  consec-agree-depths [1, 1, 1, 1]   u_last mod p^1 = 3
  X^(1) p=5 a=3 | dv=[-4, -3, -3, -3]  w=3  consec-agree-depths [1, 1, 1]   u_last mod p^1 = 3
  X^(1) p=7 a=1 | dv=[-3, -4, -4, -4]  w=4  consec-agree-depths [0, 1, 2]   u_last mod p^2 = 16
  X^(1) p=7 a=2 | dv=[-3, -4, -4, -4]  w=4  consec-agree-depths [2, 1, 3]   u_last mod p^3 = 261
  X^(1) p=7 a=3 | dv=[-3, -4, -4, -4]  w=4  consec-agree-depths [1, 1, 2]   u_last mod p^2 = 16
  X^(1) p=11 a=1 | dv=[-4, -3, -4]  [valuation NOT eventually constant]
  X^(1) p=11 a=2 | dv=[-4, -3, -4]  [valuation NOT eventually constant]
  X^(1) p=11 a=3 | dv=[-4, -3, -4]  [valuation NOT eventually constant]
  X^(1) p=13 a=1 | dv=[-2, -2, -2]  w=2  consec-agree-depths [1, 3]   u_last mod p^3 = 1  (= +1)
  X^(1) p=13 a=2 | dv=[-2, -2, -2]  w=2  consec-agree-depths [1, 3]   u_last mod p^3 = 1  (= +1)
  X^(1) p=13 a=3 | dv=[-2, -2, -2]  w=2  consec-agree-depths [1, 3]   u_last mod p^3 = 1  (= +1)
  X^(2) p=3 a=1 | dv=[-2, -5, -1, -6, -2, -5, -2]  [valuation NOT eventually constant]
  X^(2) p=3 a=2 | dv=[-3, -4, -3, -4, -3, -4, -3]  [valuation NOT eventually constant]
  X^(2) p=3 a=3 | dv=[-2, -5, -1, -6, -2, -5, -2]  [valuation NOT eventually constant]
  X^(2) p=5 a=1 | dv=[-3, -3, -3, -3]  w=3  consec-agree-depths [0, 0, 0]   u_last mod p^0 = 0
  X^(2) p=5 a=2 | dv=[-4, -3, -3, -3, -3]  w=3  consec-agree-depths [0, 0, 0, 0]   u_last mod p^0 = 0
  X^(2) p=5 a=3 | dv=[-4, -3, -3, -3]  w=3  consec-agree-depths [0, 0, 0]   u_last mod p^0 = 0
  X^(2) p=7 a=1 | dv=[-4, -4, -4]  w=4  consec-agree-depths [0, 1]   u_last mod p^1 = 2
  X^(2) p=7 a=2 | dv=[-3, -4, -4, -4]  w=4  consec-agree-depths [0, 2, 2]   u_last mod p^2 = 16
  X^(2) p=7 a=3 | dv=[-2, -6, -4, -4]  [valuation NOT eventually constant]
  X^(2) p=11 a=1 | dv=[-3, -4]  [valuation NOT eventually constant]
  X^(2) p=11 a=2 | dv=[-4, -3, -4]  [valuation NOT eventually constant]
  X^(2) p=11 a=3 | dv=[-4, -3, -4]  [valuation NOT eventually constant]
  X^(2) p=13 a=1 | dv=[-2, -2]  w=2  consec-agree-depths [2]   u_last mod p^2 = 1  (= +1)
  X^(2) p=13 a=2 | dv=[-2, -2, -2]  w=2  consec-agree-depths [0, 2]   u_last mod p^2 = 1  (= +1)
  X^(2) p=13 a=3 | dv=[-2, -2, -2]  w=2  consec-agree-depths [1, 3]   u_last mod p^3 = 1  (= +1)
  X^(3) p=3 a=1 | dv=[1, -8, -2, -5, -2, -5, -1]  [valuation NOT eventually constant]
  X^(3) p=3 a=2 | dv=[-4, -3, -4, -3, -4, -3]  [valuation NOT eventually constant]
  X^(3) p=3 a=3 | dv=[1, -8, -2, -5, -2, -5, -1]  [valuation NOT eventually constant]
  X^(3) p=5 a=1 | dv=[-4, -2, -4, -2]  [valuation NOT eventually constant]
  X^(3) p=5 a=2 | dv=[-4, -1, -5, -1]  [valuation NOT eventually constant]
  X^(3) p=5 a=3 | dv=[-2, -5, -2, -4]  [valuation NOT eventually constant]
  X^(3) p=7 a=1 | dv=[-4, -4, -4]  w=4  consec-agree-depths [1, 2]   u_last mod p^2 = 16
  X^(3) p=7 a=2 | dv=[-4, -4, -4]  w=4  consec-agree-depths [2, 3]   u_last mod p^3 = 261
  X^(3) p=7 a=3 | dv=[-4, -4, -4, -4]  w=4  consec-agree-depths [0, 1, 2]   u_last mod p^2 = 16
  X^(3) p=11 a=1 | dv=[-3, -4]  [valuation NOT eventually constant]
  X^(3) p=11 a=2 | dv=[-3, -4]  [valuation NOT eventually constant]
  X^(3) p=11 a=3 | dv=[-4, -3, -4]  [valuation NOT eventually constant]
  X^(3) p=13 a=1 | dv=[-2, -2]  w=2  consec-agree-depths [2]   u_last mod p^2 = 1  (= +1)
  X^(3) p=13 a=2 | dv=[-2, -2]  w=2  consec-agree-depths [2]   u_last mod p^2 = 1  (= +1)
  X^(3) p=13 a=3 | dv=[-2, -2, -2]  w=2  consec-agree-depths [1, 3]   u_last mod p^3 = 1  (= +1)
