[0;31m  ***   Warning: new maximum stack size = 6000001024 (5722.047 Mbytes).[0m
[0;31m  ***   Warning: increasing stack size to 16000000.[0m
[0;31m  ***   Warning: increasing stack size to 32000000.[0m
[0;31m  ***   Warning: increasing stack size to 64000000.[0m
[0;31m  ***   Warning: increasing stack size to 128000000.[0m

######## T3b R5 AESZ 207 [p=13,11 more bases]  N=8192 ########
[0;31m  ***   Warning: increasing stack size to 256000000.[0m
  X^(1) p=11 a=1 | dv=[-4, -3, -4]  [valuation NOT eventually constant]
  X^(1) p=11 a=2 | dv=[-4, -3, -4]  [valuation NOT eventually constant]
  X^(1) p=11 a=3 | dv=[-4, -3, -4]  [valuation NOT eventually constant]
  X^(1) p=11 a=4 | dv=[-4, -3, -4]  [valuation NOT eventually constant]
  X^(1) p=11 a=5 | dv=[-4, -3, -4]  [valuation NOT eventually constant]
  X^(1) p=11 a=6 | dv=[-3, -4, -3]  [valuation NOT eventually constant]
  X^(1) p=11 a=7 | dv=[-4, -3]  [valuation NOT eventually constant]
  X^(1) p=11 a=8 | dv=[-4, -3]  [valuation NOT eventually constant]
  X^(1) p=13 a=1 | dv=[-2, -2, -2]  w=2  consec-agree-depths [1, 3]   u_last mod p^3 = 1  (= +1)
  X^(1) p=13 a=2 | dv=[-2, -2, -2]  w=2  consec-agree-depths [1, 3]   u_last mod p^3 = 1  (= +1)
  X^(1) p=13 a=3 | dv=[-2, -2, -2]  w=2  consec-agree-depths [1, 3]   u_last mod p^3 = 1  (= +1)
  X^(1) p=13 a=4 | dv=[-2, -2]  w=2  consec-agree-depths [1]   u_last mod p^1 = 1  (= +1)
  X^(1) p=13 a=5 | dv=[-2, -2]  w=2  consec-agree-depths [0]   u_last mod p^0 = 0
  X^(1) p=13 a=6 | dv=[-2, -2]  w=2  consec-agree-depths [1]   u_last mod p^1 = 1  (= +1)
  X^(1) p=13 a=7 | dv=[-2, -2]  w=2  consec-agree-depths [2]   u_last mod p^2 = 1  (= +1)
  X^(1) p=13 a=8 | dv=[-2, -2]  w=2  consec-agree-depths [2]   u_last mod p^2 = 1  (= +1)
  X^(2) p=11 a=1 | dv=[-3, -4]  [valuation NOT eventually constant]
  X^(2) p=11 a=2 | dv=[-4, -3, -4]  [valuation NOT eventually constant]
  X^(2) p=11 a=3 | dv=[-4, -3, -4]  [valuation NOT eventually constant]
  X^(2) p=11 a=4 | dv=[-4, -3, -4]  [valuation NOT eventually constant]
  X^(2) p=11 a=5 | dv=[-4, -3, -4]  [valuation NOT eventually constant]
  X^(2) p=11 a=6 | dv=[-3, -4, -3]  [valuation NOT eventually constant]
  X^(2) p=11 a=7 | dv=[-4, -3]  [valuation NOT eventually constant]
  X^(2) p=11 a=8 | dv=[-4, -3]  [valuation NOT eventually constant]
  X^(2) p=13 a=1 | dv=[-2, -2]  w=2  consec-agree-depths [2]   u_last mod p^2 = 1  (= +1)
  X^(2) p=13 a=2 | dv=[-2, -2, -2]  w=2  consec-agree-depths [0, 2]   u_last mod p^2 = 1  (= +1)
  X^(2) p=13 a=3 | dv=[-2, -2, -2]  w=2  consec-agree-depths [1, 3]   u_last mod p^3 = 1  (= +1)
  X^(2) p=13 a=4 | dv=[-2, -2]  w=2  consec-agree-depths [0]   u_last mod p^0 = 0
  X^(2) p=13 a=5 | dv=[-1, -2]  [valuation NOT eventually constant]
  X^(2) p=13 a=6 | dv=[-3, -2]  [valuation NOT eventually constant]
  X^(2) p=13 a=7 | dv=[-2, -2]  w=2  consec-agree-depths [1]   u_last mod p^1 = 1  (= +1)
  X^(2) p=13 a=8 | dv=[-2, -2]  w=2  consec-agree-depths [1]   u_last mod p^1 = 1  (= +1)
  X^(3) p=11 a=1 | dv=[-3, -4]  [valuation NOT eventually constant]
  X^(3) p=11 a=2 | dv=[-3, -4]  [valuation NOT eventually constant]
  X^(3) p=11 a=3 | dv=[-4, -3, -4]  [valuation NOT eventually constant]
  X^(3) p=11 a=4 | dv=[-4, -3, -4]  [valuation NOT eventually constant]
  X^(3) p=11 a=5 | dv=[-4, -3, -4]  [valuation NOT eventually constant]
  X^(3) p=11 a=6 | dv=[-3, -4, -3]  [valuation NOT eventually constant]
  X^(3) p=11 a=7 | dv=[-4, -3]  [valuation NOT eventually constant]
  X^(3) p=11 a=8 | dv=[-4, -3]  [valuation NOT eventually constant]
  X^(3) p=13 a=1 | dv=[-2, -2]  w=2  consec-agree-depths [2]   u_last mod p^2 = 1  (= +1)
  X^(3) p=13 a=2 | dv=[-2, -2]  w=2  consec-agree-depths [2]   u_last mod p^2 = 1  (= +1)
  X^(3) p=13 a=3 | dv=[-2, -2, -2]  w=2  consec-agree-depths [1, 3]   u_last mod p^3 = 1  (= +1)
  X^(3) p=13 a=4 | dv=[-2, -2]  w=2  consec-agree-depths [0]   u_last mod p^0 = 0
  X^(3) p=13 a=5 | dv=[-1, -2]  [valuation NOT eventually constant]
  X^(3) p=13 a=6 | dv=[-2, -2]  w=2  consec-agree-depths [0]   u_last mod p^0 = 0
  X^(3) p=13 a=7 | dv=[-2, -2]  w=2  consec-agree-depths [1]   u_last mod p^1 = 1  (= +1)
  X^(3) p=13 a=8 | dv=[-2, -2]  w=2  consec-agree-depths [1]   u_last mod p^1 = 1  (= +1)
