[0;31m  ***   Warning: new maximum stack size = 6000001024 (5722.047 Mbytes).[0m
[0;31m  ***   Warning: increasing stack size to 16000000.[0m
[0;31m  ***   Warning: increasing stack size to 32000000.[0m
[0;31m  ***   Warning: increasing stack size to 64000000.[0m
[0;31m  ***   Warning: increasing stack size to 128000000.[0m
#### R5 AESZ 207, good-prime tower at p=13:  u(a,s) = p^2 * t_{a p^{s+1}}/t_{a p^s},  t_n = x_n/a_n
     tabulating v_p(u - 1) : min / max over a coprime-free range, per level s
[0;31m  ***   Warning: increasing stack size to 256000000.[0m
  X^(1):
     s=0 (a=1..630, 630 cells): v_p(u-1) min=0 max=5  #(v>=1)=627 #(v>=2)=611
     s=1 (a=1..48, 48 cells): v_p(u-1) min=2 max=5  #(v>=1)=48 #(v>=2)=48
     s=2 (a=1..3, 3 cells): v_p(u-1) min=5 max=5  #(v>=1)=3 #(v>=2)=3
  X^(2):
     s=0 (a=1..630, 629 cells): v_p(u-1) min=-1 max=8  #(v>=1)=623 #(v>=2)=596
     s=1 (a=1..48, 48 cells): v_p(u-1) min=1 max=6  #(v>=1)=48 #(v>=2)=47
     s=2 (a=1..3, 3 cells): v_p(u-1) min=4 max=5  #(v>=1)=3 #(v>=2)=3
  X^(3):
     s=0 (a=1..630, 628 cells): v_p(u-1) min=0 max=5  #(v>=1)=623 #(v>=2)=595
     s=1 (a=1..48, 48 cells): v_p(u-1) min=1 max=5  #(v>=1)=48 #(v>=2)=47
     s=2 (a=1..3, 3 cells): v_p(u-1) min=4 max=5  #(v>=1)=3 #(v>=2)=3
