
################ R5 AESZ 207   p=2  sigma_p=12  N=2000 ################

--- companion X^(1) ---
  xi_p taken as t_N = x_N/a_N ; Cauchy precision v_p(t_N - t_{N-1}) = 23953
  (so xi_p is known to 23953 p-adic digits; E is meaningful for n <~ N/2)
  (i) v_p(t_n - xi): n=500 -> 5972 ;  n=1000 -> 11972 ; secant slope = 12.000000000000000000000000000000000000
      fluctuation  v_p(t_n - xi) - sigma*n  over n=500..1000 : min -36  max -8  mean -24.744510978043912175648702594810379242  range 28
      same for v_p(x_n - xi a_n) - sigma*n : min -4  max 4
  (ii) E(m,s) = v_p(x_{m p^s} - xi a_{m p^s}) - sigma*m*p^s     [raw, includes v_p(a_n)]
       Er(m,s) = v_p(t_{m p^s} - xi)          - sigma*m*p^s     [ratio form]
     m=1  E : [-3, -4, -4, -4, -4, -4, -4, -4, -4, -4]
          Er: [-7, -8, -8, -8, -8, -8, -8, -8, -8, -8]
          v_p(a_{m p^s}): [4, 4, 4, 4, 4, 4, 4, 4, 4, 4]
     m=2  E : [-4, -4, -4, -4, -4, -4, -4, -4, -4]
          Er: [-8, -8, -8, -8, -8, -8, -8, -8, -8]
          v_p(a_{m p^s}): [4, 4, 4, 4, 4, 4, 4, 4, 4]
     m=3  E : [-2, -4, -4, -4, -4, -4, -4, -4, -4]
          Er: [-10, -12, -12, -12, -12, -12, -12, -12, -12]
          v_p(a_{m p^s}): [8, 8, 8, 8, 8, 8, 8, 8, 8]
     m=4  E : [-4, -4, -4, -4, -4, -4, -4, -4]
          Er: [-8, -8, -8, -8, -8, -8, -8, -8]
          v_p(a_{m p^s}): [4, 4, 4, 4, 4, 4, 4, 4]
     m=5  E : [-3, -4, -4, -4, -4, -4, -4, -4]
          Er: [-11, -12, -12, -12, -12, -12, -12, -12]
          v_p(a_{m p^s}): [8, 8, 8, 8, 8, 8, 8, 8]
     m=6  E : [-4, -4, -4, -4, -4, -4, -4, -4]
          Er: [-12, -12, -12, -12, -12, -12, -12, -12]
          v_p(a_{m p^s}): [8, 8, 8, 8, 8, 8, 8, 8]
  (iii) v_p( t_{m p^{s+1}} - t_{m p^s} )  and  minus sigma*m*p^s
     m=1  v: [5, 16, 40, 88, 184, 376, 760, 1528, 3064, 6136]
          v - sigma*m*p^s: [-7, -8, -8, -8, -8, -8, -8, -8, -8, -8]
     m=2  v: [16, 40, 88, 184, 376, 760, 1528, 3064, 6136]
          v - sigma*m*p^s: [-8, -8, -8, -8, -8, -8, -8, -8, -8]
     m=3  v: [26, 60, 132, 276, 564, 1140, 2292, 4596, 9204]
          v - sigma*m*p^s: [-10, -12, -12, -12, -12, -12, -12, -12, -12]
     m=4  v: [40, 88, 184, 376, 760, 1528, 3064, 6136]
          v - sigma*m*p^s: [-8, -8, -8, -8, -8, -8, -8, -8]
     m=5  v: [49, 108, 228, 468, 948, 1908, 3828, 7668]
          v - sigma*m*p^s: [-11, -12, -12, -12, -12, -12, -12, -12]
     m=6  v: [60, 132, 276, 564, 1140, 2292, 4596, 9204]
          v - sigma*m*p^s: [-12, -12, -12, -12, -12, -12, -12, -12]

--- companion X^(2) ---
  xi_p taken as t_N = x_N/a_N ; Cauchy precision v_p(t_N - t_{N-1}) = 23940
  (so xi_p is known to 23940 p-adic digits; E is meaningful for n <~ N/2)
  (i) v_p(t_n - xi): n=500 -> 5966 ;  n=1000 -> 11967 ; secant slope = 12.002000000000000000000000000000000000
      fluctuation  v_p(t_n - xi) - sigma*n  over n=500..1000 : min -48  max -12  mean -32.730538922155688622754491017964071856  range 36
      same for v_p(x_n - xi a_n) - sigma*n : min -12  max -1
  (ii) E(m,s) = v_p(x_{m p^s} - xi a_{m p^s}) - sigma*m*p^s     [raw, includes v_p(a_n)]
       Er(m,s) = v_p(t_{m p^s} - xi)          - sigma*m*p^s     [ratio form]
     m=1  E : [-12, -11, -10, -9, -7, -8, -8, -8, -8, -8]
          Er: [-16, -15, -14, -13, -11, -12, -12, -12, -12, -12]
          v_p(a_{m p^s}): [4, 4, 4, 4, 4, 4, 4, 4, 4, 4]
     m=2  E : [-11, -10, -9, -7, -8, -8, -8, -8, -8]
          Er: [-15, -14, -13, -11, -12, -12, -12, -12, -12]
          v_p(a_{m p^s}): [4, 4, 4, 4, 4, 4, 4, 4, 4]
     m=3  E : [-12, -11, -10, -9, -5, -8, -8, -8, -8]
          Er: [-20, -19, -18, -17, -13, -16, -16, -16, -16]
          v_p(a_{m p^s}): [8, 8, 8, 8, 8, 8, 8, 8, 8]
     m=4  E : [-10, -9, -7, -8, -8, -8, -8, -8]
          Er: [-14, -13, -11, -12, -12, -12, -12, -12]
          v_p(a_{m p^s}): [4, 4, 4, 4, 4, 4, 4, 4]
     m=5  E : [-12, -11, -10, -9, -7, -8, -8, -8]
          Er: [-20, -19, -18, -17, -15, -16, -16, -16]
          v_p(a_{m p^s}): [8, 8, 8, 8, 8, 8, 8, 8]
     m=6  E : [-11, -10, -9, -5, -8, -8, -8, -8]
          Er: [-19, -18, -17, -13, -16, -16, -16, -16]
          v_p(a_{m p^s}): [8, 8, 8, 8, 8, 8, 8, 8]
  (iii) v_p( t_{m p^{s+1}} - t_{m p^s} )  and  minus sigma*m*p^s
     m=1  v: [-4, 9, 34, 83, 181, 372, 756, 1524, 3060, 6132]
          v - sigma*m*p^s: [-16, -15, -14, -13, -11, -12, -12, -12, -12, -12]
     m=2  v: [9, 34, 83, 181, 372, 756, 1524, 3060, 6132]
          v - sigma*m*p^s: [-15, -14, -13, -11, -12, -12, -12, -12, -12]
     m=3  v: [16, 53, 126, 271, 563, 1136, 2288, 4592, 9200]
          v - sigma*m*p^s: [-20, -19, -18, -17, -13, -16, -16, -16, -16]
     m=4  v: [34, 83, 181, 372, 756, 1524, 3060, 6132]
          v - sigma*m*p^s: [-14, -13, -11, -12, -12, -12, -12, -12]
     m=5  v: [40, 101, 222, 463, 945, 1904, 3824, 7664]
          v - sigma*m*p^s: [-20, -19, -18, -17, -15, -16, -16, -16]
     m=6  v: [53, 126, 271, 563, 1136, 2288, 4592, 9200]
          v - sigma*m*p^s: [-19, -18, -17, -13, -16, -16, -16, -16]

--- companion X^(3) ---
  xi_p taken as t_N = x_N/a_N ; Cauchy precision v_p(t_N - t_{N-1}) = 23925
  (so xi_p is known to 23925 p-adic digits; E is meaningful for n <~ N/2)
  (i) v_p(t_n - xi): n=500 -> 5948 ;  n=1000 -> 11948 ; secant slope = 12.000000000000000000000000000000000000
      fluctuation  v_p(t_n - xi) - sigma*n  over n=500..1000 : min -63  max -32  mean -48.740518962075848303393213572854291417  range 31
      same for v_p(x_n - xi a_n) - sigma*n : min -28  max -18
  (ii) E(m,s) = v_p(x_{m p^s} - xi a_{m p^s}) - sigma*m*p^s     [raw, includes v_p(a_n)]
       Er(m,s) = v_p(t_{m p^s} - xi)          - sigma*m*p^s     [ratio form]
     m=1  E : [-16, -28, -28, -28, -28, -28, -28, -28, -28, -28]
          Er: [-20, -32, -32, -32, -32, -32, -32, -32, -32, -32]
          v_p(a_{m p^s}): [4, 4, 4, 4, 4, 4, 4, 4, 4, 4]
     m=2  E : [-28, -28, -28, -28, -28, -28, -28, -28, -28]
          Er: [-32, -32, -32, -32, -32, -32, -32, -32, -32]
          v_p(a_{m p^s}): [4, 4, 4, 4, 4, 4, 4, 4, 4]
     m=3  E : [-27, -28, -28, -28, -28, -28, -28, -28, -28]
          Er: [-35, -36, -36, -36, -36, -36, -36, -36, -36]
          v_p(a_{m p^s}): [8, 8, 8, 8, 8, 8, 8, 8, 8]
     m=4  E : [-28, -28, -28, -28, -28, -28, -28, -28]
          Er: [-32, -32, -32, -32, -32, -32, -32, -32]
          v_p(a_{m p^s}): [4, 4, 4, 4, 4, 4, 4, 4]
     m=5  E : [-26, -28, -28, -28, -28, -28, -28, -28]
          Er: [-34, -36, -36, -36, -36, -36, -36, -36]
          v_p(a_{m p^s}): [8, 8, 8, 8, 8, 8, 8, 8]
     m=6  E : [-28, -28, -28, -28, -28, -28, -28, -28]
          Er: [-36, -36, -36, -36, -36, -36, -36, -36]
          v_p(a_{m p^s}): [8, 8, 8, 8, 8, 8, 8, 8]
  (iii) v_p( t_{m p^{s+1}} - t_{m p^s} )  and  minus sigma*m*p^s
     m=1  v: ["INF", -8, 16, 64, 160, 352, 736, 1504, 3040, 6112]
          v - sigma*m*p^s: ["INF", -32, -32, -32, -32, -32, -32, -32, -32, -32]
     m=2  v: [-8, 16, 64, 160, 352, 736, 1504, 3040, 6112]
          v - sigma*m*p^s: [-32, -32, -32, -32, -32, -32, -32, -32, -32]
     m=3  v: [1, 36, 108, 252, 540, 1116, 2268, 4572, 9180]
          v - sigma*m*p^s: [-35, -36, -36, -36, -36, -36, -36, -36, -36]
     m=4  v: [16, 64, 160, 352, 736, 1504, 3040, 6112]
          v - sigma*m*p^s: [-32, -32, -32, -32, -32, -32, -32, -32]
     m=5  v: [26, 84, 204, 444, 924, 1884, 3804, 7644]
          v - sigma*m*p^s: [-34, -36, -36, -36, -36, -36, -36, -36]
     m=6  v: [36, 108, 252, 540, 1116, 2268, 4572, 9180]
          v - sigma*m*p^s: [-36, -36, -36, -36, -36, -36, -36, -36]
