
################ T3  R5 AESZ 207   N=6000 ################

--- companion X^(1) ---
  p=3 a=1  v_p(t_s), s=0..: [0, -3, -7, -10, -14, -17, -21, -24]
           v_p(t_{s+1}/t_s): [-3, -4, -3, -4, -3, -4, -3]
  p=3 a=2  v_p(t_s), s=0..: [-2, -5, -4, -12, -14, -19, -21, -26]
           v_p(t_{s+1}/t_s): [-3, 1, -8, -2, -5, -2, -5]
  p=3 a=3  v_p(t_s), s=0..: [-3, -7, -10, -14, -17, -21, -24]
           v_p(t_{s+1}/t_s): [-4, -3, -4, -3, -4, -3]
  p=5 a=1  v_p(t_s), s=0..: [-1, -5, -8, -11, -14, -17]
           v_p(t_{s+1}/t_s): [-4, -3, -3, -3, -3]
           (p^3) * t_{s+1}/t_s  mod p^4: [419, 288, 603, 408, 428]
  p=5 a=2  v_p(t_s), s=0..: [0, -4, -7, -10, -13]
           v_p(t_{s+1}/t_s): [-4, -3, -3, -3]
           (p^3) * t_{s+1}/t_s  mod p^4: [343, 88, 328, 558]
  p=5 a=3  v_p(t_s), s=0..: [-2, -6, -9, -12, -15]
           v_p(t_{s+1}/t_s): [-4, -3, -3, -3]
           (p^3) * t_{s+1}/t_s  mod p^4: [3, 413, 503, 508]
  p=7 a=1  v_p(t_s), s=0..: [0, -3, -7, -11, -15]
           v_p(t_{s+1}/t_s): [-3, -4, -4, -4]
           (p^4) * t_{s+1}/t_s  mod p^4: [796, 1570, 1339, 2319]
  p=7 a=2  v_p(t_s), s=0..: [0, -3, -7, -11, -15]
           v_p(t_{s+1}/t_s): [-3, -4, -4, -4]
           (p^4) * t_{s+1}/t_s  mod p^4: [2228, 1934, 2319, 261]
  p=7 a=3  v_p(t_s), s=0..: [0, -3, -7, -11]
           v_p(t_{s+1}/t_s): [-3, -4, -4]

--- companion X^(2) ---
  p=3 a=1  v_p(t_s), s=0..: ["INF", -4, -6, -11, -12, -18, -20, -25]
           v_p(t_{s+1}/t_s): ["?", -2, -5, -1, -6, -2, -5]
  p=3 a=2  v_p(t_s), s=0..: [-2, -5, -9, -12, -16, -19, -23, -26]
           v_p(t_{s+1}/t_s): [-3, -4, -3, -4, -3, -4, -3]
  p=3 a=3  v_p(t_s), s=0..: [-4, -6, -11, -12, -18, -20, -25]
           v_p(t_{s+1}/t_s): [-2, -5, -1, -6, -2, -5]
  p=5 a=1  v_p(t_s), s=0..: ["INF", -5, -8, -11, -14, -17]
           v_p(t_{s+1}/t_s): ["?", -3, -3, -3, -3]
           (p^3) * t_{s+1}/t_s  mod p^4: [546, 24, 1, 499]
  p=5 a=2  v_p(t_s), s=0..: [0, -4, -7, -10, -13]
           v_p(t_{s+1}/t_s): [-4, -3, -3, -3]
           (p^3) * t_{s+1}/t_s  mod p^4: [42, 541, 269, 271]
  p=5 a=3  v_p(t_s), s=0..: [-2, -6, -9, -12, -15]
           v_p(t_{s+1}/t_s): [-4, -3, -3, -3]
           (p^3) * t_{s+1}/t_s  mod p^4: [309, 276, 504, 6]
  p=7 a=1  v_p(t_s), s=0..: ["INF", -3, -7, -11, -15]
           v_p(t_{s+1}/t_s): ["?", -4, -4, -4]
           (p^4) * t_{s+1}/t_s  mod p^4: [2080, 667, 849]
  p=7 a=2  v_p(t_s), s=0..: [0, -3, -7, -11, -15]
           v_p(t_{s+1}/t_s): [-3, -4, -4, -4]
           (p^4) * t_{s+1}/t_s  mod p^4: [1069, 947, 555, 604]
  p=7 a=3  v_p(t_s), s=0..: [1, -1, -7, -11]
           v_p(t_{s+1}/t_s): [-2, -6, -4]

--- companion X^(3) ---
  p=3 a=1  v_p(t_s), s=0..: ["INF", 0, 1, -7, -9, -14, -16, -21]
           v_p(t_{s+1}/t_s): ["?", 1, -8, -2, -5, -2, -5]
  p=3 a=2  v_p(t_s), s=0..: ["INF", -1, -5, -8, -12, -15, -19, -22]
           v_p(t_{s+1}/t_s): ["?", -4, -3, -4, -3, -4, -3]
  p=3 a=3  v_p(t_s), s=0..: [0, 1, -7, -9, -14, -16, -21]
           v_p(t_{s+1}/t_s): [1, -8, -2, -5, -2, -5]
  p=5 a=1  v_p(t_s), s=0..: ["INF", -4, -8, -10, -14, -16]
           v_p(t_{s+1}/t_s): ["?", -4, -2, -4, -2]
  p=5 a=2  v_p(t_s), s=0..: ["INF", -3, -7, -8, -13]
           v_p(t_{s+1}/t_s): ["?", -4, -1, -5]
  p=5 a=3  v_p(t_s), s=0..: [-2, -4, -9, -11, -15]
           v_p(t_{s+1}/t_s): [-2, -5, -2, -4]
  p=7 a=1  v_p(t_s), s=0..: ["INF", -4, -8, -12, -16]
           v_p(t_{s+1}/t_s): ["?", -4, -4, -4]
           (p^4) * t_{s+1}/t_s  mod p^4: [2389, 2172, 1290]
  p=7 a=2  v_p(t_s), s=0..: ["INF", -4, -8, -12, -16]
           v_p(t_{s+1}/t_s): ["?", -4, -4, -4]
           (p^4) * t_{s+1}/t_s  mod p^4: [1339, 1976, 261]
  p=7 a=3  v_p(t_s), s=0..: [0, -4, -8, -12]
           v_p(t_{s+1}/t_s): [-4, -4, -4]
           (p^4) * t_{s+1}/t_s  mod p^4: [1310, 1808, 2123]
