
################ T3  R1 Apery zeta(3) [CONTROL]   N=6000 ################

--- companion X^(1) ---
  p=2 a=1  v_p(t_s), s=0..: [0, -3, -6, -9, -12, -15, -18, -21, -24, -27, -30, -33, -36]
           v_p(t_{s+1}/t_s): [-3, -3, -3, -3, -3, -3, -3, -3, -3, -3, -3, -3]
           (p^3) * t_{s+1}/t_s  mod p^4: [1, 1, 1, 1, 1, 1, 1, 1, 1, 1, 1, 1]
                                    mod p  : [1, 1, 1, 1, 1, 1, 1, 1, 1, 1, 1, 1]   mod p^2: [1, 1, 1, 1, 1, 1, 1, 1, 1, 1, 1, 1]
  p=2 a=2  v_p(t_s), s=0..: [-3, -6, -9, -12, -15, -18, -21, -24, -27, -30, -33, -36]
           v_p(t_{s+1}/t_s): [-3, -3, -3, -3, -3, -3, -3, -3, -3, -3, -3]
           (p^3) * t_{s+1}/t_s  mod p^4: [1, 1, 1, 1, 1, 1, 1, 1, 1, 1, 1]
                                    mod p  : [1, 1, 1, 1, 1, 1, 1, 1, 1, 1, 1]   mod p^2: [1, 1, 1, 1, 1, 1, 1, 1, 1, 1, 1]
  p=2 a=3  v_p(t_s), s=0..: [-3, -6, -9, -12, -15, -18, -21, -24, -27, -30, -33]
           v_p(t_{s+1}/t_s): [-3, -3, -3, -3, -3, -3, -3, -3, -3, -3]
           (p^3) * t_{s+1}/t_s  mod p^4: [1, 1, 1, 1, 1, 1, 1, 1, 1, 1]
                                    mod p  : [1, 1, 1, 1, 1, 1, 1, 1, 1, 1]   mod p^2: [1, 1, 1, 1, 1, 1, 1, 1, 1, 1]
  p=3 a=1  v_p(t_s), s=0..: [0, -3, -6, -9, -12, -15, -18, -21]
           v_p(t_{s+1}/t_s): [-3, -3, -3, -3, -3, -3, -3]
           (p^3) * t_{s+1}/t_s  mod p^4: [46, 1, 1, 1, 1, 1, 1]
                                    mod p  : [1, 1, 1, 1, 1, 1, 1]   mod p^2: [1, 1, 1, 1, 1, 1, 1]
  p=3 a=2  v_p(t_s), s=0..: [2, -1, -4, -7, -10, -13, -16, -19]
           v_p(t_{s+1}/t_s): [-3, -3, -3, -3, -3, -3, -3]
           (p^3) * t_{s+1}/t_s  mod p^4: [4, 1, 1, 1, 1, 1, 1]
                                    mod p  : [1, 1, 1, 1, 1, 1, 1]   mod p^2: [4, 1, 1, 1, 1, 1, 1]
  p=3 a=3  v_p(t_s), s=0..: [-3, -6, -9, -12, -15, -18, -21]
           v_p(t_{s+1}/t_s): [-3, -3, -3, -3, -3, -3]
           (p^3) * t_{s+1}/t_s  mod p^4: [1, 1, 1, 1, 1, 1]
                                    mod p  : [1, 1, 1, 1, 1, 1]   mod p^2: [1, 1, 1, 1, 1, 1]
  p=5 a=1  v_p(t_s), s=0..: [-1, -4, -7, -10, -13, -16]
           v_p(t_{s+1}/t_s): [-3, -3, -3, -3, -3]
           (p^3) * t_{s+1}/t_s  mod p^4: [76, 1, 1, 1, 1]
                                    mod p  : [1, 1, 1, 1, 1]   mod p^2: [1, 1, 1, 1, 1]
  p=5 a=2  v_p(t_s), s=0..: [0, -3, -6, -9, -12]
           v_p(t_{s+1}/t_s): [-3, -3, -3, -3]
           (p^3) * t_{s+1}/t_s  mod p^4: [376, 1, 1, 1]
                                    mod p  : [1, 1, 1, 1]   mod p^2: [1, 1, 1, 1]
  p=5 a=3  v_p(t_s), s=0..: [-1, -4, -7, -10, -13]
           v_p(t_{s+1}/t_s): [-3, -3, -3, -3]
           (p^3) * t_{s+1}/t_s  mod p^4: [51, 1, 1, 1]
                                    mod p  : [1, 1, 1, 1]   mod p^2: [1, 1, 1, 1]
  p=7 a=1  v_p(t_s), s=0..: [0, -3, -6, -9, -12]
           v_p(t_{s+1}/t_s): [-3, -3, -3, -3]
           (p^3) * t_{s+1}/t_s  mod p^4: [1716, 1, 1, 1]
                                    mod p  : [1, 1, 1, 1]   mod p^2: [1, 1, 1, 1]
  p=7 a=2  v_p(t_s), s=0..: [0, -3, -6, -9, -12]
           v_p(t_{s+1}/t_s): [-3, -3, -3, -3]
           (p^3) * t_{s+1}/t_s  mod p^4: [2059, 1, 1, 1]
                                    mod p  : [1, 1, 1, 1]   mod p^2: [1, 1, 1, 1]
  p=7 a=3  v_p(t_s), s=0..: [1, -2, -5, -8]
           v_p(t_{s+1}/t_s): [-3, -3, -3]
           (p^3) * t_{s+1}/t_s  mod p^4: [1961, 1, 1]
                                    mod p  : [1, 1, 1]   mod p^2: [1, 1, 1]
  p=13 a=1  v_p(t_s), s=0..: [0, -3, -6, -9]
           v_p(t_{s+1}/t_s): [-3, -3, -3]
           (p^3) * t_{s+1}/t_s  mod p^4: [21971, 1, 1]
                                    mod p  : [1, 1, 1]   mod p^2: [1, 1, 1]
  p=13 a=2  v_p(t_s), s=0..: [1, -2, -5, -8]
           v_p(t_{s+1}/t_s): [-3, -3, -3]
           (p^3) * t_{s+1}/t_s  mod p^4: [16563, 1, 1]
                                    mod p  : [1, 1, 1]   mod p^2: [1, 1, 1]
  p=13 a=3  v_p(t_s), s=0..: [0, -3, -6]
           v_p(t_{s+1}/t_s): [-3, -3]
           (p^3) * t_{s+1}/t_s  mod p^4: [26365, 1]
                                    mod p  : [1, 1]   mod p^2: [1, 1]

################ T3  R4 Sym^3 Zagier E   N=6000 ################

--- companion X^(1) ---
  p=2 a=1  v_p(t_s), s=0..: [-2, -4, -6, -8, -10, -12, -14, -16, -18, -20, -22, -24, -26]
           v_p(t_{s+1}/t_s): [-2, -2, -2, -2, -2, -2, -2, -2, -2, -2, -2, -2]
           (p^2) * t_{s+1}/t_s  mod p^4: [9, 3, 15, 15, 15, 15, 15, 15, 15, 15, 15, 15]
                                    mod p  : [1, 1, 1, 1, 1, 1, 1, 1, 1, 1, 1, 1]   mod p^2: [1, 3, 3, 3, 3, 3, 3, 3, 3, 3, 3, 3]
  p=2 a=2  v_p(t_s), s=0..: [-4, -6, -8, -10, -12, -14, -16, -18, -20, -22, -24, -26]
           v_p(t_{s+1}/t_s): [-2, -2, -2, -2, -2, -2, -2, -2, -2, -2, -2]
           (p^2) * t_{s+1}/t_s  mod p^4: [3, 15, 15, 15, 15, 15, 15, 15, 15, 15, 15]
                                    mod p  : [1, 1, 1, 1, 1, 1, 1, 1, 1, 1, 1]   mod p^2: [3, 3, 3, 3, 3, 3, 3, 3, 3, 3, 3]
  p=2 a=3  v_p(t_s), s=0..: [-4, -6, -8, -10, -12, -14, -16, -18, -20, -22, -24]
           v_p(t_{s+1}/t_s): [-2, -2, -2, -2, -2, -2, -2, -2, -2, -2]
           (p^2) * t_{s+1}/t_s  mod p^4: [7, 15, 15, 15, 15, 15, 15, 15, 15, 15]
                                    mod p  : [1, 1, 1, 1, 1, 1, 1, 1, 1, 1]   mod p^2: [3, 3, 3, 3, 3, 3, 3, 3, 3, 3]
  p=3 a=1  v_p(t_s), s=0..: [-1, 0, -4, -4, -8, -8, -12, -12]
           v_p(t_{s+1}/t_s): [1, -4, 0, -4, 0, -4, 0]
  p=3 a=2  v_p(t_s), s=0..: [-3, 1, -3, -4, -7, -8, -11, -12]
           v_p(t_{s+1}/t_s): [4, -4, -1, -3, -1, -3, -1]
  p=3 a=3  v_p(t_s), s=0..: [0, -4, -4, -8, -8, -12, -12]
           v_p(t_{s+1}/t_s): [-4, 0, -4, 0, -4, 0]
  p=5 a=1  v_p(t_s), s=0..: [0, -4, -8, -12, -16, -20]
           v_p(t_{s+1}/t_s): [-4, -4, -4, -4, -4]
           (p^4) * t_{s+1}/t_s  mod p^4: [416, 116, 316, 266, 466]
                                    mod p  : [1, 1, 1, 1, 1]   mod p^2: [16, 16, 16, 16, 16]
  p=5 a=2  v_p(t_s), s=0..: [1, -5, -7, -11, -15]
