[0;31m  ***   Warning: new maximum stack size = 6000001024 (5722.047 Mbytes).[0m
[0;31m  ***   Warning: increasing stack size to 16000000.[0m
#### R4 Sym^3 Zagier E: good-prime tower, u(a,s) = eps^{-1} p^w t_{a p^{s+1}}/t_{a p^s}
[0;31m  ***   Warning: increasing stack size to 32000000.[0m
[0;31m  ***   Warning: increasing stack size to 64000000.[0m
  X^(1):
     p=2 eps=-1 w=2 s=0 (4096 cells a=1..4096): v_p(u-1) min=1 max=33
     p=2 eps=-1 w=2 s=1 (2048 cells a=1..2048): v_p(u-1) min=2 max=33
     p=2 eps=-1 w=2 s=2 (1024 cells a=1..1024): v_p(u-1) min=6 max=33
     p=2 eps=-1 w=2 s=3 (512 cells a=1..512): v_p(u-1) min=7 max=25
     p=2 eps=-1 w=2 s=4 (256 cells a=1..256): v_p(u-1) min=9 max=25
     p=2 eps=-1 w=2 s=5 (128 cells a=1..128): v_p(u-1) min=11 max=25
     p=2 eps=-1 w=2 s=6 (64 cells a=1..64): v_p(u-1) min=13 max=25
     p=3 eps=-1 w=4 s=0 (2730 cells a=1..2730): v_p(u-1) min=-6 max=7
     p=3 eps=-1 w=4 s=1 (910 cells a=1..910): v_p(u-1) min=-5 max=6
     p=3 eps=-1 w=4 s=2 (303 cells a=1..303): v_p(u-1) min=-5 max=4
     p=3 eps=-1 w=4 s=3 (101 cells a=1..101): v_p(u-1) min=-5 max=4
     p=3 eps=-1 w=4 s=4 (33 cells a=1..33): v_p(u-1) min=-1 max=3
     p=3 eps=-1 w=4 s=5 (11 cells a=1..11): v_p(u-1) min=0 max=3
     p=3 eps=-1 w=4 s=6 (3 cells a=1..3): v_p(u-1) min=0 max=3
     p=7 eps=-1 w=4 s=0 (1170 cells a=1..1170): v_p(u-1) min=-4 max=3
     p=7 eps=-1 w=4 s=1 (167 cells a=1..167): v_p(u-1) min=-3 max=2
     p=7 eps=-1 w=4 s=2 (23 cells a=1..23): v_p(u-1) min=-2 max=2
     p=7 eps=-1 w=4 s=3 (3 cells a=1..3): v_p(u-1) min=0 max=1
     p=5 eps=1 w=4 s=0 (1638 cells a=1..1638): v_p(u-1) min=-4 max=4
     p=5 eps=1 w=4 s=1 (327 cells a=1..327): v_p(u-1) min=-3 max=4
     p=5 eps=1 w=4 s=2 (65 cells a=1..65): v_p(u-1) min=-2 max=2
     p=5 eps=1 w=4 s=3 (13 cells a=1..13): v_p(u-1) min=-2 max=2
     p=5 eps=1 w=4 s=4 (2 cells a=1..2): v_p(u-1) min=0 max=1
     p=13 eps=1 w=4 s=0 (630 cells a=1..630): v_p(u-1) min=-2 max=2
     p=13 eps=1 w=4 s=1 (48 cells a=1..48): v_p(u-1) min=-1 max=1
     p=13 eps=1 w=4 s=2 (3 cells a=1..3): v_p(u-1) min=0 max=0
  X^(2):
     p=2 eps=-1 w=2 s=0 (4095 cells a=1..4096): v_p(u-1) min=2 max=33
     p=2 eps=-1 w=2 s=1 (2048 cells a=1..2048): v_p(u-1) min=2 max=33
     p=2 eps=-1 w=2 s=2 (1024 cells a=1..1024): v_p(u-1) min=6 max=33
     p=2 eps=-1 w=2 s=3 (512 cells a=1..512): v_p(u-1) min=7 max=25
     p=2 eps=-1 w=2 s=4 (256 cells a=1..256): v_p(u-1) min=9 max=25
     p=2 eps=-1 w=2 s=5 (128 cells a=1..128): v_p(u-1) min=11 max=25
     p=2 eps=-1 w=2 s=6 (64 cells a=1..64): v_p(u-1) min=13 max=25
     p=3 eps=-1 w=4 s=0 (2729 cells a=1..2730): v_p(u-1) min=-8 max=5
     p=3 eps=-1 w=4 s=1 (910 cells a=1..910): v_p(u-1) min=-4 max=4
     p=3 eps=-1 w=4 s=2 (303 cells a=1..303): v_p(u-1) min=-3 max=4
     p=3 eps=-1 w=4 s=3 (101 cells a=1..101): v_p(u-1) min=-3 max=3
     p=3 eps=-1 w=4 s=4 (33 cells a=1..33): v_p(u-1) min=-2 max=1
     p=3 eps=-1 w=4 s=5 (11 cells a=1..11): v_p(u-1) min=-2 max=0
     p=3 eps=-1 w=4 s=6 (3 cells a=1..3): v_p(u-1) min=-1 max=0
     p=7 eps=-1 w=4 s=0 (1169 cells a=1..1170): v_p(u-1) min=-4 max=3
     p=7 eps=-1 w=4 s=1 (167 cells a=1..167): v_p(u-1) min=-3 max=2
     p=7 eps=-1 w=4 s=2 (23 cells a=1..23): v_p(u-1) min=-3 max=0
     p=7 eps=-1 w=4 s=3 (3 cells a=1..3): v_p(u-1) min=-2 max=0
     p=5 eps=1 w=4 s=0 (1637 cells a=1..1638): v_p(u-1) min=-4 max=5
     p=5 eps=1 w=4 s=1 (327 cells a=1..327): v_p(u-1) min=-4 max=4
     p=5 eps=1 w=4 s=2 (65 cells a=1..65): v_p(u-1) min=-3 max=4
     p=5 eps=1 w=4 s=3 (13 cells a=1..13): v_p(u-1) min=-2 max=4
     p=5 eps=1 w=4 s=4 (2 cells a=1..2): v_p(u-1) min=0 max=1
     p=13 eps=1 w=4 s=0 (629 cells a=1..630): v_p(u-1) min=-2 max=3
     p=13 eps=1 w=4 s=1 (48 cells a=1..48): v_p(u-1) min=-1 max=1
     p=13 eps=1 w=4 s=2 (3 cells a=1..3): v_p(u-1) min=0 max=0
[0;31m  ***   Warning: increasing stack size to 128000000.[0m
  X^(3):
     p=2 eps=-1 w=2 s=0 (4094 cells a=1..4096): v_p(u-1) min=-2 max=22
     p=2 eps=-1 w=2 s=1 (2047 cells a=1..2048): v_p(u-1) min=2 max=22
     p=2 eps=-1 w=2 s=2 (1024 cells a=1..1024): v_p(u-1) min=2 max=22
     p=2 eps=-1 w=2 s=3 (512 cells a=1..512): v_p(u-1) min=4 max=22
     p=2 eps=-1 w=2 s=4 (256 cells a=1..256): v_p(u-1) min=6 max=22
     p=2 eps=-1 w=2 s=5 (128 cells a=1..128): v_p(u-1) min=8 max=22
     p=2 eps=-1 w=2 s=6 (64 cells a=1..64): v_p(u-1) min=10 max=22
     p=3 eps=-1 w=4 s=0 (2728 cells a=1..2730): v_p(u-1) min=-4 max=15
     p=3 eps=-1 w=4 s=1 (910 cells a=1..910): v_p(u-1) min=1 max=15
     p=3 eps=-1 w=4 s=2 (303 cells a=1..303): v_p(u-1) min=3 max=14
     p=3 eps=-1 w=4 s=3 (101 cells a=1..101): v_p(u-1) min=5 max=14
     p=3 eps=-1 w=4 s=4 (33 cells a=1..33): v_p(u-1) min=7 max=14
     p=3 eps=-1 w=4 s=5 (11 cells a=1..11): v_p(u-1) min=9 max=13
     p=3 eps=-1 w=4 s=6 (3 cells a=1..3): v_p(u-1) min=11 max=13
     p=7 eps=-1 w=4 s=0 (1168 cells a=1..1170): v_p(u-1) min=-3 max=5
     p=7 eps=-1 w=4 s=1 (167 cells a=1..167): v_p(u-1) min=-2 max=5
     p=7 eps=-1 w=4 s=2 (23 cells a=1..23): v_p(u-1) min=0 max=5
     p=7 eps=-1 w=4 s=3 (3 cells a=1..3): v_p(u-1) min=4 max=5
     p=5 eps=1 w=4 s=0 (1636 cells a=1..1638): v_p(u-1) min=-9 max=4
     p=5 eps=1 w=4 s=1 (327 cells a=1..327): v_p(u-1) min=-5 max=2
     p=5 eps=1 w=4 s=2 (65 cells a=1..65): v_p(u-1) min=-2 max=1
     p=5 eps=1 w=4 s=3 (13 cells a=1..13): v_p(u-1) min=-2 max=0
     p=5 eps=1 w=4 s=4 (2 cells a=1..2): v_p(u-1) min=0 max=0
     p=13 eps=1 w=4 s=0 (628 cells a=1..630): v_p(u-1) min=-3 max=2
     p=13 eps=1 w=4 s=1 (48 cells a=1..48): v_p(u-1) min=-1 max=1
     p=13 eps=1 w=4 s=2 (3 cells a=1..3): v_p(u-1) min=-1 max=0
  X^(4):
     p=2 eps=-1 w=2 s=0 (4093 cells a=1..4096): v_p(u-1) min=2 max=22
     p=2 eps=-1 w=2 s=1 (2047 cells a=1..2048): v_p(u-1) min=2 max=22
     p=2 eps=-1 w=2 s=2 (1024 cells a=1..1024): v_p(u-1) min=2 max=22
     p=2 eps=-1 w=2 s=3 (512 cells a=1..512): v_p(u-1) min=4 max=22
     p=2 eps=-1 w=2 s=4 (256 cells a=1..256): v_p(u-1) min=6 max=22
     p=2 eps=-1 w=2 s=5 (128 cells a=1..128): v_p(u-1) min=8 max=22
     p=2 eps=-1 w=2 s=6 (64 cells a=1..64): v_p(u-1) min=10 max=22
     p=3 eps=-1 w=4 s=0 (2727 cells a=1..2730): v_p(u-1) min=-4 max=15
     p=3 eps=-1 w=4 s=1 (909 cells a=1..910): v_p(u-1) min=-1 max=15
     p=3 eps=-1 w=4 s=2 (303 cells a=1..303): v_p(u-1) min=3 max=12
     p=3 eps=-1 w=4 s=3 (101 cells a=1..101): v_p(u-1) min=4 max=12
     p=3 eps=-1 w=4 s=4 (33 cells a=1..33): v_p(u-1) min=7 max=12
     p=3 eps=-1 w=4 s=5 (11 cells a=1..11): v_p(u-1) min=8 max=12
     p=3 eps=-1 w=4 s=6 (3 cells a=1..3): v_p(u-1) min=11 max=12
     p=7 eps=-1 w=4 s=0 (1167 cells a=1..1170): v_p(u-1) min=-3 max=6
     p=7 eps=-1 w=4 s=1 (167 cells a=1..167): v_p(u-1) min=-2 max=5
     p=7 eps=-1 w=4 s=2 (23 cells a=1..23): v_p(u-1) min=0 max=5
     p=7 eps=-1 w=4 s=3 (3 cells a=1..3): v_p(u-1) min=3 max=4
     p=5 eps=1 w=4 s=0 (1635 cells a=1..1638): v_p(u-1) min=-4 max=3
     p=5 eps=1 w=4 s=1 (327 cells a=1..327): v_p(u-1) min=-3 max=2
     p=5 eps=1 w=4 s=2 (65 cells a=1..65): v_p(u-1) min=-2 max=2
     p=5 eps=1 w=4 s=3 (13 cells a=1..13): v_p(u-1) min=-2 max=2
     p=5 eps=1 w=4 s=4 (2 cells a=1..2): v_p(u-1) min=0 max=1
     p=13 eps=1 w=4 s=0 (627 cells a=1..630): v_p(u-1) min=-2 max=3
     p=13 eps=1 w=4 s=1 (48 cells a=1..48): v_p(u-1) min=-1 max=1
     p=13 eps=1 w=4 s=2 (3 cells a=1..3): v_p(u-1) min=0 max=0
