
================ HOST LEVEL 8  (t = eta-quotient, F8) ================
A: 1 + 4*q + 20*q^2 + 112*q^3 + 676*q^4 + 4304*q^5 + 28496*q^6 + 194240*q^7 + 1353508*q^8 + O(q^9)

--- E_8   = (1-8V2)E              P(0)=-7 P(1)=-3 P(2)=-1 P(3)=0
    predicted xi_inf = 0.45798279708860950752730175746619205539
    b_n/a_n at n=10,20,30,108: [0.45743773454574708605785387518422553042, 0.45798223710911256483775686158634976579, 0.45798279653273569774849839557196177407, 0.45798279708860950752730175746619017201]
    |c_n|^(1/n) for c=B-xi*A, n=40,60,80,108: [3.5611880542418503005062431556811879945, 3.6773905314181618477449482266605559295, 3.742226556073046462, 3.796963268965451323]
    |b_n|^(1/n)               n=40,60,80,108: [7.0739241822177811219393831914086193504, 7.3203865442962243926322608764363405340, 7.4578032074659631162410288167619254798, 7.5736626446495062719648788617352181109]
    v2(b_n)/n  n=40,60,80,108: [0.050000000000000000000000000000000000000, 0.10000000000000000000000000000000000000, 0.025000000000000000000000000000000000000, 0.055555555555555555555555555555555555556]

--- E_4   = (1-4V2)E              P(0)=-3 P(1)=-1 P(2)=0 P(3)=1/2
    predicted xi_inf = 0
    b_n/a_n at n=10,20,30,108: [0.82269151252528026482384611895325378017, 0.96801844432752042722211287038213362219, 1.0497524867453957900710677202568916435, 1.3039363613716577004523688593915154979]
    |c_n|^(1/n) for c=B-xi*A, n=40,60,80,108: [7.2317751585620429358626099833281603662, 7.4375843538151543243469618117253750456, 7.5515916276636020400199167608503754885, 7.6473933788963741109331931574076554390]
    |b_n|^(1/n)               n=40,60,80,108: [7.2317751585620429358626099833281603662, 7.4375843538151543243469618117253750456, 7.5515916276636020400199167608503754885, 7.6473933788963741109331931574076554390]
    v2(b_n)/n  n=40,60,80,108: [2.9250000000000000000000000000000000000, 2.9500000000000000000000000000000000000, 2.9625000000000000000000000000000000000, 2.9722222222222222222222222222222222222]

--- E_2   = (1-2V2)E              P(0)=-1 P(1)=0 P(2)=1/2 P(3)=3/4
    predicted xi_inf = -0.22899139854430475376365087873309602769
    b_n/a_n at n=10,20,30,108: [1.0053184015150468542068422408377679051, 1.2230365479367243584142908747800255504, 1.3456373318517258362323523825993565783, 1.7269131435131817969149024103541781608]
    |c_n|^(1/n) for c=B-xi*A, n=40,60,80,108: [7.3054537664032530563131322996363693933, 7.4880159129407480006730754883410511319, 7.5899626200871922872629684623092004951, 7.6761579998157938284202098225944270838]
    |b_n|^(1/n)               n=40,60,80,108: [7.2784080868786446717935583859103314698, 7.4708662953718370138870430159073520553, 7.5775583495733034916665464353255609079, 7.6673129683304984183011418090614903742]
    v2(b_n)/n  n=40,60,80,108: [0.025000000000000000000000000000000000000, 0.083333333333333333333333333333333333333, 0.012500000000000000000000000000000000000, 0.046296296296296296296296296296296296296]

--- E     = E                     P(0)=1 P(1)=1 P(2)=1 P(3)=1
    predicted xi_inf = -0.45798279708860950752730175746619205539
    b_n/a_n at n=10,20,30,108: [1.1879452905048134435898383627222820299, 1.4780546515459282896064688791779174786, 1.6415221769580558823936370449418215130, 2.1498899256547058933774359613168408237]
    |c_n|^(1/n) for c=B-xi*A, n=40,60,80,108: [7.3581843616896089852205489222499109496, 7.5240049212048222293045362906306834384, 7.6173054555992436055041925479067648320, 7.6966324145882047317939730884945826927]
    |b_n|^(1/n)               n=40,60,80,108: [7.3156846941834440360751076383947198952, 7.4971948535301071239924648541711891341, 7.5979713284373151335395811165565621761, 7.6828821214249978934629865930540550067]
    v2(b_n)/n  n=40,60,80,108: [0.050000000000000000000000000000000000000, 0.10000000000000000000000000000000000000, 0.025000000000000000000000000000000000000, 0.055555555555555555555555555555555555556]

--- Psi   = (1-8V2)(1-4V2)E       P(0)=21 P(1)=3 P(2)=0 P(3)=0
    predicted xi_inf = 0
    b_n/a_n at n=10,20,30,108: [0.15546953037134527985681648606423382767, 0.10323751929666022754923003614922152197, 0.083020365852822051242759339793560151529, 0.042925770733554822938604079360858343240]
    |c_n|^(1/n) for c=B-xi*A, n=40,60,80,108: [6.7527655604463246907620929967701298832, 7.0723925892889305345434757278641072497, 7.2541584355912136200764992552740307006, 7.4094543090663533466814170209257143766]
    |b_n|^(1/n)               n=40,60,80,108: [6.7527655604463246907620929967701298832, 7.0723925892889305345434757278641072497, 7.2541584355912136200764992552740307006, 7.4094543090663533466814170209257143766]
    v2(b_n)/n  n=40,60,80,108: [1.0000000000000000000000000000000000000, 1.0333333333333333333333333333333333333, 1.0000000000000000000000000000000000000, 1.0185185185185185185185185185185185185]

--- E_8'  = V2(1-8V2)E            P(0)=-7 P(1)=-3/2 P(2)=-1/4 P(3)=0
    predicted xi_inf = 0.11449569927215237688182543936654801385
    b_n/a_n at n=10,20,30,108: [0.075492051043600451550259347279997925686, 0.088686179453113084322131706359282060954, 0.093740607669978411626434763944600405636, 0.10376425658876367114717441952633295719]
    |c_n|^(1/n) for c=B-xi*A, n=40,60,80,108: [6.5227415755489000688948467508732616739, 6.9108589193041663785300436697357530082, 7.1295363356098386339891604771732668572, 7.3149539209392952170468602436955002096]
    |b_n|^(1/n)               n=40,60,80,108: [6.8040692731008710581669280337748375616, 7.1370886426633368950004931445118507622, 7.3190990762954231125233988622105552313, 7.4702575157591854793421881825047144030]
    v2(b_n)/n  n=40,60,80,108: [0, 0.066666666666666666666666666666666666667, 0, 0.037037037037037037037037037037037037037]

--- A0    = (1-2V2)E   (notes)    P(0)=-1 P(1)=0 P(2)=1/2 P(3)=3/4
    predicted xi_inf = -0.22899139854430475376365087873309602769
    b_n/a_n at n=10,20,30,108: [1.0053184015150468542068422408377679051, 1.2230365479367243584142908747800255504, 1.3456373318517258362323523825993565783, 1.7269131435131817969149024103541781608]
    |c_n|^(1/n) for c=B-xi*A, n=40,60,80,108: [7.3054537664032530563131322996363693933, 7.4880159129407480006730754883410511319, 7.5899626200871922872629684623092004951, 7.6761579998157938284202098225944270838]
    |b_n|^(1/n)               n=40,60,80,108: [7.2784080868786446717935583859103314698, 7.4708662953718370138870430159073520553, 7.5775583495733034916665464353255609079, 7.6673129683304984183011418090614903742]
    v2(b_n)/n  n=40,60,80,108: [0.025000000000000000000000000000000000000, 0.083333333333333333333333333333333333333, 0.012500000000000000000000000000000000000, 0.046296296296296296296296296296296296296]

--- T     = T                     P(0)=1 P(1)=1 P(2)=1 P(3)=1
    predicted xi_inf = 0.82246703342411321823620758332301259461
    b_n/a_n at n=10,20,30,108: [0.70022346311989662797929248186157373394, 0.72612933365024087275994362394178709229, 0.73721097525811820441389306667788857045, 0.76253626102915772030201586594413704043]
    |c_n|^(1/n) for c=B-xi*A, n=40,60,80,108: [6.7686508223197356462047733944986016480, 7.0948339024224459748492001268935570481, 7.2777398394981586792529309995011129631, 7.4323847769675815452295935076422466389]
    |b_n|^(1/n)               n=40,60,80,108: [7.1602624701707642673112052816691986628, 7.3812107766157693989362351201682200034, 7.5048782871770678935810259676446268499, 7.6094989473722173203703706777005064346]
    v2(b_n)/n  n=40,60,80,108: [-0.20000000000000000000000000000000000000, -0.066666666666666666666666666666666666667, -0.12500000000000000000000000000000000000, -0.055555555555555555555555555555555555556]

--- T4    = (1-4V2)T              P(0)=-3 P(1)=-1 P(2)=0 P(3)=1/2
    predicted xi_inf = 0
    b_n/a_n at n=10,20,30,108: [0.36062582355166350606343145005297717366, 0.28900592774914883487843706756538305884, 0.25576816683665158399726466422555231521, 0.17979231718486649380257515213659472456]
    |c_n|^(1/n) for c=B-xi*A, n=40,60,80,108: [6.9571303729339724971601999494927309481, 7.2259383763016186515419917849567293079, 7.3783719109789913170521109289673308098, 7.5083753377367463179701177974416002081]
    |b_n|^(1/n)               n=40,60,80,108: [6.9571303729339724971601999494927309481, 7.2259383763016186515419917849567293079, 7.3783719109789913170521109289673308098, 7.5083753377367463179701177974416002081]
    v2(b_n)/n  n=40,60,80,108: [-0.20000000000000000000000000000000000000, -0.066666666666666666666666666666666666667, -0.12500000000000000000000000000000000000, -0.055555555555555555555555555555555555556]

--- Bout  = (1-5V2+4V4)T          P(0)=0 P(1)=-1/2 P(2)=0 P(3)=7/16
    predicted xi_inf = 0
    b_n/a_n at n=10,20,30,108: [0.28363505324447929809334491323990497168, 0.19903534559854312392762122010524617313, 0.16217713193271710239822815779865683036, 0.085315590306796048334664591236814431554]
    |c_n|^(1/n) for c=B-xi*A, n=40,60,80,108: [6.8678180530297539047968477249997864634, 7.1532091685395134969168146308190090196, 7.3165066725826179526744778193065991161, 7.4567289459960464171152987725534691863]
    |b_n|^(1/n)               n=40,60,80,108: [6.8678180530297539047968477249997864634, 7.1532091685395134969168146308190090196, 7.3165066725826179526744778193065991161, 7.4567289459960464171152987725534691863]
    v2(b_n)/n  n=40,60,80,108: [1.1000000000000000000000000000000000000, 0.96666666666666666666666666666666666667, 1.0250000000000000000000000000000000000, 1.0000000000000000000000000000000000000]

--- T2    = (1-2V2)T              P(0)=-1 P(1)=0 P(2)=1/2 P(3)=3/4
    predicted xi_inf = 0.41123351671205660911810379166150629731
    b_n/a_n at n=10,20,30,108: [0.53042464333578006702136196595727545380, 0.50756763069969485381919034575358507556, 0.49648957104738489420557886545172044283, 0.47116428910701210705229550904036588250]
    |c_n|^(1/n) for c=B-xi*A, n=40,60,80,108: [6.7686508223111836916278026792212056145, 7.0948339024224459679687630646623124650, 7.2777398394981586792529252685523763782, 7.4323847769675815452295935076422283017]
    |b_n|^(1/n)               n=40,60,80,108: [7.0857651960322568832495334015038204301, 7.3264409119567776541885176383448955014, 7.4614113375234695014840933930196086081, 7.5756527610990844916051881583503660181]
    v2(b_n)/n  n=40,60,80,108: [-0.20000000000000000000000000000000000000, -0.066666666666666666666666666666666666667, -0.12500000000000000000000000000000000000, -0.055555555555555555555555555555555555556]

================ HOST LEVEL 16 (x = eta-quotient, F16) ================
A: 1 - 4*q^2 + 16*q^3 - 44*q^4 + 96*q^5 - 176*q^6 + 320*q^7 - 860*q^8 + O(q^9)

--- E_8   = (1-8V2)E              P(0)=-7 P(1)=-3 P(2)=-1 P(3)=0
    predicted xi_inf = 0.45798279708860950752730175746619205539
    b_n/a_n at n=10,20,30,108: [-1.2462210021557747786502954164874238370, -1.9997532473522860076148208541690297903, -2.3858577795414055490902978830123002321, -3.4207147081681220866862413375370429115]
    |c_n|^(1/n) for c=B-xi*A, n=40,60,80,108: [3.4440308173197292987682075720569240212, 3.5771222300065037772841511962837078860, 3.6548946069115249162197600242769715072, 3.7227475760870781961914666321813191545]
    |b_n|^(1/n)               n=40,60,80,108: [3.4301960993003858664191125197452501454, 3.5685291354882760868682541962177474795, 3.6487548273406454896088133242924630315, 3.7184189571772129470398544423006927505]
    v2(b_n)/n  n=40,60,80,108: [0.050000000000000000000000000000000000000, 0.10000000000000000000000000000000000000, 0.025000000000000000000000000000000000000, 0.055555555555555555555555555555555555556]

--- E_4   = (1-4V2)E              P(0)=-3 P(1)=-1 P(2)=0 P(3)=1/2
    predicted xi_inf = 0
    b_n/a_n at n=10,20,30,108: [-0.76613406634536629943152680865129188510, -1.2288543740147719774635299197114851520, -1.4221932002318777701675236789657572324, -1.9393487526283657969498611035290006827]
    |c_n|^(1/n) for c=B-xi*A, n=40,60,80,108: [3.3848644296777105918114449734852952601, 3.5360354768772839844283998814802265119, 3.6233641508045112603316840155706395776, 3.6989313807828576074293915283296351858]
    |b_n|^(1/n)               n=40,60,80,108: [3.3848644296777105918114449734852952601, 3.5360354768772839844283998814802265119, 3.6233641508045112603316840155706395776, 3.6989313807828576074293915283296351858]
    v2(b_n)/n  n=40,60,80,108: [1.9250000000000000000000000000000000000, 1.9500000000000000000000000000000000000, 1.9625000000000000000000000000000000000, 1.9722222222222222222222222222222222222]

--- E_2   = (1-2V2)E              P(0)=-1 P(1)=0 P(2)=1/2 P(3)=3/4
    predicted xi_inf = -0.22899139854430475376365087873309602769
    b_n/a_n at n=10,20,30,108: [-0.52609059844016205982214250473322590916, -0.84340493734601496238788445248271283281, -0.94036091057711388070613657694248573254, -1.1986657748584876520816709865249795684]
    |c_n|^(1/n) for c=B-xi*A, n=40,60,80,108: [3.3267144855394227685115039454791364811, 3.4954206453581134182450837570037106610, 3.5921057051845952677358888602378004022, 3.6752675490614950768539304652688646669]
    |b_n|^(1/n)               n=40,60,80,108: [3.3484403609860612751890550710087108522, 3.5093155592774109379138418769291991368, 3.6022003278695920923984386044851071951, 3.6824891864194646487572937130092083877]
    v2(b_n)/n  n=40,60,80,108: [0.025000000000000000000000000000000000000, 0.083333333333333333333333333333333333333, 0.012500000000000000000000000000000000000, 0.046296296296296296296296296296296296296]

--- E     = E                     P(0)=1 P(1)=1 P(2)=1 P(3)=1
    predicted xi_inf = -0.45798279708860950752730175746619205539
    b_n/a_n at n=10,20,30,108: [-0.28604713053495782021275820081515993321, -0.45795550067725794731223898525394051366, -0.45852862092234999124474947491921423267, -0.45798279708860950721348086952095845402]
    |c_n|^(1/n) for c=B-xi*A, n=40,60,80,108: [2.1315287255575809435161975301565974678, 2.2954423470944774107898608998928177970, 2.3925348438426497335890540673039040240, 2.4779114022916702278796919330606224666]
    |b_n|^(1/n)               n=40,60,80,108: [3.2837919897915075943013103822617957510, 3.4594411477309617517276636733216187203, 3.5614186091960002574177077163365563268, 3.6498289241006469519692222126383941494]
    v2(b_n)/n  n=40,60,80,108: [0.050000000000000000000000000000000000000, 0.10000000000000000000000000000000000000, 0.025000000000000000000000000000000000000, 0.055555555555555555555555555555555555556]

--- Psi   = (1-8V2)(1-4V2)E       P(0)=21 P(1)=3 P(2)=0 P(3)=0
    predicted xi_inf = 0
    b_n/a_n at n=10,20,30,108: [-1.6100164052759367412559879257169105584, -2.4247263876654285050988390135945679525, -2.8441179095507280876435535044787828138, -3.8786975052567169013478482821655139090]
    |c_n|^(1/n) for c=B-xi*A, n=40,60,80,108: [3.4440329841858554016782767457258858021, 3.5771222278506000384740821088641660272, 3.6548946069136499406529535260251531387, 3.7227475760870780656163471231418661216]
    |b_n|^(1/n)               n=40,60,80,108: [3.4440329841858554016782767457258858021, 3.5771222278506000384740821088641660272, 3.6548946069136499406529535260251531387, 3.7227475760870780656163471231418661216]
    v2(b_n)/n  n=40,60,80,108: [1.4500000000000000000000000000000000000, 1.4666666666666666666666666666666666667, 1.4750000000000000000000000000000000000, 1.4814814814814814814814814814814814815]

--- E_8'  = V2(1-8V2)E            P(0)=-7 P(1)=-3/2 P(2)=-1/4 P(3)=0
    predicted xi_inf = 0.11449569927215237688182543936654801385
    b_n/a_n at n=10,20,30,108: [0.090948850780040490651423127307371680362, 0.10624328507828562437100453985638454055, 0.11456503250233063463831390536662064542, 0.11449569927214870366540173615711774938]
    |c_n|^(1/n) for c=B-xi*A, n=40,60,80,108: [2.5529146078363567397736503896247790130, 2.6270614254363937885451335166885979001, 2.6680492768678826628025443767526849449, 2.7024384873447387472308866751325722803]
    |b_n|^(1/n)               n=40,60,80,108: [3.1719473959256159175374427255877648392, 3.3804273875567443679674249644875883813, 3.5002355691763787447856316868929704718, 3.6032789036082008184991854338276357608]
    v2(b_n)/n  n=40,60,80,108: [0, 0.066666666666666666666666666666666666667, 0, 0.037037037037037037037037037037037037037]

--- A0    = (1-2V2)E   (notes)    P(0)=-1 P(1)=0 P(2)=1/2 P(3)=3/4
    predicted xi_inf = -0.22899139854430475376365087873309602769
    b_n/a_n at n=10,20,30,108: [-0.52609059844016205982214250473322590916, -0.84340493734601496238788445248271283281, -0.94036091057711388070613657694248573254, -1.1986657748584876520816709865249795684]
    |c_n|^(1/n) for c=B-xi*A, n=40,60,80,108: [3.3267144855394227685115039454791364811, 3.4954206453581134182450837570037106610, 3.5921057051845952677358888602378004022, 3.6752675490614950768539304652688646669]
    |b_n|^(1/n)               n=40,60,80,108: [3.3484403609860612751890550710087108522, 3.5093155592774109379138418769291991368, 3.6022003278695920923984386044851071951, 3.6824891864194646487572937130092083877]
    v2(b_n)/n  n=40,60,80,108: [0.025000000000000000000000000000000000000, 0.083333333333333333333333333333333333333, 0.012500000000000000000000000000000000000, 0.046296296296296296296296296296296296296]

--- T     = T                     P(0)=1 P(1)=1 P(2)=1 P(3)=1
    predicted xi_inf = 0.82246703342411321823620758332301259461
    b_n/a_n at n=10,20,30,108: [-0.034593928027624054266222387490187214579, -0.45035313336293489137079818377608138370, -0.44726493855245502247357971487462839733, -0.43418623199232345985317786717213064054]
    |c_n|^(1/n) for c=B-xi*A, n=40,60,80,108: [3.3682627571661636553896756258900840640, 3.5183407004812959224247644389369453694, 3.6067159881026789430647119483572160998, 3.6841003879261511987036417061507380816]
    |b_n|^(1/n)               n=40,60,80,108: [3.2809606534392493055913538843105308129, 3.4569592989070823899580060326081496356, 3.5592652611418334505415110236707504347, 3.6480261487013182313631026926679735442]
    v2(b_n)/n  n=40,60,80,108: [-0.20000000000000000000000000000000000000, -0.066666666666666666666666666666666666667, -0.12500000000000000000000000000000000000, -0.055555555555555555555555555555555555556]

--- T4    = (1-4V2)T              P(0)=-3 P(1)=-1 P(2)=0 P(3)=1/2
    predicted xi_inf = 0
    b_n/a_n at n=10,20,30,108: [-0.64622523980564001234648914942897487684, -1.0943797179401423186224526348750727770, -1.1325809362166300847599586190927645438, -1.1648424042953619867204973128720382855]
    |c_n|^(1/n) for c=B-xi*A, n=40,60,80,108: [3.3595254870122489846819903151933059413, 3.5130039908325642370586197634634085351, 3.6029679677971503090053533540870416602, 3.6815133442198730393100738048441255337]
    |b_n|^(1/n)               n=40,60,80,108: [3.3595254870122489846819903151933059413, 3.5130039908325642370586197634634085351, 3.6029679677971503090053533540870416602, 3.6815133442198730393100738048441255337]
    v2(b_n)/n  n=40,60,80,108: [-0.20000000000000000000000000000000000000, -0.066666666666666666666666666666666666667, -0.12500000000000000000000000000000000000, -0.055555555555555555555555555555555555556]

--- Bout  = (1-5V2+4V4)T          P(0)=0 P(1)=-1/2 P(2)=0 P(3)=7/16
    predicted xi_inf = 0
    b_n/a_n at n=10,20,30,108: [-0.78283818564939373391371553980649065629, -1.2056940271664911481076946093508090225, -1.2354429158285100600102000675275317466, -1.2337005501361606774637702798113001056]
    |c_n|^(1/n) for c=B-xi*A, n=40,60,80,108: [3.3661631167198983771628355693159445426, 3.5170506504476830451396627748248042672, 3.6058074448150948456804329831898609022, 3.6834716264185592252745147963146506440]
    |b_n|^(1/n)               n=40,60,80,108: [3.3661631167198983771628355693159445426, 3.5170506504476830451396627748248042672, 3.6058074448150948456804329831898609022, 3.6834716264185592252745147963146506440]
    v2(b_n)/n  n=40,60,80,108: [1.0000000000000000000000000000000000000, 0.98333333333333333333333333333333333333, 1.0125000000000000000000000000000000000, 0.99074074074074074074074074074074074074]

--- T2    = (1-2V2)T              P(0)=-1 P(1)=0 P(2)=1/2 P(3)=3/4
    predicted xi_inf = 0.41123351671205660911810379166150629731
    b_n/a_n at n=10,20,30,108: [-0.34040958391663203330635576845958104571, -0.77236642565153860499662540932557708037, -0.78992293738454255361676916698369647058, -0.79951431814384272328683759002208446303]
    |c_n|^(1/n) for c=B-xi*A, n=40,60,80,108: [3.3640047058163777482763200101029424776, 3.5157320700909507959451388195739229856, 3.6048804486774539458400145880126077037, 3.6828311667710276908317149170371827668]
    |b_n|^(1/n)               n=40,60,80,108: [3.3289905845841490405822100381990467581, 3.4913878397123836002832382706112513535, 3.5861877284933060124934971575563941626, 3.6687070735691006418029177339727857865]
    v2(b_n)/n  n=40,60,80,108: [-0.20000000000000000000000000000000000000, -0.066666666666666666666666666666666666667, -0.12500000000000000000000000000000000000, -0.055555555555555555555555555555555555556]
