A(x) = 1 - 4*q^2 + 16*q^3 - 44*q^4 + 96*q^5 - 176*q^6 + 320*q^7 - 860*q^8 + 3520*q^9 + O(q^10)
|a_n|^1/n n=60,100,168: [3.5047614291361430934474812847902322086, 3.6572339450581386250980933728616040703, 3.7688435761212885591717919979091223211]
v2(a_n) n=60,100: [8, 6]

--- E                 
   xi(pred)=-0.45798279708860950752730175746619205539
   b_n/a_n  n=30,60,168: [-0.45852862092234999124474947491921423267, -0.45798279707922361183627046347166296180, -0.45798279708860950752730175765481193098]
   |b_n|^1/n  n=60,100,168: [3.4594411477309617517276636733216187203, 3.6287849669849538918472407621263893321, 3.7513653069417030116492934824111193329]
   |c_n|^1/n  n=60,100,168: [2.2954423470944774107898608998928177970, 2.4574860197383249820877292117370866269, 2.577400138409285681]
   v2(b_n)    n=60,100,168: [6, 4, 4]
   v2(b_n)/n  n=60,100,168: [0.10000000000000000000000000000000000000, 0.040000000000000000000000000000000000000, 0.023809523809523809523809523809523809524]

--- V2 E              
   xi(pred)=-0.11449569927215237688182543936654801385
   b_n/a_n  n=30,60,168: [0.24091614482738194473069355101163574993, 0.31152351381926550991057496481162302629, 0.41421074152293395583977843109775094967]
   |b_n|^1/n  n=60,100,168: [3.4372936932155176164052037793505738193, 3.6203280141284534564860648056849030093, 3.7491228231069726402477258857897455165]
   |c_n|^1/n  n=60,100,168: [3.4552723149680978490880084022454095345, 3.6302746393228620914550978851648976231, 3.7545732404020949537155472979550797281]
   v2(b_n)    n=60,100,168: [4, 2, 2]
   v2(b_n)/n  n=60,100,168: [0.066666666666666666666666666666666666667, 0.020000000000000000000000000000000000000, 0.011904761904761904761904761904761904762]

--- V4 E              
   xi(pred)=-0.028623924818038094220456359841637003462
   b_n/a_n  n=30,60,168: [0.015793889040631413761547455705626888064, 0.024628480669766054075709565951032304880, 0.037464380281347697369743409754307513812]
   |b_n|^1/n  n=60,100,168: [3.2949519650708861151421757932862642116, 3.5323969539188964107702434069533521080, 3.6958790218030347389816035908254891740]
   |c_n|^1/n  n=60,100,168: [3.3375730593789955168904345600238172620, 3.5555646675678752060820398424308162095, 3.7083869566812750417509126020246868348]
   v2(b_n)    n=60,100,168: [2, 0, 0]
   v2(b_n)/n  n=60,100,168: [0.033333333333333333333333333333333333333, 0, 0]

--- Phi_2 = V2E-8V4E  
   xi(pred)=0.11449569927215237688182543936654801385
   b_n/a_n  n=30,60,168: [0.11456503250233063463831390536662064542, 0.11449566846113707730489843720336458725, 0.11449569927215237688183115306329083918]
   |b_n|^1/n  n=60,100,168: [3.3804273875567443679674249644875883813, 3.5788264120143993652027003881343790892, 3.7205373375144629240799045920848306275]
   |c_n|^1/n  n=60,100,168: [2.6270614254363937885451335166885979001, 2.6943471042256740920288165857045728329, 2.740668001482201124]
   v2(b_n)    n=60,100,168: [4, 2, 2]
   v2(b_n)/n  n=60,100,168: [0.066666666666666666666666666666666666667, 0.020000000000000000000000000000000000000, 0.011904761904761904761904761904761904762]

--- Phi_0 = E+4V2E-32V4E
   xi(pred)=0
   b_n/a_n  n=30,60,168: [-0.00026849091302745269149385345273165098766, -1.2323467530261667671465820461278254948 E-7, 2.2854598351425718514845469803729151138 E-23]
   |b_n|^1/n  n=60,100,168: [2.6884626629113031286255984089642100098, 2.7319580992512784940005932010375128339, 2.7633767439645040921879909638132743746]
   |c_n|^1/n  n=60,100,168: [2.6884626629113031286255984089642100098, 2.7319580992512784940005932010375128339, 2.7633767439645040921879909638132743746]
   v2(b_n)    n=60,100,168: [88, 148, 250]
   v2(b_n)/n  n=60,100,168: [1.4666666666666666666666666666666666667, 1.4800000000000000000000000000000000000, 1.4880952380952380952380952380952380952]

--- E-8V2E (level 8)  
   xi(pred)=0.45798279708860950752730175746619205539
   b_n/a_n  n=30,60,168: [-2.3858577795414055490902978830123002321, -2.9501709076333476911208701819646471721, -3.7716687292720811542455292064368195283]
   |b_n|^1/n  n=60,100,168: [3.5685291354882760868682541962177474795, 3.7018203562238527339391880947964063855, 3.7987425374543380590254964912458780824]
   |c_n|^1/n  n=60,100,168: [3.5771222300065037772841511962837078860, 3.7065544263959497047448208651066742883, 3.8013347534150190268435763018932378792]
   v2(b_n)    n=60,100,168: [6, 4, 4]
   v2(b_n)/n  n=60,100,168: [0.10000000000000000000000000000000000000, 0.040000000000000000000000000000000000000, 0.023809523809523809523809523809523809524]

--- random 3E+5(V2E-8V4E)
   xi(pred)=-0.80146989490506663817277807556583609693
   b_n/a_n  n=30,60,168: [-0.80276070025539680054267889792453947091, -0.80147004893198544898431920439816594913, -0.80146989490506663817274950764798159707]
   |b_n|^1/n  n=60,100,168: [3.4918580637432291362860337749490819538, 3.6491491480111293541822528847661736185, 3.7638821141390312661676427291054873030]
   |c_n|^1/n  n=60,100,168: [2.6984750345491485083246602136768135779, 2.7380601275858907644174672161107328399, 2.767049407208358881]
   v2(b_n)    n=60,100,168: [4, 2, 2]
   v2(b_n)/n  n=60,100,168: [0.066666666666666666666666666666666666667, 0.020000000000000000000000000000000000000, 0.011904761904761904761904761904761904762]

--- generic 1+V2+V4   
   xi(pred)=-0.60110242117879997862958355667437707270
   b_n/a_n  n=30,60,168: [-0.20181858705433663275250846820195159468, -0.12183080259019204784998593270900763063, -0.0063076752843278543177799168027534675002]
   |b_n|^1/n  n=60,100,168: [3.3839277282714406972698013194348812122, 3.5582286150386152732989410544601932823, 3.6568916831026465021545141290873404498]
   |c_n|^1/n  n=60,100,168: [3.4620618517254797197566753400209142905, 3.6345530060962426789980638435691828503, 3.7572064552220126227180310291678207239]
   v2(b_n)    n=60,100,168: [2, 0, 0]
   v2(b_n)/n  n=60,100,168: [0.033333333333333333333333333333333333333, 0, 0]

=========== OUTER classes (period P(2)*zeta(2)/2) ===========

--- T                 
   xi(pred)=0.82246703342411321823620758332301259461
   b_n/a_n  n=30,60,168: [-0.44726493855245502247357971487462839733, -0.43868051032914880118061048939661197768, -0.43142598980008790266464069690289589947]
   |b_n|^1/n  n=60,100,168: [3.4569592989070823899580060326081496356, 3.6268935661523051679284146701690392922, 3.7500316736592534865786228019884518484]
   |c_n|^1/n  n=60,100,168: [3.5183407004812959224247644389369453694, 3.6656140089056088667623996864011991267, 3.7739226660446592398070849608598259700]
   v2(b_n)    n=60,100,168: [-4, -8, -10]
   v2(b_n)/n  n=60,100,168: [-0.066666666666666666666666666666666666667, -0.080000000000000000000000000000000000000, -0.059523809523809523809523809523809523810]

--- V2T               
   xi(pred)=0.20561675835602830455905189583075314865
   b_n/a_n  n=30,60,168: [0.17132899941604376557159472605453403662, 0.17816974794644689380338183716466585439, 0.18542428526799701101251764397608287688]
   |b_n|^1/n  n=60,100,168: [3.4054331559840871353270275941510920903, 3.5954779395666879132887552749915035361, 3.7312294927501732453726123065451366084]
   |c_n|^1/n  n=60,100,168: [3.3009076799440370146013304652153947071, 3.5225763780299240742466814878946833853, 3.6823066733331165266620308303400026604]
   v2(b_n)    n=60,100,168: [-4, -8, -10]
   v2(b_n)/n  n=60,100,168: [-0.066666666666666666666666666666666666667, -0.080000000000000000000000000000000000000, -0.059523809523809523809523809523809523810]

--- V4T               
   xi(pred)=0.051404189589007076139762973957688287163
   b_n/a_n  n=30,60,168: [0.017116754951040947580338319404941708455, 0.023957196126492824391571498238661845899, 0.031211716500975782593226059255432861666]
   |b_n|^1/n  n=60,100,168: [3.2934347265824418772306537083821198316, 3.5286774572673234732806832544355740504, 3.6918641999947527252822076537246200786]
   |c_n|^1/n  n=60,100,168: [3.3009076459751151506862182147209945716, 3.5225763780298833946627945830704342188, 3.6823066733331165266620337208033705052]
   v2(b_n)    n=60,100,168: [-4, -8, -10]
   v2(b_n)/n  n=60,100,168: [-0.066666666666666666666666666666666666667, -0.080000000000000000000000000000000000000, -0.059523809523809523809523809523809523810]

--- T-V2T             
   xi(pred)=0.61685027506808491367715568749225944596
   b_n/a_n  n=30,60,168: [-0.61859393796849878804517444092916243396, -0.61685025827559569498399232656127783207, -0.61685027506808491367715834087897877634]
   |b_n|^1/n  n=60,100,168: [3.4766538806539684981855886205702618120, 3.6396074028303963594684346640890680810, 3.7580208273296923309803469625334310028]
   |c_n|^1/n  n=60,100,168: [3.5170506536685454629173949639448550070, 3.6649228743075883203652853986672625602, 3.7735579857040731126359601689992416942]
   v2(b_n)    n=60,100,168: [90, 150, 253]
   v2(b_n)/n  n=60,100,168: [1.5000000000000000000000000000000000000, 1.5000000000000000000000000000000000000, 1.5059523809523809523809523809523809524]

--- V2T-8V4T          
   xi(pred)=-0.20561675835602830455905189583075314865
   b_n/a_n  n=30,60,168: [0.034394959807716184928888170815000368982, -0.013487821065495701329190148744628912805, -0.064269446739809249733290830067380016453]
   |b_n|^1/n  n=60,100,168: [3.2620515803607973098797629323889656616, 3.5424597255923265541462726227842438257, 3.7077709862123217190255260934411567984]
   |c_n|^1/n  n=60,100,168: [3.4097170429213264356993020491774945931, 3.5917938197668679706499100072794015224, 3.7252060574111726530688973443513793126]
   v2(b_n)    n=60,100,168: [-4, -8, -10]
   v2(b_n)/n  n=60,100,168: [-0.066666666666666666666666666666666666667, -0.080000000000000000000000000000000000000, -0.059523809523809523809523809523809523810]

--- T-5V2T+4V4T       
   xi(pred)=0
   b_n/a_n  n=30,60,168: [-1.2354429158285100600102000675275317466, -1.2337004655554119726312336822652938660, -1.2337005501361698273543246797615788372]
   |b_n|^1/n  n=60,100,168: [3.5170506504476830451396627748248042672, 3.6649228743075850978217489149764222123, 3.7735579857040731126359603629262458059]
   |c_n|^1/n  n=60,100,168: [3.5170506504476830451396627748248042672, 3.6649228743075850978217489149764222123, 3.7735579857040731126359603629262458059]
   v2(b_n)    n=60,100,168: [59, 99, 168]
   v2(b_n)/n  n=60,100,168: [0.98333333333333333333333333333333333333, 0.99000000000000000000000000000000000000, 1.0000000000000000000000000000000000000]

=========== denominators of Phi_0 companion ===========
   k=0: d_n^k B0 integral? 0 first failure n=3
   k=1: d_n^k B0 integral? 0 first failure n=3
   k=2: d_n^k B0 integral? 1 first failure n=0
   k=3: d_n^k B0 integral? 1 first failure n=0
   B0 first coeffs: q - 64/9*q^3 + 80/3*q^4 - 12416/225*q^5 + 1792/45*q^6 + 2103296/11025*q^7 - 160768/175*q^8 + 201539584/99225*q^9 + O(q^10)
