=== fold-regularity test: ell = 8*c2+c4 ===
  (c1,c2,c4)=[1, 1, -8]  ell=0  b/a(n=128)=-0.34348709781645712627330118464355585446 pred -0.34348709781645713064547631809964404154  |c_n|^1/n=2.7187013772328170220629805816855293737
  (c1,c2,c4)=[1, -1, 8]  ell=0  b/a(n=128)=-0.57247849636076188878182038937591335591 pred -0.57247849636076188440912719683274006923  |c_n|^1/n=2.7187038937955215571236314992524587245
  (c1,c2,c4)=[2, 3, -24]  ell=0  b/a(n=128)=-0.57247849636076187129234276692093295819 pred -0.57247849636076188440912719683274006923  |c_n|^1/n=2.7421365909391030325629174622497981899
  (c1,c2,c4)=[1, 0, 0]  ell=0  b/a(n=128)=-0.45798279708860950752756078700973460518 pred -0.45798279708860950752730175746619205539  |c_n|^1/n=2.519621752158809784
  (c1,c2,c4)=[0, 1, -8]  ell=0  b/a(n=128)=0.11449569927215238125425960236617875073 pred 0.11449569927215237688182543936654801385  |c_n|^1/n=2.7187026355511493433075594974737842795
  (c1,c2,c4)=[1, 4, -32]  ell=0  b/a(n=128)=1.7489477622454980397719310923439256503 E-17 pred 0  |c_n|^1/n=2.7483070482410572150080302904569933808
  (c1,c2,c4)=[1, 1, 1]  ell=9  b/a(n=128)=-0.036653109992584371442859949467067312368 pred -0.60110242117879997862958355667437707270  |c_n|^1/n=3.6986277818474616096787197924701216211
  (c1,c2,c4)=[1, 0, -8]  ell=-8  b/a(n=128)=-0.73072411959871862293239744049994664260 pred -0.22899139854430475376365087873309602769  |c_n|^1/n=3.6952259440522026512854864073447797522

=== 2-adic slopes in x ===
  B0 : v2/n at n=60,100,128: [1.4666666666666666666666666666666666667, 1.4800000000000000000000000000000000000, 1.4843750000000000000000000000000000000]
  Li2(-4x): v2/n at n=60,100: [1.9333333333333333333333333333333333333, 1.9600000000000000000000000000000000000]

=== descend to y ===
   Sym+ B0 first odd nonzero v-coeff: -1
   Sym+ B0: in y, v2(d_k)/k at k=20,40,63: [0.95000000000000000000000000000000000000, 0.97500000000000000000000000000000000000, 1.0793650793650793650793650793650793651]
        |d_k|^{1/k} at k=20,40,63: [1.8013674037235953537802888381643064468, 1.8717007896916747764084402002060539137, 1.9061425832188672691857845796530620740]
   Sym+ Li2(-4x) first odd nonzero v-coeff: -1
   Sym+ Li2(-4x): in y, v2(d_k)/k at k=20,40,63: [1.7000000000000000000000000000000000000, 1.8000000000000000000000000000000000000, 1.9047619047619047619047619047619047619]
        |d_k|^{1/k} at k=20,40,63: [0.82221841635188439012069664941412479353, 0.88342778056592324169657686533496570512, 0.91436137030565285354603523157417438187]
   Sym+ Li1(-4x) first odd nonzero v-coeff: -1
[0;31m[0;31m  ***   at top-level: [0;35mNTERM=130;[0;35mread("04_symmetrise.gp")
[0;31m[0;31m  ***                           ^------------------------
[0;31m  ***   in function read: ...[0;35muation(polcoeff(YP,20),2)[0;35m/20.,valuation(polcoe
[0;31m[0;31m  ***                                                 ^---------------------
  *** _/_: forbidden multiplication t_REAL * t_INFINITY.[0m
... skipping file '04run.gp'
