[0, 1, 3, 1, 2]   [11, 4, 37, 3, 3]          k=2 score=-3.6479  I1=1331/27      I2=121/37     lam=[5-1.4142i, 5+1.4142i, 1]
    u = [1, 4, 16, 64, 250, 928, 3136, 8704]   xi = None
[0, 1, 3, 1, 2]   [3, 0, -216, -24, 108]     k=2 score=-4.1972  I1=1/36         I2=-1/24      lam=[18, -9, -6]
    u = [1, 0, 60, 360, 8190, 98280, 1676220, 24864840]   xi = 0.1420619952303578456598418230958734242302113345059865604719523331237139
[0, 1, 3, 1, 2]   [33, 12, 324, 36, 108]     k=2 score=-4.1972  I1=1331/36      I2=121/36     lam=[18, 9, 6]
    u = [1, 12, 144, 1824, 24480, 345600, 5082624, 77165568]   xi = 0.2132403363839455550209754965958326858579050129836596836753113825084857
[-1, 2, 4, -1, -1][16, 10, 64, 20, 4]        k=2 score=-3.3863  I1=64           I2=4          lam=[10.472, 4, 1.5279]
    u = [1, 10, 88, 780, 7106, 66404, 632900, 6121632]   xi = 0.1716333853956946972458449706090577268579602222702063185374857140191848
[-1, 3, 1, 0, 0]  [42, 22, 480, 64, -64]     k=2 score=-5.0926  I1=-9261/8      I2=147/40     lam=[21.066-6.4638i, 21.066+6.4638i, -0.13181]
    u = [1, 22, 444, 8456, 151100, 2477928, 35333296, 367149472]   xi = None
[0, 1, 3, -1, 4]  [22, 6, -72, 12, 36]       k=1 score=-2.2741  I1=2662/81      I2=-121/18    lam=[25.345, -1.6726+3.1601i, -1.6726-3.1601i]
    u = [1, 6, 90, 1620, 31590, 650916, 13896036, 304187400]   xi = 0.137978162639427043860056810314396596824530557052590204554558186675179
[0, 1, 3, -1, 4]  [3, 0, -216, 48, 108]      k=2 score=-4.1972  I1=1/36         I2=-1/24      lam=[18, -9, -6]
    u = [1, 0, 42, 252, 5544, 66528, 1123584, 16632000]   xi = 0.190839262247264551216328223778555153020988869524992566009044954640908
[0, 1, 4, 1, 3]   [14, 5, 97, 8, 12]         k=2 score=-4.0794  I1=343/24       I2=196/97     lam=[5.5-5.8095i, 5.5+5.8095i, 3]
    u = [1, 5, 15, -25, -725, -5301, -16275, 95925]   xi = None
[0, 1, 4, 1, 3]   [28, 10, 208, 12, 16]      k=2 score=-4.3487  I1=343/4        I2=49/13      lam=[16, 10.472, 1.5279]
    u = [1, 10, 110, 1300, 16150, 208268, 2765900, 37615400]   xi = 0.2347994700944694267283676352398131897388814804892712181468425163974834
[0, 1, 6, -1, 7]  [13, 4, 432, -24, -48]     k=1 score=-4.0975  I1=-2197/1728   I2=169/432    lam=[8.2624-20.542i, 8.2624+20.542i, -3.5248]
    u = [1, 4, -72, -1760, -2720, 514944, 8123136, -69147648]   xi = None
[0, 1, 6, 1, 5]   [17, 6, 56, 0, -12]        k=2 score=-4.4182  I1=-4913/432    I2=289/56     lam=[10.214+4.6583i, 10.214-4.6583i, -3.4279]
    u = [1, 6, 46, 300, 1494, 276, -126644, -2269224]   xi = None
[1, 2, 4, 5, 5]   [72, 6, -192, -60, 8]      k=2 score=-2.2700  I1=2916         I2=-27        lam=[74.597, -1.2984-0.1732i, -1.2984+0.1732i]
    u = [1, 6, 186, 7868, 388950, 21007716, 1201455316, 71515988856]   xi = 0.1535680926971923090998010131373916234778461449711000346928837370386977
[1, 2, 4, 5, 5]   [16, 2, 64, 20, 4]         k=2 score=-3.3863  I1=64           I2=4          lam=[10.472, 4, 1.5279]
    u = [1, 2, 8, 44, 290, 2132, 16804, 138816]   xi = 1.092674635935538513904872622822368757148600568476685603407457192279532
[1, 3, 1, 1, 1]   [42, 8, 480, 64, -64]      k=2 score=-5.0926  I1=-9261/8      I2=147/40     lam=[21.066-6.4638i, 21.066+6.4638i, -0.13181]
    u = [1, 8, 100, 1376, 18892, 240416, 2470096, 8798336]   xi = None
[0, 1, 2, 1, 1]   [11, 3, -73, -8, 28]       k=2 score=-2.9730  I1=1331/112     I2=-121/73    lam=[16, -2.5+0.86603i, -2.5-0.86603i]
    u = [1, 3, 39, 427, 5355, 69993, 946995, 13122387]   xi = 0.185452244411725540133488283440340390956920846805289752704764717416473
[0, 1, 2, 1, 1]   [60, 18, 240, 12, 16]      k=2 score=-3.3863  I1=3375         I2=15         lam=[55.713, 4, 0.28719]
    u = [1, 18, 558, 21508, 916758, 41367996, 1936759500, 93048052104]   xi = 0.0623917784543478975173958426429799148159644791214357916170456477533435
[0, 1, 2, 1, 1]   [3, 0, -104, -16, 80]      k=2 score=-3.6094  I1=27/320       I2=-9/104     lam=[12.944, -5, -4.9443]
    u = [1, 0, 30, 140, 2100, 19152, 225680, 2464800]   xi = 0.2064699227748218447323168134655336600054184259417824158047429139535384
[0, 1, 2, 1, 1]   [87, 24, -152, -16, 16]    k=2 score=-2.0000  I1=658503/64    I2=-7569/152  lam=[88.721, -1, -0.72136]
    u = [1, 24, 1230, 76300, 5200020, 374423280, 27949252240, 2140045957920]   xi = 0.04026619494325451480833967559657303681395951893871119877345322027672557
[0, 1, 2, 1, 1]   [16, 6, 16, -4, -96]       k=2 score=-4.0794  I1=-32/3        I2=16         lam=[12, 8, -4]
    u = [1, 6, 54, 476, 4518, 43956, 440892, 4516344]   xi = 0.2627666769130267098529132069091021580735199201230602150494844452232879
[0, 1, 2, 1, 1]   [16, 6, 76, 8, 24]         k=2 score=-3.7918  I1=128/3        I2=64/19      lam=[8, 6, 2]
    u = [1, 6, 36, 224, 1440, 9504, 64080, 439776]   xi = 0.4915286641237308267842841318681957986406127621843527901485792567419974
[0, 1, 2, 1, 1]   [16, 6, 96, 12, 48]        k=2 score=-3.9356  I1=64/3         I2=8/3        lam=[6+3.4641i, 6-3.4641i, 4]
    u = [1, 6, 30, 124, 342, -396, -14868, -137160]   xi = None
[0, 1, 2, 1, 1]   [16, 6, 96, 12, 64]        k=2 score=-3.7329  I1=16           I2=8/3        lam=[8, 4-4i, 4+4i]
    u = [1, 6, 30, 140, 690, 4092, 29172, 223080]   xi = 0.388555002043563446812971226360895593979006400682838114924969726469148
[0, 1, 2, 1, 1]   [64, 24, 1030, 26, 48]     k=2 score=-5.4598  I1=4096/3       I2=2048/515   lam=[32, 31.811, 0.18861]
    u = [1, 24, 648, 18368, 534528, 15814656, 473253120, 14280579072]   xi = 0.1625792276836873036851545247760410364447421996222479793815564168405139
[0, 1, 2, 1, 1]   [17, 6, 112, 8, 24]        k=2 score=-4.2822  I1=4913/96      I2=289/112    lam=[8-5.6569i, 8+5.6569i, 1]
    u = [1, 6, 30, 80, -630, -13068, -133848, -926640]   xi = None
[0, 1, 2, 1, 1]   [6, 2, 64, 4, -40]         k=2 score=-4.1910  I1=-27/20       I2=9/16       lam=[4-8i, 4+8i, -2]
    u = [1, 2, -10, -140, -410, 4540, 53820, 105640]   xi = None
[0, 1, 2, 1, 1]   [42, 15, 441, 24, 100]     k=2 score=-4.7726  I1=9261/50      I2=4          lam=[25, 16, 1]
    u = [1, 15, 255, 4685, 90675, 1824273, 37834125, 804043575]   xi = 0.1463946282524406915716543362566885954366848059601759545954853976790837
[0, 1, 2, 1, 1]   [20, 6, -80, -4, -16]      k=2 score=-3.3863  I1=-125         I2=-5         lam=[23.314, -4, 0.68629]
    u = [1, 6, 90, 1460, 26370, 500412, 9838972, 198283800]   xi = 0.1338383713165442638789780053286745339238712016557518238183641825233434
[0, 1, 2, 1, 1]   [32, 12, 272, 16, 64]      k=2 score=-4.7033  I1=128          I2=64/17      lam=[16, 14.928, 1.0718]
    u = [1, 12, 156, 2128, 29844, 426096, 6160560, 89911872]   xi = 0.2714674550326911447197893592959060780653833907796670058956069916703488
[0, 1, 2, 1, 1]   [22, 6, -96, -12, 24]      k=2 score=-2.6931  I1=1331/12      I2=-121/24    lam=[25.856, -2, -1.8564]
    u = [1, 6, 102, 1852, 37062, 780660, 17025372, 380582712]   xi = 0.1268202298683575119273443348191927377528046277773501043848514939528839
[0, 1, 2, 1, 1]   [154, 42, -128, -12, 8]    k=2 score=-1.2117  I1=456533/4     I2=-5929/32   lam=[154.83, -0.41403+0.18778i, -0.41403-0.18778i]
    u = [1, 42, 3710, 400660, 47598390, 5977159500, 778296201260, 103966710659880]   xi = 0.02358580301301982283268715280546447906606659335108694542916712391276181
