c0_1_3_1_2__3_0_-216_-24_108  UNIDENTIFIED
c0_1_3_1_2__33_12_324_36_108  UNIDENTIFIED
c-1_2_4_-1_-1__16_10_64_20_4  UNIDENTIFIED
c0_1_3_-1_4__22_6_-72_12_36  UNIDENTIFIED
c0_1_3_-1_4__3_0_-216_48_108  UNIDENTIFIED
c0_1_4_1_3__28_10_208_12_16  UNIDENTIFIED
c1_2_4_5_5__72_6_-192_-60_8  UNIDENTIFIED
c1_2_4_5_5__16_2_64_20_4  UNIDENTIFIED
c0_1_2_1_1__11_3_-73_-8_28  UNIDENTIFIED
c0_1_2_1_1__60_18_240_12_16  UNIDENTIFIED
c0_1_2_1_1__3_0_-104_-16_80  UNIDENTIFIED
c0_1_2_1_1__87_24_-152_-16_16  UNIDENTIFIED
c0_1_2_1_1__16_6_16_-4_-96  UNIDENTIFIED
c0_1_2_1_1__16_6_76_8_24  UNIDENTIFIED
c0_1_2_1_1__16_6_96_12_64  UNIDENTIFIED
c0_1_2_1_1__64_24_1030_26_48  UNIDENTIFIED
c0_1_2_1_1__42_15_441_24_100  UNIDENTIFIED
c0_1_2_1_1__20_6_-80_-4_-16  UNIDENTIFIED
c0_1_2_1_1__32_12_272_16_64  UNIDENTIFIED
c0_1_2_1_1__22_6_-96_-12_24  UNIDENTIFIED
c0_1_2_1_1__154_42_-128_-12_8  UNIDENTIFIED
