[0;31m  ***   Warning: new maximum stack size = 8000000000 (7629.395 Mbytes).[0m
c0_1_2_1_1__11_3_-73_-8_28 0
c0_1_2_1_1__60_18_240_12_16 0
c0_1_2_1_1__3_0_-104_-16_80 0
c0_1_2_1_1__87_24_-152_-16_16 0
c0_1_2_1_1__16_6_16_-4_-96 0
c0_1_2_1_1__16_6_76_8_24 0
c0_1_2_1_1__16_6_96_12_48 0
c0_1_2_1_1__16_6_96_12_64 0
c0_1_2_1_1__64_24_1030_26_48 0
c0_1_2_1_1__17_6_112_8_24 0
c0_1_2_1_1__6_2_64_4_-40 0
c0_1_2_1_1__42_15_441_24_100 0
c0_1_2_1_1__20_6_-80_-4_-16 0
c0_1_2_1_1__32_12_272_16_64 0
c0_1_2_1_1__22_6_-96_-12_24 0
c1_2_4_5_5__72_6_-192_-60_8 0
c1_2_4_5_5__16_2_64_20_4 0
c0_1_3_1_2__11_4_37_3_3 [4, 16, -1, 38, 73]
c0_1_3_1_2__3_0_-216_-24_108 0
c0_1_3_1_2__33_12_324_36_108 0
c-1_2_4_-1_-1__16_10_64_20_4 0
c-1_3_1_0_0__42_22_480_64_-64 0
c0_1_3_-1_4__22_6_-72_12_36 0
c0_1_3_-1_4__3_0_-216_48_108 0
c0_1_4_1_3__14_5_97_8_12 0
c0_1_4_1_3__28_10_208_12_16 0
c0_1_6_-1_7__13_4_432_-24_-48 0
c0_1_6_1_5__17_6_56_0_-12 0
c1_3_1_1_1__42_8_480_64_-64 0
