[0;31m  ***   Warning: new maximum stack size = 8000000000 (7629.395 Mbytes).[0m
a_0..a_5 = [1, 3, 15, 93, 639, 4653]
b_0..b_5 = [0, 1, 23/4, 145/4, 3993/16, 727059/400]

=== 3(i) increments  d_n = b_n/a_n - b_{n-1}/a_{n-1} ===
  p=2:  v_2(d_n)  and v_2(d_n)/n
     n=10  v=-2  v/n=-0.200000
     n=25  v=0  v/n=0.000000
     n=50  v=-2  v/n=-0.040000
     n=100  v=-4  v/n=-0.040000
     n=150  v=-2  v/n=-0.013333
     n=200  v=-6  v/n=-0.030000
     n=250  v=-2  v/n=-0.008000
     n=300  v=-4  v/n=-0.013333
     n=350  v=-2  v/n=-0.005714
     n=400  v=-8  v/n=-0.020000
     n=500  v=-4  v/n=-0.008000
     n=600  v=-6  v/n=-0.010000
     n=700  v=-4  v/n=-0.005714
     n=800  v=-10  v/n=-0.012500
  p=3:  v_3(d_n)  and v_3(d_n)/n
     n=10  v=15  v/n=1.500000
     n=25  v=38  v/n=1.520000
     n=50  v=88  v/n=1.760000
     n=100  v=193  v/n=1.930000
     n=150  v=285  v/n=1.900000
     n=200  v=386  v/n=1.930000
     n=250  v=492  v/n=1.968000
     n=300  v=590  v/n=1.966667
     n=350  v=682  v/n=1.948571
     n=400  v=783  v/n=1.957500
     n=500  v=990  v/n=1.980000
     n=600  v=1183  v/n=1.971667
     n=700  v=1378  v/n=1.968571
     n=800  v=1581  v/n=1.976250

  exact: v_3(d_n) - 2n  for n=100..110: [-7, -8, -12, -13, -14, -15, -14, -16, -17, -7, -8]
  exact: v_2(d_n)       for n=100..110: [-4, 0, -2, 0, -6, 0, -2, 0, -4, 0, -2]

=== 3(ii):  p=3  slopes of v_3(b_n - r a_n), n in [200,800] ===
   top 8 rationals r by LS slope:
     r=5/6   LS=+0.002375  wide=+0.003333  min v/n=+0.001372  max v/n=+0.063415
     r=1/6   LS=+0.002375  wide=+0.003333  min v/n=+0.000000  max v/n=+0.058537
     r=-1/6   LS=+0.002375  wide=+0.003333  min v/n=+0.002743  max v/n=+0.068293
     r=-5/6   LS=+0.002375  wide=+0.003333  min v/n=+0.000000  max v/n=+0.058537
     r=6/5   LS=+0.002375  wide=+0.003333  min v/n=+0.000000  max v/n=+0.058537
     r=4/5   LS=+0.002375  wide=+0.003333  min v/n=+0.000000  max v/n=+0.058537
     r=3/5   LS=+0.002375  wide=+0.003333  min v/n=+0.000000  max v/n=+0.058537
     r=2/5   LS=+0.002375  wide=+0.003333  min v/n=+0.000000  max v/n=+0.058537
   BEST rational r = -6  LS slope = +0.002375
   r = xi_3 := b_1700/a_1700 (p-adic limit surrogate):  LS=+1.997588  wide=+1.998333  min v/n=+1.953488  max v/n=+2.000000
   v_3(b_n - xi a_n) at n=100,...,800: [195, 392, 596, 792, 995, 1191, 1389, 1591]

=== 3(iii):  p=2  slopes of v_2(b_n - r a_n), n in [200,800] ===
   top 8 rationals r by LS slope:
     r=5/6   LS=-0.006671  wide=-0.006667  min v/n=-0.070000  max v/n=-0.022500
     r=1/6   LS=-0.006671  wide=-0.006667  min v/n=-0.070000  max v/n=-0.022500
     r=-1/6   LS=-0.006671  wide=-0.006667  min v/n=-0.070000  max v/n=-0.022500
     r=-5/6   LS=-0.006671  wide=-0.006667  min v/n=-0.070000  max v/n=-0.022500
     r=6/5   LS=-0.006671  wide=-0.006667  min v/n=-0.070000  max v/n=-0.022500
     r=4/5   LS=-0.006671  wide=-0.006667  min v/n=-0.070000  max v/n=-0.022500
     r=3/5   LS=-0.006671  wide=-0.006667  min v/n=-0.070000  max v/n=-0.022500
     r=2/5   LS=-0.006671  wide=-0.006667  min v/n=-0.070000  max v/n=-0.022500
   BEST rational r = -6  LS slope = -0.006671
   r = xi_2 := b_1700/a_1700 (p-adic limit surrogate):  LS=+0.000000  wide=+0.000000  min v/n=-0.100000  max v/n=-0.025000
   v_2(b_n - xi a_n) at n=100,...,800: [-20, -20, -20, -20, -20, -20, -20, -20]

xi_3 = lim b_n/a_n, 3-adically:
   b_800/a_800 + O(3^40) = 3^-1 + 1 + 2*3^2 + 2*3^3 + 2*3^4 + 3^6 + 2*3^10 + 3^11 + 2*3^15 + 2*3^16 + 2*3^17 + 3^18 + 3^19 + 2*3^21 + 3^22 + 2*3^23 + 2*3^24 + 2*3^25 + 2*3^26 + 3^27 + 3^28 + 2*3^30 + 3^31 + 2*3^32 + 3^33 + 2*3^34 + 3^35 + 2*3^38 + 3^39 + O(3^40)
   b_400/a_400 + O(3^40) = 3^-1 + 1 + 2*3^2 + 2*3^3 + 2*3^4 + 3^6 + 2*3^10 + 3^11 + 2*3^15 + 2*3^16 + 2*3^17 + 3^18 + 3^19 + 2*3^21 + 3^22 + 2*3^23 + 2*3^24 + 2*3^25 + 2*3^26 + 3^27 + 3^28 + 2*3^30 + 3^31 + 2*3^32 + 3^33 + 2*3^34 + 3^35 + 2*3^38 + 3^39 + O(3^40)
   v_3(b_800/a_800 - b_400/a_400) = 784
   v_3(b_400/a_400 - b_200/a_200) = 386
   v_2(b_800/a_800 - b_400/a_400) = -20
v_2(a_n) n=100,200,400,800: [0, 0, 0, 0]
v_3(a_n) n=100,200,400,800: [3, 6, 8, 8]
v_2(b_n) n=100,200,400,800: [-12, -14, -16, -18]
v_3(b_n) n=100,200,400,800: [2, 5, 7, 7]
