[0;31m  ***   Warning: new maximum stack size = 8000000000 (7629.395 Mbytes).[0m
build time 954 ms;  PX=830 PY=412 (a,b,c)=(1,-3,5)
digits(DD)=724  v_2(DD)=18  v_3(DD)=12

=== PART 1: y-coefficients of the 14 CDT functions (window n in [100,400]) ===
B1   (length 412)
  p=2  v(c100)=oo  v(c400)=oo  wide=n/a  LS=n/a  min v/n=-  max v/n=-  nonzero=0/301
        v_2 at n=50,100,...,400: oo oo oo oo oo oo oo oo 
  p=3  v(c100)=oo  v(c400)=oo  wide=n/a  LS=n/a  min v/n=-  max v/n=-  nonzero=0/301
        v_3 at n=50,100,...,400: oo oo oo oo oo oo oo oo 

B2   (length 412)
  p=2  v(c100)=-4  v(c400)=-6  wide=-0.00667  LS=-0.00284  min v/n=-0.06202  max v/n=-0.00775  nonzero=301/301
        v_2 at n=50,100,...,400: -3 -4 -4 -5 -6 -5 -6 -6 
  p=3  v(c100)=-3  v(c400)=-5  wide=-0.00667  LS=-0.00115  min v/n=-0.04098  max v/n=-0.00275  nonzero=301/301
        v_3 at n=50,100,...,400: -4 -3 -5 -2 -2 -2 -3 -5 

B3   (length 412)
  p=2  v(c100)=-7  v(c400)=-11  wide=-0.01333  LS=-0.00297  min v/n=-0.11719  max v/n=-0.00778  nonzero=301/301
        v_2 at n=50,100,...,400: -5 -7 -6 -9 -8 -8 -8 -11 
  p=3  v(c100)=-1  v(c400)=-4  wide=-0.01000  LS=-0.00122  min v/n=-0.05926  max v/n=+0.00000  nonzero=301/301
        v_3 at n=50,100,...,400: -4 -1 -6 -2 -1 -3 -3 -4 

B4   (length 412)
  p=2  v(c100)=-10  v(c400)=-14  wide=-0.01333  LS=-0.00960  min v/n=-0.11504  max v/n=-0.02850  nonzero=301/301
        v_2 at n=50,100,...,400: -8 -10 -11 -12 -13 -13 -14 -14 
  p=3  v(c100)=-7  v(c400)=-11  wide=-0.01333  LS=-0.00460  min v/n=-0.08197  max v/n=-0.01648  nonzero=301/301
        v_3 at n=50,100,...,400: -8 -7 -10 -7 -7 -7 -8 -11 

B5   (length 412)
  p=2  v(c100)=-4  v(c400)=-6  wide=-0.00667  LS=-0.00284  min v/n=-0.05469  max v/n=-0.00389  nonzero=301/301
        v_2 at n=50,100,...,400: -3 -4 -4 -5 -6 -5 -6 -6 
  p=3  v(c100)=-1  v(c400)=-4  wide=-0.01000  LS=-0.00123  min v/n=-0.08197  max v/n=+0.00000  nonzero=301/301
        v_3 at n=50,100,...,400: -6 -1 -5 -3 -1 -2 -4 -4 

G   (length 412)
  p=2  v(c100)=-11  v(c400)=-14  wide=-0.01000  LS=-0.00979  min v/n=-0.12621  max v/n=-0.02725  nonzero=301/301
        v_2 at n=50,100,...,400: -11 -11 -9 -12 -15 -14 -12 -14 
  p=3  v(c100)=-4  v(c400)=-8  wide=-0.01333  LS=-0.00459  min v/n=-0.07377  max v/n=-0.00549  nonzero=301/301
        v_3 at n=50,100,...,400: -7 -4 -9 -6 -7 -7 -7 -8 

G'   (length 411)
  p=2  v(c100)=-11  v(c400)=-15  wide=-0.01333  LS=-0.00955  min v/n=-0.12745  max v/n=-0.02141  nonzero=301/301
        v_2 at n=50,100,...,400: -10 -11 -13 -13 -15 -15 -14 -15 
  p=3  v(c100)=-6  v(c400)=-11  wide=-0.01667  LS=-0.00472  min v/n=-0.07438  max v/n=-0.00345  nonzero=301/301
        v_3 at n=50,100,...,400: -6 -6 -7 -4 -8 -5 -4 -11 

G''   (length 410)
  p=2  v(c100)=-11  v(c400)=-13  wide=-0.00667  LS=-0.00931  min v/n=-0.11881  max v/n=-0.02147  nonzero=301/301
        v_2 at n=50,100,...,400: -8 -11 -11 -10 -13 -12 -10 -13 
  p=3  v(c100)=-4  v(c400)=-10  wide=-0.02000  LS=-0.00497  min v/n=-0.07500  max v/n=+0.00000  nonzero=301/301
        v_3 at n=50,100,...,400: -4 -4 -9 -1 -6 -6 -2 -10 

G'''   (length 409)
  p=2  v(c100)=-12  v(c400)=-11  wide=+0.00333  LS=-0.00907  min v/n=-0.12000  max v/n=-0.01846  nonzero=301/301
        v_2 at n=50,100,...,400: -9 -12 -12 -12 -14 -14 -11 -11 
  p=3  v(c100)=-2  v(c400)=-8  wide=-0.02000  LS=-0.00502  min v/n=-0.06723  max v/n=+0.00000  nonzero=301/301
        v_3 at n=50,100,...,400: -6 -2 -7 -8 -4 -7 -4 -8 

B6   (length 412)
  p=2  v(c100)=-9  v(c400)=-15  wide=-0.02000  LS=-0.00310  min v/n=-0.17188  max v/n=-0.00778  nonzero=301/301
        v_2 at n=50,100,...,400: -6 -9 -7 -12 -9 -10 -9 -15 
  p=3  v(c100)=-1  v(c400)=-4  wide=-0.01000  LS=-0.00122  min v/n=-0.08333  max v/n=+0.00000  nonzero=301/301
        v_3 at n=50,100,...,400: -4 -1 -7 -2 -1 -4 -3 -4 

B7   (length 412)
  p=2  v(c100)=-12  v(c400)=-18  wide=-0.02000  LS=-0.00984  min v/n=-0.15625  max v/n=-0.03101  nonzero=301/301
        v_2 at n=50,100,...,400: -12 -12 -13 -15 -16 -15 -16 -18 
  p=3  v(c100)=-9  v(c400)=-12  wide=-0.01000  LS=-0.00447  min v/n=-0.09630  max v/n=-0.01644  nonzero=301/301
        v_3 at n=50,100,...,400: -7 -9 -11 -8 -8 -8 -8 -12 

intG   (length 412)
  p=2  v(c100)=-13  v(c400)=-21  wide=-0.02667  LS=-0.01009  min v/n=-0.16406  max v/n=-0.02725  nonzero=301/301
        v_2 at n=50,100,...,400: -13 -13 -14 -18 -17 -16 -15 -21 
  p=3  v(c100)=-7  v(c400)=-10  wide=-0.01000  LS=-0.00453  min v/n=-0.08889  max v/n=-0.00548  nonzero=301/301
        v_3 at n=50,100,...,400: -4 -7 -10 -4 -9 -9 -5 -10 

int(G-G0)/y   (length 412)
  p=2  v(c100)=-13  v(c400)=-21  wide=-0.02667  LS=-0.01009  min v/n=-0.17054  max v/n=-0.02997  nonzero=301/301
        v_2 at n=50,100,...,400: -13 -13 -14 -18 -17 -16 -15 -21 
  p=3  v(c100)=-9  v(c400)=-11  wide=-0.00667  LS=-0.00447  min v/n=-0.09000  max v/n=-0.00548  nonzero=301/301
        v_3 at n=50,100,...,400: -4 -9 -10 -4 -10 -9 -5 -11 

int(G-G0-G1y)/y^2   (length 412)
  p=2  v(c100)=-14  v(c400)=-22  wide=-0.02667  LS=-0.01015  min v/n=-0.18462  max v/n=-0.02725  nonzero=301/301
        v_2 at n=50,100,...,400: -17 -14 -16 -19 -20 -17 -17 -22 
  p=3  v(c100)=-7  v(c400)=-10  wide=-0.01000  LS=-0.00447  min v/n=-0.08889  max v/n=-0.00685  nonzero=301/301
        v_3 at n=50,100,...,400: -5 -7 -10 -6 -9 -9 -6 -10 

[alt]B7=B4n/n^2   (length 412)
  p=2  v(c100)=-14  v(c400)=-22  wide=-0.02667  LS=-0.00986  min v/n=-0.21094  max v/n=-0.03101  nonzero=301/301
        v_2 at n=50,100,...,400: -10 -14 -13 -18 -15 -17 -16 -22 
  p=3  v(c100)=-7  v(c400)=-11  wide=-0.01333  LS=-0.00461  min v/n=-0.12037  max v/n=-0.01648  nonzero=301/301
        v_3 at n=50,100,...,400: -8 -7 -12 -7 -7 -9 -8 -11 

[alt]int(G-G0)/y   (length 412)
  p=2  v(c100)=-15  v(c400)=-22  wide=-0.02333  LS=-0.01005  min v/n=-0.22656  max v/n=-0.02725  nonzero=301/301
        v_2 at n=50,100,...,400: -13 -15 -11 -18 -17 -18 -14 -22 
  p=3  v(c100)=-4  v(c400)=-8  wide=-0.01333  LS=-0.00460  min v/n=-0.11111  max v/n=-0.00549  nonzero=301/301
        v_3 at n=50,100,...,400: -7 -4 -11 -6 -7 -9 -7 -8 

[alt]int(G-G0-G1y)/y^2   (length 412)
  p=2  v(c100)=-13  v(c400)=-18  wide=-0.01667  LS=-0.00991  min v/n=-0.23256  max v/n=-0.03005  nonzero=301/301
        v_2 at n=50,100,...,400: -12 -13 -10 -15 -16 -16 -13 -18 
  p=3  v(c100)=-8  v(c400)=-10  wide=-0.00667  LS=-0.00447  min v/n=-0.09559  max v/n=-0.00676  nonzero=301/301
        v_3 at n=50,100,...,400: -7 -8 -10 -6 -9 -8 -7 -10 

=== PART 2: x-coefficients of H_A, H_B, H_C ===
H_A
[0;31m  ***   Warning: increasing stack size to 16000000.[0m
  p=2  v(c100)=0  v(c400)=0  wide=0  LS=0  min v/n=+0.00000  max v/n=+0.00000  nonzero=301/301
        v_2 at n=50,100,...,400: 0 0 0 0 0 0 0 0 
  p=3  v(c100)=3  v(c400)=8  wide=+0.01667  LS=+0.00289  min v/n=+0.00412  max v/n=+0.06897  nonzero=301/301
        v_3 at n=50,100,...,400: 5 3 5 6 4 3 8 8 

H_B
  p=2  v(c100)=-12  v(c400)=-16  wide=-0.01333  LS=-0.01332  min v/n=-0.12000  max v/n=-0.04000  nonzero=301/301
        v_2 at n=50,100,...,400: -10 -12 -14 -14 -14 -16 -16 -16 
  p=3  v(c100)=2  v(c400)=7  wide=+0.01667  LS=+0.00289  min v/n=+0.00000  max v/n=+0.06034  nonzero=301/301
        v_3 at n=50,100,...,400: 4 2 4 5 3 2 7 7 

H_C
  p=2  v(c100)=2  v(c400)=4  wide=+0.00667  LS=+0.00013  min v/n=+0.00000  max v/n=+0.05469  nonzero=301/301
        v_2 at n=50,100,...,400: 1 2 1 3 1 2 1 4 
  p=3  v(c100)=-6  v(c400)=-3  wide=+0.01000  LS=-0.00744  min v/n=-0.06481  max v/n=+0.01240  nonzero=301/301
        v_3 at n=50,100,...,400: -2 -6 -4 -4 -7 -8 -3 -3 

H=aA+bB+cC
  p=2  v(c100)=-12  v(c400)=-16  wide=-0.01333  LS=-0.01332  min v/n=-0.12000  max v/n=-0.04000  nonzero=301/301
        v_2 at n=50,100,...,400: -10 -12 -14 -14 -14 -16 -16 -16 
  p=3  v(c100)=-6  v(c400)=-3  wide=+0.01000  LS=-0.00744  min v/n=-0.06481  max v/n=+0.01240  nonzero=301/301
        v_3 at n=50,100,...,400: -2 -6 -4 -4 -7 -8 -3 -3 

