[0;31m  ***   Warning: new maximum stack size = 8000000000 (7629.395 Mbytes).[0m
[0;31m  ***   Warning: increasing stack size to 16000000.[0m
[0;31m  *** concat: Warning: increasing stack size to 32000000.[0m
build time 6102 ms;  PX=1670 PY=830 (a,b,c)=(1,-3,5)
digits(DD)=1465  v_2(DD)=20  v_3(DD)=12

=== PART 1: y-coefficients of the 14 CDT functions (window n in [200,800]) ===
B1   (length 830)
  p=2  v(c200)=oo  v(c800)=oo  wide=n/a  LS=n/a  min v/n=-  max v/n=-  nonzero=0/601
        log-fit  v ~ alpha*log(n)+beta :  alpha = n/a   (= - * log_2(n))
        v_2 at n=100,200,...,800: oo oo oo oo oo oo oo oo 
  p=3  v(c200)=oo  v(c800)=oo  wide=n/a  LS=n/a  min v/n=-  max v/n=-  nonzero=0/601
        log-fit  v ~ alpha*log(n)+beta :  alpha = n/a   (= - * log_3(n))
        v_3 at n=100,200,...,800: oo oo oo oo oo oo oo oo 

B2   (length 830)
  p=2  v(c200)=-5  v(c800)=-7  wide=-0.00333  LS=-0.00140  min v/n=-0.03556  max v/n=-0.00389  nonzero=601/601
        log-fit  v ~ alpha*log(n)+beta :  alpha = -0.6254   (= -0.4335 * log_2(n))
        v_2 at n=100,200,...,800: -4 -5 -5 -6 -7 -6 -7 -7 
  p=3  v(c200)=-2  v(c800)=-4  wide=-0.00333  LS=-0.00083  min v/n=-0.02463  max v/n=-0.00130  nonzero=601/601
        log-fit  v ~ alpha*log(n)+beta :  alpha = -0.5031   (= -0.5527 * log_3(n))
        v_3 at n=100,200,...,800: -3 -2 -2 -5 -4 -3 -6 -4 

B3   (length 830)
  p=2  v(c200)=-9  v(c800)=-13  wide=-0.00667  LS=-0.00145  min v/n=-0.06641  max v/n=-0.00390  nonzero=601/601
        log-fit  v ~ alpha*log(n)+beta :  alpha = -0.6403   (= -0.4438 * log_2(n))
        v_2 at n=100,200,...,800: -7 -9 -8 -11 -10 -10 -10 -13 
  p=3  v(c200)=-2  v(c800)=-4  wide=-0.00333  LS=-0.00081  min v/n=-0.04115  max v/n=+0.00000  nonzero=601/601
        log-fit  v ~ alpha*log(n)+beta :  alpha = -0.4952   (= -0.5441 * log_3(n))
        v_3 at n=100,200,...,800: -1 -2 -3 -4 -4 -4 -5 -4 

B4   (length 830)
  p=2  v(c200)=-12  v(c800)=-16  wide=-0.00667  LS=-0.00476  min v/n=-0.06699  max v/n=-0.01558  nonzero=601/601
        log-fit  v ~ alpha*log(n)+beta :  alpha = -2.1846   (= -1.5142 * log_2(n))
        v_2 at n=100,200,...,800: -10 -12 -13 -14 -15 -15 -16 -16 
  p=3  v(c200)=-7  v(c800)=-10  wide=-0.00500  LS=-0.00282  min v/n=-0.04926  max v/n=-0.00910  nonzero=601/601
        log-fit  v ~ alpha*log(n)+beta :  alpha = -1.4763   (= -1.6219 * log_3(n))
        v_3 at n=100,200,...,800: -7 -7 -7 -11 -10 -9 -12 -10 

B5   (length 830)
  p=2  v(c200)=-5  v(c800)=-7  wide=-0.00333  LS=-0.00142  min v/n=-0.03125  max v/n=-0.00195  nonzero=601/601
        log-fit  v ~ alpha*log(n)+beta :  alpha = -0.6296   (= -0.4364 * log_2(n))
        v_2 at n=100,200,...,800: -4 -5 -5 -6 -7 -6 -7 -7 
  p=3  v(c200)=-3  v(c800)=-5  wide=-0.00333  LS=-0.00080  min v/n=-0.04433  max v/n=+0.00000  nonzero=601/601
        log-fit  v ~ alpha*log(n)+beta :  alpha = -0.4857   (= -0.5336 * log_3(n))
        v_3 at n=100,200,...,800: -1 -3 -2 -4 -7 -3 -5 -5 

G   (length 830)
  p=2  v(c200)=-12  v(c800)=-16  wide=-0.00667  LS=-0.00445  min v/n=-0.07317  max v/n=-0.01226  nonzero=601/601
        log-fit  v ~ alpha*log(n)+beta :  alpha = -2.0848   (= -1.4451 * log_2(n))
        v_2 at n=100,200,...,800: -11 -12 -14 -14 -16 -16 -15 -16 
  p=3  v(c200)=-6  v(c800)=-10  wide=-0.00667  LS=-0.00365  min v/n=-0.04433  max v/n=-0.00436  nonzero=601/601
        log-fit  v ~ alpha*log(n)+beta :  alpha = -1.7305   (= -1.9012 * log_3(n))
        v_3 at n=100,200,...,800: -4 -6 -7 -8 -10 -8 -9 -10 

G'   (length 829)
  p=2  v(c200)=-13  v(c800)=-17  wide=-0.00667  LS=-0.00437  min v/n=-0.07353  max v/n=-0.00990  nonzero=601/601
        log-fit  v ~ alpha*log(n)+beta :  alpha = -2.0438   (= -1.4166 * log_2(n))
        v_2 at n=100,200,...,800: -11 -13 -15 -15 -17 -17 -16 -17 
  p=3  v(c200)=-4  v(c800)=-8  wide=-0.00667  LS=-0.00363  min v/n=-0.04455  max v/n=-0.00345  nonzero=601/601
        log-fit  v ~ alpha*log(n)+beta :  alpha = -1.7199   (= -1.8895 * log_3(n))
        v_3 at n=100,200,...,800: -6 -4 -5 -11 -9 -6 -11 -8 

G''   (length 828)
  p=2  v(c200)=-10  v(c800)=-15  wide=-0.00833  LS=-0.00431  min v/n=-0.06829  max v/n=-0.00992  nonzero=601/601
        log-fit  v ~ alpha*log(n)+beta :  alpha = -2.0157   (= -1.3972 * log_2(n))
        v_2 at n=100,200,...,800: -11 -10 -12 -13 -15 -15 -13 -15 
  p=3  v(c200)=-1  v(c800)=-6  wide=-0.00833  LS=-0.00356  min v/n=-0.04478  max v/n=-0.00276  nonzero=601/601
        log-fit  v ~ alpha*log(n)+beta :  alpha = -1.6854   (= -1.8516 * log_3(n))
        v_3 at n=100,200,...,800: -4 -1 -6 -10 -7 -7 -8 -6 

G'''   (length 827)
  p=2  v(c200)=-12  v(c800)=-13  wide=-0.00167  LS=-0.00420  min v/n=-0.06863  max v/n=-0.00821  nonzero=601/601
        log-fit  v ~ alpha*log(n)+beta :  alpha = -1.9621   (= -1.3600 * log_2(n))
        v_2 at n=100,200,...,800: -12 -12 -14 -11 -14 -15 -15 -13 
  p=3  v(c200)=-8  v(c800)=-8  wide=0  LS=-0.00349  min v/n=-0.04000  max v/n=-0.00277  nonzero=601/601
        log-fit  v ~ alpha*log(n)+beta :  alpha = -1.6418   (= -1.8038 * log_3(n))
        v_3 at n=100,200,...,800: -2 -8 -7 -8 -9 -5 -6 -8 

B6   (length 830)
  p=2  v(c200)=-12  v(c800)=-18  wide=-0.01000  LS=-0.00149  min v/n=-0.09766  max v/n=-0.00390  nonzero=601/601
        log-fit  v ~ alpha*log(n)+beta :  alpha = -0.6509   (= -0.4512 * log_2(n))
        v_2 at n=100,200,...,800: -9 -12 -10 -15 -12 -13 -12 -18 
  p=3  v(c200)=-2  v(c800)=-4  wide=-0.00333  LS=-0.00081  min v/n=-0.06173  max v/n=+0.00000  nonzero=601/601
        log-fit  v ~ alpha*log(n)+beta :  alpha = -0.4953   (= -0.5441 * log_3(n))
        v_3 at n=100,200,...,800: -1 -2 -4 -4 -4 -5 -5 -4 

B7   (length 830)
  p=2  v(c200)=-15  v(c800)=-21  wide=-0.01000  LS=-0.00479  min v/n=-0.08984  max v/n=-0.01686  nonzero=601/601
        log-fit  v ~ alpha*log(n)+beta :  alpha = -2.1985   (= -1.5239 * log_2(n))
        v_2 at n=100,200,...,800: -12 -15 -15 -18 -17 -18 -18 -21 
  p=3  v(c200)=-8  v(c800)=-10  wide=-0.00333  LS=-0.00285  min v/n=-0.06173  max v/n=-0.00909  nonzero=601/601
        log-fit  v ~ alpha*log(n)+beta :  alpha = -1.4930   (= -1.6402 * log_3(n))
        v_3 at n=100,200,...,800: -9 -8 -8 -12 -8 -10 -13 -10 

intG   (length 830)
  p=2  v(c200)=-18  v(c800)=-24  wide=-0.01000  LS=-0.00448  min v/n=-0.09375  max v/n=-0.01224  nonzero=601/601
        log-fit  v ~ alpha*log(n)+beta :  alpha = -2.0896   (= -1.4484 * log_2(n))
        v_2 at n=100,200,...,800: -13 -18 -16 -21 -18 -18 -17 -24 
  p=3  v(c200)=-4  v(c800)=-8  wide=-0.00667  LS=-0.00369  min v/n=-0.05761  max v/n=-0.00435  nonzero=601/601
        log-fit  v ~ alpha*log(n)+beta :  alpha = -1.7559   (= -1.9291 * log_3(n))
        v_3 at n=100,200,...,800: -7 -4 -9 -10 -6 -8 -11 -8 

int(G-G0)/y   (length 830)
  p=2  v(c200)=-18  v(c800)=-24  wide=-0.01000  LS=-0.00446  min v/n=-0.09728  max v/n=-0.01361  nonzero=601/601
        log-fit  v ~ alpha*log(n)+beta :  alpha = -2.0854   (= -1.4455 * log_2(n))
        v_2 at n=100,200,...,800: -13 -18 -16 -21 -18 -18 -17 -24 
  p=3  v(c200)=-4  v(c800)=-8  wide=-0.00667  LS=-0.00370  min v/n=-0.06148  max v/n=-0.00435  nonzero=601/601
        log-fit  v ~ alpha*log(n)+beta :  alpha = -1.7638   (= -1.9378 * log_3(n))
        v_3 at n=100,200,...,800: -9 -4 -9 -11 -6 -8 -12 -8 

int(G-G0-G1y)/y^2   (length 830)
  p=2  v(c200)=-19  v(c800)=-25  wide=-0.01000  LS=-0.00448  min v/n=-0.10465  max v/n=-0.01224  nonzero=601/601
        log-fit  v ~ alpha*log(n)+beta :  alpha = -2.0915   (= -1.4497 * log_2(n))
        v_2 at n=100,200,...,800: -14 -19 -17 -22 -19 -19 -18 -25 
  p=3  v(c200)=-6  v(c800)=-9  wide=-0.00500  LS=-0.00369  min v/n=-0.05761  max v/n=-0.00503  nonzero=601/601
        log-fit  v ~ alpha*log(n)+beta :  alpha = -1.7524   (= -1.9252 * log_3(n))
        v_3 at n=100,200,...,800: -7 -6 -9 -10 -7 -8 -11 -9 

[alt]B7=B4n/n^2   (length 830)
  p=2  v(c200)=-18  v(c800)=-26  wide=-0.01333  LS=-0.00483  min v/n=-0.12109  max v/n=-0.01686  nonzero=601/601
        log-fit  v ~ alpha*log(n)+beta :  alpha = -2.2058   (= -1.5290 * log_2(n))
        v_2 at n=100,200,...,800: -14 -18 -17 -22 -19 -21 -20 -26 
  p=3  v(c200)=-7  v(c800)=-10  wide=-0.00500  LS=-0.00281  min v/n=-0.08230  max v/n=-0.00910  nonzero=601/601
        log-fit  v ~ alpha*log(n)+beta :  alpha = -1.4764   (= -1.6220 * log_3(n))
        v_3 at n=100,200,...,800: -7 -7 -9 -11 -10 -11 -12 -10 

[alt]int(G-G0)/y   (length 830)
  p=2  v(c200)=-18  v(c800)=-26  wide=-0.01333  LS=-0.00451  min v/n=-0.12891  max v/n=-0.01295  nonzero=601/601
        log-fit  v ~ alpha*log(n)+beta :  alpha = -2.1060   (= -1.4598 * log_2(n))
        v_2 at n=100,200,...,800: -15 -18 -18 -22 -20 -22 -19 -26 
  p=3  v(c200)=-6  v(c800)=-10  wide=-0.00667  LS=-0.00365  min v/n=-0.08230  max v/n=-0.00436  nonzero=601/601
        log-fit  v ~ alpha*log(n)+beta :  alpha = -1.7307   (= -1.9013 * log_3(n))
        v_3 at n=100,200,...,800: -4 -6 -9 -8 -10 -10 -9 -10 

[alt]int(G-G0-G1y)/y^2   (length 830)
  p=2  v(c200)=-15  v(c800)=-21  wide=-0.01000  LS=-0.00445  min v/n=-0.13230  max v/n=-0.01362  nonzero=601/601
        log-fit  v ~ alpha*log(n)+beta :  alpha = -2.0870   (= -1.4466 * log_2(n))
        v_2 at n=100,200,...,800: -13 -15 -16 -18 -18 -19 -17 -21 
  p=3  v(c200)=-6  v(c800)=-10  wide=-0.00667  LS=-0.00368  min v/n=-0.06967  max v/n=-0.00629  nonzero=601/601
        log-fit  v ~ alpha*log(n)+beta :  alpha = -1.7464   (= -1.9186 * log_3(n))
        v_3 at n=100,200,...,800: -8 -6 -8 -10 -10 -9 -11 -10 

=== PART 2: x-coefficients of H_A, H_B, H_C ===
H_A
  p=2  v(c200)=0  v(c800)=0  wide=0  LS=0  min v/n=+0.00000  max v/n=+0.00000  nonzero=601/601
        log-fit  v ~ alpha*log(n)+beta :  alpha = 0   (= - * log_2(n))
        v_2 at n=100,200,...,800: 0 0 0 0 0 0 0 0 
  p=3  v(c200)=6  v(c800)=8  wide=+0.00333  LS=+0.00238  min v/n=+0.00137  max v/n=+0.06341  nonzero=601/601
        log-fit  v ~ alpha*log(n)+beta :  alpha = +1.0663   (= +1.1714 * log_3(n))
        v_3 at n=100,200,...,800: 3 6 3 8 4 6 11 8 

H_B
  p=2  v(c200)=-14  v(c800)=-18  wide=-0.00667  LS=-0.00667  min v/n=-0.07000  max v/n=-0.02250  nonzero=601/601
        log-fit  v ~ alpha*log(n)+beta :  alpha = -3.0953   (= -2.1455 * log_2(n))
        v_2 at n=100,200,...,800: -12 -14 -16 -16 -16 -18 -18 -18 
[0;31m  ***   Warning: increasing stack size to 64000000.[0m
  p=3  v(c200)=5  v(c800)=7  wide=+0.00333  LS=+0.00238  min v/n=+0.00000  max v/n=+0.05854  nonzero=601/601
        log-fit  v ~ alpha*log(n)+beta :  alpha = +1.0663   (= +1.1714 * log_3(n))
        v_3 at n=100,200,...,800: 2 5 2 7 3 5 10 7 

H_C
  p=2  v(c200)=3  v(c800)=5  wide=+0.00333  LS=+0.00003  min v/n=+0.00000  max v/n=+0.03125  nonzero=601/601
        log-fit  v ~ alpha*log(n)+beta :  alpha = +0.0106   (= +0.0074 * log_2(n))
        v_2 at n=100,200,...,800: 2 3 2 4 2 3 2 5 
  p=3  v(c200)=-4  v(c800)=-5  wide=-0.00167  LS=-0.00106  min v/n=-0.04115  max v/n=+0.01240  nonzero=601/601
        log-fit  v ~ alpha*log(n)+beta :  alpha = -0.4465   (= -0.4905 * log_3(n))
        v_3 at n=100,200,...,800: -6 -4 -8 -3 -6 -6 -1 -5 

H=aA+bB+cC
  p=2  v(c200)=-14  v(c800)=-18  wide=-0.00667  LS=-0.00667  min v/n=-0.07000  max v/n=-0.02250  nonzero=601/601
        log-fit  v ~ alpha*log(n)+beta :  alpha = -3.0953   (= -2.1455 * log_2(n))
        v_2 at n=100,200,...,800: -12 -14 -16 -16 -16 -18 -18 -18 
  p=3  v(c200)=-4  v(c800)=-5  wide=-0.00167  LS=-0.00106  min v/n=-0.04115  max v/n=+0.01240  nonzero=601/601
        log-fit  v ~ alpha*log(n)+beta :  alpha = -0.4465   (= -0.4905 * log_3(n))
        v_3 at n=100,200,...,800: -6 -4 -8 -3 -6 -6 -1 -5 

