[0;31m  ***   Warning: new maximum stack size = 8000000000 (7629.395 Mbytes).[0m
=== PART 4: p=2  H = a H_A + b H_B + c H_C,  x-coefficients, n in [200,800] ===
    scanned 865 primitive triples with entries in [-6,6] (up to sign)
    top 10 by least-squares slope of v_2(H_n):
      (a,b,c)=[5, 0, 3]  LS=+0.000214  wide=+0.000000  min v/n=+0.000000  max v/n=+0.025316  nonzero=601
      (a,b,c)=[3, 0, -1]  LS=+0.000136  wide=+0.000000  min v/n=+0.000000  max v/n=+0.018433  nonzero=601
      (a,b,c)=[1, 0, -1]  LS=+0.000076  wide=+0.000000  min v/n=+0.000000  max v/n=+0.029289  nonzero=601
      (a,b,c)=[2, 0, 3]  LS=+0.000069  wide=+0.000000  min v/n=+0.000000  max v/n=+0.033058  nonzero=601
      (a,b,c)=[5, 0, -3]  LS=+0.000068  wide=+0.000000  min v/n=+0.000000  max v/n=+0.021645  nonzero=601
      (a,b,c)=[4, 0, -1]  LS=+0.000054  wide=+0.000000  min v/n=+0.000000  max v/n=+0.024648  nonzero=601
      (a,b,c)=[4, 0, 3]  LS=+0.000051  wide=+0.000000  min v/n=+0.000000  max v/n=+0.029412  nonzero=601
      (a,b,c)=[6, 0, -5]  LS=+0.000051  wide=+0.000000  min v/n=+0.000000  max v/n=+0.023364  nonzero=601
      (a,b,c)=[1, 0, -3]  LS=+0.000042  wide=+0.000000  min v/n=+0.000000  max v/n=+0.024896  nonzero=601
      (a,b,c)=[1, 0, 3]  LS=+0.000034  wide=+0.000000  min v/n=+0.000000  max v/n=+0.027027  nonzero=601
    MAX least-squares slope over all triples: +0.000214 at [5, 0, 3]
    top 5 by min_{n in window} v_2(H_n)/n:
      (a,b,c)=[2, 0, -3]  min v/n=+0.000000  LS=-0.000144
      (a,b,c)=[1, 0, 5]  min v/n=+0.000000  LS=-0.000100
      (a,b,c)=[5, 0, -1]  min v/n=+0.000000  LS=-0.000096
      (a,b,c)=[3, 0, 5]  min v/n=+0.000000  LS=-0.000088
      (a,b,c)=[2, 0, 5]  min v/n=+0.000000  LS=-0.000068
    MAX wide-window slope over all triples: +0.003333 at [0, 0, 1]

=== PART 4: p=3  H = a H_A + b H_B + c H_C,  x-coefficients, n in [200,800] ===
    scanned 865 primitive triples with entries in [-6,6] (up to sign)
    top 10 by least-squares slope of v_3(H_n):
      (a,b,c)=[6, 5, 0]  LS=+0.002375  wide=+0.003333  min v/n=+0.000000  max v/n=+0.058537  nonzero=601
      (a,b,c)=[6, 1, 0]  LS=+0.002375  wide=+0.003333  min v/n=+0.000000  max v/n=+0.058537  nonzero=601
      (a,b,c)=[6, -1, 0]  LS=+0.002375  wide=+0.003333  min v/n=+0.000000  max v/n=+0.058537  nonzero=601
      (a,b,c)=[6, -5, 0]  LS=+0.002375  wide=+0.003333  min v/n=+0.000000  max v/n=+0.058537  nonzero=601
      (a,b,c)=[5, 6, 0]  LS=+0.002375  wide=+0.003333  min v/n=+0.001372  max v/n=+0.063415  nonzero=601
      (a,b,c)=[5, 4, 0]  LS=+0.002375  wide=+0.003333  min v/n=+0.000000  max v/n=+0.058537  nonzero=601
      (a,b,c)=[5, 3, 0]  LS=+0.002375  wide=+0.003333  min v/n=+0.004115  max v/n=+0.073171  nonzero=601
      (a,b,c)=[5, 2, 0]  LS=+0.002375  wide=+0.003333  min v/n=+0.000000  max v/n=+0.058537  nonzero=601
      (a,b,c)=[5, 1, 0]  LS=+0.002375  wide=+0.003333  min v/n=+0.000000  max v/n=+0.058537  nonzero=601
      (a,b,c)=[5, -1, 0]  LS=+0.002375  wide=+0.003333  min v/n=+0.000000  max v/n=+0.058537  nonzero=601
    MAX least-squares slope over all triples: +0.002375 at [6, 5, 0]
    top 5 by min_{n in window} v_3(H_n)/n:
      (a,b,c)=[4, -3, 0]  min v/n=+0.005487  LS=+0.002375
      (a,b,c)=[1, 6, 0]  min v/n=+0.004115  LS=+0.002375
      (a,b,c)=[5, 3, 0]  min v/n=+0.004115  LS=+0.002375
      (a,b,c)=[1, -3, 0]  min v/n=+0.002743  LS=+0.002375
      (a,b,c)=[2, 3, 0]  min v/n=+0.002743  LS=+0.002375
    MAX wide-window slope over all triples: +0.003333 at [0, 1, 0]

