[0;31m  ***   Warning: new maximum stack size = 8000000000 (7629.395 Mbytes).[0m
=== PART 4: p=2  H = a H_A + b H_B + c H_C,  x-coefficients, n in [100,400] ===
    scanned 865 primitive triples with entries in [-6,6] (up to sign)
    top 10 by least-squares slope of v_2(H_n):
      (a,b,c)=[3, 0, 1]  LS=+0.000422  wide=+0.000000  min v/n=+0.000000  max v/n=+0.044335  nonzero=301
      (a,b,c)=[6, 0, 1]  LS=+0.000405  wide=+0.000000  min v/n=+0.000000  max v/n=+0.042254  nonzero=301
      (a,b,c)=[3, 0, -5]  LS=+0.000345  wide=+0.000000  min v/n=+0.000000  max v/n=+0.059259  nonzero=301
      (a,b,c)=[4, 0, 3]  LS=+0.000331  wide=-0.006667  min v/n=+0.000000  max v/n=+0.046296  nonzero=301
      (a,b,c)=[1, 0, -3]  LS=+0.000323  wide=+0.000000  min v/n=+0.000000  max v/n=+0.027586  nonzero=301
      (a,b,c)=[3, 0, 5]  LS=+0.000245  wide=+0.000000  min v/n=+0.000000  max v/n=+0.040000  nonzero=301
      (a,b,c)=[5, 0, 1]  LS=+0.000234  wide=+0.000000  min v/n=+0.000000  max v/n=+0.062112  nonzero=301
      (a,b,c)=[6, 0, -1]  LS=+0.000204  wide=+0.000000  min v/n=+0.000000  max v/n=+0.045455  nonzero=301
      (a,b,c)=[1, 0, 1]  LS=+0.000143  wide=+0.000000  min v/n=+0.000000  max v/n=+0.045045  nonzero=301
      (a,b,c)=[0, 0, 1]  LS=+0.000131  wide=+0.006667  min v/n=+0.000000  max v/n=+0.054688  nonzero=301
    MAX least-squares slope over all triples: +0.000422 at [3, 0, 1]
    top 5 by min_{n in window} v_2(H_n)/n:
      (a,b,c)=[1, 0, 3]  min v/n=+0.000000  LS=-0.000954
      (a,b,c)=[2, 0, 5]  min v/n=+0.000000  LS=-0.000737
      (a,b,c)=[1, 0, -5]  min v/n=+0.000000  LS=-0.000454
      (a,b,c)=[2, 0, -1]  min v/n=+0.000000  LS=-0.000371
      (a,b,c)=[5, 0, -1]  min v/n=+0.000000  LS=-0.000363
    MAX wide-window slope over all triples: +0.006667 at [0, 0, 1]

=== PART 4: p=3  H = a H_A + b H_B + c H_C,  x-coefficients, n in [100,400] ===
    scanned 865 primitive triples with entries in [-6,6] (up to sign)
    top 10 by least-squares slope of v_3(H_n):
      (a,b,c)=[6, 5, 0]  LS=+0.002890  wide=+0.016667  min v/n=+0.000000  max v/n=+0.060345  nonzero=301
      (a,b,c)=[6, 1, 0]  LS=+0.002890  wide=+0.016667  min v/n=+0.000000  max v/n=+0.060345  nonzero=301
      (a,b,c)=[6, -1, 0]  LS=+0.002890  wide=+0.016667  min v/n=+0.000000  max v/n=+0.060345  nonzero=301
      (a,b,c)=[6, -5, 0]  LS=+0.002890  wide=+0.016667  min v/n=+0.000000  max v/n=+0.060345  nonzero=301
      (a,b,c)=[5, 6, 0]  LS=+0.002890  wide=+0.016667  min v/n=+0.004115  max v/n=+0.068966  nonzero=301
      (a,b,c)=[5, 4, 0]  LS=+0.002890  wide=+0.016667  min v/n=+0.000000  max v/n=+0.060345  nonzero=301
      (a,b,c)=[5, 3, 0]  LS=+0.002890  wide=+0.016667  min v/n=+0.012346  max v/n=+0.086207  nonzero=301
      (a,b,c)=[5, 2, 0]  LS=+0.002890  wide=+0.016667  min v/n=+0.000000  max v/n=+0.060345  nonzero=301
      (a,b,c)=[5, 1, 0]  LS=+0.002890  wide=+0.016667  min v/n=+0.000000  max v/n=+0.060345  nonzero=301
      (a,b,c)=[5, -1, 0]  LS=+0.002890  wide=+0.016667  min v/n=+0.000000  max v/n=+0.060345  nonzero=301
    MAX least-squares slope over all triples: +0.002890 at [6, 5, 0]
    top 5 by min_{n in window} v_3(H_n)/n:
      (a,b,c)=[4, -3, 0]  min v/n=+0.015432  LS=+0.002890
      (a,b,c)=[1, 6, 0]  min v/n=+0.012346  LS=+0.002890
      (a,b,c)=[5, 3, 0]  min v/n=+0.012346  LS=+0.002890
      (a,b,c)=[1, -3, 0]  min v/n=+0.008230  LS=+0.002890
      (a,b,c)=[2, 3, 0]  min v/n=+0.008230  LS=+0.002890
    MAX wide-window slope over all triples: +0.016667 at [0, 1, 0]

