[0;31m  ***   Warning: new maximum stack size = 8000000000 (7629.395 Mbytes).[0m

=== c6_a2 / JOINT (Q,P)  (NALL=200, fit on n<=192, hold out 8) ===
   Q_0..Q_3 = [135/2, -17787/16, 9327116929/32768, -84405418545546875/700710912]
   P_0..P_3 = [0, -217169/250, 2025299624623001/9106944000, -1023030822908951427350993/10870214302531584]
  -- stage 1: mod-p sweep, r=1..2 d=2..20
   r=2 d=15  unknowns=48  rows=380  nullity=1
  -- stage 2: exact reconstruction at r=2 d=15
   primes used: 4
   c_0(n) = 4112551331758080*nn^15 + 58889728948174848*nn^14 + 381879368480194560*nn^13 + 1484299741907386368*nn^12 + 3857722708647444480*nn^11 + 7082090853703630848*nn^10 + 9457608546658381824*nn^9 + 9321428718235514880*nn^8 + 6806505805283412288*nn^7 + 3661945830446807520*nn^6 + 1429252920361950624*nn^5 + 393373265994025920*nn^4 + 72807654506056020*nn^3 + 8366226130905102*nn^2 + 517739429898460*nn + 12897142775825
   c_1(n) = -4108535168348160*nn^15 - 71159833033998336*nn^14 - 567567172425480192*nn^13 - 2763639744252033024*nn^12 - 9181399723792289280*nn^11 - 22028367516622060032*nn^10 - 39398371589488868352*nn^9 - 53442585837332785152*nn^8 - 55380579908631289776*nn^7 - 43796670131235977280*nn^6 - 26187581797380200232*nn^5 - 11612715239355026904*nn^4 - 3692217535941491892*nn^3 - 793593224518212810*nn^2 - 102981162110661532*nn - 6075898873869003
   c_2(n) = -4016163409920*nn^15 - 79598399680512*nn^14 - 722420726151168*nn^13 - 3979863387684864*nn^12 - 14871892319248896*nn^11 - 39894392406260736*nn^10 - 79291731067900416*nn^9 - 118783324569291264*nn^8 - 135082457281433232*nn^7 - 116486606313961488*nn^6 - 75460333907680488*nn^5 - 36018674836041744*nn^4 - 12247201421117856*nn^3 - 2797125848722368*nn^2 - 383265808434432*nn - 23732951058432
   factor c_0 = [2*nn + 1, 1; 12*nn + 1, 2; 12*nn + 5, 2; 12*nn + 7, 2; 12*nn + 11, 2; 4782240*nn^6 + 46959264*nn^5 + 191434752*nn^4 + 414701856*nn^3 + 503490906*nn^2 + 324840186*nn + 87010577, 1]
   factor c_1 = Mat([4108535168348160*nn^15 + 71159833033998336*nn^14 + 567567172425480192*nn^13 + 2763639744252033024*nn^12 + 9181399723792289280*nn^11 + 22028367516622060032*nn^10 + 39398371589488868352*nn^9 + 53442585837332785152*nn^8 + 55380579908631289776*nn^7 + 43796670131235977280*nn^6 + 26187581797380200232*nn^5 + 11612715239355026904*nn^4 + 3692217535941491892*nn^3 + 793593224518212810*nn^2 + 102981162110661532*nn + 6075898873869003, 1])
   factor c_2 = [nn + 2, 3; 3*nn + 4, 1; 3*nn + 8, 1; 6*nn + 7, 2; 6*nn + 11, 2; 4782240*nn^6 + 18265824*nn^5 + 28372032*nn^4 + 22910688*nn^3 + 10134810*nn^2 + 2327814*nn + 217169, 1]
  -- stage 3: exact verification over Q on n = 1 .. 198   (fit used n <= 190)
   failures = 0
   failures on HELD-OUT n = 191..198 : 0
  -- stage 4: singularity structure
   deg c_i = [15, 15, 15]
   leading coeff of each c_i = [4112551331758080, -4108535168348160, -4016163409920]
   Pgf(x) = 4112551331758080*x^2 - 4108535168348160*x - 4016163409920   (D = 15)
   chi(x) = sum lead_i x^i = -4016163409920*x^2 - 4108535168348160*x + 4112551331758080
   chi factored = [x - 1, 1; x + 1024, 1]
   characteristic roots lambda = [-1024.0000000000000000000000000000000000 + 0.E-38*I, 1.0000000000000000000000000000000000000 + 0.E-38*I]~
   |lambda| = [1024.0000000000000000000000000000000000, 1.0000000000000000000000000000000000000]
   log|lambda| = [6.9314718055994530941723212145817656808, 0.E-38]
  -- generating-function singular points
   FINITE NONZERO SINGULAR POINTS = [-0.00097656250000000000000000000000000000000 + 0.E-38*I, 1.0000000000000000000000000000000000000 + 0.E-38*I]
   |sing| = [0.00097656250000000000000000000000000000000, 1.0000000000000000000000000000000000000]
   exact factorisation of Pgf = [x - 1, 1; 1024*x + 1, 1]
   MIN modulus of nonzero finite singularity = 0.00097656250000000000000000000000000000000
   (x = 0 and x = infinity are always singular for these operators.)

=== c6_a2 / Q only  (NALL=200, fit on n<=192, hold out 8) ===
   Q_0..Q_3 = [135/2, -17787/16, 9327116929/32768, -84405418545546875/700710912]
   P_0..P_3 = [0, -217169/250, 2025299624623001/9106944000, -1023030822908951427350993/10870214302531584]
  -- stage 1: mod-p sweep, r=1..1 d=2..12
   r=1 d=9  unknowns=20  rows=191  nullity=1
  -- stage 2: exact reconstruction at r=1 d=9
   primes used: 3
   c_0(n) = 859963392*nn^9 + 3869835264*nn^8 + 7429128192*nn^7 + 7942717440*nn^6 + 5171973120*nn^5 + 2102754816*nn^4 + 524287872*nn^3 + 75145536*nn^2 + 5396930*nn + 148225
   c_1(n) = 839808*nn^9 + 5878656*nn^8 + 17496000*nn^7 + 28926720*nn^6 + 29072520*nn^5 + 18235368*nn^4 + 7044336*nn^3 + 1591920*nn^2 + 189000*nn + 9000
   factor c_0 = [2*nn + 1, 1; 12*nn + 1, 2; 12*nn + 5, 2; 12*nn + 7, 2; 12*nn + 11, 2]
   factor c_1 = [nn + 1, 3; 3*nn + 1, 1; 3*nn + 5, 1; 6*nn + 1, 2; 6*nn + 5, 2]
  -- stage 3: exact verification over Q on n = 1 .. 199   (fit used n <= 191)
   failures = 0
   failures on HELD-OUT n = 192..199 : 0
  -- stage 4: singularity structure
   deg c_i = [9, 9]
   leading coeff of each c_i = [859963392, 839808]
   Pgf(x) = 859963392*x + 839808   (D = 9)
   chi(x) = sum lead_i x^i = 839808*x + 859963392
   chi factored = Mat([x + 1024, 1])
   characteristic roots lambda = [-1024.0000000000000000000000000000000000 + 0.E-38*I]~
   |lambda| = [1024.0000000000000000000000000000000000]
   log|lambda| = [6.9314718055994530941723212145817656808]
  -- generating-function singular points
   FINITE NONZERO SINGULAR POINTS = [-0.00097656250000000000000000000000000000000 + 0.E-38*I]
   |sing| = [0.00097656250000000000000000000000000000000]
   exact factorisation of Pgf = Mat([1024*x + 1, 1])
   MIN modulus of nonzero finite singularity = 0.00097656250000000000000000000000000000000
   (x = 0 and x = infinity are always singular for these operators.)

=== c6_a1 / JOINT (Q,P)  (NALL=200, fit on n<=192, hold out 8) ===
   Q_0..Q_3 = [135/2, 1107/4, 2227905/2048, 780699747/315392]
   P_0..P_3 = [0, 27018/125, 32251296663/37945600, 2759873826314941121/1427041808192000]
  -- stage 1: mod-p sweep, r=1..2 d=2..20
   r=2 d=13  unknowns=42  rows=380  nullity=1
  -- stage 2: exact reconstruction at r=2 d=13
   primes used: 3
   c_0(n) = 181398528*nn^9 + 1768635648*nn^8 + 7353358848*nn^7 + 16992675072*nn^6 + 23827382496*nn^5 + 20744552304*nn^4 + 10990423440*nn^3 + 3311209368*nn^2 + 492157530*nn + 27648450
   c_1(n) = -6167549952*nn^11 - 81720036864*nn^10 - 484764051456*nn^9 - 1698022911744*nn^8 - 3898916462016*nn^7 - 6156127396800*nn^6 - 6813485563968*nn^5 - 5280542373312*nn^4 - 2805631004268*nn^3 - 972503383662*nn^2 - 197868832132*nn - 17917387035
   c_2(n) = 181398528*nn^13 + 3401222400*nn^12 + 28949861376*nn^11 + 148006082304*nn^10 + 506693841120*nn^9 + 1225565651664*nn^8 + 2152685075760*nn^7 + 2777380760808*nn^6 + 2629288047402*nn^5 + 1801839694500*nn^4 + 867900779176*nn^3 + 277996196400*nn^2 + 53047106112*nn + 4556507648
   factor c_0 = [nn + 1, 1; 6*nn + 1, 2; 6*nn + 5, 2; 7776*nn^4 + 52488*nn^3 + 132264*nn^2 + 147492*nn + 61441, 1]
   factor c_1 = Mat([6167549952*nn^11 + 81720036864*nn^10 + 484764051456*nn^9 + 1698022911744*nn^8 + 3898916462016*nn^7 + 6156127396800*nn^6 + 6813485563968*nn^5 + 5280542373312*nn^4 + 2805631004268*nn^3 + 972503383662*nn^2 + 197868832132*nn + 17917387035, 1])
   factor c_2 = [nn + 2, 3; 3*nn + 4, 1; 3*nn + 8, 1; 6*nn + 7, 2; 6*nn + 11, 2; 7776*nn^4 + 21384*nn^3 + 21456*nn^2 + 9324*nn + 1501, 1]
  -- stage 3: exact verification over Q on n = 1 .. 198   (fit used n <= 190)
   failures = 0
   failures on HELD-OUT n = 191..198 : 0
  -- stage 4: singularity structure
   deg c_i = [9, 11, 13]
   leading coeff of each c_i = [181398528, -6167549952, 181398528]
   Pgf(x) = 181398528   (D = 13)
   *** deg c_i NOT all equal: no classical characteristic polynomial.
   *** Newton polygon of (i, deg c_i):
       edge 0->1  slope = 2   => u_(n+1)/u_n ~ rho * n^-2
       edge 1->2  slope = 2   => u_(n+1)/u_n ~ rho * n^-2
   *** balance polynomial sum_i lead_i rho^i (all i, formal) = 181398528*x^2 - 6167549952*x + 181398528
   *** its roots (rho) = [0.029437251522859414379735309483623057164 + 0.E-38*I, 33.970562748477140585620264690516376943 + 0.E-38*I]~
   *** |rho| = [0.029437251522859414379735309483623057164, 33.970562748477140585620264690516376943]
  -- generating-function singular points
   Pgf is constant: NO finite nonzero singular point.
   (x = 0 and x = infinity are always singular for these operators.)

=== c12_a2 / Q only  (NALL=200, fit on n<=192, hold out 8) ===
   Q_0..Q_3 = [1152, 9327116929/27720, 23739588887571332028125/1135618818048, 1185036223088005734767262339192003125/324299829286539362304]
   P_0..P_3 = [0, 1407086131343791/4565330000, 1336099209956113951027072705954273067/69778068335051855253995520, 10780689251206785563064066677714753516936893786969951087/3220938713920796279151286775985463099392]
  -- stage 1: mod-p sweep, r=1..1 d=2..22
   r=1 d=18  unknowns=38  rows=191  nullity=1
  -- stage 2: exact reconstruction at r=1 d=18
   primes used: 4
   c_0(n) = 48466299163780426235904*nn^18 + 436196692474023836123136*nn^17 + 1820851933861472957890560*nn^16 + 4679690441480576711000064*nn^15 + 8288302199821983553683456*nn^14 + 10728470275783016765718528*nn^13 + 10501835941496723135791104*nn^12 + 7934191768821670833291264*nn^11 + 4679649768327046351552512*nn^10 + 2164974725280405846491136*nn^9 + 784843845806762546429952*nn^8 + 221466578160704752189440*nn^7 + 48013156142696738783232*nn^6 + 7829760579566861352960*nn^5 + 929599272859043395584*nn^4 + 76389214451387461632*nn^3 + 4003962812853844996*nn^2 + 116061720613979140*nn + 1382511906801025
   c_1(n) = -46221064723759104*nn^18 - 647094906132627456*nn^17 - 4202265134468431872*nn^16 - 16807776619409178624*nn^15 - 46353428692963688448*nn^14 - 93487684882683396096*nn^13 - 142680033827170025472*nn^12 - 168165452388875894784*nn^11 - 154805572568299880448*nn^10 - 111814573581379731456*nn^9 - 63293581770664550400*nn^8 - 27888242933929476096*nn^7 - 9441489914761946112*nn^6 - 2405742425577805824*nn^5 - 447246702136286208*nn^4 - 57896397537988608*nn^3 - 4851721848314880*nn^2 - 231994844928000*nn - 4733334144000
   factor c_0 = [2*nn + 1, 2; 24*nn + 1, 2; 24*nn + 5, 2; 24*nn + 7, 2; 24*nn + 11, 2; 24*nn + 13, 2; 24*nn + 17, 2; 24*nn + 19, 2; 24*nn + 23, 2]
   factor c_1 = [nn + 1, 6; 6*nn + 1, 1; 6*nn + 5, 1; 6*nn + 7, 1; 6*nn + 11, 1; 12*nn + 1, 2; 12*nn + 5, 2; 12*nn + 7, 2; 12*nn + 11, 2]
  -- stage 3: exact verification over Q on n = 1 .. 199   (fit used n <= 191)
   failures = 0
   failures on HELD-OUT n = 192..199 : 0
  -- stage 4: singularity structure
   deg c_i = [18, 18]
   leading coeff of each c_i = [48466299163780426235904, -46221064723759104]
   Pgf(x) = 48466299163780426235904*x - 46221064723759104   (D = 18)
   chi(x) = sum lead_i x^i = -46221064723759104*x + 48466299163780426235904
   chi factored = Mat([x - 1048576, 1])
   characteristic roots lambda = [1048576.0000000000000000000000000000000 + 0.E-38*I]~
   |lambda| = [1048576.0000000000000000000000000000000]
   log|lambda| = [13.862943611198906188344642429163531362]
  -- generating-function singular points
   FINITE NONZERO SINGULAR POINTS = [9.5367431640625000000000000000000000000 E-7 + 0.E-38*I]
   |sing| = [9.5367431640625000000000000000000000000 E-7]
   exact factorisation of Pgf = Mat([1048576*x - 1, 1])
   MIN modulus of nonzero finite singularity = 9.5367431640625000000000000000000000000 E-7
   (x = 0 and x = infinity are always singular for these operators.)

=== h12_a2_r1 / JOINT (Q,P)  (NALL=200, fit on n<=192, hold out 8) ===
   Q_0..Q_3 = [6/5, -89401/2640, 66152646875/6893568, -67728845822603723023/16027711045632]
   P_0..P_3 = [0, -12944771/2662, 4281553983296731061/3107138191872, -19178115788907592771360716260311/31605747544958146560000]
  -- stage 1: mod-p sweep, r=1..2 d=2..20
   r=2 d=15  unknowns=48  rows=380  nullity=1
  -- stage 2: exact reconstruction at r=2 d=15
   primes used: 4
   c_0(n) = 67380041019524382720*nn^15 + 964849319086896709632*nn^14 + 6249953026382122450944*nn^13 + 24234942502697152020480*nn^12 + 62736494042009019875328*nn^11 + 114474008304529025531904*nn^10 + 151513685380921631440896*nn^9 + 147422811419940050436096*nn^8 + 105671237120679047417856*nn^7 + 55338621035012090689536*nn^6 + 20748691976541474290688*nn^5 + 5367635635609589432832*nn^4 + 898064756536352441040*nn^3 + 86377767098070542904*nn^2 + 3799243968930524686*nn + 59464054895328083
   c_1(n) = -67314240198216253440*nn^15 - 1165882704429028737024*nn^14 - 9292289169121697857536*nn^13 - 45179108580145319903232*nn^12 - 149746194449700132225024*nn^11 - 358120152797773356859392*nn^10 - 637817245745488623304704*nn^9 - 860610214273942176399360*nn^8 - 886054331333011761146880*nn^7 - 695285147402148629975040*nn^6 - 411936535582063405386624*nn^5 - 180740602516796963653248*nn^4 - 56780522366826973984560*nn^3 - 12045778346885416930440*nn^2 - 1542366368967946558990*nn - 89912633649231352281
   c_2(n) = -65800821308129280*nn^15 - 1304140180365508608*nn^14 - 11808978277245124608*nn^13 - 64761765710190870528*nn^12 - 240377109263638069248*nn^11 - 639124314732836683776*nn^10 - 1256442722024884273152*nn^9 - 1857948024159840632832*nn^8 - 2081577468764911444992*nn^7 - 1765109815111577797632*nn^6 - 1122395685565822323840*nn^5 - 525024739704385976832*nn^4 - 174710841601552551072*nn^3 - 39016813601063535552*nn^2 - 5228304026888621952*nn - 317297159857956096
   factor c_0 = [2*nn + 1, 1; 24*nn + 1, 2; 24*nn + 11, 2; 24*nn + 13, 2; 24*nn + 23, 2; 306063360*nn^6 + 3005392896*nn^5 + 12240253440*nn^4 + 26467015680*nn^3 + 32047782120*nn^2 + 20605758696*nn + 5497013123, 1]
   factor c_1 = Mat([67314240198216253440*nn^15 + 1165882704429028737024*nn^14 + 9292289169121697857536*nn^13 + 45179108580145319903232*nn^12 + 149746194449700132225024*nn^11 + 358120152797773356859392*nn^10 + 637817245745488623304704*nn^9 + 860610214273942176399360*nn^8 + 886054331333011761146880*nn^7 + 695285147402148629975040*nn^6 + 411936535582063405386624*nn^5 + 180740602516796963653248*nn^4 + 56780522366826973984560*nn^3 + 12045778346885416930440*nn^2 + 1542366368967946558990*nn + 89912633649231352281, 1])
   factor c_2 = [nn + 2, 3; 6*nn + 7, 1; 6*nn + 17, 1; 12*nn + 13, 2; 12*nn + 23, 2; 306063360*nn^6 + 1169012736*nn^5 + 1804239360*nn^4 + 1438663680*nn^3 + 625277160*nn^2 + 140812056*nn + 12944771, 1]
  -- stage 3: exact verification over Q on n = 1 .. 198   (fit used n <= 190)
   failures = 0
   failures on HELD-OUT n = 191..198 : 0
  -- stage 4: singularity structure
   deg c_i = [15, 15, 15]
   leading coeff of each c_i = [67380041019524382720, -67314240198216253440, -65800821308129280]
   Pgf(x) = 67380041019524382720*x^2 - 67314240198216253440*x - 65800821308129280   (D = 15)
   chi(x) = sum lead_i x^i = -65800821308129280*x^2 - 67314240198216253440*x + 67380041019524382720
   chi factored = [x - 1, 1; x + 1024, 1]
   characteristic roots lambda = [-1024.0000000000000000000000000000000000 + 0.E-38*I, 1.0000000000000000000000000000000000000 + 0.E-38*I]~
   |lambda| = [1024.0000000000000000000000000000000000, 1.0000000000000000000000000000000000000]
   log|lambda| = [6.9314718055994530941723212145817656808, 0.E-38]
  -- generating-function singular points
   FINITE NONZERO SINGULAR POINTS = [-0.00097656250000000000000000000000000000000 + 0.E-38*I, 1.0000000000000000000000000000000000000 + 0.E-38*I]
   |sing| = [0.00097656250000000000000000000000000000000, 1.0000000000000000000000000000000000000]
   exact factorisation of Pgf = [x - 1, 1; 1024*x + 1, 1]
   MIN modulus of nonzero finite singularity = 0.00097656250000000000000000000000000000000
   (x = 0 and x = infinity are always singular for these operators.)

=== h12_a2_r5 / JOINT (Q,P)  (NALL=200, fit on n<=192, hold out 8) ===
   Q_0..Q_3 = [6, -104329/1680, 2512025293969/184504320, -3502853901919604375/648125743104]
   P_0..P_3 = [0, -15771851/85750, 39595868364158878619/982508759232000, -1784955766012527705101564224717/111575422003640243798016]
  -- stage 1: mod-p sweep, r=1..2 d=2..20
   r=2 d=15  unknowns=48  rows=380  nullity=1
  -- stage 2: exact reconstruction at r=2 d=15
   primes used: 4
   c_0(n) = 67380041019524382720*nn^15 + 964849319086896709632*nn^14 + 6267975817841816371200*nn^13 + 24458474419266395308032*nn^12 + 63986965289295528591360*nn^11 + 118644932466199926669312*nn^10 + 160750279817520460333056*nn^9 + 161730974101449985228800*nn^8 + 121580876692428380393472*nn^7 + 68158265999336549775360*nn^6 + 28208843890964609965056*nn^5 + 8450313162575709196800*nn^4 + 1771272438875678166480*nn^3 + 245064397996183161528*nn^2 + 20009100337357685470*nn + 727206681442190075
   c_1(n) = -67314240198216253440*nn^15 - 1165882704429028737024*nn^14 - 9310239526181350146048*nn^13 - 45446748552625291001856*nn^12 - 151565781263862682091520*nn^11 - 365583465549395793543168*nn^10 - 658404883288816251568128*nn^9 - 900903267874810279231488*nn^8 - 943548950726762029231104*nn^7 - 755760998482154659123200*nn^6 - 458747624374711821203328*nn^5 - 207019181784268403174016*nn^4 - 67151426851041577359408*nn^3 - 14760683471279551071240*nn^2 - 1962795701913092747998*nn - 118787605092476635857
   c_2(n) = -65800821308129280*nn^15 - 1304140180365508608*nn^14 - 11881412677286756352*nn^13 - 65946608466558713856*nn^12 - 249148963552825442304*nn^11 - 678002165316383145984*nn^10 - 1371415929438183358464*nn^9 - 2097277542795510153216*nn^8 - 2441981945370319561728*nn^7 - 2162220732933822415872*nn^6 - 1442178243314994724992*nn^5 - 710645544250935077376*nn^4 - 250069870907761770144*nn^3 - 59232682060161642432*nn^2 - 8429378507803191168*nn - 542133472541177088
   factor c_0 = [2*nn + 1, 1; 24*nn + 5, 2; 24*nn + 7, 2; 24*nn + 17, 2; 24*nn + 19, 2; 306063360*nn^6 + 3005392896*nn^5 + 12271108608*nn^4 + 26664090624*nn^3 + 32516896104*nn^2 + 21098871144*nn + 5690058443, 1]
   factor c_1 = Mat([67314240198216253440*nn^15 + 1165882704429028737024*nn^14 + 9310239526181350146048*nn^13 + 45446748552625291001856*nn^12 + 151565781263862682091520*nn^11 + 365583465549395793543168*nn^10 + 658404883288816251568128*nn^9 + 900903267874810279231488*nn^8 + 943548950726762029231104*nn^7 + 755760998482154659123200*nn^6 + 458747624374711821203328*nn^5 + 207019181784268403174016*nn^4 + 67151426851041577359408*nn^3 + 14760683471279551071240*nn^2 + 1962795701913092747998*nn + 118787605092476635857, 1])
   factor c_2 = [nn + 2, 3; 6*nn + 11, 1; 6*nn + 13, 1; 12*nn + 17, 2; 12*nn + 19, 2; 306063360*nn^6 + 1169012736*nn^5 + 1835094528*nn^4 + 1512317952*nn^3 + 688297320*nn^2 + 163500696*nn + 15771851, 1]
  -- stage 3: exact verification over Q on n = 1 .. 198   (fit used n <= 190)
   failures = 0
   failures on HELD-OUT n = 191..198 : 0
  -- stage 4: singularity structure
   deg c_i = [15, 15, 15]
   leading coeff of each c_i = [67380041019524382720, -67314240198216253440, -65800821308129280]
   Pgf(x) = 67380041019524382720*x^2 - 67314240198216253440*x - 65800821308129280   (D = 15)
   chi(x) = sum lead_i x^i = -65800821308129280*x^2 - 67314240198216253440*x + 67380041019524382720
   chi factored = [x - 1, 1; x + 1024, 1]
   characteristic roots lambda = [-1024.0000000000000000000000000000000000 + 0.E-38*I, 1.0000000000000000000000000000000000000 + 0.E-38*I]~
   |lambda| = [1024.0000000000000000000000000000000000, 1.0000000000000000000000000000000000000]
   log|lambda| = [6.9314718055994530941723212145817656808, 0.E-38]
  -- generating-function singular points
   FINITE NONZERO SINGULAR POINTS = [-0.00097656250000000000000000000000000000000 + 0.E-38*I, 1.0000000000000000000000000000000000000 + 0.E-38*I]
   |sing| = [0.00097656250000000000000000000000000000000, 1.0000000000000000000000000000000000000]
   exact factorisation of Pgf = [x - 1, 1; 1024*x + 1, 1]
   MIN modulus of nonzero finite singularity = 0.00097656250000000000000000000000000000000
   (x = 0 and x = infinity are always singular for these operators.)

=== h12_a1_r1 / JOINT (Q,P)  (NALL=200, fit on n<=192, hold out 8) ===
   Q_0..Q_3 = [6/5, 93/11, 3857121/104720, 2337950473/26838240]
   P_0..P_3 = [0, 1615752/1331, 149785128691785/28320269978, 4634102210549664174727/370464531649712500]
  -- stage 1: mod-p sweep, r=1..2 d=2..20
   r=2 d=13  unknowns=42  rows=380  nullity=1
  -- stage 2: exact reconstruction at r=2 d=13
   primes used: 3
   c_0(n) = 185752092672*nn^9 + 1811082903552*nn^8 + 7498880778240*nn^7 + 17148959981568*nn^6 + 23545497581568*nn^5 + 19687332289536*nn^4 + 9639210905856*nn^3 + 2463589987200*nn^2 + 250072849224*nn + 8449045704
   c_1(n) = -6315571150848*nn^11 - 83681317748736*nn^10 - 495670859661312*nn^9 - 1730954524557312*nn^8 - 3955664755372032*nn^7 - 6204317970493440*nn^6 - 6807011947545600*nn^5 - 5217610596295680*nn^4 - 2735200244565936*nn^3 - 933367007349432*nn^2 - 186710827956382*nn - 16642792076865
   c_2(n) = 185752092672*nn^13 + 3482851737600*nn^12 + 29567261343744*nn^11 + 150374058688512*nn^10 + 510768459085824*nn^9 + 1222489037730816*nn^8 + 2119098758241024*nn^7 + 2690850727963008*nn^6 + 2500292001645576*nn^5 + 1677218599587888*nn^4 + 788739233930254*nn^3 + 246097631829588*nn^2 + 45681336765480*nn + 3819895889264
   factor c_0 = [nn + 1, 1; 12*nn + 1, 2; 12*nn + 11, 2; 124416*nn^4 + 839808*nn^3 + 2111040*nn^2 + 2343024*nn + 969817, 1]
   factor c_1 = Mat([6315571150848*nn^11 + 83681317748736*nn^10 + 495670859661312*nn^9 + 1730954524557312*nn^8 + 3955664755372032*nn^7 + 6204317970493440*nn^6 + 6807011947545600*nn^5 + 5217610596295680*nn^4 + 2735200244565936*nn^3 + 933367007349432*nn^2 + 186710827956382*nn + 16642792076865, 1])
   factor c_2 = [nn + 2, 3; 6*nn + 7, 1; 6*nn + 17, 1; 12*nn + 13, 2; 12*nn + 23, 2; 124416*nn^4 + 342144*nn^3 + 338112*nn^2 + 142704*nn + 22441, 1]
  -- stage 3: exact verification over Q on n = 1 .. 198   (fit used n <= 190)
   failures = 0
   failures on HELD-OUT n = 191..198 : 0
  -- stage 4: singularity structure
   deg c_i = [9, 11, 13]
   leading coeff of each c_i = [185752092672, -6315571150848, 185752092672]
   Pgf(x) = 185752092672   (D = 13)
   *** deg c_i NOT all equal: no classical characteristic polynomial.
   *** Newton polygon of (i, deg c_i):
       edge 0->1  slope = 2   => u_(n+1)/u_n ~ rho * n^-2
       edge 1->2  slope = 2   => u_(n+1)/u_n ~ rho * n^-2
   *** balance polynomial sum_i lead_i rho^i (all i, formal) = 185752092672*x^2 - 6315571150848*x + 185752092672
   *** its roots (rho) = [0.029437251522859414379735309483623057164 + 0.E-38*I, 33.970562748477140585620264690516376943 + 0.E-38*I]~
   *** |rho| = [0.029437251522859414379735309483623057164, 33.970562748477140585620264690516376943]
  -- generating-function singular points
   Pgf is constant: NO finite nonzero singular point.
   (x = 0 and x = infinity are always singular for these operators.)

=== h12_a1_r5 / JOINT (Q,P)  (NALL=200, fit on n<=192, hold out 8) ===
   Q_0..Q_3 = [6, 537/35, 827325/16016, 17144843431/155195040]
   P_0..P_3 = [0, 1944072/42875, 1564886310021/10234466242, 218413242052755507260981/667924097488489341500]
  -- stage 1: mod-p sweep, r=1..2 d=2..20
   r=2 d=13  unknowns=42  rows=380  nullity=1
  -- stage 2: exact reconstruction at r=2 d=13
   primes used: 3
   c_0(n) = 185752092672*nn^9 + 1811082903552*nn^8 + 7581437263872*nn^7 + 17819731427328*nn^6 + 25830205323264*nn^5 + 23883416165376*nn^4 + 14068241844480*nn^3 + 5091761284992*nn^2 + 1029038681160*nn + 88683424200
   c_1(n) = -6315571150848*nn^11 - 83681317748736*nn^10 - 497610937073664*nn^9 - 1751810356740096*nn^8 - 4054041844199424*nn^7 - 6471271389818880*nn^6 - 7265588973069312*nn^5 - 5733744684991488*nn^4 - 3114765570217392*nn^3 - 1108519131041208*nn^2 - 232438248101518*nn - 21734532083625
   c_2(n) = 185752092672*nn^13 + 3482851737600*nn^12 + 29773652557824*nn^11 + 153531844263936*nn^10 + 532373677701120*nn^9 + 1309657614529536*nn^8 + 2349298466415360*nn^7 + 3108236027317632*nn^6 + 3029919790931208*nn^5 + 2147008293007920*nn^4 + 1073813604996094*nn^3 + 358590922624500*nn^2 + 71587770751848*nn + 6445267008752
   factor c_0 = [nn + 1, 1; 12*nn + 5, 2; 12*nn + 7, 2; 124416*nn^4 + 839808*nn^3 + 2124864*nn^2 + 2387952*nn + 1005481, 1]
   factor c_1 = Mat([6315571150848*nn^11 + 83681317748736*nn^10 + 497610937073664*nn^9 + 1751810356740096*nn^8 + 4054041844199424*nn^7 + 6471271389818880*nn^6 + 7265588973069312*nn^5 + 5733744684991488*nn^4 + 3114765570217392*nn^3 + 1108519131041208*nn^2 + 232438248101518*nn + 21734532083625, 1])
   factor c_2 = [nn + 2, 3; 6*nn + 11, 1; 6*nn + 13, 1; 12*nn + 17, 2; 12*nn + 19, 2; 124416*nn^4 + 342144*nn^3 + 351936*nn^2 + 159984*nn + 27001, 1]
  -- stage 3: exact verification over Q on n = 1 .. 198   (fit used n <= 190)
   failures = 0
   failures on HELD-OUT n = 191..198 : 0
  -- stage 4: singularity structure
   deg c_i = [9, 11, 13]
   leading coeff of each c_i = [185752092672, -6315571150848, 185752092672]
   Pgf(x) = 185752092672   (D = 13)
   *** deg c_i NOT all equal: no classical characteristic polynomial.
   *** Newton polygon of (i, deg c_i):
       edge 0->1  slope = 2   => u_(n+1)/u_n ~ rho * n^-2
       edge 1->2  slope = 2   => u_(n+1)/u_n ~ rho * n^-2
   *** balance polynomial sum_i lead_i rho^i (all i, formal) = 185752092672*x^2 - 6315571150848*x + 185752092672
   *** its roots (rho) = [0.029437251522859414379735309483623057164 + 0.E-38*I, 33.970562748477140585620264690516376943 + 0.E-38*I]~
   *** |rho| = [0.029437251522859414379735309483623057164, 33.970562748477140585620264690516376943]
  -- generating-function singular points
   Pgf is constant: NO finite nonzero singular point.
   (x = 0 and x = infinity are always singular for these operators.)
