[0;31m  ***   Warning: new maximum stack size = 8000000000 (7629.395 Mbytes).[0m
=== conductor-12 well-poised rows for Catalan: construction & identity check ===
G = 0.915965594177219015054603514932384110774149374281672134266498
a=1 b=1  c1=-317137/40693896  c0=2391697/1302204672
    Q = 388623696/565193
    P = 263812625791128/418878662125
    sum_{t<=40000} R = 0.00627270583379909349863940648359058364298010773803186149905904   Q*G-P = 0.00627270583379909349863940648359058368111563819462322406839949   diff = 3.813553045659136256934045212794606907334715203392801665727 E-38
a=2 b=1  c1=-274857114209/13476503247624  c0=8406613019497/3881232935315712
    Q = -1845435374221153/561520968651
    P = -25308381646601996717/8407216725080250
    sum_{t<=40000} R = 0.000752303743318973710635767774056287176078057804378723534066189   Q*G-P = 0.000752303743318973710635767855418187188930409636059179955207970   diff = 8.136190001285235183168045642114178132657770963028623702974 E-29
a=3 b=1  c1=-63311736975594889/2509406757868499528  c0=15016235945755484825/6504382316395150776576
    Q = 329859026006139517671875/10423689609607613424
    P = 105614541903893971040753101/3643658612425061314656
    sum_{t<=40000} R = 0.00148976678980743511344688567326610429874536815035860711282583   Q*G-P = 0.00148976678980743530873009052330561051283756487832092901795075   diff = 1.95283204850039506214092196727962321905124920413989015592201 E-19
a=4 b=1  c1=-3325504533102454465561825/119700808191162178779720456  c0=27435534680542052623587875/11491277586351569162853163776
    Q = -2855177407536204101072532892046875/5443236751429690656088340736
    P = -1336099305636873075093698097815459627/2780889175897079737410465633792
    sum_{t<=40000} R = 0.0237584579125240046194905691139008949544416272502399936615319   Q*G-P = 0.0237584585374771268261186917608206711575408701568757783392075   diff = 6.24953122206628122646919776203099242906635784677675560428779 E-10
a=1 b=2  c1=363953939/546122568  c0=27312878827/471849898752
    Q = -4546129536/1752143239
    P = -28784592392398800772969152/12111794451692070360099875
    sum_{t<=40000} R = 1.27079064641442102193031580852170865561564712488108377952037 E-6   Q*G-P = 1.27079064641442102193031580852170865561564712488108377952037 E-6   diff = 2.895044156267111510 E-75
a=2 b=2  c1=6090358668653359/10293847612991208  c0=47054626994980943/988209370847155968
    Q = 308291284983507624/11008698141671153
    P = 1951997662298799679386831221092428/76098281296193430940898766659125
    sum_{t<=40000} R = 1.30575602426372536237904040357162468419124866920403964334133 E-8   Q*G-P = 1.30575602426372536237904040357162468419124866920403964334187 E-8   diff = 5.3181193643660357715981048582186036261 E-66
a=3 b=2  c1=748456596611199320999/1343541471558474299688  c0=16744017229834570612469/386939943808840598310144
    Q = -61510203970111500074375/136842186917992752746
    P = -9163814358654330863747248869283090989/22257170913743110478711098664042900
    sum_{t<=40000} R = 2.89421744461018907606795571931271647347568283415019278915181 E-9   Q*G-P = 2.89421744461018907606795571931271647347568283416012093798718 E-9   diff = 9.9281488353754094382859282765320682113 E-57
a=4 b=2  c1=700841839248994534348841999/1304410428774232374841856488  c0=138238440310456655410152942901/3381031831382810315590092016896
    Q = 1833335800732081204139820305934625/172182176598198673479125056416
    P = 7738714160644916340226682004639841244324626841229/793479697619754907492896417938859457372088000
    sum_{t<=40000} R = 4.08051455280885827516180705707073058567592170193867401467496 E-9   Q*G-P = 4.08051455280885827516180705707073058569498565377957090809863 E-9   diff = 1.90639518408968934236668664177725254705 E-47
a=5 b=2  c1=16987790712200358662550460888530337/32389151508790750126432725249717144  c0=122445686120830004218643196455636449/3109358544843912012137541623972845824
    Q = -2217198052253191898432693729030674336451875/6218717089687824024275083247945691648
    P = -29465688734918798605565816688648748445510879554948127/90226424468271645216427389200797767844160658432
    sum_{t<=40000} R = 2.24431989359926779849374623093078528818530408731320198840590 E-8   Q*G-P = 2.24431989359926779849374623093459845979062504732059104902248 E-8   diff = 3.813171605320960007389060616573683487014838831189256305830 E-38
a=6 b=2  c1=1925430440477690650814028388494573683981/3734755817385760285894312125735158033592  c0=41241660919970176102383649119339661975751/1075609675407098962337561892211725513674496
    Q = 1669859117674324496970453324476625161887593603430625/103258528839081500384405941652325649312751616
    P = 18777651451641126746283120898895242191551164705608786472541603/1267675840593070888658985902247976842500734642970247168
    sum_{t<=40000} R = 3.86199289760858697709238146351770023024163151930872640012876 E-7   Q*G-P = 3.86199289760858697709319502146261845527756823340249134441301 E-7   diff = 8.135579449182250359367140937649442842513428408369039483583 E-29
a=7 b=2  c1=856147367912952438448976719753318947774368383/1682218507782579242076970563976601236630127976  c0=54627910989024435795980952518524914929201386999/1453436790724148465154502567275783468448430571264
    Q = -19258607148672993845636512488768343992069532112681912622664375/20092310194970628382295843490020430667831104217153536
    P = -19687638678576385520372871276104871567567875296355677096240235483147663/22424329674112972145230019143841504445548510683692859226062848
    sum_{t<=40000} R = 1.96275819742312309024018136394209630310476115333707949300221 E-5   Q*G-P = 1.96275819742314261758310645095243209355329573199413873113781 E-5   diff = 1.95273429250870103357904485345786570592381356060283536069660 E-19
a=8 b=2  c1=93171467064665198632776399528606914318332377531203/184913658964075460123837295197762681917594454696136  c0=19907861991657378705987878004269599986031500320707/537930644259128611269344858757127801942092959116032
    Q = 13108375550409672089954451966386284382415908056836377037644780265625/181839882664239609870847181743137000289161339898089701376
    P = 13989064433127888536469991553401627294849058898122316379477387689737210413/211860394617358326920989385612788021870899885114922790899679232
    sum_{t<=40000} R = 0.00349210418281930431010035879204527419720602007320648728495690   Q*G-P = 0.00349210480775676351560501119671030111091082553979174384822869   diff = 6.24937459205504652404665026913704805466585256563271787522661 E-10
a=1 b=3  c1=48080045186233/24929816865336  c0=3408950297285503/7179787257216768
    Q = 4699739498112/27278208178846625
    P = 120248909614965755129355714088345536/761980946638949124090595240656272890625
    sum_{t<=40000} R = 2.63127587012259850389450719333228618618142302732130562388149 E-11   Q*G-P = 2.63127587012259850389450719333228618618142302732130562388149 E-11   diff = 9.115761476836531148 E-82
a=2 b=3  c1=329702036877576053249/187333131547203746808  c0=65373599695977413355877/161855825656784037242112
    Q = -57927127685743030620888/16603374476764407080373625
    P = -1482140681555177407651266222643680899808378084/463793476399109925186837517042676754458777265625
    sum_{t<=40000} R = 4.47235749267922574545844270870874409977019703544393538216266 E-14   Q*G-P = 4.47235749267922574545844270870874409977019703544393538216266 E-14   diff = 1.2741844803696304576 E-80
a=3 b=3  c1=221586595283953330203541099/132647805865809510645458088  c0=4702081474632082196174169023/12734189363117713021963976448
    Q = 20140608132549270475838523567/223935288930404805818825424950
    P = 5153235773407890036968006758778905010423845410884073/62553384124906693104260137171361759257364606330937500
    sum_{t<=40000} R = 2.20623300816692571781841948120751465678780142642774262590729 E-15   Q*G-P = 2.20623300816692571781841948120751465678780142642774262590729 E-15   diff = 2.870503389437551866 E-79
a=4 b=3  c1=2964822711683673670086675542374139/1835001704614613194097026146710568  c0=184377939308075551309318806736955309/528480490929008599899943530252643584
    Q = -151013616680633917446420161026372830433/49565434932423607498331895140593231200
    P = -12879597388996838611504287893578299619173023941509751971003309/4615151257096031856969649795380669547983355494647038165000000
    sum_{t<=40000} R = 7.98127856368849305531717025128658031625871709230781317542419 E-16   Q*G-P = 7.98127856368849305531717025128658031625871709230781317542419 E-16   diff = 2.4863772149350150537 E-77
a=5 b=3  c1=150632193257374835304467273087753387/95404831461296399784502428793002664  c0=82970485515444282299728093764513564133/247289323147680268241430295431462905088
    Q = 8196642471896106846792475994974979352960041/60723267128485932534840105878170335582720
    P = 21184012830352041163671104721908187032486634162188067250124432821/171335836003024299860331709318975851079726207834333825328000000
    sum_{t<=40000} R = 1.17198749781871376406938587608769462248024852061712645527175 E-15   Q*G-P = 1.17198749781871376406938587608769462248024852061712645527175 E-15   diff = 3.436665899632167280 E-75
a=6 b=3  c1=479601070728889776026634872890903213770372229/308929888998021529431811118009898310751684568  c0=9670936412153109662425338056798540732857942513/29657269343810066825453867328950237832161718528
    Q = -109377725619987372154686099421911767591711133463006157/14235489285028832076217856317896114159437624893440
    P = -945431218754723263055644783032667324931361509413141086547573955934457883/134336580212313068587933803537115856405416404636804834524185344000000
    sum_{t<=40000} R = 5.10877189335141600341867505615900723803320097195077594162939 E-15   Q*G-P = 5.10877189335141600341867505615900723803320097195078125881794 E-15   diff = 5.3171885437554448674169116226143857422 E-66
a=7 b=3  c1=5884649657786584844834954791850586790416358992137603/3839631895971251555985126840645627903154463369395176  c0=352847788543803555784692375353552830684498803213603173/1105813986039720448123716530105940836108485450385810688
    Q = 107943441296271878465101471129581738009075629780206640961230669/196072984179283705351334219335398328061100761071577333760
    P = 615644688045428627603401500553239264636259438212384531640081306904997885735308382401/1220878582193835020457122632322309746724897282241928717871160535854575616000000
    sum_{t<=40000} R = 5.51126020182103329465098224748106902511799699640264175176995 E-14   Q*G-P = 5.51126020182103329465098224748106902511799798906853278636475 E-14   diff = 9.9266589103459479662661911621528617490 E-57
a=8 b=3  c1=10767465883043684669005458073908721726925113966725052488409/7097160496715515310357566724913332992497878746898979388728  c0=1923447433670602956906646144653255926728973001035928238329757/6131946669162205228148937650325119705518167237320718191860992
    Q = -198132099551050199968607873787632359059984204523980540054750610319659651015/4068865476215919603548683875748533830835990906658637197645744963584
    P = -1282400040241268924429163879199938781463743398320834034184360095277758948647105692958683/28751655228976399687423064743336922445838194279132141359298033298224088350720000
    sum_{t<=40000} R = 1.32162644354586281913812588521412284550044489784332138477522 E-12   Q*G-P = 1.321626443545862819138125885214122864562011747972384022778 E-12   diff = 1.90615668501290626380031235749302073654 E-47
a=9 b=3  c1=6744604964270429090339403829353511691805321001407852725091330696187/4482122341777250201269081540342672598518660645891194891492968689704  c0=4930365347682390713277513373257676346256544635516737841925244956957/15936434992985778493401178810107280350288571185390915169752777563392
    Q = 644445497135305460270505771995642966647643495709379257222845694059034001830371637861185/123342756236599916528513346117045426245361970698800090298283689553524714110976
    P = 4171141038389302968382103831627660628764362476690485870854072536102597179863174939853897482364447117/871571798830886191325370714655076188129186293523989221726402931077857884363044243374080000
    sum_{t<=40000} R = 6.66570542586339467623963877105133543822083048603622831668493 E-11   Q*G-P = 6.665705425863394676239638774864125196175600740634880730976 E-11   diff = 3.81278975795477025459865241429226206387 E-38
a=10 b=3  c1=16473538434342363547846488604312718798566441900769900688779949208696101031/11021638047381933467478187621760513894888439111430569916737155918033841864  c0=970924813011917429796352586907230071190504852065638596884999004262661109665/3174231757645996838633718035067028001727870464092004136020300904393746456832
    Q = -29249681674843465939878929836289811723956790835946096091478684160925191677372300017908514369383795/43675569748789974025163660912125061563598101523794785230240757545649822505683652706304
    P = -3007372276720189070142139818932455325510862479764044198240450271069642689311482036733105685792710709889489/4902588770353028582932124432338942622327992951337842946925807012382185027627226916789944320000
    sum_{t<=40000} R = 7.02250192965833484652320432164335741663555643745773419521487 E-9   Q*G-P = 7.022501929658334846604554000604238236321161057327079409231 E-9   diff = 8.1349678960880819685604619869345214017 E-29
a=11 b=3  c1=162023105275905847095226675839608664331010102933496831061792875703000526918317/109017194842936054418788109724420228587524556945737465022026790420483902288536  c0=28537299640083284384108540757981109084919655700523724589428033213096260007101633/94190856344296751017832926801899077499621217201117169779031146923298091577295104
    Q = 18882466775421983024302968609204645483816327734662461066915004068960997116514483696160283318212379939893125/186625585882889058493152129535139733645876804079353141149066147900489757680495603299198697472
    P = 388288718679178843977789273933978689857290880430726323791740206776537123365662476831428992821831700477338399437611/4189749587114911665645112340067485218675868859270480223050455827758992295753728530055991291543552000
    sum_{t<=40000} R = 1.64580849198607557455515472938303206876003537488279933530225 E-6   Q*G-P = 1.645808491986270838183625938255787802229448634971127188282 E-6   diff = 1.952636284712088727557334694132600883278529799140251848287 E-19
a=12 b=3  c1=1836859475651841134507240086099007526941167737372862101366990864355107979596736373/1241896488972300386577644578550149396691755228033263684025466076415058589803608152  c0=35829207822197977548800326679088754511018564863238999335044329235504705515905480225/119222062941340837111453879540814342082408501891193313666444743335845624621146382592
    Q = -34286586616175928848563541784578341488385993603051549782945811503437309986519254877014703029657536625313303163125/1925426515622570415582995711285841478439069285803787099266665032916385888188533564386639834251264
    P = -37367682517388995137810052046849928381963308669814322673291758715952081764778550543004467808810268994430859740558995134647/2290971574269218964432317055372700098387347625010084624526781976450193542629239828037635420448066895872000
    sum_{t<=40000} R = 0.00109554045268273347069023105387617018830331014701461041228793   Q*G-P = 0.00109554107760446044713014610182583682036854390543629703466408   diff = 6.24921726976439915047949666632065233758421686622376150104475 E-10
a=1 b=4  c1=3643037210617/964680418008  c0=167686948608793/92609320128768
    Q = -334243584/417135516791664125
    P = -401924387441939473955469970870867960235137152/547619916394584323139909485032684565138548325944140625
    sum_{t<=40000} R = 8.92417790754133077908381596368398015194916638037163320182864 E-17   Q*G-P = 8.92417790754133077908381596368398015194916638037163320182864 E-17   diff = 7.970515371906211983 E-87
a=2 b=4  c1=409912845155689621/117260423638621560  c0=53161885710193392223/33771002007923009280
    Q = 8527241354975568/321127509695376484725625
    P = 10253916620975088967360483008527349137286283601939352/421579589683352927982392833980168897738223815184250486328125
    sum_{t<=40000} R = 3.585651058603990465755235246164457219418103737645900277820 E-20   Q*G-P = 3.58565105860399046575523524616445721941810373764590027796134 E-20   diff = 1.4076954744803944739 E-75
a=3 b=4  c1=17363661898019631652405/5213438435050273361528  c0=2790843421905309375591569/1930461774807186936154368
    Q = -4381482593517295013105283/4240399271513395077893126946625
    P = -10537372010475951230262216600805043796443150742785976043064373/11133681986161798690007516223888484915467551375434929485427153906250
    sum_{t<=40000} R = 5.201230983553800017234583579675755361726340236561039790181 E-22   Q*G-P = 5.20123098355380001723458357967575536172634023656103979055648 E-22   diff = 3.751335716119149384 E-77
a=4 b=4  c1=41474489427069227306744661693305/12866666109073705576050817563864  c0=1687074489069684262671108944988761/1235199946471075735300878486130944
    Q = 910287256826996563286400423964495497/18604842858550835305067834345538700322000
    P = 2189221400941726562249800301426922557562220589415317102590091987892795807/48849268789655785729500978677768281211319471766523478400289579130345612500000
    sum_{t<=40000} R = 6.352507420279141435388775852563854968381027182959073942909 E-23   Q*G-P = 6.35250742027914143538877585256385496838102718295907394372954 E-23   diff = 8.197613120656054859 E-78
a=5 b=4  c1=6592554497434962592338295169720871221/2093715954854702096295102047490550392  c0=790904503814335940120544266275397928575/602990194998154203732989389677278512896
    Q = -788246301811286188285924532437084854637/276519392508721455526690010858796424216320
    P = -4423336194655320714891506846266279166110434835066851843886676730463506031743/1694082048607012813016283379452769918711285911169662587011158425018727992000000
    sum_{t<=40000} R = 3.422361377597340121909324823143319476422705853435472995381 E-23   Q*G-P = 3.422361377597340121909324823143319476422705853435472996128 E-23   diff = 7.472309902161794861 E-78
a=6 b=4  c1=21949559797089295270320777251088430013183527/7094521108307100213450892587106141798594088  c0=23400595480155591148075122612819907329022886141/18388998712732003753264713585779119541955876096
    Q = 247442649237631518227040403033835188592148692966833/1214327746105653830071142730922249591797246253486080
    P = 35603931513543185827148237752945364325298584323224648550585902889255380076330807501533/190756856762338142865897302157626367649890549229968431084022312068572557777640832000000
    sum_{t<=40000} R = 5.711246805807667990884924482398169980069856130159561409953 E-23   Q*G-P = 5.711246805807667990884924482398169980069856130159561413019 E-23   diff = 3.0665145377268945955 E-77
a=7 b=4  c1=1428669269528340355399442766139730250097255598612039/468119974210977354252255452021352160099039358109480  c0=55860643416954038179811558717439071275786500180594599/44939517524253826008216523394049807369507778378510080
    Q = -22703554972683564006736288368013421196984451349209456923352943/1282005794640697625913755720810480712760601416603973315788800
    P = -296978206631227484834842067903599166185257955810798826190722404222404272323715299787895163868713/18308026921295550721159364476850681741219103311961108861019063898718765576297574294456320000000
    sum_{t<=40000} R = 2.379469026100657470841816545608004056434244460254793506175 E-22   Q*G-P = 2.379469026100657470841816545608004056434244460254793507951 E-22   diff = 1.7758121591412951761 E-76
a=8 b=4  c1=108478553142123124752377696798851300074552108914263325965/35933762862546235381510545466614844904033182135078860984  c0=12625352406898392567416273880448144167244807240723265531719/10348923704413315789875037094385075332361556454902711963392
    Q = 81171630532849693625583930684465051352277587044322312059156830498273/43872813195541634426964637256452312961000287972656360989125509120
    P = 24716149967210889562042312734315254996544950373761453583833746535567629370498478199716772206824777/14584544631797348904790825722743001610622669823607380665038618416520576991245922462564352000000
    sum_{t<=40000} R = 2.150794362998586181887446167513325763368164838771439818514 E-21   Q*G-P = 2.150794362998586181887446167513325763368164838771439812814 E-21   diff = 5.699871246362333453 E-75
a=9 b=4  c1=3093805820313691608474800534982792008302242610074803481360176293/1033990806453207768862982847797652514849579317408858461808798968  c0=3220076673336893352349315073597002976120285986137251647017712376903/2680104170326714536892851541491515318490109590723761133008406925056
    Q = -375759584751291872258966240336592188105461015084965597759393909072359001208531351/1636117403834341517633579391974995734805569263212418495543594877379978199040
    P = -2173903290594298516233093739087390798146431116817298812699281493114436404518949873416843197412280643367471105981/10333928591764826399207175653531233923761766728385060433448143737283461191460806174857564247460151296000000
    sum_{t<=40000} R = 3.837667971920069906496227142375638967509030447212333361165 E-20   Q*G-P = 3.837667971920069906496227142375638967509030447212333132361 E-20   diff = 2.288040588481056876 E-72
a=10 b=4  c1=2050279425915992769782934703662773541779044598234013493517641586411226793/690320756260154743734516082617158847089070984120771385027448909887716696  c0=11231126335988208980044163976659241202425606379269791193146904163271102575/9467256085853550771216220561606749902935830639370578994662156478460114688
    Q = 727288969400548554548170795444399832172897720139434600389804347970605086538411199245716265/21710649750728700630558178665545294977664980466588404952676314611336893770137337856
    P = 2152238479211228004121265402267429844997295026417018451187530874065345114899895464836399280957357158550890868316435873/70141823341249833661752533699218683712594724467075663073335377950979032406855547501230494435206535766343680000
    sum_{t<=40000} R = 1.26857031597051243069039613074577409085260727354120885656311 E-18   Q*G-P = 1.268570315970512430690396130745774090852607273546525268222 E-18   diff = 5.316411658505698191 E-66
a=11 b=4  c1=347485333379687640393184508612178663373608270832666177302372047814954992807513/117730502366840056119561422162227028557654333132649313492042052062718617542616  c0=39794532532345810240961071212171224181280165439268327155871881932077130623449579/33906384681649936162433689582721384224604447942203002285708110994062961852273408
    Q = -1116290620427460431276902096595450348444114817286030304345012754222114185035217122176963856421571875/196434523494996340270012218399206037347207618766580640324724549068576852453373593971064832
    P = -358654445981679399371626213694145532769484730655505821909816091952754912548762807188482940255282633820335901722712497082691263/68902915721817823592794715249064022035164547824610635178305839702112493872399947112392594302748511587869783805132800
    sum_{t<=40000} R = 7.46295521259649002895848664622012890422993754680778027781296 E-17   Q*G-P = 7.462955212596490028958486646220128904230930063552411366315 E-17   diff = 9.925167446310885031 E-57
a=12 b=4  c1=295085532896813505074004760271284871677614315687640822893320907069911824541888011/100513226646848590832064074927704199274491311524798134546670080631665639121448328  c0=302981042665428189941547875665655498782852722230683213853745938666484581670235346441/260530283468631547436710082212609284519481479472276764744968848997277336602794066176
    Q = 4586865516712580652271685793535572580023965658325746099588143980459224830430848890515099786502382809520763125/4129625203944761753982851007654684895999175574555478976831129265894010376902616834940249827180544
    P = 1855603007082863829057601647566076930278072789674201134150211569521252685731347462880429772736935732712047349705642656198235330644703/1823897959384297501607719213023037621896829250824780784400814653424083242021483314091755107639900818869928110407548928000
    sum_{t<=40000} R = 7.66129224549753107273357396585246061433063980770179581192862 E-15   Q*G-P = 7.66129224549753107273357396585247967350909992451745053494 E-15   diff = 1.90591784601168156547230123042400049702 E-47
a=13 b=4  c1=16945059066113237954028522683358104127367415114630247280145107012831114492033003928669555/5798667782536361594979937201320688025235881497876148356982164428165740285530922431877448  c0=642257097087822400473387694905559240832415543738609010166288215464724739660094984501806291/556672107123490713118073971326786050422644623796110242270287785103911067410968553460235008
    Q = -85948027020635353882969753707986124015779346942751265473283737108269159678628455129225321672136129772333279924792965625/346531683410992937749842322748657328539914441203071093442697705649461727489049331400931229419047825178624
    P = -548954390773842907820220718573369477858613239421754208109300902768135304831948055846456243368596579075838627466738499041438850711057303669/2416373915346493206085277789477953573631762155122055054154729728219686452661710593403019985263897257792261980348637647994880
    sum_{t<=40000} R = 1.37551472251099057305390052714134766949915012876534090936393 E-12   Q*G-P = 1.375514722510990573053900565265419275881422722000447351924 E-12   diff = 3.81240716063822725932351064425597706341 E-38
a=14 b=4  c1=2920787515753421225671587855387231758703380970447727436239213796416256052368424472654416823668277/1003554881935380083990581305103620276501321264709482410252898078753920421233419016570373363919992  c0=331154468794355400056889901929513183432342843007119280830183147102961781265980135064881981853752383/289023805997389464189287415869842639632380524236330934152834646681129081315224676772267528808957696
    Q = 5965009045665853681367332744075661809489698330934441379347137171661190696089201293060972711188718547503528710374135207854625200621875/94997248310844679968420883228397218309759190502454192647076388519853922146295193319256494176616079211903667419480064
    P = 3672882881883370102980905492901525085784491263562647748183811954501584799772968080453323678043602953680742355176410309369895211571538397858575866523/63859841805940025431850817454924196453591105389371743676448536224135549225955544434779615117713198768759887741339010733309071196160
    sum_{t<=40000} R = 4.46348879832670556410972511943055966501533128750759512988459 E-10   Q*G-P = 4.463488798326705564923160585036177986533617662278898023153 E-10   diff = 8.134354656056183215182863747713028932686259110561306239478 E-29
a=15 b=4  c1=220807705925783294865978558459748052443874361102328660733100666944999784771492759625239476095055582479/76138221807537127136400913741374452380261515668232039181337891947840751978856807560755058983147361768  c0=224739882978569641887487812658181618528096666957103469998274628877018963536063932243064273326750430508725/197350270925136233537551168417642580569637848612057445558027815928803229129196845197477112884317961702656
    Q = -167187187903471938871670541640892928816089710506086480804598136516771018739574732963683734631104029492835130967468895341803468476107295540234375/9340661397178487109623757231902126544630250867557496093454806822330803774151500346700688581543959947129687612420731883749376
    P = -319869939843736233200769285661229877323324328747393338622316402788264019466838436082938828799972447805430415679212989176782490122592976024403387887513780181/19510522666253121555492108555645394867249974008807460753516277195335224846026676599936870041851112003406684309432234318332222411292803072
    sum_{t<=40000} R = 2.86818098909055460393336390906609341959549260294397790800562 E-7   Q*G-P = 2.868180989092507141812108513475191552275320668255990166105 E-7   diff = 1.952537878744604409098132679828065312012258099810735008019 E-19
a=16 b=4  c1=48935966817799007161439365542626620447150238947844247115237374005085413754440860406712950962009613773601629/16927405007293121449147063110934991934188082104124921445438627603690574907433723263916036538505936213022776  c0=1840548162562615103199549379866067637330803302960641520231252393110124467436238818042792193407402582285402301/1625030880700139659118118058649759225682055881995992458762108249954295191113637433335939507696569876450186496
    Q = 2831150024834155020105373118906271955646128626348654650953812441461388544323193754640054472140430212594050428049549165703539505390447970301716772265625/495918676769741792304129503679068603427841408621657321827892268137302428904843216284691435647446945625900566535652653490593857536
    P = 7687810535987844504804744205613080865271428793952391165065850729960120484012327248332004737292342102675171611740033799270860190491660483714787801680861783484195141/1470181968262379569658268470747821241105824711403210448599833002340742849279138154305976366118559410889462421776460969205066828031694024474624
    sum_{t<=40000} R = 0.000475875808285659508831838879396083402222138401580751290484731   Q*G-P = 0.0004758764331915498917209913399593936687011646297766743925477   diff = 6.249058903828891524605633102664790262281959231020630177733 E-10
