[0;31m  ***   Warning: new maximum stack size = 8000000000 (7629.395 Mbytes).[0m
=== conductor-12 Catalan row, PRODUCT form: identity check & denominators ===
a1=1 a5=1 b=1:  Q = 1598112/77
            den(Q) primes: [7, 11]   den(P) primes: [5, 7, 11]
            Q*G-P = 1.956320309592505396066165927511 e0
a1=2 a5=2 b=1:  Q = 9327116929/27720
            den(Q) primes: [2, 3, 5, 7, 11]   den(P) primes: [2, 5, 7, 11]
            Q*G-P = -1.075206181541644466994571949318 e1
a1=2 a5=1 b=2:  Q = -291806632134/6551545
            den(Q) primes: [5, 7, 11, 13, 17]   den(P) primes: [5, 7, 11, 13, 17, 19, 23]
            Q*G-P = 2.434794121919365299489073424093 e-2
a1=2 a5=2 b=2:  Q = 3191092631325/10482472
            den(Q) primes: [2, 7, 11, 13, 17]   den(P) primes: [2, 5, 7, 11, 13, 17, 19, 23]
            Q*G-P = 2.169990268152705915736054411894 e-2
a1=4 a5=4 b=2:  Q = 23739588887571332028125/1135618818048
            den(Q) primes: [2, 3, 11, 13, 17]   den(P) primes: [2, 3, 5, 7, 11, 13, 17, 19, 23]
            Q*G-P = 4.243614024827091034522338370044 e2
a1=3 a5=3 b=3:  Q = 40083794809017392863/26032260814560
            den(Q) primes: [2, 3, 5, 7, 11, 13, 17, 19, 23]   den(P) primes: [2, 5, 7, 11, 13, 17, 19, 23, 29, 31]
            Q*G-P = 9.129864463050070571927254775527 e-5
a1=6 a5=6 b=3:  Q = 1185036223088005734767262339192003125/324299829286539362304
            den(Q) primes: [2, 3, 17, 19, 23]   den(P) primes: [2, 3, 7, 11, 13, 17, 19, 23, 29, 31]
            Q*G-P = -5.757307780160470657608090172462 e4
a1=4 a5=4 b=4:  Q = 17406494724589073291754314887/5405193687907022929920
            den(Q) primes: [2, 3, 5, 7, 11, 13, 17, 19, 23, 29]   den(P) primes: [2, 5, 7, 11, 13, 17, 19, 23, 29, 31, 37, 41, 43, 47]
            Q*G-P = 1.622698925577031003278403876222 e-7
a1=8 a5=8 b=4:  Q = 13761452062039036082906973899120315791082919453125/13383386918487999339930058752
            den(Q) primes: [2, 3, 23, 29]   den(P) primes: [2, 3, 11, 13, 17, 19, 23, 29, 31, 37, 41, 43, 47]
            Q*G-P = 1.352194547301151057547848139559 e7
