[0;31m  ***   Warning: new maximum stack size = 8000000000 (7629.395 Mbytes).[0m
zeta_2(2)          = 2^-1 + 1 + 2^2 + 2^3 + 2^5 + 2^6 + 2^7 + 2^9 + 2^13 + 2^18 + 2^22 + 2^25 + 2^27 + 2^30 + 2^33 + 2^35 + 2^38 + O(2^40)
L_3(2,chi_12)      = 1 + 2*3 + 3^3 + 2*3^5 + 3^6 + 3^8 + 3^11 + 3^13 + 2*3^14 + 2*3^17 + 2*3^18 + 2*3^19 + 2*3^20 + 3^21 + 3^22 + 2*3^23 + 3^25 + 2*3^27 + 2*3^28 + O(3^30)
pred xi_2 = zeta_2(2);  pred xi_3 = (9/10) L_3(2,chi_12) = 3^2 + 2*3^3 + 2*3^4 + 3^5 + 3^8 + 3^13 + 2*3^16 + 3^18 + 3^19 + 3^20 + 3^21 + 3^22 + 2*3^25 + 2*3^27 + 2*3^28 + 2*3^29 + O(3^30)

row     b   v2(xi_b - zeta_2(2))   v3(xi_b - (9/10)L_3(2,chi12))   Cauchy v2   Cauchy v3
1/1   24        370        138           352       130
1/1   36        557        214           542       202
1/1   48        753        282           732       276
1/2   24        369        140           353       133
1/2   36        555        213           541       202
1/2   48        752        282           733       277
3/2   24        368        139           353       131
3/2   36        555        214           543       202
3/2   48        751        282           733       276
2/1   24        370        138           351       131
2/1   36        559        212           543       201
2/1   48        753        282           731       277

--- controls: wrong rational scalar (row alpha=1, b=36) ---
  v2(xi - 1/2*zeta_2(2)) =   -2      v3(xi - 1/2*L_3(2,chi12)) =    0
  v2(xi - 1*zeta_2(2)) =  557      v3(xi - 1*L_3(2,chi12)) =    0
  v2(xi - 2*zeta_2(2)) =   -1      v3(xi - 2*L_3(2,chi12)) =    0
  v2(xi - 4*zeta_2(2)) =   -1      v3(xi - 4*L_3(2,chi12)) =    0
  v2(xi - 5/4*zeta_2(2)) =   -3      v3(xi - 5/4*L_3(2,chi12)) =    0
  v2(xi - 4/5*zeta_2(2)) =   -1      v3(xi - 4/5*L_3(2,chi12)) =    0
  v2(xi - 8/5*zeta_2(2)) =   -1      v3(xi - 8/5*L_3(2,chi12)) =    0
  v2(xi - 5/8*zeta_2(2)) =   -4      v3(xi - 5/8*L_3(2,chi12)) =    0
  v2(xi - 9/10*zeta_2(2)) =   -2      v3(xi - 9/10*L_3(2,chi12)) =  214
  v2(xi - 10/9*zeta_2(2)) =   -1      v3(xi - 10/9*L_3(2,chi12)) =   -2
  v2(xi - 3/2*zeta_2(2)) =   -2      v3(xi - 3/2*L_3(2,chi12)) =    1
  v2(xi - 2/3*zeta_2(2)) =   -1      v3(xi - 2/3*L_3(2,chi12)) =   -1
