[0;31m  ***   Warning: new maximum stack size = 8000000000 (7629.395 Mbytes).[0m
=== conductor-12 Catalan row (product form): wide-window rates, b: 30 -> 60 ===
alpha    logLam    loglam    kap2     kap3     nu       eta      largest prime in den(Q) at b=60
1/2    -18.3308  -19.9740    4.000    0.000   26.727   53.812   0   (12b+11 = 731)
1/1     -8.2136   -8.4632    8.000    1.733   20.101   51.469   0   (12b+11 = 731)
3/2      2.5256    2.5609   12.000    3.733   11.221   46.551   0   (12b+11 = 731)
2/1     13.7483   13.4944   16.000    5.733    1.896   38.452   0   (12b+11 = 731)

=== p-adic limits vs Theorem F ===
  prediction: xi_2 = zeta_2(2)   (E_2(2)=1, chi_-4 omega^-1 = 1 at p=2)
              xi_3 = (9/10) L_3(2,chi_12)   (E_3(2)=10/9, chi_-4 omega^-1 = chi_12 at p=3)
alpha  b    v2(xi-zeta_2(2))  Cauchy2    v3(xi-(9/10)L_3(2,chi12))  Cauchy3
1/2   30        223       211          89        82
1/2   60        463       446         176       171
1/1   30        223       215          90        84
1/1   45        343       339         130       120
1/1   60        463       451         174       168
3/2   30        223       211          89        82
3/2   60        463       446         176       171
2/1   30        227       219          90        85
2/1   45        347       342         132       124
2/1   60        467       456         176       171

=== controls at alpha=1, b=60 ===
  c=   1/2 : v2(xi - c*zeta_2(2)) =    -2   v3(xi - c*L_3(2,chi12)) =     0
  c=     1 : v2(xi - c*zeta_2(2)) =   463   v3(xi - c*L_3(2,chi12)) =     0
  c=     2 : v2(xi - c*zeta_2(2)) =    -1   v3(xi - c*L_3(2,chi12)) =     0
  c=     4 : v2(xi - c*zeta_2(2)) =    -1   v3(xi - c*L_3(2,chi12)) =     0
  c=   5/4 : v2(xi - c*zeta_2(2)) =    -3   v3(xi - c*L_3(2,chi12)) =     0
  c=   4/5 : v2(xi - c*zeta_2(2)) =    -1   v3(xi - c*L_3(2,chi12)) =     0
  c=   8/5 : v2(xi - c*zeta_2(2)) =    -1   v3(xi - c*L_3(2,chi12)) =     0
  c=  9/10 : v2(xi - c*zeta_2(2)) =    -2   v3(xi - c*L_3(2,chi12)) =   174
  c=  10/9 : v2(xi - c*zeta_2(2)) =    -1   v3(xi - c*L_3(2,chi12)) =    -2
  c=   3/2 : v2(xi - c*zeta_2(2)) =    -2   v3(xi - c*L_3(2,chi12)) =     1
  c=   2/3 : v2(xi - c*zeta_2(2)) =    -1   v3(xi - c*L_3(2,chi12)) =    -1
  c=   5/8 : v2(xi - c*zeta_2(2)) =    -4   v3(xi - c*L_3(2,chi12)) =     0
