[0;31m  ***   Warning: new maximum stack size = 12000002048 (11444.094 Mbytes).[0m
pr = 2^61-1 prime? 1
built a_n,b_n mod pr up to n=900  ms=398
mod-pr a_n,b_n match exact rational reference for n<=40: 1

=== eta = 5/7 ===
-- 4-function family {1,H,H',H''} :  [D, need=4(D+1), rank, deficiency]
[0;31m  *** matrank: Warning: increasing stack size to 16000000.[0m
[0;31m  *** matrank: Warning: increasing stack size to 32000000.[0m
[0;31m  *** matrank: Warning: increasing stack size to 64000000.[0m
[[0, 4, 4, 0], [1, 8, 8, 0], [2, 12, 12, 0], [3, 16, 16, 0], [4, 20, 20, 0], [5, 24, 24, 0], [6, 28, 28, 0], [8, 36, 36, 0], [10, 44, 44, 0], [12, 52, 52, 0], [15, 64, 64, 0], [20, 84, 84, 0], [25, 104, 104, 0], [30, 124, 124, 0], [35, 144, 144, 0], [40, 164, 164, 0], [45, 184, 184, 0], [50, 204, 204, 0], [55, 224, 224, 0], [60, 244, 244, 0]]
   ms=151
-- 5-function family {1,H,H',H'',H'''} : [D, need=5(D+1), rank, deficiency]
[[0, 5, 5, 0], [1, 10, 10, 0], [2, 15, 15, 0], [3, 20, 20, 0], [4, 25, 25, 0], [5, 30, 30, 0], [6, 35, 35, 0], [7, 40, 40, 0], [8, 45, 44, 1], [9, 50, 48, 2], [10, 55, 52, 3], [11, 60, 56, 4], [12, 65, 60, 5], [13, 70, 64, 6], [14, 75, 68, 7], [15, 80, 72, 8], [16, 85, 76, 9], [17, 90, 80, 10], [18, 95, 84, 11], [20, 105, 92, 13], [22, 115, 100, 15], [25, 130, 112, 18], [30, 155, 132, 23], [35, 180, 152, 28], [40, 205, 172, 33], [45, 230, 192, 38], [50, 255, 212, 43]]
   ms=169

=== eta = 0 ===
-- 4-function family {1,H,H',H''} :  [D, need=4(D+1), rank, deficiency]
[[0, 4, 4, 0], [1, 8, 8, 0], [2, 12, 12, 0], [3, 16, 16, 0], [4, 20, 20, 0], [5, 24, 24, 0], [6, 28, 28, 0], [8, 36, 36, 0], [10, 44, 44, 0], [12, 52, 52, 0], [15, 64, 64, 0], [20, 84, 84, 0], [25, 104, 104, 0], [30, 124, 124, 0], [35, 144, 144, 0], [40, 164, 164, 0], [45, 184, 184, 0], [50, 204, 204, 0], [55, 224, 224, 0], [60, 244, 244, 0]]
   ms=133
-- 5-function family {1,H,H',H'',H'''} : [D, need=5(D+1), rank, deficiency]
[[0, 5, 5, 0], [1, 10, 10, 0], [2, 15, 15, 0], [3, 20, 20, 0], [4, 25, 25, 0], [5, 30, 30, 0], [6, 35, 35, 0], [7, 40, 40, 0], [8, 45, 44, 1], [9, 50, 48, 2], [10, 55, 52, 3], [11, 60, 56, 4], [12, 65, 60, 5], [13, 70, 64, 6], [14, 75, 68, 7], [15, 80, 72, 8], [16, 85, 76, 9], [17, 90, 80, 10], [18, 95, 84, 11], [20, 105, 92, 13], [22, 115, 100, 15], [25, 130, 112, 18], [30, 155, 132, 23], [35, 180, 152, 28], [40, 205, 172, 33], [45, 230, 192, 38], [50, 255, 212, 43]]
   ms=186
