### zeta_7(3)  (7,k=1)   d=3 m=4 logR=3.891820 tau=2.812500 budget=0.425461
  S1             RE val=  1.11475 logdr=-0.35902 cost=  2.55084 margin= -2.12538 bound=  6.95068 [14s]
  S1             BC val=  0.92367 logdr=-0.35902 cost=  2.35975 margin= -1.93429 bound=  6.68540 [14s]
  S2             RE val=  0.94531 logdr=-0.38904 cost=  2.50145 margin= -2.07599 bound=  7.00745 [83s]
  S2             BC val=  0.81445 logdr=-0.38904 cost=  2.37059 margin= -1.94513 bound=  6.81788 [83s]
  S3             RE val=  0.94144 logdr=-0.39016 cost=  2.50209 margin= -2.07663 bound=  7.01330 [216s]
  S3             BC val=  0.80768 logdr=-0.39016 cost=  2.36833 margin= -1.94287 bound=  6.81920 [216s]
  S4             RE val=  0.94684 logdr=-0.38738 cost=  2.49635 margin= -2.07089 bound=  6.99286 [395s]
  S4             BC val=  0.82157 logdr=-0.38738 cost=  2.37108 margin= -1.94562 bound=  6.81181 [395s]
  O1             RE val=  1.06929 logdr=-0.36493 cost=  2.52901 margin= -2.10355 bound=  6.94453 [456s]
  O1             BC val=  0.90578 logdr=-0.36493 cost=  2.36550 margin= -1.94004 bound=  6.71565 [456s]
  O2             RE val=  1.06924 logdr=-0.36494 cost=  2.52901 margin= -2.10355 bound=  6.94459 [517s]
  O2             BC val=  0.90570 logdr=-0.36494 cost=  2.36548 margin= -1.94002 bound=  6.71567 [517s]
  T1@0.1429      RE val=  1.96326 logdr=-0.37330 cost=  3.45647 margin= -3.03101 bound=  8.29311 [532s]
  T1@0.1429      BC val=  1.63630 logdr=-0.37330 cost=  3.12951 margin= -2.70405 bound=  7.83000 [532s]
  T2@0.1429      RE val=  0.94333 logdr=-0.45664 cost=  2.76989 margin= -2.34443 bound=  7.76506 [594s]
  T2@0.1429      BC val=  0.62497 logdr=-0.45664 cost=  2.45153 margin= -2.02607 bound=  7.25379 [594s]
  T3@0.1429      RE val=  0.55165 logdr=-0.52146 cost=  2.63749 margin= -2.21203 bound=  7.96519 [690s]
  T3@0.1429      BC val=  0.41775 logdr=-0.52146 cost=  2.50358 margin= -2.07812 bound=  7.72516 [690s]
  T4@0.1429      RE val=  0.86409 logdr=-0.42569 cost=  2.56685 margin= -2.14139 bound=  7.27616 [790s]
  T4@0.1429      BC val=  0.72166 logdr=-0.42569 cost=  2.42442 margin= -1.99896 bound=  7.05825 [790s]
  T1@0.2857      RE val=  1.56136 logdr=-0.44156 cost=  3.32761 margin= -2.90215 bound=  8.55053 [798s]
  T1@0.2857      BC val=  1.30261 logdr=-0.44156 cost=  3.06885 margin= -2.64339 bound=  8.14481 [798s]
  T2@0.2857      RE val=  1.02680 logdr=-0.44301 cost=  2.79883 margin= -2.37337 bound=  7.72987 [860s]
  T2@0.2857      BC val=  0.73345 logdr=-0.44301 cost=  2.50548 margin= -2.08002 bound=  7.26885 [860s]
  T3@0.2857      RE val=  1.17598 logdr=-0.46797 cost=  3.04787 margin= -2.62241 bound=  8.28954 [972s]
  T3@0.2857      BC val=  0.90042 logdr=-0.46797 cost=  2.77231 margin= -2.34685 bound=  7.83880 [972s]
  T4@0.2857      RE val=  1.08830 logdr=-0.37793 cost=  2.60003 margin= -2.17456 bound=  7.10037 [1143s]
  T4@0.2857      BC val=  0.92043 logdr=-0.37793 cost=  2.43216 margin= -2.00670 bound=  6.86105 [1143s]
  T1@0.4286      RE val=  1.45450 logdr=-0.45191 cost=  3.26215 margin= -2.83669 bound=  8.52130 [1156s]
  T1@0.4286      BC val=  1.27719 logdr=-0.45191 cost=  3.08485 margin= -2.65939 bound=  8.23870 [1156s]
  T2@0.4286      RE val=  1.00004 logdr=-0.42567 cost=  2.70270 margin= -2.27724 bound=  7.48385 [1206s]
  T2@0.4286      BC val=  0.87792 logdr=-0.42567 cost=  2.58058 margin= -2.15512 bound=  7.29702 [1206s]
  T3@0.4286      RE val=  0.85429 logdr=-0.44677 cost=  2.64139 margin= -2.21592 bound=  7.50318 [1330s]
  T3@0.4286      BC val=  0.66694 logdr=-0.44677 cost=  2.45404 margin= -2.02857 bound=  7.20699 [1330s]
  T4@0.4286      RE val=  1.01252 logdr=-0.40143 cost=  2.61822 margin= -2.19276 bound=  7.23467 [1450s]
  T4@0.4286      BC val=  0.81421 logdr=-0.40143 cost=  2.41991 margin= -1.99445 bound=  6.94213 [1450s]
  T1@0.5714      RE val=  1.45450 logdr=-0.45191 cost=  3.26215 margin= -2.83669 bound=  8.52130 [1465s]
  T1@0.5714      BC val=  1.27719 logdr=-0.45191 cost=  3.08485 margin= -2.65939 bound=  8.23870 [1465s]
  T2@0.5714      RE val=  0.97384 logdr=-0.41826 cost=  2.64687 margin= -2.22141 bound=  7.36035 [1527s]
  T2@0.5714      BC val=  0.81916 logdr=-0.41826 cost=  2.49218 margin= -2.06672 bound=  7.12636 [1527s]
  T3@0.5714      RE val=  0.95259 logdr=-0.42352 cost=  2.64666 margin= -2.22119 bound=  7.38698 [1632s]
  T3@0.5714      BC val=  0.79130 logdr=-0.42352 cost=  2.48537 margin= -2.05991 bound=  7.14105 [1632s]
  T4@0.5714      RE val=  1.06866 logdr=-0.40049 cost=  2.67061 margin= -2.24515 bound=  7.30737 [1743s]
  T4@0.5714      BC val=  0.98585 logdr=-0.40049 cost=  2.58781 margin= -2.16235 bound=  7.18539 [1743s]
  T1@0.7143      RE val=  1.56136 logdr=-0.44156 cost=  3.32761 margin= -2.90215 bound=  8.55053 [1753s]
  T1@0.7143      BC val=  1.30261 logdr=-0.44156 cost=  3.06885 margin= -2.64339 bound=  8.14481 [1753s]
  T2@0.7143      RE val=  1.62054 logdr=-0.31557 cost=  2.88282 margin= -2.45736 bound=  7.21749 [1801s]
  T2@0.7143      BC val=  1.41525 logdr=-0.31557 cost=  2.67753 margin= -2.25207 bound=  6.94870 [1801s]
  T3@0.7143      RE val=  0.94070 logdr=-0.48049 cost=  2.86265 margin= -2.43719 bound=  8.06988 [1869s]
  T3@0.7143      BC val=  0.66481 logdr=-0.48049 cost=  2.58675 margin= -2.16129 bound=  7.60916 [1869s]
  T4@0.7143      RE val=  1.19837 logdr=-0.37739 cost=  2.70795 margin= -2.28249 bound=  7.25176 [1964s]
  T4@0.7143      BC val=  0.97251 logdr=-0.37739 cost=  2.48209 margin= -2.05662 bound=  6.92998 [1964s]
  T1@0.8571      RE val=  1.96326 logdr=-0.37330 cost=  3.45647 margin= -3.03101 bound=  8.29311 [1974s]
  T1@0.8571      BC val=  1.63630 logdr=-0.37330 cost=  3.12951 margin= -2.70405 bound=  7.83000 [1974s]
  T2@0.8571      RE val=  0.85782 logdr=-0.46205 cost=  2.70601 margin= -2.28055 bound=  7.69456 [2029s]
  T2@0.8571      BC val=  0.72236 logdr=-0.46205 cost=  2.57055 margin= -2.14509 bound=  7.47512 [2029s]
  T3@0.8571      RE val=  0.60282 logdr=-0.50932 cost=  2.64008 margin= -2.21462 bound=  7.88527 [2124s]
  T3@0.8571      BC val=  0.48312 logdr=-0.50932 cost=  2.52039 margin= -2.09493 bound=  7.67528 [2124s]
  T4@0.8571      RE val=  1.00739 logdr=-0.39540 cost=  2.58899 margin= -2.16353 bound=  7.16342 [2256s]
  T4@0.8571      BC val=  0.79699 logdr=-0.39540 cost=  2.37859 margin= -1.95313 bound=  6.85579 [2256s]
done 2256.2588114738464
