### zeta_2(5)  (2,k=2)   d=5 m=6 logR=8.317766 tau=4.861111 budget=12.422164
  S1             RE val=  3.89626 logdr=-0.76860 cost=  8.50784 margin= +3.91432 bound=  4.54381 [6s]
  S1             BC val=  3.81632 logdr=-0.76860 cost=  8.42790 margin= +3.99426 bound=  4.51407 [6s]
  S2             RE val=  3.58695 logdr=-0.77733 cost=  8.25094 margin= +4.17122 bound=  4.44318 [55s]
  S2             BC val=  3.57015 logdr=-0.77733 cost=  8.23414 margin= +4.18802 bound=  4.43691 [55s]
  S3             RE val=  3.55516 logdr=-0.78112 cost=  8.24186 margin= +4.18031 bound=  4.43758 [174s]
  S3             BC val=  3.54528 logdr=-0.78112 cost=  8.23197 margin= +4.19019 bound=  4.43389 [174s]
  S4             RE val=  3.49709 logdr=-0.79125 cost=  8.24460 margin= +4.17756 bound=  4.43267 [307s]
  S4             BC val=  3.48929 logdr=-0.79125 cost=  8.23681 margin= +4.18536 bound=  4.42975 [307s]
  O1             RE val=  3.71942 logdr=-0.77843 cost=  8.38999 margin= +4.03218 bound=  4.49446 [322s]
  O1             BC val=  3.66805 logdr=-0.77843 cost=  8.33861 margin= +4.08355 bound=  4.47528 [322s]
  O2             RE val=  3.58610 logdr=-0.79105 cost=  8.33239 margin= +4.08977 bound=  4.46573 [342s]
  O2             BC val=  3.56014 logdr=-0.79105 cost=  8.30643 margin= +4.11573 bound=  4.45599 [342s]
  T1@0.5000      RE val=  3.42494 logdr=-0.87107 cost=  8.65138 margin= +3.77079 bound=  4.54161 [353s]
  T1@0.5000      BC val=  3.36620 logdr=-0.87107 cost=  8.59264 margin= +3.82953 bound=  4.51889 [353s]
  T2@0.5000      RE val=  3.53457 logdr=-0.79951 cost=  8.33163 margin= +4.09053 bound=  4.46055 [393s]
  T2@0.5000      BC val=  3.51372 logdr=-0.79951 cost=  8.31078 margin= +4.11138 bound=  4.45271 [393s]
  T3@0.5000      RE val=  3.54427 logdr=-0.79360 cost=  8.30589 margin= +4.11628 bound=  4.45430 [500s]
  T3@0.5000      BC val=  3.53638 logdr=-0.79360 cost=  8.29800 margin= +4.12416 bound=  4.45134 [500s]
  T4@0.5000      RE val=  3.47575 logdr=-0.80418 cost=  8.30084 margin= +4.12133 bound=  4.44623 [621s]
  T4@0.5000      BC val=  3.45539 logdr=-0.80418 cost=  8.28047 margin= +4.14169 bound=  4.43855 [621s]
done 621.370528459549
