### zeta_5(3)  (5,k=1)   d=3 m=4 logR=4.828314 tau=2.812500 budget=3.234941
  S1             RE val=  1.23415 logdr=-0.51653 cost=  3.30025 margin= -0.06530 bound=  4.04356 [13s]
  S1             BC val=  1.10587 logdr=-0.51653 cost=  3.17197 margin= +0.06297 bound=  3.95800 [13s]
  S2             RE val=  1.04403 logdr=-0.54746 cost=  3.23387 margin= +0.00107 bound=  3.99927 [73s]
  S2             BC val=  0.97998 logdr=-0.54746 cost=  3.16981 margin= +0.06513 bound=  3.95564 [73s]
  S3             RE val=  1.04372 logdr=-0.54754 cost=  3.23387 margin= +0.00107 bound=  3.99927 [212s]
  S3             BC val=  0.97964 logdr=-0.54754 cost=  3.16979 margin= +0.06515 bound=  3.95563 [212s]
  S4             RE val=  1.04249 logdr=-0.54712 cost=  3.23099 margin= +0.00395 bound=  3.99731 [384s]
  S4             BC val=  0.98666 logdr=-0.54712 cost=  3.17515 margin= +0.05979 bound=  3.95929 [384s]
  O1             RE val=  1.13004 logdr=-0.53136 cost=  3.25548 margin= -0.02054 bound=  4.01384 [432s]
  O1             BC val=  1.04518 logdr=-0.53136 cost=  3.17063 margin= +0.06431 bound=  3.95668 [432s]
  O2             RE val=  0.93509 logdr=-0.59028 cost=  3.29621 margin= -0.06127 bound=  4.04298 [485s]
  O2             BC val=  0.86358 logdr=-0.59028 cost=  3.22469 margin= +0.01025 bound=  3.99281 [485s]
  T1@0.2000      RE val=  1.84351 logdr=-0.62551 cost=  4.34556 margin= -1.11062 bound=  4.79884 [500s]
  T1@0.2000      BC val=  1.56175 logdr=-0.62551 cost=  4.06381 margin= -0.82887 bound=  4.59618 [500s]
  T2@0.2000      RE val=  1.24076 logdr=-0.55231 cost=  3.45002 margin= -0.21508 bound=  4.14696 [557s]
  T2@0.2000      BC val=  1.08969 logdr=-0.55231 cost=  3.29894 margin= -0.06400 bound=  4.04373 [557s]
  T3@0.2000      RE val=  0.82307 logdr=-0.63819 cost=  3.37582 margin= -0.14087 bound=  4.10226 [654s]
  T3@0.2000      BC val=  0.75341 logdr=-0.63819 cost=  3.30615 margin= -0.07121 bound=  4.05169 [654s]
  T4@0.2000      RE val=  1.20357 logdr=-0.54466 cost=  3.38220 margin= -0.14726 bound=  4.10010 [762s]
  T4@0.2000      BC val=  1.07907 logdr=-0.54466 cost=  3.25770 margin= -0.02276 bound=  4.01547 [762s]
  T1@0.4000      RE val=  1.66517 logdr=-0.60358 cost=  4.07949 margin= -0.84455 bound=  4.59803 [771s]
  T1@0.4000      BC val=  1.54115 logdr=-0.60358 cost=  3.95547 margin= -0.72053 bound=  4.51021 [771s]
  T2@0.4000      RE val=  1.11741 logdr=-0.57125 cost=  3.40242 margin= -0.16748 bound=  4.11594 [803s]
  T2@0.4000      BC val=  0.95240 logdr=-0.57125 cost=  3.23741 margin= -0.00247 bound=  4.00171 [803s]
  T3@0.4000      RE val=  1.13122 logdr=-0.55527 cost=  3.35231 margin= -0.11737 bound=  4.08036 [899s]
  T3@0.4000      BC val=  1.01283 logdr=-0.55527 cost=  3.23391 margin= +0.00103 bound=  3.99930 [899s]
  T4@0.4000      RE val=  1.16866 logdr=-0.54337 cost=  3.34215 margin= -0.10721 bound=  4.07281 [1051s]
  T4@0.4000      BC val=  1.06595 logdr=-0.54337 cost=  3.23944 margin= -0.00450 bound=  4.00306 [1051s]
  T1@0.6000      RE val=  1.66517 logdr=-0.60358 cost=  4.07949 margin= -0.84455 bound=  4.59803 [1063s]
  T1@0.6000      BC val=  1.54115 logdr=-0.60358 cost=  3.95547 margin= -0.72053 bound=  4.51021 [1063s]
  T2@0.6000      RE val=  1.11918 logdr=-0.57546 cost=  3.42103 margin= -0.18609 bound=  4.12920 [1120s]
  T2@0.6000      BC val=  0.98223 logdr=-0.57546 cost=  3.28408 margin= -0.04914 bound=  4.03411 [1120s]
  T3@0.6000      RE val=  0.64002 logdr=-0.71743 cost=  3.50973 margin= -0.27479 bound=  4.21164 [1220s]
  T3@0.6000      BC val=  0.60256 logdr=-0.71743 cost=  3.47227 margin= -0.23733 bound=  4.18279 [1220s]
  T4@0.6000      RE val=  0.98915 logdr=-0.59712 cost=  3.37763 margin= -0.14269 bound=  4.10058 [1394s]
  T4@0.6000      BC val=  0.86929 logdr=-0.59712 cost=  3.25777 margin= -0.02283 bound=  4.01609 [1394s]
  T1@0.8000      RE val=  1.84351 logdr=-0.62551 cost=  4.34556 margin= -1.11062 bound=  4.79884 [1406s]
  T1@0.8000      BC val=  1.56175 logdr=-0.62551 cost=  4.06381 margin= -0.82887 bound=  4.59618 [1406s]
  T2@0.8000      RE val=  1.21908 logdr=-0.55758 cost=  3.44941 margin= -0.21446 bound=  4.14707 [1457s]
  T2@0.8000      BC val=  1.07431 logdr=-0.55758 cost=  3.30464 margin= -0.06970 bound=  4.04780 [1457s]
  T3@0.8000      RE val=  0.91695 logdr=-0.59966 cost=  3.31561 margin= -0.08067 bound=  4.05696 [1549s]
  T3@0.8000      BC val=  0.83068 logdr=-0.59966 cost=  3.22934 margin= +0.00560 bound=  3.99604 [1549s]
  T4@0.8000      RE val=  0.94613 logdr=-0.58895 cost=  3.30194 margin= -0.06700 bound=  4.04696 [1699s]
  T4@0.8000      BC val=  0.84086 logdr=-0.58895 cost=  3.19667 margin= +0.03827 bound=  3.97318 [1699s]
done 1699.130362033844
