### zeta_2(7)  (2,k=3)   d=7 m=8 logR=8.317766 tau=6.890625 budget=3.099363
  S1             RE val=  5.42614 logdr=-0.54477 cost=  9.78429 margin= -6.68492 bound= 15.57608 [12s]
  S1             BC val=  5.39491 logdr=-0.54477 cost=  9.75305 margin= -6.65369 bound= 15.54068 [12s]
  S2             RE val=  5.01476 logdr=-0.57064 cost=  9.57987 margin= -6.48050 bound= 15.56624 [71s]
  S2             BC val=  5.00344 logdr=-0.57064 cost=  9.56855 margin= -6.46918 bound= 15.55302 [71s]
  S3             RE val=  4.98599 logdr=-0.57427 cost=  9.58013 margin= -6.48077 bound= 15.59874 [166s]
  S3             BC val=  4.97496 logdr=-0.57427 cost=  9.56910 margin= -6.46973 bound= 15.58580 [166s]
  S4             RE val=  4.96077 logdr=-0.57612 cost=  9.56972 margin= -6.47036 bound= 15.60304 [339s]
  S4             BC val=  4.95138 logdr=-0.57612 cost=  9.56032 margin= -6.46096 bound= 15.59200 [339s]
  O1             RE val=  5.19219 logdr=-0.56444 cost=  9.70769 margin= -6.60832 bound= 15.66002 [378s]
  O1             BC val=  5.17270 logdr=-0.56444 cost=  9.68820 margin= -6.58884 bound= 15.63743 [378s]
  O2             RE val=  5.19401 logdr=-0.56421 cost=  9.70768 margin= -6.60832 bound= 15.65798 [414s]
  O2             BC val=  5.17455 logdr=-0.56421 cost=  9.68822 margin= -6.58886 bound= 15.63543 [414s]
  T1@0.5000      RE val=  4.63100 logdr=-0.69324 cost= 10.17696 margin= -7.07759 bound= 17.64386 [426s]
  T1@0.5000      BC val=  4.60323 logdr=-0.69324 cost= 10.14918 margin= -7.04982 bound= 17.60601 [426s]
  T2@0.5000      RE val=  4.95111 logdr=-0.59439 cost=  9.70627 margin= -6.60690 bound= 15.93387 [484s]
  T2@0.5000      BC val=  4.93127 logdr=-0.59439 cost=  9.68643 margin= -6.58706 bound= 15.91005 [484s]
  T3@0.5000      RE val=  4.95290 logdr=-0.59418 cost=  9.70631 margin= -6.60695 bound= 15.93186 [616s]
  T3@0.5000      BC val=  4.93301 logdr=-0.59418 cost=  9.68643 margin= -6.58707 bound= 15.90799 [616s]
  T4@0.5000      RE val=  5.35080 logdr=-0.54181 cost=  9.68532 margin= -6.58595 bound= 15.43900 [759s]
  T4@0.5000      BC val=  5.33439 logdr=-0.54181 cost=  9.66890 margin= -6.56953 bound= 15.42046 [759s]
done 758.983845949173
