### zeta_3(5)  (3,k=2)   d=5 m=6 logR=6.591674 tau=4.861111 budget=3.791702
  S1             RE val=  2.79563 logdr=-0.57910 cost=  6.27023 margin= -2.47852 bound=  8.15250 [12s]
  S1             BC val=  2.76928 logdr=-0.57910 cost=  6.24388 margin= -2.45217 bound=  8.12962 [12s]
  S2             RE val=  2.66171 logdr=-0.58733 cost=  6.18572 margin= -2.39402 bound=  8.09409 [72s]
  S2             BC val=  2.64706 logdr=-0.58733 cost=  6.17106 margin= -2.37936 bound=  8.08127 [72s]
  S3             RE val=  2.64466 logdr=-0.58995 cost=  6.18436 margin= -2.39266 bound=  8.09770 [196s]
  S3             BC val=  2.62827 logdr=-0.58995 cost=  6.16798 margin= -2.37627 bound=  8.08333 [196s]
  S4             RE val=  2.66224 logdr=-0.58696 cost=  6.18400 margin= -2.39230 bound=  8.09190 [335s]
  S4             BC val=  2.64657 logdr=-0.58696 cost=  6.16834 margin= -2.37663 bound=  8.07820 [335s]
  O1             RE val=  2.65144 logdr=-0.59640 cost=  6.22985 margin= -2.43814 bound=  8.14973 [364s]
  O1             BC val=  2.61910 logdr=-0.59640 cost=  6.19751 margin= -2.40581 bound=  8.12122 [364s]
  O2             RE val=  2.65249 logdr=-0.59622 cost=  6.22982 margin= -2.43811 bound=  8.14936 [402s]
  O2             BC val=  2.62016 logdr=-0.59622 cost=  6.19748 margin= -2.40578 bound=  8.12086 [402s]
  T1@0.3333      RE val=  3.11808 logdr=-0.68072 cost=  7.20239 margin= -3.41069 bound=  9.24876 [413s]
  T1@0.3333      BC val=  3.04256 logdr=-0.68072 cost=  7.12687 margin= -3.33517 bound=  9.17683 [413s]
  T2@0.3333      RE val=  2.80262 logdr=-0.60328 cost=  6.42231 margin= -2.63061 bound=  8.33358 [491s]
  T2@0.3333      BC val=  2.76906 logdr=-0.60328 cost=  6.38874 margin= -2.59704 bound=  8.30381 [491s]
  T3@0.3333      RE val=  2.78423 logdr=-0.60379 cost=  6.40694 margin= -2.61524 bound=  8.32099 [586s]
  T3@0.3333      BC val=  2.74455 logdr=-0.60379 cost=  6.36726 margin= -2.57556 bound=  8.28577 [586s]
  T4@0.3333      RE val=  2.75893 logdr=-0.59048 cost=  6.30184 margin= -2.51013 bound=  8.20172 [713s]
  T4@0.3333      BC val=  2.73092 logdr=-0.59048 cost=  6.27383 margin= -2.48213 bound=  8.17716 [713s]
  T1@0.6667      RE val=  3.11808 logdr=-0.68072 cost=  7.20239 margin= -3.41069 bound=  9.24876 [721s]
  T1@0.6667      BC val=  3.04256 logdr=-0.68072 cost=  7.12687 margin= -3.33517 bound=  9.17683 [721s]
  T2@0.6667      RE val=  3.13019 logdr=-0.55116 cost=  6.43716 margin= -2.64545 bound=  8.24305 [761s]
  T2@0.6667      BC val=  3.09720 logdr=-0.55116 cost=  6.40416 margin= -2.61246 bound=  8.21507 [761s]
  T3@0.6667      RE val=  2.18205 logdr=-0.73378 cost=  6.58476 margin= -2.79306 bound=  8.80209 [831s]
  T3@0.6667      BC val=  2.16320 logdr=-0.73378 cost=  6.56591 margin= -2.77421 bound=  8.78318 [831s]
  T4@0.6667      RE val=  2.51469 logdr=-0.62442 cost=  6.26121 margin= -2.46950 bound=  8.23254 [979s]
  T4@0.6667      BC val=  2.49373 logdr=-0.62442 cost=  6.24025 margin= -2.44855 bound=  8.21359 [979s]
done 978.6038656234741
