### zeta_2(3)  (2,k=1)   d=3 m=4 logR=8.317766 tau=2.812500 budget=13.703299
  S1             RE val=  1.70413 logdr=-1.21642 cost=  6.56981 margin= +7.13349 bound=  2.33674 [6s]
  S1             BC val=  1.65420 logdr=-1.21642 cost=  6.51988 margin= +7.18342 bound=  2.32509 [6s]
  S2             RE val=  1.60807 logdr=-1.18233 cost=  6.33740 margin= +7.36590 bound=  2.29609 [35s]
  S2             BC val=  1.58958 logdr=-1.18233 cost=  6.31890 margin= +7.38440 bound=  2.29181 [35s]
  S3             RE val=  1.65560 logdr=-1.16428 cost=  6.31270 margin= +7.39060 bound=  2.29749 [101s]
  S3             BC val=  1.64998 logdr=-1.16428 cost=  6.30708 margin= +7.39622 bound=  2.29619 [101s]
  S4             RE val=  1.48380 logdr=-1.20778 cost=  6.31491 margin= +7.38839 bound=  2.28077 [255s]
  S4             BC val=  1.47456 logdr=-1.20778 cost=  6.30568 margin= +7.39762 bound=  2.27862 [255s]
  O1             RE val=  1.46499 logdr=-1.24006 cost=  6.42522 margin= +7.27808 bound=  2.29362 [276s]
  O1             BC val=  1.41831 logdr=-1.24006 cost=  6.37855 margin= +7.32475 bound=  2.28267 [276s]
  O2             RE val=  1.47148 logdr=-1.22335 cost=  6.36487 margin= +7.33842 bound=  2.28618 [297s]
  O2             BC val=  1.43616 logdr=-1.22335 cost=  6.32955 margin= +7.37375 bound=  2.27793 [297s]
  T1@0.5000      RE val=  1.36351 logdr=-1.29050 cost=  6.52552 margin= +7.17778 bound=  2.29699 [308s]
  T1@0.5000      BC val=  1.30543 logdr=-1.29050 cost=  6.46743 margin= +7.23587 bound=  2.28321 [308s]
  T2@0.5000      RE val=  1.47131 logdr=-1.22338 cost=  6.36482 margin= +7.33848 bound=  2.28616 [341s]
  T2@0.5000      BC val=  1.43616 logdr=-1.22338 cost=  6.32968 margin= +7.37362 bound=  2.27795 [341s]
  T3@0.5000      RE val=  1.70238 logdr=-1.16148 cost=  6.34832 margin= +7.35498 bound=  2.30678 [426s]
  T3@0.5000      BC val=  1.69317 logdr=-1.16148 cost=  6.33911 margin= +7.36419 bound=  2.30466 [426s]
  T4@0.5000      RE val=  1.48391 logdr=-1.21224 cost=  6.33285 margin= +7.37045 bound=  2.28316 [557s]
  T4@0.5000      BC val=  1.47600 logdr=-1.21224 cost=  6.32494 margin= +7.37836 bound=  2.28132 [557s]
done 556.6118333339691
