### zeta_3(3)  (3,k=1)   d=3 m=4 logR=6.591674 tau=2.812500 budget=8.525021
  S1             RE val=  1.45309 logdr=-0.85421 cost=  4.86995 margin= +3.65507 bound=  2.75039 [6s]
  S1             BC val=  1.42042 logdr=-0.85421 cost=  4.83728 margin= +3.68775 bound=  2.73922 [6s]
  S2             RE val=  1.24088 logdr=-0.87869 cost=  4.75565 margin= +3.76937 bound=  2.70043 [45s]
  S2             BC val=  1.22816 logdr=-0.87869 cost=  4.74292 margin= +3.78210 bound=  2.69604 [45s]
  S3             RE val=  1.24629 logdr=-0.87709 cost=  4.75465 margin= +3.77037 bound=  2.70081 [153s]
  S3             BC val=  1.23303 logdr=-0.87709 cost=  4.74139 margin= +3.78363 bound=  2.69624 [153s]
  S4             RE val=  1.24733 logdr=-0.87709 cost=  4.75568 margin= +3.76935 bound=  2.70116 [297s]
  S4             BC val=  1.23450 logdr=-0.87709 cost=  4.74285 margin= +3.78217 bound=  2.69674 [297s]
  O1             RE val=  1.24052 logdr=-0.88543 cost=  4.78223 margin= +3.74279 bound=  2.70659 [320s]
  O1             BC val=  1.17021 logdr=-0.88543 cost=  4.71192 margin= +3.81310 bound=  2.68230 [320s]
  O2             RE val=  1.28910 logdr=-0.87480 cost=  4.78832 margin= +3.73670 bound=  2.71342 [349s]
  O2             BC val=  1.23149 logdr=-0.87480 cost=  4.73071 margin= +3.79431 bound=  2.69358 [349s]
  T1@0.3333      RE val=  1.90939 logdr=-0.93247 cost=  5.63926 margin= +2.88576 bound=  2.98628 [359s]
  T1@0.3333      BC val=  1.82316 logdr=-0.93247 cost=  5.55304 margin= +2.97198 bound=  2.95599 [359s]
  T2@0.3333      RE val=  1.39169 logdr=-0.89241 cost=  4.96132 margin= +3.56370 bound=  2.76550 [409s]
  T2@0.3333      BC val=  1.31564 logdr=-0.89241 cost=  4.88527 margin= +3.63975 bound=  2.73916 [409s]
  T3@0.3333      RE val=  1.07490 logdr=-0.95465 cost=  4.89349 margin= +3.63153 bound=  2.71429 [492s]
  T3@0.3333      BC val=  1.04601 logdr=-0.95465 cost=  4.86461 margin= +3.66041 bound=  2.70406 [492s]
  T4@0.3333      RE val=  1.13222 logdr=-0.92348 cost=  4.82615 margin= +3.69887 bound=  2.70474 [602s]
  T4@0.3333      BC val=  1.10039 logdr=-0.92348 cost=  4.79432 margin= +3.73070 bound=  2.69359 [602s]
  T1@0.6667      RE val=  1.90939 logdr=-0.93247 cost=  5.63926 margin= +2.88576 bound=  2.98628 [613s]
  T1@0.6667      BC val=  1.82316 logdr=-0.93247 cost=  5.55304 margin= +2.97198 bound=  2.95599 [613s]
  T2@0.6667      RE val=  1.33054 logdr=-0.90775 cost=  4.96153 margin= +3.56349 bound=  2.75898 [646s]
  T2@0.6667      BC val=  1.25308 logdr=-0.90775 cost=  4.88408 margin= +3.64095 bound=  2.73201 [646s]
  T3@0.6667      RE val=  1.35370 logdr=-0.88508 cost=  4.89401 margin= +3.63101 bound=  2.74537 [708s]
  T3@0.6667      BC val=  1.32005 logdr=-0.88508 cost=  4.86036 margin= +3.66466 bound=  2.73375 [708s]
  T4@0.6667      RE val=  0.87057 logdr=-1.01982 cost=  4.94985 margin= +3.57517 bound=  2.70434 [815s]
  T4@0.6667      BC val=  0.84360 logdr=-1.01982 cost=  4.92288 margin= +3.60214 bound=  2.69457 [815s]
done 815.3960213661194
