### zeta_5(3)  (5,k=1) m=4 budget=3.234941 K=24 N=8192 umin=0.01
  restart 0: cost=3.1943276 margin=+0.0406136 [400s]
Traceback (most recent call last):
  File "/home/ubuntu/code/math-modular-sources/lattice/padic_holonomy/freeopt2.py", line 80, in <module>
    main()
  File "/home/ubuntu/code/math-modular-sources/lattice/padic_holonomy/freeopt2.py", line 61, in main
    r = minimize(f, a0, method=meth, options=dict(maxfev=9000, xtol=1e-6, ftol=1e-9)
        ^^^^^^^^^^^^^^^^^^^^^^^^^^^^^^^^^^^^^^^^^^^^^^^^^^^^^^^^^^^^^^^^^^^^^^^^^^^^
  File "/usr/lib/python3/dist-packages/scipy/optimize/_minimize.py", line 701, in minimize
    res = _minimize_powell(fun, x0, args, callback, bounds, **options)
          ^^^^^^^^^^^^^^^^^^^^^^^^^^^^^^^^^^^^^^^^^^^^^^^^^^^^^^^^^^^^
  File "/usr/lib/python3/dist-packages/scipy/optimize/_optimize.py", line 3550, in _minimize_powell
    fval, x, direc1 = _linesearch_powell(
                      ^^^^^^^^^^^^^^^^^^^
  File "/usr/lib/python3/dist-packages/scipy/optimize/_optimize.py", line 3183, in _linesearch_powell
    res = _recover_from_bracket_error(_minimize_scalar_brent,
          ^^^^^^^^^^^^^^^^^^^^^^^^^^^^^^^^^^^^^^^^^^^^^^^^^^^
  File "/usr/lib/python3/dist-packages/scipy/optimize/_optimize.py", line 3076, in _recover_from_bracket_error
    res = solver(fun, bracket, args, **options)
          ^^^^^^^^^^^^^^^^^^^^^^^^^^^^^^^^^^^^^
  File "/usr/lib/python3/dist-packages/scipy/optimize/_optimize.py", line 2679, in _minimize_scalar_brent
    brent.optimize()
  File "/usr/lib/python3/dist-packages/scipy/optimize/_optimize.py", line 2449, in optimize
    xa, xb, xc, fa, fb, fc, funcalls = self.get_bracket_info()
                                       ^^^^^^^^^^^^^^^^^^^^^^^
  File "/usr/lib/python3/dist-packages/scipy/optimize/_optimize.py", line 2416, in get_bracket_info
    xa, xb, xc, fa, fb, fc, funcalls = bracket(func, args=args)
                                       ^^^^^^^^^^^^^^^^^^^^^^^^
  File "/usr/lib/python3/dist-packages/scipy/optimize/_optimize.py", line 3018, in bracket
    fw = func(*((w,) + args))
         ^^^^^^^^^^^^^^^^^^^^
  File "/usr/lib/python3/dist-packages/scipy/optimize/_optimize.py", line 3176, in myfunc
    return func(p + alpha*xi)
           ^^^^^^^^^^^^^^^^^^
  File "/usr/lib/python3/dist-packages/scipy/optimize/_optimize.py", line 620, in function_wrapper
    fx = function(np.copy(x), *(wrapper_args + args))
         ^^^^^^^^^^^^^^^^^^^^^^^^^^^^^^^^^^^^^^^^^^^^
  File "/home/ubuntu/code/math-modular-sources/lattice/padic_holonomy/freeopt2.py", line 59, in <lambda>
    f = lambda a: cost(a, H, m, N, umin)
                  ^^^^^^^^^^^^^^^^^^^^^^
  File "/home/ubuntu/code/math-modular-sources/lattice/padic_holonomy/freeopt2.py", line 41, in cost
    RE, mq = re_of(H, u)
             ^^^^^^^^^^^
  File "/home/ubuntu/code/math-modular-sources/lattice/padic_holonomy/freeopt2.py", line 31, in re_of
    g = haupt.logabs_x_vec(H, q)
        ^^^^^^^^^^^^^^^^^^^^^^^^
  File "/home/ubuntu/code/math-modular-sources/lattice/padic_holonomy/haupt.py", line 273, in logabs_x_vec
    return (log_absDelta_vec(N * tau) - log_absDelta_vec(tau)) / e
            ^^^^^^^^^^^^^^^^^^^^^^^^^
  File "/home/ubuntu/code/math-modular-sources/lattice/padic_holonomy/haupt.py", line 259, in log_absDelta_vec
    nmax = max(8, int(45.0 / max(-np.log(np.abs(q).max()), 1e-12)) + 2)
                  ^^^^^^^^^^^^^^^^^^^^^^^^^^^^^^^^^^^^^^^^^^^^^^^^
ValueError: cannot convert float NaN to integer
